05-11 13:22:32.300  3249  8395 W PackageConfigPersister: App-specific configuration not found for packageName: com.ginit.app and userId: 0
05-11 13:22:32.385  3249  4912 W PackageConfigPersister: App-specific configuration not found for packageName: com.ginit.app and userId: 0
05-11 13:22:32.576  3249  4863 W PackageConfigPersister: App-specific configuration not found for packageName: com.ginit.app and userId: 0
05-11 13:22:32.803  3249  7894 W PackageConfigPersister: App-specific configuration not found for packageName: com.ginit.app and userId: 0
05-11 13:22:33.077  3249  4863 W PackageConfigPersister: App-specific configuration not found for packageName: com.ginit.app and userId: 0
05-11 13:22:33.303  3249  8395 W PackageConfigPersister: App-specific configuration not found for packageName: com.ginit.app and userId: 0
05-11 13:22:33.390  3249  4912 W PackageConfigPersister: App-specific configuration not found for packageName: com.ginit.app and userId: 0
05-11 13:22:33.578  3249  4863 W PackageConfigPersister: App-specific configuration not found for packageName: com.ginit.app and userId: 0
05-11 13:22:33.804  3249  8395 W PackageConfigPersister: App-specific configuration not found for packageName: com.ginit.app and userId: 0
05-11 13:22:34.079  3249  4863 W PackageConfigPersister: App-specific configuration not found for packageName: com.ginit.app and userId: 0
05-11 13:22:34.306  3249  7894 W PackageConfigPersister: App-specific configuration not found for packageName: com.ginit.app and userId: 0
05-11 13:22:34.366  3249  4305 W PackageConfigPersister: App-specific configuration not found for packageName: com.ginit.app and userId: 0
05-11 13:22:34.367  3249  8395 W PackageConfigPersister: App-specific configuration not found for packageName: com.ginit.app and userId: 0
05-11 13:22:34.373  2433  2433 I SurfaceFlinger: [com.ginit.app/com.ginit.app.MainActivity$_15628#37083] setFrameRateCategory: HighHint
05-11 13:22:34.398  3249  4912 W PackageConfigPersister: App-specific configuration not found for packageName: com.ginit.app and userId: 0
05-11 13:22:34.580  3249  4863 W PackageConfigPersister: App-specific configuration not found for packageName: com.ginit.app and userId: 0
05-11 13:22:34.734 15628 15839 I ReactNativeJS: 📡 모임 상세 서버 동기화 중...
05-11 13:22:34.735 15628 15839 I ReactNativeJS: 📦 모임 상세 캐시 로드: 0e64c478-e9c9-41c7-ae20-770c698fbeb5
05-11 13:22:34.767 15628 15839 I ReactNativeJS: '[GinitNotify:PendingPushFlush]', 'splash_exit_try_consume', { prev: '/',
05-11 13:22:34.767 15628 15839 I ReactNativeJS:   next: '/meeting/0e64c478-e9c9-41c7-ae20-770c698fbeb5',
05-11 13:22:34.767 15628 15839 I ReactNativeJS:   hadPendingPeek: false }
05-11 13:22:34.767 15628 15839 I ReactNativeJS: '[GinitNotify:pending-push-nav]', 'consume', { had: false, keysPreview: undefined }
05-11 13:22:34.768 15628 15839 I ReactNativeJS: '[GinitNotify:PendingPushFlush]', 'consume_miss', { phase: 'immediate' }
05-11 13:22:34.768 15628 15839 I ReactNativeJS: '[GinitNotify:PendingPushFlush]', 'splash_exit_no_pending_skip_retries'
05-11 13:22:34.806  3249  7894 W PackageConfigPersister: App-specific configuration not found for packageName: com.ginit.app and userId: 0
05-11 13:22:34.836 15628 15839 I ReactNativeJS: 📦 모임 상세 캐시 로드: 0e64c478-e9c9-41c7-ae20-770c698fbeb5
05-11 13:22:34.860 15628 15839 I ReactNativeJS: '[GinitNotify:PendingPushFlush]', 'skip_not_splash_exit', { prev: '/meeting/0e64c478-e9c9-41c7-ae20-770c698fbeb5',
05-11 13:22:34.860 15628 15839 I ReactNativeJS:   next: '/meeting/0e64c478-e9c9-41c7-ae20-770c698fbeb5' }
05-11 13:22:34.885 15628 15628 D nativeloader: Load /data/app/~~s3aXhO3p99qWpDs5JR_NIA==/com.ginit.app-onGdGWhX-RCGK0AdV6ELRg==/base.apk!/lib/arm64-v8a/libnavermap.so using class loader ns clns-9 (caller=/data/app/~~s3aXhO3p99qWpDs5JR_NIA==/com.ginit.app-onGdGWhX-RCGK0AdV6ELRg==/base.apk!classes21.dex): ok
05-11 13:22:34.906 15628 15628 W unknown:ReactNative: RNCNaverMapView doesn't support property 'borderRadius'
05-11 13:22:34.910 15628 15839 I ReactNativeJS: '[GinitNotify:FcmPushRouting]', 'cold_notifee_getInitial_null'
05-11 13:22:34.910 15628 15839 I ReactNativeJS: '[GinitNotify:FcmPushRouting]', 'cold_messaging_getInitial', { hasRemoteMessage: false, dataKeyCount: 0, actionable: false }
05-11 13:22:34.934 15628 15628 W unknown:ReactNative: RNCNaverMapView doesn't support property 'borderRadius'
05-11 13:22:34.941 15628 15628 E unknown:MountItemDispatcher: java.lang.IndexOutOfBoundsException: Index 0 out of bounds for length 0
05-11 13:22:34.941 15628 15628 E unknown:MountItemDispatcher: 	at com.mjstudio.reactnativenavermap.mapview.RNCNaverMapViewManager.getChildAt(RNCNaverMapViewManager.kt:155)
05-11 13:22:34.941 15628 15628 E unknown:MountItemDispatcher: 	at com.mjstudio.reactnativenavermap.mapview.RNCNaverMapViewManager.getChildAt(RNCNaverMapViewManager.kt:67)
05-11 13:22:34.965 15628 15628 E unknown:SurfaceMountingManager: <RNCNaverMapView id=2122 parentTag=2124 isRoot=false />
05-11 13:22:34.969 15628 15628 E unknown:SurfaceMountingManager: <RNCNaverMapView id=3050 parentTag=null isRoot=false />
05-11 13:22:34.973 15628 15628 E unknown:FabricUIManager: java.lang.IndexOutOfBoundsException: Index 0 out of bounds for length 0
05-11 13:22:34.973 15628 15628 E unknown:FabricUIManager: 	at com.mjstudio.reactnativenavermap.mapview.RNCNaverMapViewManager.getChildAt(RNCNaverMapViewManager.kt:155)
05-11 13:22:34.973 15628 15628 E unknown:FabricUIManager: 	at com.mjstudio.reactnativenavermap.mapview.RNCNaverMapViewManager.getChildAt(RNCNaverMapViewManager.kt:67)
05-11 13:22:34.973 15628 15628 W unknown:BridgelessReact: ReactHost{0}.handleHostException(message = "Index 0 out of bounds for length 0")
05-11 13:22:34.973 15628 15628 E unknown:ReactNative: Exception in native call
05-11 13:22:34.973 15628 15628 E unknown:ReactNative: java.lang.IndexOutOfBoundsException: Index 0 out of bounds for length 0
05-11 13:22:34.973 15628 15628 E unknown:ReactNative: 	at jdk.internal.util.Preconditions.outOfBounds(Preconditions.java:64)
05-11 13:22:34.973 15628 15628 E unknown:ReactNative: 	at jdk.internal.util.Preconditions.outOfBoundsCheckIndex(Preconditions.java:70)
05-11 13:22:34.973 15628 15628 E unknown:ReactNative: 	at jdk.internal.util.Preconditions.checkIndex(Preconditions.java:266)
05-11 13:22:34.973 15628 15628 E unknown:ReactNative: 	at java.util.Objects.checkIndex(Objects.java:391)
05-11 13:22:34.973 15628 15628 E unknown:ReactNative: 	at java.util.ArrayList.get(ArrayList.java:434)
05-11 13:22:34.973 15628 15628 E unknown:ReactNative: 	at com.mjstudio.reactnativenavermap.mapview.RNCNaverMapViewManager.getChildAt(RNCNaverMapViewManager.kt:155)
05-11 13:22:34.973 15628 15628 E unknown:ReactNative: 	at com.mjstudio.reactnativenavermap.mapview.RNCNaverMapViewManager.getChildAt(RNCNaverMapViewManager.kt:67)
05-11 13:22:34.973 15628 15628 E unknown:ReactNative: 	at com.facebook.react.fabric.mounting.SurfaceMountingManager.removeViewAt(SurfaceMountingManager.java:497)
05-11 13:22:34.973 15628 15628 E unknown:ReactNative: 	at com.facebook.react.fabric.mounting.mountitems.IntBufferBatchMountItem.execute(IntBufferBatchMountItem.kt:114)
05-11 13:22:34.973 15628 15628 E unknown:ReactNative: 	at com.facebook.react.fabric.mounting.MountItemDispatcher.executeOrEnqueue(MountItemDispatcher.kt:312)
05-11 13:22:34.973 15628 15628 E unknown:ReactNative: 	at com.facebook.react.fabric.mounting.MountItemDispatcher.dispatchMountItems(MountItemDispatcher.kt:221)
05-11 13:22:34.973 15628 15628 E unknown:ReactNative: 	at com.facebook.react.fabric.mounting.MountItemDispatcher.tryDispatchMountItems(MountItemDispatcher.kt:88)
05-11 13:22:34.973 15628 15628 E unknown:ReactNative: 	at com.facebook.react.fabric.FabricUIManager$DispatchUIFrameCallback.doFrameGuarded(FabricUIManager.java:1484)
05-11 13:22:34.973 15628 15628 E unknown:ReactNative: 	at com.facebook.react.uimanager.GuardedFrameCallback.doFrame(GuardedFrameCallback.kt:25)
05-11 13:22:34.973 15628 15628 E unknown:ReactNative: 	at com.facebook.react.modules.core.ReactChoreographer.frameCallback$lambda$1(ReactChoreographer.kt:59)
05-11 13:22:34.973 15628 15628 E unknown:ReactNative: 	at com.facebook.react.modules.core.ReactChoreographer.$r8$lambda$nSkFhrr5T7rop_XKwzlLov4NLLw(Unknown Source:0)
05-11 13:22:34.973 15628 15628 E unknown:ReactNative: 	at com.facebook.react.modules.core.ReactChoreographer$$ExternalSyntheticLambda0.doFrame(D8$$SyntheticClass:0)
05-11 13:22:34.973 15628 15628 E unknown:ReactNative: 	at android.view.Choreographer$CallbackRecord.run(Choreographer.java:1959)
05-11 13:22:34.973 15628 15628 E unknown:ReactNative: 	at android.view.Choreographer$CallbackRecord.run(Choreographer.java:1970)
05-11 13:22:34.973 15628 15628 E unknown:ReactNative: 	at android.view.Choreographer.doCallbacks(Choreographer.java:1423)
05-11 13:22:34.973 15628 15628 E unknown:ReactNative: 	at android.view.Choreographer.doFrame(Choreographer.java:1338)
05-11 13:22:34.973 15628 15628 E unknown:ReactNative: 	at android.view.Choreographer$FrameDisplayEventReceiver.run(Choreographer.java:1930)
05-11 13:22:34.973 15628 15628 E unknown:ReactNative: 	at android.os.Handler.handleCallback(Handler.java:1070)
05-11 13:22:34.973 15628 15628 E unknown:ReactNative: 	at android.os.Handler.dispatchMessage(Handler.java:125)
05-11 13:22:34.973 15628 15628 E unknown:ReactNative: 	at android.os.Looper.dispatchMessage(Looper.java:358)
05-11 13:22:34.973 15628 15628 E unknown:ReactNative: 	at android.os.Looper.loopOnce(Looper.java:288)
05-11 13:22:34.973 15628 15628 E unknown:ReactNative: 	at android.os.Looper.loop(Looper.java:392)
05-11 13:22:34.973 15628 15628 E unknown:ReactNative: 	at android.app.ActivityThread.main(ActivityThread.java:10343)
05-11 13:22:34.973 15628 15628 E unknown:ReactNative: 	at java.lang.reflect.Method.invoke(Native Method)
05-11 13:22:34.973 15628 15628 E unknown:ReactNative: 	at com.android.internal.os.RuntimeInit$MethodAndArgsCaller.run(RuntimeInit.java:605)
05-11 13:22:34.973 15628 15628 E unknown:ReactNative: 	at com.android.internal.os.ZygoteInit.main(ZygoteInit.java:972)
05-11 13:22:34.973 15628 15722 W unknown:BridgelessReact: ReactHost{0}.getOrCreateDestroyTask()
05-11 13:22:34.973 15628 15722 W unknown:BridgelessReact: ReactHost{0}.raiseSoftException(getOrCreateDestroyTask()): handleHostException(message = "Index 0 out of bounds for length 0")
05-11 13:22:34.974 15628 15722 E unknown:ReactHost: Unhandled SoftException
05-11 13:22:34.974 15628 15722 E unknown:ReactHost: com.facebook.react.bridge.ReactNoCrashSoftException: raiseSoftException(getOrCreateDestroyTask()): handleHostException(message = "Index 0 out of bounds for length 0")
05-11 13:22:34.974 15628 15722 E unknown:ReactHost: 	at com.facebook.react.runtime.ReactHostImpl.raiseSoftException(ReactHostImpl.kt:787)
05-11 13:22:34.974 15628 15722 E unknown:ReactHost: 	at com.facebook.react.runtime.ReactHostImpl.getOrCreateDestroyTask(ReactHostImpl.kt:1311)
05-11 13:22:34.974 15628 15722 E unknown:ReactHost: 	at com.facebook.react.runtime.ReactHostImpl.destroy$lambda$10(ReactHostImpl.kt:473)
05-11 13:22:34.974 15628 15722 E unknown:ReactHost: 	at com.facebook.react.runtime.ReactHostImpl.$r8$lambda$vrU67S1pce6ypI1MpEJ0yfM09iA(Unknown Source:0)
05-11 13:22:34.974 15628 15722 E unknown:ReactHost: 	at com.facebook.react.runtime.ReactHostImpl$$ExternalSyntheticLambda35.call(D8$$SyntheticClass:0)
05-11 13:22:34.974 15628 15722 E unknown:ReactHost: 	at com.facebook.react.runtime.internal.bolts.Task$Companion.call$lambda$2(Task.kt:315)
05-11 13:22:34.974 15628 15722 E unknown:ReactHost: 	at com.facebook.react.runtime.internal.bolts.Task$Companion.$r8$lambda$MFqd_-X5KhHmu0hvNE2Bec_4mJM(Unknown Source:0)
05-11 13:22:34.974 15628 15722 E unknown:ReactHost: 	at com.facebook.react.runtime.internal.bolts.Task$Companion$$ExternalSyntheticLambda1.run(D8$$SyntheticClass:0)
05-11 13:22:34.974 15628 15722 E unknown:ReactHost: 	at java.util.concurrent.ThreadPoolExecutor.runWorker(ThreadPoolExecutor.java:1154)
05-11 13:22:34.974 15628 15722 E unknown:ReactHost: 	at java.util.concurrent.ThreadPoolExecutor$Worker.run(ThreadPoolExecutor.java:652)
05-11 13:22:34.974 15628 15722 E unknown:ReactHost: 	at java.lang.Thread.run(Thread.java:1564)
05-11 13:22:34.974 15628 15722 E unknown:ReactHost: Caused by: java.lang.IndexOutOfBoundsException: Index 0 out of bounds for length 0
05-11 13:22:34.974 15628 15722 E unknown:ReactHost: 	at jdk.internal.util.Preconditions.outOfBounds(Preconditions.java:64)
05-11 13:22:34.974 15628 15722 E unknown:ReactHost: 	at jdk.internal.util.Preconditions.outOfBoundsCheckIndex(Preconditions.java:70)
05-11 13:22:34.974 15628 15722 E unknown:ReactHost: 	at jdk.internal.util.Preconditions.checkIndex(Preconditions.java:266)
05-11 13:22:34.974 15628 15722 E unknown:ReactHost: 	at java.util.Objects.checkIndex(Objects.java:391)
05-11 13:22:34.974 15628 15722 E unknown:ReactHost: 	at java.util.ArrayList.get(ArrayList.java:434)
05-11 13:22:34.974 15628 15722 E unknown:ReactHost: 	at com.mjstudio.reactnativenavermap.mapview.RNCNaverMapViewManager.getChildAt(RNCNaverMapViewManager.kt:155)
05-11 13:22:34.974 15628 15722 E unknown:ReactHost: 	at com.mjstudio.reactnativenavermap.mapview.RNCNaverMapViewManager.getChildAt(RNCNaverMapViewManager.kt:67)
05-11 13:22:34.974 15628 15722 E unknown:ReactHost: 	at com.facebook.react.fabric.mounting.SurfaceMountingManager.removeViewAt(SurfaceMountingManager.java:497)
05-11 13:22:34.974 15628 15722 E unknown:ReactHost: 	at com.facebook.react.fabric.mounting.mountitems.IntBufferBatchMountItem.execute(IntBufferBatchMountItem.kt:114)
05-11 13:22:34.974 15628 15722 E unknown:ReactHost: 	at com.facebook.react.fabric.mounting.MountItemDispatcher.executeOrEnqueue(MountItemDispatcher.kt:312)
05-11 13:22:34.974 15628 15722 E unknown:ReactHost: 	at com.facebook.react.fabric.mounting.MountItemDispatcher.dispatchMountItems(MountItemDispatcher.kt:221)
05-11 13:22:34.974 15628 15722 E unknown:ReactHost: 	at com.facebook.react.fabric.mounting.MountItemDispatcher.tryDispatchMountItems(MountItemDispatcher.kt:88)
05-11 13:22:34.974 15628 15722 E unknown:ReactHost: 	at com.facebook.react.fabric.FabricUIManager$DispatchUIFrameCallback.doFrameGuarded(FabricUIManager.java:1484)
05-11 13:22:34.974 15628 15722 E unknown:ReactHost: 	at com.facebook.react.uimanager.GuardedFrameCallback.doFrame(GuardedFrameCallback.kt:25)
05-11 13:22:34.974 15628 15722 E unknown:ReactHost: 	at com.facebook.react.modules.core.ReactChoreographer.frameCallback$lambda$1(ReactChoreographer.kt:59)
05-11 13:22:34.974 15628 15722 E unknown:ReactHost: 	at com.facebook.react.modules.core.ReactChoreographer.$r8$lambda$nSkFhrr5T7rop_XKwzlLov4NLLw(Unknown Source:0)
05-11 13:22:34.974 15628 15722 E unknown:ReactHost: 	at com.facebook.react.modules.core.ReactChoreographer$$ExternalSyntheticLambda0.doFrame(D8$$SyntheticClass:0)
05-11 13:22:34.974 15628 15722 E unknown:ReactHost: 	at android.view.Choreographer$CallbackRecord.run(Choreographer.java:1959)
05-11 13:22:34.974 15628 15722 E unknown:ReactHost: 	at android.view.Choreographer$CallbackRecord.run(Choreographer.java:1970)
05-11 13:22:34.974 15628 15722 E unknown:ReactHost: 	at android.view.Choreographer.doCallbacks(Choreographer.java:1423)
05-11 13:22:34.974 15628 15722 E unknown:ReactHost: 	at android.view.Choreographer.doFrame(Choreographer.java:1338)
05-11 13:22:34.974 15628 15722 E unknown:ReactHost: 	at android.view.Choreographer$FrameDisplayEventReceiver.run(Choreographer.java:1930)
05-11 13:22:34.974 15628 15722 E unknown:ReactHost: 	at android.os.Handler.handleCallback(Handler.java:1070)
05-11 13:22:34.974 15628 15722 E unknown:ReactHost: 	at android.os.Handler.dispatchMessage(Handler.java:125)
05-11 13:22:34.974 15628 15722 E unknown:ReactHost: 	at android.os.Looper.dispatchMessage(Looper.java:358)
05-11 13:22:34.974 15628 15722 E unknown:ReactHost: 	at android.os.Looper.loopOnce(Looper.java:288)
05-11 13:22:34.974 15628 15722 E unknown:ReactHost: 	at android.os.Looper.loop(Looper.java:392)
05-11 13:22:34.974 15628 15722 E unknown:ReactHost: 	at android.app.ActivityThread.main(ActivityThread.java:10343)
05-11 13:22:34.974 15628 15722 E unknown:ReactHost: 	at java.lang.reflect.Method.invoke(Native Method)
05-11 13:22:34.974 15628 15722 E unknown:ReactHost: 	at com.android.internal.os.RuntimeInit$MethodAndArgsCaller.run(RuntimeInit.java:605)
05-11 13:22:34.974 15628 15722 E unknown:ReactHost: 	at com.android.internal.os.ZygoteInit.main(ZygoteInit.java:972)
05-11 13:22:34.974 15628 15722 W unknown:BridgelessReact: ReactHost{0}.getOrCreateDestroyTask(): Resetting createReactInstance task ref
05-11 13:22:34.976 15628 15628 E RNCNaverMapView: ⭐️attachedToWindow start isCreated=false destroyed=false hasState=false, 
05-11 13:22:34.976 15628 15628 E RNCNaverMapView: ⭐️mapView onCreate, 
05-11 13:22:34.977 15628 15628 E RNCNaverMapView: ⭐️mapView onStart, 
05-11 13:22:34.977 15628 15628 E RNCNaverMapView: ⭐️mapView onResume, 
05-11 13:22:34.977 15628 15927 W unknown:BridgelessReact: ReactHost{0}.raiseSoftException(callWithExistingReactInstance(callFunctionOnModule("RCTDeviceEventEmitter", "emit"))): Execute: reactInstance is null. Dropping work.
05-11 13:22:34.978 15628 15927 E unknown:ReactHost: Unhandled SoftException
05-11 13:22:34.978 15628 15927 E unknown:ReactHost: com.facebook.react.bridge.ReactNoCrashSoftException: raiseSoftException(callWithExistingReactInstance(callFunctionOnModule("RCTDeviceEventEmitter", "emit"))): Execute: reactInstance is null. Dropping work.
05-11 13:22:34.978 15628 15927 E unknown:ReactHost: 	at com.facebook.react.runtime.ReactHostImpl.raiseSoftException(ReactHostImpl.kt:787)
05-11 13:22:34.978 15628 15927 E unknown:ReactHost: 	at com.facebook.react.runtime.ReactHostImpl.raiseSoftException$default(ReactHostImpl.kt:779)
05-11 13:22:34.978 15628 15927 E unknown:ReactHost: 	at com.facebook.react.runtime.ReactHostImpl.callWithExistingReactInstance$lambda$28(ReactHostImpl.kt:802)
05-11 13:22:34.978 15628 15927 E unknown:ReactHost: 	at com.facebook.react.runtime.ReactHostImpl.$r8$lambda$6NreFt2BcPly8g6qrNV9Z1C-YmU(Unknown Source:0)
05-11 13:22:34.978 15628 15927 E unknown:ReactHost: 	at com.facebook.react.runtime.ReactHostImpl$$ExternalSyntheticLambda31.then(D8$$SyntheticClass:0)
05-11 13:22:34.978 15628 15927 E unknown:ReactHost: 	at com.facebook.react.runtime.internal.bolts.Task$Companion.completeImmediately$lambda$3(Task.kt:356)
05-11 13:22:34.978 15628 15927 E unknown:ReactHost: 	at com.facebook.react.runtime.internal.bolts.Task$Companion.$r8$lambda$b7MTC0ufkn_2TjF4BGcNqGR9qK0(Unknown Source:0)
05-11 13:22:34.978 15628 15927 E unknown:ReactHost: 	at com.facebook.react.runtime.internal.bolts.Task$Companion$$ExternalSyntheticLambda3.run(D8$$SyntheticClass:0)
05-11 13:22:34.978 15628 15927 E unknown:ReactHost: 	at com.facebook.react.runtime.internal.bolts.Executors$ImmediateExecutor.execute(Executors.kt:41)
05-11 13:22:34.978 15628 15927 E unknown:ReactHost: 	at com.facebook.react.runtime.internal.bolts.Task$Companion.completeImmediately(Task.kt:354)
05-11 13:22:34.978 15628 15927 E unknown:ReactHost: 	at com.facebook.react.runtime.internal.bolts.Task$Companion.access$completeImmediately(Task.kt:250)
05-11 13:22:34.978 15628 15927 E unknown:ReactHost: 	at com.facebook.react.runtime.internal.bolts.Task.continueWith(Task.kt:132)
05-11 13:22:34.978 15628 15927 E unknown:ReactHost: 	at com.facebook.react.runtime.internal.bolts.Task.continueWith$default(Task.kt:117)
05-11 13:22:34.978 15628 15927 E unknown:ReactHost: 	at com.facebook.react.runtime.internal.bolts.Task.onSuccess$lambda$12(Task.kt:174)
05-11 13:22:34.978 15628 15927 E unknown:ReactHost: 	at com.facebook.react.runtime.internal.bolts.Task.$r8$lambda$l0wwo5AvbHxlwfI1R7CH_codxoo(Unknown Source:0)
05-11 13:22:34.978 15628 15927 E unknown:ReactHost: 	at com.facebook.react.runtime.internal.bolts.Task$$ExternalSyntheticLambda2.then(D8$$SyntheticClass:0)
05-11 13:22:34.978 15628 15927 E unknown:ReactHost: 	at com.facebook.react.runtime.internal.bolts.Task$Companion.completeAfterTask$lambda$5(Task.kt:390)
05-11 13:22:34.978 15628 15927 E unknown:ReactHost: 	at com.facebook.react.runtime.internal.bolts.Task$Companion.$r8$lambda$IPpysnehFwANEiW061YzapkMdoE(Unknown Source:0)
05-11 13:22:34.978 15628 15927 E unknown:ReactHost: 	at com.facebook.react.runtime.internal.bolts.Task$Companion$$ExternalSyntheticLambda4.run(D8$$SyntheticClass:0)
05-11 13:22:34.978 15628 15927 E unknown:ReactHost: 	at com.facebook.react.runtime.internal.bolts.Executors$ImmediateExecutor.execute(Executors.kt:41)
05-11 13:22:34.978 15628 15927 E unknown:ReactHost: 	at com.facebook.react.runtime.internal.bolts.Task$Companion.completeAfterTask(Task.kt:388)
05-11 13:22:34.978 15628 15927 E unknown:ReactHost: 	at com.facebook.react.runtime.internal.bolts.Task$Companion.access$completeAfterTask(Task.kt:250)
05-11 13:22:34.978 15628 15927 E unknown:ReactHost: 	at com.facebook.react.runtime.internal.bolts.Task.continueWithTask(Task.kt:156)
05-11 13:22:34.978 15628 15927 E unknown:ReactHost: 	at com.facebook.react.runtime.internal.bolts.Task.onSuccess(Task.kt:169)
05-11 13:22:34.978 15628 15927 E unknown:ReactHost: 	at com.facebook.react.runtime.ReactHostImpl.callWithExistingReactInstance(ReactHostImpl.kt:798)
05-11 13:22:34.978 15628 15927 E unknown:ReactHost: 	at com.facebook.react.runtime.ReactHostImpl.callWithExistingReactInstance$default(ReactHostImpl.kt:791)
05-11 13:22:34.978 15628 15927 E unknown:ReactHost: 	at com.facebook.react.runtime.ReactHostImpl.callFunctionOnModule$ReactAndroid_debug(ReactHostImpl.kt:687)
05-11 13:22:34.978 15628 15927 E unknown:ReactHost: 	at com.facebook.react.runtime.BridgelessReactContext.emitDeviceEvent(BridgelessReactContext.kt:134)
05-11 13:22:34.978 15628 15927 E unknown:ReactHost: 	at com.facebook.react.modules.network.ResponseUtil.onResponseReceived(ResponseUtil.kt:124)
05-11 13:22:34.978 15628 15927 E unknown:ReactHost: 	at com.facebook.react.modules.network.NetworkingModule$sendRequestInternal$2.onResponse(NetworkingModule.kt:496)
05-11 13:22:34.978 15628 15927 E unknown:ReactHost: 	at okhttp3.internal.connection.RealCall$AsyncCall.run(RealCall.kt:519)
05-11 13:22:34.978 15628 15927 E unknown:ReactHost: 	at java.util.concurrent.ThreadPoolExecutor.runWorker(ThreadPoolExecutor.java:1154)
05-11 13:22:34.978 15628 15927 E unknown:ReactHost: 	at java.util.concurrent.ThreadPoolExecutor$Worker.run(ThreadPoolExecutor.java:652)
05-11 13:22:34.978 15628 15927 E unknown:ReactHost: 	at java.lang.Thread.run(Thread.java:1564)
05-11 13:22:34.978 15628 15927 W unknown:BridgelessReact: ReactHost{0}.raiseSoftException(callWithExistingReactInstance(callFunctionOnModule("RCTDeviceEventEmitter", "emit"))): Execute: reactInstance is null. Dropping work.
05-11 13:22:34.978 15628 15927 E unknown:ReactHost: Unhandled SoftException
05-11 13:22:34.978 15628 15927 E unknown:ReactHost: com.facebook.react.bridge.ReactNoCrashSoftException: raiseSoftException(callWithExistingReactInstance(callFunctionOnModule("RCTDeviceEventEmitter", "emit"))): Execute: reactInstance is null. Dropping work.
05-11 13:22:34.978 15628 15927 E unknown:ReactHost: 	at com.facebook.react.runtime.ReactHostImpl.raiseSoftException(ReactHostImpl.kt:787)
05-11 13:22:34.978 15628 15927 E unknown:ReactHost: 	at com.facebook.react.runtime.ReactHostImpl.raiseSoftException$default(ReactHostImpl.kt:779)
05-11 13:22:34.978 15628 15927 E unknown:ReactHost: 	at com.facebook.react.runtime.ReactHostImpl.callWithExistingReactInstance$lambda$28(ReactHostImpl.kt:802)
05-11 13:22:34.978 15628 15927 E unknown:ReactHost: 	at com.facebook.react.runtime.ReactHostImpl.$r8$lambda$6NreFt2BcPly8g6qrNV9Z1C-YmU(Unknown Source:0)
05-11 13:22:34.978 15628 15927 E unknown:ReactHost: 	at com.facebook.react.runtime.ReactHostImpl$$ExternalSyntheticLambda31.then(D8$$SyntheticClass:0)
05-11 13:22:34.978 15628 15927 E unknown:ReactHost: 	at com.facebook.react.runtime.internal.bolts.Task$Companion.completeImmediately$lambda$3(Task.kt:356)
05-11 13:22:34.978 15628 15927 E unknown:ReactHost: 	at com.facebook.react.runtime.internal.bolts.Task$Companion.$r8$lambda$b7MTC0ufkn_2TjF4BGcNqGR9qK0(Unknown Source:0)
05-11 13:22:34.978 15628 15927 E unknown:ReactHost: 	at com.facebook.react.runtime.internal.bolts.Task$Companion$$ExternalSyntheticLambda3.run(D8$$SyntheticClass:0)
05-11 13:22:34.978 15628 15927 E unknown:ReactHost: 	at com.facebook.react.runtime.internal.bolts.Executors$ImmediateExecutor.execute(Executors.kt:41)
05-11 13:22:34.978 15628 15927 E unknown:ReactHost: 	at com.facebook.react.runtime.internal.bolts.Task$Companion.completeImmediately(Task.kt:354)
05-11 13:22:34.978 15628 15927 E unknown:ReactHost: 	at com.facebook.react.runtime.internal.bolts.Task$Companion.access$completeImmediately(Task.kt:250)
05-11 13:22:34.978 15628 15927 E unknown:ReactHost: 	at com.facebook.react.runtime.internal.bolts.Task.continueWith(Task.kt:132)
05-11 13:22:34.978 15628 15927 E unknown:ReactHost: 	at com.facebook.react.runtime.internal.bolts.Task.continueWith$default(Task.kt:117)
05-11 13:22:34.978 15628 15927 E unknown:ReactHost: 	at com.facebook.react.runtime.internal.bolts.Task.onSuccess$lambda$12(Task.kt:174)
05-11 13:22:34.978 15628 15927 E unknown:ReactHost: 	at com.facebook.react.runtime.internal.bolts.Task.$r8$lambda$l0wwo5AvbHxlwfI1R7CH_codxoo(Unknown Source:0)
05-11 13:22:34.978 15628 15927 E unknown:ReactHost: 	at com.facebook.react.runtime.internal.bolts.Task$$ExternalSyntheticLambda2.then(D8$$SyntheticClass:0)
05-11 13:22:34.978 15628 15927 E unknown:ReactHost: 	at com.facebook.react.runtime.internal.bolts.Task$Companion.completeAfterTask$lambda$5(Task.kt:390)
05-11 13:22:34.978 15628 15927 E unknown:ReactHost: 	at com.facebook.react.runtime.internal.bolts.Task$Companion.$r8$lambda$IPpysnehFwANEiW061YzapkMdoE(Unknown Source:0)
05-11 13:22:34.978 15628 15927 E unknown:ReactHost: 	at com.facebook.react.runtime.internal.bolts.Task$Companion$$ExternalSyntheticLambda4.run(D8$$SyntheticClass:0)
05-11 13:22:34.978 15628 15927 E unknown:ReactHost: 	at com.facebook.react.runtime.internal.bolts.Executors$ImmediateExecutor.execute(Executors.kt:41)
05-11 13:22:34.978 15628 15927 E unknown:ReactHost: 	at com.facebook.react.runtime.internal.bolts.Task$Companion.completeAfterTask(Task.kt:388)
05-11 13:22:34.978 15628 15927 E unknown:ReactHost: 	at com.facebook.react.runtime.internal.bolts.Task$Companion.access$completeAfterTask(Task.kt:250)
05-11 13:22:34.978 15628 15927 E unknown:ReactHost: 	at com.facebook.react.runtime.internal.bolts.Task.continueWithTask(Task.kt:156)
05-11 13:22:34.978 15628 15927 E unknown:ReactHost: 	at com.facebook.react.runtime.internal.bolts.Task.onSuccess(Task.kt:169)
05-11 13:22:34.978 15628 15927 E unknown:ReactHost: 	at com.facebook.react.runtime.ReactHostImpl.callWithExistingReactInstance(ReactHostImpl.kt:798)
05-11 13:22:34.978 15628 15927 E unknown:ReactHost: 	at com.facebook.react.runtime.ReactHostImpl.callWithExistingReactInstance$default(ReactHostImpl.kt:791)
05-11 13:22:34.978 15628 15927 E unknown:ReactHost: 	at com.facebook.react.runtime.ReactHostImpl.callFunctionOnModule$ReactAndroid_debug(ReactHostImpl.kt:687)
05-11 13:22:34.978 15628 15927 E unknown:ReactHost: 	at com.facebook.react.runtime.BridgelessReactContext.emitDeviceEvent(BridgelessReactContext.kt:134)
05-11 13:22:34.978 15628 15927 E unknown:ReactHost: 	at com.facebook.react.modules.network.ResponseUtil.onDataReceivedProgress(ResponseUtil.kt:59)
05-11 13:22:34.978 15628 15927 E unknown:ReactHost: 	at com.facebook.react.modules.network.NetworkingModule$sendRequestInternal$1$responseBody$1.onProgress(NetworkingModule.kt:316)
05-11 13:22:34.978 15628 15927 E unknown:ReactHost: 	at com.facebook.react.modules.network.ProgressResponseBody$source$1.read(ProgressResponseBody.kt:51)
05-11 13:22:34.978 15628 15927 E unknown:ReactHost: 	at okio.Buffer.writeAll(Buffer.kt:1308)
05-11 13:22:34.978 15628 15927 E unknown:ReactHost: 	at okio.RealBufferedSource.readByteArray(RealBufferedSource.kt:244)
05-11 13:22:34.978 15628 15927 E unknown:ReactHost: 	at okhttp3.ResponseBody.bytes(ResponseBody.kt:124)
05-11 13:22:34.978 15628 15927 E unknown:ReactHost: 	at com.facebook.react.modules.blob.BlobModule$networkingResponseHandler$1.toResponseData(BlobModule.kt:123)
05-11 13:22:34.978 15628 15927 E unknown:ReactHost: 	at com.facebook.react.modules.network.NetworkingModule$sendRequestInternal$2.onResponse(NetworkingModule.kt:540)
05-11 13:22:34.978 15628 15927 E unknown:ReactHost: 	at okhttp3.internal.connection.RealCall$AsyncCall.run(RealCall.kt:519)
05-11 13:22:34.978 15628 15927 E unknown:ReactHost: 	at java.util.concurrent.ThreadPoolExecutor.runWorker(ThreadPoolExecutor.java:1154)
05-11 13:22:34.978 15628 15927 E unknown:ReactHost: 	at java.util.concurrent.ThreadPoolExecutor$Worker.run(ThreadPoolExecutor.java:652)
05-11 13:22:34.978 15628 15927 E unknown:ReactHost: 	at java.lang.Thread.run(Thread.java:1564)
05-11 13:22:34.978 15628 15927 W unknown:BridgelessReact: ReactHost{0}.raiseSoftException(callWithExistingReactInstance(callFunctionOnModule("RCTDeviceEventEmitter", "emit"))): Execute: reactInstance is null. Dropping work.
05-11 13:22:34.978 15628 15927 E unknown:ReactHost: Unhandled SoftException
05-11 13:22:34.978 15628 15927 E unknown:ReactHost: com.facebook.react.bridge.ReactNoCrashSoftException: raiseSoftException(callWithExistingReactInstance(callFunctionOnModule("RCTDeviceEventEmitter", "emit"))): Execute: reactInstance is null. Dropping work.
05-11 13:22:34.978 15628 15927 E unknown:ReactHost: 	at com.facebook.react.runtime.ReactHostImpl.raiseSoftException(ReactHostImpl.kt:787)
05-11 13:22:34.978 15628 15927 E unknown:ReactHost: 	at com.facebook.react.runtime.ReactHostImpl.raiseSoftException$default(ReactHostImpl.kt:779)
05-11 13:22:34.978 15628 15927 E unknown:ReactHost: 	at com.facebook.react.runtime.ReactHostImpl.callWithExistingReactInstance$lambda$28(ReactHostImpl.kt:802)
05-11 13:22:34.978 15628 15927 E unknown:ReactHost: 	at com.facebook.react.runtime.ReactHostImpl.$r8$lambda$6NreFt2BcPly8g6qrNV9Z1C-YmU(Unknown Source:0)
05-11 13:22:34.978 15628 15927 E unknown:ReactHost: 	at com.facebook.react.runtime.ReactHostImpl$$ExternalSyntheticLambda31.then(D8$$SyntheticClass:0)
05-11 13:22:34.978 15628 15927 E unknown:ReactHost: 	at com.facebook.react.runtime.internal.bolts.Task$Companion.completeImmediately$lambda$3(Task.kt:356)
05-11 13:22:34.978 15628 15927 E unknown:ReactHost: 	at com.facebook.react.runtime.internal.bolts.Task$Companion.$r8$lambda$b7MTC0ufkn_2TjF4BGcNqGR9qK0(Unknown Source:0)
05-11 13:22:34.978 15628 15927 E unknown:ReactHost: 	at com.facebook.react.runtime.internal.bolts.Task$Companion$$ExternalSyntheticLambda3.run(D8$$SyntheticClass:0)
05-11 13:22:34.978 15628 15927 E unknown:ReactHost: 	at com.facebook.react.runtime.internal.bolts.Executors$ImmediateExecutor.execute(Executors.kt:41)
05-11 13:22:34.978 15628 15927 E unknown:ReactHost: 	at com.facebook.react.runtime.internal.bolts.Task$Companion.completeImmediately(Task.kt:354)
05-11 13:22:34.978 15628 15927 E unknown:ReactHost: 	at com.facebook.react.runtime.internal.bolts.Task$Companion.access$completeImmediately(Task.kt:250)
05-11 13:22:34.978 15628 15927 E unknown:ReactHost: 	at com.facebook.react.runtime.internal.bolts.Task.continueWith(Task.kt:132)
05-11 13:22:34.978 15628 15927 E unknown:ReactHost: 	at com.facebook.react.runtime.internal.bolts.Task.continueWith$default(Task.kt:117)
05-11 13:22:34.978 15628 15927 E unknown:ReactHost: 	at com.facebook.react.runtime.internal.bolts.Task.onSuccess$lambda$12(Task.kt:174)
05-11 13:22:34.978 15628 15927 E unknown:ReactHost: 	at com.facebook.react.runtime.internal.bolts.Task.$r8$lambda$l0wwo5AvbHxlwfI1R7CH_codxoo(Unknown Source:0)
05-11 13:22:34.978 15628 15927 E unknown:ReactHost: 	at com.facebook.react.runtime.internal.bolts.Task$$ExternalSyntheticLambda2.then(D8$$SyntheticClass:0)
05-11 13:22:34.978 15628 15927 E unknown:ReactHost: 	at com.facebook.react.runtime.internal.bolts.Task$Companion.completeAfterTask$lambda$5(Task.kt:390)
05-11 13:22:34.978 15628 15927 E unknown:ReactHost: 	at com.facebook.react.runtime.internal.bolts.Task$Companion.$r8$lambda$IPpysnehFwANEiW061YzapkMdoE(Unknown Source:0)
05-11 13:22:34.978 15628 15927 E unknown:ReactHost: 	at com.facebook.react.runtime.internal.bolts.Task$Companion$$ExternalSyntheticLambda4.run(D8$$SyntheticClass:0)
05-11 13:22:34.978 15628 15927 E unknown:ReactHost: 	at com.facebook.react.runtime.internal.bolts.Executors$ImmediateExecutor.execute(Executors.kt:41)
05-11 13:22:34.978 15628 15927 E unknown:ReactHost: 	at com.facebook.react.runtime.internal.bolts.Task$Companion.completeAfterTask(Task.kt:388)
05-11 13:22:34.978 15628 15927 E unknown:ReactHost: 	at com.facebook.react.runtime.internal.bolts.Task$Companion.access$completeAfterTask(Task.kt:250)
05-11 13:22:34.978 15628 15927 E unknown:ReactHost: 	at com.facebook.react.runtime.internal.bolts.Task.continueWithTask(Task.kt:156)
05-11 13:22:34.978 15628 15927 E unknown:ReactHost: 	at com.facebook.react.runtime.internal.bolts.Task.onSuccess(Task.kt:169)
05-11 13:22:34.978 15628 15927 E unknown:ReactHost: 	at com.facebook.react.runtime.ReactHostImpl.callWithExistingReactInstance(ReactHostImpl.kt:798)
05-11 13:22:34.978 15628 15927 E unknown:ReactHost: 	at com.facebook.react.runtime.ReactHostImpl.callWithExistingReactInstance$default(ReactHostImpl.kt:791)
05-11 13:22:34.978 15628 15927 E unknown:ReactHost: 	at com.facebook.react.runtime.ReactHostImpl.callFunctionOnModule$ReactAndroid_debug(ReactHostImpl.kt:687)
05-11 13:22:34.978 15628 15927 E unknown:ReactHost: 	at com.facebook.react.runtime.BridgelessReactContext.emitDeviceEvent(BridgelessReactContext.kt:134)
05-11 13:22:34.978 15628 15927 E unknown:ReactHost: 	at com.facebook.react.modules.network.ResponseUtil.onDataReceived(ResponseUtil.kt:80)
05-11 13:22:34.978 15628 15927 E unknown:ReactHost: 	at com.facebook.react.modules.network.NetworkingModule$sendRequestInternal$2.onResponse(NetworkingModule.kt:541)
05-11 13:22:34.978 15628 15927 E unknown:ReactHost: 	at okhttp3.internal.connection.RealCall$AsyncCall.run(RealCall.kt:519)
05-11 13:22:34.978 15628 15927 E unknown:ReactHost: 	at java.util.concurrent.ThreadPoolExecutor.runWorker(ThreadPoolExecutor.java:1154)
05-11 13:22:34.978 15628 15927 E unknown:ReactHost: 	at java.util.concurrent.ThreadPoolExecutor$Worker.run(ThreadPoolExecutor.java:652)
05-11 13:22:34.978 15628 15927 E unknown:ReactHost: 	at java.lang.Thread.run(Thread.java:1564)
05-11 13:22:34.978 15628 15927 W unknown:BridgelessReact: ReactHost{0}.raiseSoftException(callWithExistingReactInstance(callFunctionOnModule("RCTDeviceEventEmitter", "emit"))): Execute: reactInstance is null. Dropping work.
05-11 13:22:34.978 15628 15927 E unknown:ReactHost: Unhandled SoftException
05-11 13:22:34.978 15628 15927 E unknown:ReactHost: com.facebook.react.bridge.ReactNoCrashSoftException: raiseSoftException(callWithExistingReactInstance(callFunctionOnModule("RCTDeviceEventEmitter", "emit"))): Execute: reactInstance is null. Dropping work.
05-11 13:22:34.978 15628 15927 E unknown:ReactHost: 	at com.facebook.react.runtime.ReactHostImpl.raiseSoftException(ReactHostImpl.kt:787)
05-11 13:22:34.978 15628 15927 E unknown:ReactHost: 	at com.facebook.react.runtime.ReactHostImpl.raiseSoftException$default(ReactHostImpl.kt:779)
05-11 13:22:34.978 15628 15927 E unknown:ReactHost: 	at com.facebook.react.runtime.ReactHostImpl.callWithExistingReactInstance$lambda$28(ReactHostImpl.kt:802)
05-11 13:22:34.978 15628 15927 E unknown:ReactHost: 	at com.facebook.react.runtime.ReactHostImpl.$r8$lambda$6NreFt2BcPly8g6qrNV9Z1C-YmU(Unknown Source:0)
05-11 13:22:34.978 15628 15927 E unknown:ReactHost: 	at com.facebook.react.runtime.ReactHostImpl$$ExternalSyntheticLambda31.then(D8$$SyntheticClass:0)
05-11 13:22:34.978 15628 15927 E unknown:ReactHost: 	at com.facebook.react.runtime.internal.bolts.Task$Companion.completeImmediately$lambda$3(Task.kt:356)
05-11 13:22:34.978 15628 15927 E unknown:ReactHost: 	at com.facebook.react.runtime.internal.bolts.Task$Companion.$r8$lambda$b7MTC0ufkn_2TjF4BGcNqGR9qK0(Unknown Source:0)
05-11 13:22:34.978 15628 15927 E unknown:ReactHost: 	at com.facebook.react.runtime.internal.bolts.Task$Companion$$ExternalSyntheticLambda3.run(D8$$SyntheticClass:0)
05-11 13:22:34.978 15628 15927 E unknown:ReactHost: 	at com.facebook.react.runtime.internal.bolts.Executors$ImmediateExecutor.execute(Executors.kt:41)
05-11 13:22:34.978 15628 15927 E unknown:ReactHost: 	at com.facebook.react.runtime.internal.bolts.Task$Companion.completeImmediately(Task.kt:354)
05-11 13:22:34.978 15628 15927 E unknown:ReactHost: 	at com.facebook.react.runtime.internal.bolts.Task$Companion.access$completeImmediately(Task.kt:250)
05-11 13:22:34.978 15628 15927 E unknown:ReactHost: 	at com.facebook.react.runtime.internal.bolts.Task.continueWith(Task.kt:132)
05-11 13:22:34.978 15628 15927 E unknown:ReactHost: 	at com.facebook.react.runtime.internal.bolts.Task.continueWith$default(Task.kt:117)
05-11 13:22:34.978 15628 15927 E unknown:ReactHost: 	at com.facebook.react.runtime.internal.bolts.Task.onSuccess$lambda$12(Task.kt:174)
05-11 13:22:34.978 15628 15927 E unknown:ReactHost: 	at com.facebook.react.runtime.internal.bolts.Task.$r8$lambda$l0wwo5AvbHxlwfI1R7CH_codxoo(Unknown Source:0)
05-11 13:22:34.978 15628 15927 E unknown:ReactHost: 	at com.facebook.react.runtime.internal.bolts.Task$$ExternalSyntheticLambda2.then(D8$$SyntheticClass:0)
05-11 13:22:34.978 15628 15927 E unknown:ReactHost: 	at com.facebook.react.runtime.internal.bolts.Task$Companion.completeAfterTask$lambda$5(Task.kt:390)
05-11 13:22:34.978 15628 15927 E unknown:ReactHost: 	at com.facebook.react.runtime.internal.bolts.Task$Companion.$r8$lambda$IPpysnehFwANEiW061YzapkMdoE(Unknown Source:0)
05-11 13:22:34.978 15628 15927 E unknown:ReactHost: 	at com.facebook.react.runtime.internal.bolts.Task$Companion$$ExternalSyntheticLambda4.run(D8$$SyntheticClass:0)
05-11 13:22:34.978 15628 15927 E unknown:ReactHost: 	at com.facebook.react.runtime.internal.bolts.Executors$ImmediateExecutor.execute(Executors.kt:41)
05-11 13:22:34.978 15628 15927 E unknown:ReactHost: 	at com.facebook.react.runtime.internal.bolts.Task$Companion.completeAfterTask(Task.kt:388)
05-11 13:22:34.978 15628 15927 E unknown:ReactHost: 	at com.facebook.react.runtime.internal.bolts.Task$Companion.access$completeAfterTask(Task.kt:250)
05-11 13:22:34.978 15628 15927 E unknown:ReactHost: 	at com.facebook.react.runtime.internal.bolts.Task.continueWithTask(Task.kt:156)
05-11 13:22:34.978 15628 15927 E unknown:ReactHost: 	at com.facebook.react.runtime.internal.bolts.Task.onSuccess(Task.kt:169)
05-11 13:22:34.978 15628 15927 E unknown:ReactHost: 	at com.facebook.react.runtime.ReactHostImpl.callWithExistingReactInstance(ReactHostImpl.kt:798)
05-11 13:22:34.978 15628 15927 E unknown:ReactHost: 	at com.facebook.react.runtime.ReactHostImpl.callWithExistingReactInstance$default(ReactHostImpl.kt:791)
05-11 13:22:34.978 15628 15927 E unknown:ReactHost: 	at com.facebook.react.runtime.ReactHostImpl.callFunctionOnModule$ReactAndroid_debug(ReactHostImpl.kt:687)
05-11 13:22:34.978 15628 15927 E unknown:ReactHost: 	at com.facebook.react.runtime.BridgelessReactContext.emitDeviceEvent(BridgelessReactContext.kt:134)
05-11 13:22:34.978 15628 15927 E unknown:ReactHost: 	at com.facebook.react.modules.network.ResponseUtil.onRequestSuccess(ResponseUtil.kt:108)
05-11 13:22:34.978 15628 15927 E unknown:ReactHost: 	at com.facebook.react.modules.network.NetworkingModule$sendRequestInternal$2.onResponse(NetworkingModule.kt:542)
05-11 13:22:34.978 15628 15927 E unknown:ReactHost: 	at okhttp3.internal.connection.RealCall$AsyncCall.run(RealCall.kt:519)
05-11 13:22:34.978 15628 15927 E unknown:ReactHost: 	at java.util.concurrent.ThreadPoolExecutor.runWorker(ThreadPoolExecutor.java:1154)
05-11 13:22:34.978 15628 15927 E unknown:ReactHost: 	at java.util.concurrent.ThreadPoolExecutor$Worker.run(ThreadPoolExecutor.java:652)
05-11 13:22:34.978 15628 15927 E unknown:ReactHost: 	at java.lang.Thread.run(Thread.java:1564)
05-11 13:22:34.980 15628 15898 W unknown:BridgelessReact: ReactHost{0}.raiseSoftException(callWithExistingReactInstance(callFunctionOnModule("RCTDeviceEventEmitter", "emit"))): Execute: reactInstance is null. Dropping work.
05-11 13:22:34.980 15628 15918 W unknown:BridgelessReact: ReactHost{0}.raiseSoftException(callWithExistingReactInstance(callFunctionOnModule("RCTDeviceEventEmitter", "emit"))): Execute: reactInstance is null. Dropping work.
05-11 13:22:34.980 15628 15898 E unknown:ReactHost: Unhandled SoftException
05-11 13:22:34.980 15628 15898 E unknown:ReactHost: com.facebook.react.bridge.ReactNoCrashSoftException: raiseSoftException(callWithExistingReactInstance(callFunctionOnModule("RCTDeviceEventEmitter", "emit"))): Execute: reactInstance is null. Dropping work.
05-11 13:22:34.980 15628 15898 E unknown:ReactHost: 	at com.facebook.react.runtime.ReactHostImpl.raiseSoftException(ReactHostImpl.kt:787)
05-11 13:22:34.980 15628 15898 E unknown:ReactHost: 	at com.facebook.react.runtime.ReactHostImpl.raiseSoftException$default(ReactHostImpl.kt:779)
05-11 13:22:34.980 15628 15898 E unknown:ReactHost: 	at com.facebook.react.runtime.ReactHostImpl.callWithExistingReactInstance$lambda$28(ReactHostImpl.kt:802)
05-11 13:22:34.980 15628 15898 E unknown:ReactHost: 	at com.facebook.react.runtime.ReactHostImpl.$r8$lambda$6NreFt2BcPly8g6qrNV9Z1C-YmU(Unknown Source:0)
05-11 13:22:34.980 15628 15898 E unknown:ReactHost: 	at com.facebook.react.runtime.ReactHostImpl$$ExternalSyntheticLambda31.then(D8$$SyntheticClass:0)
05-11 13:22:34.980 15628 15898 E unknown:ReactHost: 	at com.facebook.react.runtime.internal.bolts.Task$Companion.completeImmediately$lambda$3(Task.kt:356)
05-11 13:22:34.980 15628 15898 E unknown:ReactHost: 	at com.facebook.react.runtime.internal.bolts.Task$Companion.$r8$lambda$b7MTC0ufkn_2TjF4BGcNqGR9qK0(Unknown Source:0)
05-11 13:22:34.980 15628 15898 E unknown:ReactHost: 	at com.facebook.react.runtime.internal.bolts.Task$Companion$$ExternalSyntheticLambda3.run(D8$$SyntheticClass:0)
05-11 13:22:34.980 15628 15898 E unknown:ReactHost: 	at com.facebook.react.runtime.internal.bolts.Executors$ImmediateExecutor.execute(Executors.kt:41)
05-11 13:22:34.980 15628 15898 E unknown:ReactHost: 	at com.facebook.react.runtime.internal.bolts.Task$Companion.completeImmediately(Task.kt:354)
05-11 13:22:34.980 15628 15898 E unknown:ReactHost: 	at com.facebook.react.runtime.internal.bolts.Task$Companion.access$completeImmediately(Task.kt:250)
05-11 13:22:34.980 15628 15898 E unknown:ReactHost: 	at com.facebook.react.runtime.internal.bolts.Task.continueWith(Task.kt:132)
05-11 13:22:34.980 15628 15898 E unknown:ReactHost: 	at com.facebook.react.runtime.internal.bolts.Task.continueWith$default(Task.kt:117)
05-11 13:22:34.980 15628 15898 E unknown:ReactHost: 	at com.facebook.react.runtime.internal.bolts.Task.onSuccess$lambda$12(Task.kt:174)
05-11 13:22:34.980 15628 15898 E unknown:ReactHost: 	at com.facebook.react.runtime.internal.bolts.Task.$r8$lambda$l0wwo5AvbHxlwfI1R7CH_codxoo(Unknown Source:0)
05-11 13:22:34.980 15628 15898 E unknown:ReactHost: 	at com.facebook.react.runtime.internal.bolts.Task$$ExternalSyntheticLambda2.then(D8$$SyntheticClass:0)
05-11 13:22:34.980 15628 15898 E unknown:ReactHost: 	at com.facebook.react.runtime.internal.bolts.Task$Companion.completeAfterTask$lambda$5(Task.kt:390)
05-11 13:22:34.980 15628 15898 E unknown:ReactHost: 	at com.facebook.react.runtime.internal.bolts.Task$Companion.$r8$lambda$IPpysnehFwANEiW061YzapkMdoE(Unknown Source:0)
05-11 13:22:34.980 15628 15898 E unknown:ReactHost: 	at com.facebook.react.runtime.internal.bolts.Task$Companion$$ExternalSyntheticLambda4.run(D8$$SyntheticClass:0)
05-11 13:22:34.980 15628 15898 E unknown:ReactHost: 	at com.facebook.react.runtime.internal.bolts.Executors$ImmediateExecutor.execute(Executors.kt:41)
05-11 13:22:34.980 15628 15898 E unknown:ReactHost: 	at com.facebook.react.runtime.internal.bolts.Task$Companion.completeAfterTask(Task.kt:388)
05-11 13:22:34.980 15628 15898 E unknown:ReactHost: 	at com.facebook.react.runtime.internal.bolts.Task$Companion.access$completeAfterTask(Task.kt:250)
05-11 13:22:34.980 15628 15898 E unknown:ReactHost: 	at com.facebook.react.runtime.internal.bolts.Task.continueWithTask(Task.kt:156)
05-11 13:22:34.980 15628 15898 E unknown:ReactHost: 	at com.facebook.react.runtime.internal.bolts.Task.onSuccess(Task.kt:169)
05-11 13:22:34.980 15628 15898 E unknown:ReactHost: 	at com.facebook.react.runtime.ReactHostImpl.callWithExistingReactInstance(ReactHostImpl.kt:798)
05-11 13:22:34.980 15628 15898 E unknown:ReactHost: 	at com.facebook.react.runtime.ReactHostImpl.callWithExistingReactInstance$default(ReactHostImpl.kt:791)
05-11 13:22:34.980 15628 15898 E unknown:ReactHost: 	at com.facebook.react.runtime.ReactHostImpl.callFunctionOnModule$ReactAndroid_debug(ReactHostImpl.kt:687)
05-11 13:22:34.980 15628 15898 E unknown:ReactHost: 	at com.facebook.react.runtime.BridgelessReactContext.emitDeviceEvent(BridgelessReactContext.kt:134)
05-11 13:22:34.980 15628 15898 E unknown:ReactHost: 	at com.facebook.react.modules.network.ResponseUtil.onResponseReceived(ResponseUtil.kt:124)
05-11 13:22:34.980 15628 15898 E unknown:ReactHost: 	at com.facebook.react.modules.network.NetworkingModule$sendRequestInternal$2.onResponse(NetworkingModule.kt:496)
05-11 13:22:34.980 15628 15898 E unknown:ReactHost: 	at okhttp3.internal.connection.RealCall$AsyncCall.run(RealCall.kt:519)
05-11 13:22:34.980 15628 15898 E unknown:ReactHost: 	at java.util.concurrent.ThreadPoolExecutor.runWorker(ThreadPoolExecutor.java:1154)
05-11 13:22:34.980 15628 15898 E unknown:ReactHost: 	at java.util.concurrent.ThreadPoolExecutor$Worker.run(ThreadPoolExecutor.java:652)
05-11 13:22:34.980 15628 15898 E unknown:ReactHost: 	at java.lang.Thread.run(Thread.java:1564)
05-11 13:22:34.980 15628 15898 W unknown:BridgelessReact: ReactHost{0}.raiseSoftException(callWithExistingReactInstance(callFunctionOnModule("RCTDeviceEventEmitter", "emit"))): Execute: reactInstance is null. Dropping work.
05-11 13:22:34.980 15628 15898 E unknown:ReactHost: Unhandled SoftException
05-11 13:22:34.980 15628 15898 E unknown:ReactHost: com.facebook.react.bridge.ReactNoCrashSoftException: raiseSoftException(callWithExistingReactInstance(callFunctionOnModule("RCTDeviceEventEmitter", "emit"))): Execute: reactInstance is null. Dropping work.
05-11 13:22:34.980 15628 15898 E unknown:ReactHost: 	at com.facebook.react.runtime.ReactHostImpl.raiseSoftException(ReactHostImpl.kt:787)
05-11 13:22:34.980 15628 15898 E unknown:ReactHost: 	at com.facebook.react.runtime.ReactHostImpl.raiseSoftException$default(ReactHostImpl.kt:779)
05-11 13:22:34.980 15628 15898 E unknown:ReactHost: 	at com.facebook.react.runtime.ReactHostImpl.callWithExistingReactInstance$lambda$28(ReactHostImpl.kt:802)
05-11 13:22:34.980 15628 15898 E unknown:ReactHost: 	at com.facebook.react.runtime.ReactHostImpl.$r8$lambda$6NreFt2BcPly8g6qrNV9Z1C-YmU(Unknown Source:0)
05-11 13:22:34.980 15628 15898 E unknown:ReactHost: 	at com.facebook.react.runtime.ReactHostImpl$$ExternalSyntheticLambda31.then(D8$$SyntheticClass:0)
05-11 13:22:34.980 15628 15898 E unknown:ReactHost: 	at com.facebook.react.runtime.internal.bolts.Task$Companion.completeImmediately$lambda$3(Task.kt:356)
05-11 13:22:34.980 15628 15898 E unknown:ReactHost: 	at com.facebook.react.runtime.internal.bolts.Task$Companion.$r8$lambda$b7MTC0ufkn_2TjF4BGcNqGR9qK0(Unknown Source:0)
05-11 13:22:34.980 15628 15898 E unknown:ReactHost: 	at com.facebook.react.runtime.internal.bolts.Task$Companion$$ExternalSyntheticLambda3.run(D8$$SyntheticClass:0)
05-11 13:22:34.980 15628 15898 E unknown:ReactHost: 	at com.facebook.react.runtime.internal.bolts.Executors$ImmediateExecutor.execute(Executors.kt:41)
05-11 13:22:34.980 15628 15898 E unknown:ReactHost: 	at com.facebook.react.runtime.internal.bolts.Task$Companion.completeImmediately(Task.kt:354)
05-11 13:22:34.980 15628 15898 E unknown:ReactHost: 	at com.facebook.react.runtime.internal.bolts.Task$Companion.access$completeImmediately(Task.kt:250)
05-11 13:22:34.980 15628 15898 E unknown:ReactHost: 	at com.facebook.react.runtime.internal.bolts.Task.continueWith(Task.kt:132)
05-11 13:22:34.980 15628 15898 E unknown:ReactHost: 	at com.facebook.react.runtime.internal.bolts.Task.continueWith$default(Task.kt:117)
05-11 13:22:34.980 15628 15898 E unknown:ReactHost: 	at com.facebook.react.runtime.internal.bolts.Task.onSuccess$lambda$12(Task.kt:174)
05-11 13:22:34.980 15628 15898 E unknown:ReactHost: 	at com.facebook.react.runtime.internal.bolts.Task.$r8$lambda$l0wwo5AvbHxlwfI1R7CH_codxoo(Unknown Source:0)
05-11 13:22:34.980 15628 15898 E unknown:ReactHost: 	at com.facebook.react.runtime.internal.bolts.Task$$ExternalSyntheticLambda2.then(D8$$SyntheticClass:0)
05-11 13:22:34.980 15628 15898 E unknown:ReactHost: 	at com.facebook.react.runtime.internal.bolts.Task$Companion.completeAfterTask$lambda$5(Task.kt:390)
05-11 13:22:34.980 15628 15898 E unknown:ReactHost: 	at com.facebook.react.runtime.internal.bolts.Task$Companion.$r8$lambda$IPpysnehFwANEiW061YzapkMdoE(Unknown Source:0)
05-11 13:22:34.980 15628 15898 E unknown:ReactHost: 	at com.facebook.react.runtime.internal.bolts.Task$Companion$$ExternalSyntheticLambda4.run(D8$$SyntheticClass:0)
05-11 13:22:34.980 15628 15898 E unknown:ReactHost: 	at com.facebook.react.runtime.internal.bolts.Executors$ImmediateExecutor.execute(Executors.kt:41)
05-11 13:22:34.980 15628 15898 E unknown:ReactHost: 	at com.facebook.react.runtime.internal.bolts.Task$Companion.completeAfterTask(Task.kt:388)
05-11 13:22:34.980 15628 15898 E unknown:ReactHost: 	at com.facebook.react.runtime.internal.bolts.Task$Companion.access$completeAfterTask(Task.kt:250)
05-11 13:22:34.980 15628 15898 E unknown:ReactHost: 	at com.facebook.react.runtime.internal.bolts.Task.continueWithTask(Task.kt:156)
05-11 13:22:34.980 15628 15898 E unknown:ReactHost: 	at com.facebook.react.runtime.internal.bolts.Task.onSuccess(Task.kt:169)
05-11 13:22:34.980 15628 15898 E unknown:ReactHost: 	at com.facebook.react.runtime.ReactHostImpl.callWithExistingReactInstance(ReactHostImpl.kt:798)
05-11 13:22:34.980 15628 15898 E unknown:ReactHost: 	at com.facebook.react.runtime.ReactHostImpl.callWithExistingReactInstance$default(ReactHostImpl.kt:791)
05-11 13:22:34.980 15628 15898 E unknown:ReactHost: 	at com.facebook.react.runtime.ReactHostImpl.callFunctionOnModule$ReactAndroid_debug(ReactHostImpl.kt:687)
05-11 13:22:34.980 15628 15898 E unknown:ReactHost: 	at com.facebook.react.runtime.BridgelessReactContext.emitDeviceEvent(BridgelessReactContext.kt:134)
05-11 13:22:34.980 15628 15898 E unknown:ReactHost: 	at com.facebook.react.modules.network.ResponseUtil.onDataReceivedProgress(ResponseUtil.kt:59)
05-11 13:22:34.980 15628 15898 E unknown:ReactHost: 	at com.facebook.react.modules.network.NetworkingModule$sendRequestInternal$1$responseBody$1.onProgress(NetworkingModule.kt:316)
05-11 13:22:34.980 15628 15898 E unknown:ReactHost: 	at com.facebook.react.modules.network.ProgressResponseBody$source$1.read(ProgressResponseBody.kt:51)
05-11 13:22:34.980 15628 15898 E unknown:ReactHost: 	at okio.Buffer.writeAll(Buffer.kt:1308)
05-11 13:22:34.980 15628 15898 E unknown:ReactHost: 	at okio.RealBufferedSource.readByteArray(RealBufferedSource.kt:244)
05-11 13:22:34.980 15628 15898 E unknown:ReactHost: 	at okhttp3.ResponseBody.bytes(ResponseBody.kt:124)
05-11 13:22:34.980 15628 15898 E unknown:ReactHost: 	at com.facebook.react.modules.blob.BlobModule$networkingResponseHandler$1.toResponseData(BlobModule.kt:123)
05-11 13:22:34.980 15628 15898 E unknown:ReactHost: 	at com.facebook.react.modules.network.NetworkingModule$sendRequestInternal$2.onResponse(NetworkingModule.kt:540)
05-11 13:22:34.980 15628 15898 E unknown:ReactHost: 	at okhttp3.internal.connection.RealCall$AsyncCall.run(RealCall.kt:519)
05-11 13:22:34.980 15628 15898 E unknown:ReactHost: 	at java.util.concurrent.ThreadPoolExecutor.runWorker(ThreadPoolExecutor.java:1154)
05-11 13:22:34.980 15628 15898 E unknown:ReactHost: 	at java.util.concurrent.ThreadPoolExecutor$Worker.run(ThreadPoolExecutor.java:652)
05-11 13:22:34.980 15628 15898 E unknown:ReactHost: 	at java.lang.Thread.run(Thread.java:1564)
05-11 13:22:34.980 15628 15898 W unknown:BridgelessReact: ReactHost{0}.raiseSoftException(callWithExistingReactInstance(callFunctionOnModule("RCTDeviceEventEmitter", "emit"))): Execute: reactInstance is null. Dropping work.
05-11 13:22:34.980 15628 15918 E unknown:ReactHost: Unhandled SoftException
05-11 13:22:34.980 15628 15918 E unknown:ReactHost: com.facebook.react.bridge.ReactNoCrashSoftException: raiseSoftException(callWithExistingReactInstance(callFunctionOnModule("RCTDeviceEventEmitter", "emit"))): Execute: reactInstance is null. Dropping work.
05-11 13:22:34.980 15628 15918 E unknown:ReactHost: 	at com.facebook.react.runtime.ReactHostImpl.raiseSoftException(ReactHostImpl.kt:787)
05-11 13:22:34.980 15628 15918 E unknown:ReactHost: 	at com.facebook.react.runtime.ReactHostImpl.raiseSoftException$default(ReactHostImpl.kt:779)
05-11 13:22:34.980 15628 15918 E unknown:ReactHost: 	at com.facebook.react.runtime.ReactHostImpl.callWithExistingReactInstance$lambda$28(ReactHostImpl.kt:802)
05-11 13:22:34.980 15628 15918 E unknown:ReactHost: 	at com.facebook.react.runtime.ReactHostImpl.$r8$lambda$6NreFt2BcPly8g6qrNV9Z1C-YmU(Unknown Source:0)
05-11 13:22:34.980 15628 15918 E unknown:ReactHost: 	at com.facebook.react.runtime.ReactHostImpl$$ExternalSyntheticLambda31.then(D8$$SyntheticClass:0)
05-11 13:22:34.980 15628 15918 E unknown:ReactHost: 	at com.facebook.react.runtime.internal.bolts.Task$Companion.completeImmediately$lambda$3(Task.kt:356)
05-11 13:22:34.980 15628 15918 E unknown:ReactHost: 	at com.facebook.react.runtime.internal.bolts.Task$Companion.$r8$lambda$b7MTC0ufkn_2TjF4BGcNqGR9qK0(Unknown Source:0)
05-11 13:22:34.980 15628 15918 E unknown:ReactHost: 	at com.facebook.react.runtime.internal.bolts.Task$Companion$$ExternalSyntheticLambda3.run(D8$$SyntheticClass:0)
05-11 13:22:34.980 15628 15918 E unknown:ReactHost: 	at com.facebook.react.runtime.internal.bolts.Executors$ImmediateExecutor.execute(Executors.kt:41)
05-11 13:22:34.980 15628 15918 E unknown:ReactHost: 	at com.facebook.react.runtime.internal.bolts.Task$Companion.completeImmediately(Task.kt:354)
05-11 13:22:34.980 15628 15918 E unknown:ReactHost: 	at com.facebook.react.runtime.internal.bolts.Task$Companion.access$completeImmediately(Task.kt:250)
05-11 13:22:34.980 15628 15918 E unknown:ReactHost: 	at com.facebook.react.runtime.internal.bolts.Task.continueWith(Task.kt:132)
05-11 13:22:34.980 15628 15918 E unknown:ReactHost: 	at com.facebook.react.runtime.internal.bolts.Task.continueWith$default(Task.kt:117)
05-11 13:22:34.980 15628 15918 E unknown:ReactHost: 	at com.facebook.react.runtime.internal.bolts.Task.onSuccess$lambda$12(Task.kt:174)
05-11 13:22:34.980 15628 15918 E unknown:ReactHost: 	at com.facebook.react.runtime.internal.bolts.Task.$r8$lambda$l0wwo5AvbHxlwfI1R7CH_codxoo(Unknown Source:0)
05-11 13:22:34.980 15628 15918 E unknown:ReactHost: 	at com.facebook.react.runtime.internal.bolts.Task$$ExternalSyntheticLambda2.then(D8$$SyntheticClass:0)
05-11 13:22:34.980 15628 15918 E unknown:ReactHost: 	at com.facebook.react.runtime.internal.bolts.Task$Companion.completeAfterTask$lambda$5(Task.kt:390)
05-11 13:22:34.980 15628 15918 E unknown:ReactHost: 	at com.facebook.react.runtime.internal.bolts.Task$Companion.$r8$lambda$IPpysnehFwANEiW061YzapkMdoE(Unknown Source:0)
05-11 13:22:34.980 15628 15918 E unknown:ReactHost: 	at com.facebook.react.runtime.internal.bolts.Task$Companion$$ExternalSyntheticLambda4.run(D8$$SyntheticClass:0)
05-11 13:22:34.980 15628 15918 E unknown:ReactHost: 	at com.facebook.react.runtime.internal.bolts.Executors$ImmediateExecutor.execute(Executors.kt:41)
05-11 13:22:34.980 15628 15918 E unknown:ReactHost: 	at com.facebook.react.runtime.internal.bolts.Task$Companion.completeAfterTask(Task.kt:388)
05-11 13:22:34.980 15628 15918 E unknown:ReactHost: 	at com.facebook.react.runtime.internal.bolts.Task$Companion.access$completeAfterTask(Task.kt:250)
05-11 13:22:34.980 15628 15918 E unknown:ReactHost: 	at com.facebook.react.runtime.internal.bolts.Task.continueWithTask(Task.kt:156)
05-11 13:22:34.980 15628 15918 E unknown:ReactHost: 	at com.facebook.react.runtime.internal.bolts.Task.onSuccess(Task.kt:169)
05-11 13:22:34.980 15628 15918 E unknown:ReactHost: 	at com.facebook.react.runtime.ReactHostImpl.callWithExistingReactInstance(ReactHostImpl.kt:798)
05-11 13:22:34.980 15628 15918 E unknown:ReactHost: 	at com.facebook.react.runtime.ReactHostImpl.callWithExistingReactInstance$default(ReactHostImpl.kt:791)
05-11 13:22:34.980 15628 15918 E unknown:ReactHost: 	at com.facebook.react.runtime.ReactHostImpl.callFunctionOnModule$ReactAndroid_debug(ReactHostImpl.kt:687)
05-11 13:22:34.980 15628 15918 E unknown:ReactHost: 	at com.facebook.react.runtime.BridgelessReactContext.emitDeviceEvent(BridgelessReactContext.kt:134)
05-11 13:22:34.980 15628 15918 E unknown:ReactHost: 	at com.facebook.react.modules.network.ResponseUtil.onResponseReceived(ResponseUtil.kt:124)
05-11 13:22:34.980 15628 15918 E unknown:ReactHost: 	at com.facebook.react.modules.network.NetworkingModule$sendRequestInternal$2.onResponse(NetworkingModule.kt:496)
05-11 13:22:34.980 15628 15918 E unknown:ReactHost: 	at okhttp3.internal.connection.RealCall$AsyncCall.run(RealCall.kt:519)
05-11 13:22:34.980 15628 15918 E unknown:ReactHost: 	at java.util.concurrent.ThreadPoolExecutor.runWorker(ThreadPoolExecutor.java:1154)
05-11 13:22:34.980 15628 15918 E unknown:ReactHost: 	at java.util.concurrent.ThreadPoolExecutor$Worker.run(ThreadPoolExecutor.java:652)
05-11 13:22:34.980 15628 15918 E unknown:ReactHost: 	at java.lang.Thread.run(Thread.java:1564)
05-11 13:22:34.980 15628 15918 W unknown:BridgelessReact: ReactHost{0}.raiseSoftException(callWithExistingReactInstance(callFunctionOnModule("RCTDeviceEventEmitter", "emit"))): Execute: reactInstance is null. Dropping work.
05-11 13:22:34.981 15628 15918 E unknown:ReactHost: Unhandled SoftException
05-11 13:22:34.981 15628 15918 E unknown:ReactHost: com.facebook.react.bridge.ReactNoCrashSoftException: raiseSoftException(callWithExistingReactInstance(callFunctionOnModule("RCTDeviceEventEmitter", "emit"))): Execute: reactInstance is null. Dropping work.
05-11 13:22:34.981 15628 15918 E unknown:ReactHost: 	at com.facebook.react.runtime.ReactHostImpl.raiseSoftException(ReactHostImpl.kt:787)
05-11 13:22:34.981 15628 15918 E unknown:ReactHost: 	at com.facebook.react.runtime.ReactHostImpl.raiseSoftException$default(ReactHostImpl.kt:779)
05-11 13:22:34.981 15628 15918 E unknown:ReactHost: 	at com.facebook.react.runtime.ReactHostImpl.callWithExistingReactInstance$lambda$28(ReactHostImpl.kt:802)
05-11 13:22:34.981 15628 15918 E unknown:ReactHost: 	at com.facebook.react.runtime.ReactHostImpl.$r8$lambda$6NreFt2BcPly8g6qrNV9Z1C-YmU(Unknown Source:0)
05-11 13:22:34.981 15628 15918 E unknown:ReactHost: 	at com.facebook.react.runtime.ReactHostImpl$$ExternalSyntheticLambda31.then(D8$$SyntheticClass:0)
05-11 13:22:34.981 15628 15918 E unknown:ReactHost: 	at com.facebook.react.runtime.internal.bolts.Task$Companion.completeImmediately$lambda$3(Task.kt:356)
05-11 13:22:34.981 15628 15918 E unknown:ReactHost: 	at com.facebook.react.runtime.internal.bolts.Task$Companion.$r8$lambda$b7MTC0ufkn_2TjF4BGcNqGR9qK0(Unknown Source:0)
05-11 13:22:34.981 15628 15918 E unknown:ReactHost: 	at com.facebook.react.runtime.internal.bolts.Task$Companion$$ExternalSyntheticLambda3.run(D8$$SyntheticClass:0)
05-11 13:22:34.981 15628 15918 E unknown:ReactHost: 	at com.facebook.react.runtime.internal.bolts.Executors$ImmediateExecutor.execute(Executors.kt:41)
05-11 13:22:34.981 15628 15918 E unknown:ReactHost: 	at com.facebook.react.runtime.internal.bolts.Task$Companion.completeImmediately(Task.kt:354)
05-11 13:22:34.981 15628 15918 E unknown:ReactHost: 	at com.facebook.react.runtime.internal.bolts.Task$Companion.access$completeImmediately(Task.kt:250)
05-11 13:22:34.981 15628 15918 E unknown:ReactHost: 	at com.facebook.react.runtime.internal.bolts.Task.continueWith(Task.kt:132)
05-11 13:22:34.981 15628 15918 E unknown:ReactHost: 	at com.facebook.react.runtime.internal.bolts.Task.continueWith$default(Task.kt:117)
05-11 13:22:34.981 15628 15918 E unknown:ReactHost: 	at com.facebook.react.runtime.internal.bolts.Task.onSuccess$lambda$12(Task.kt:174)
05-11 13:22:34.981 15628 15918 E unknown:ReactHost: 	at com.facebook.react.runtime.internal.bolts.Task.$r8$lambda$l0wwo5AvbHxlwfI1R7CH_codxoo(Unknown Source:0)
05-11 13:22:34.981 15628 15918 E unknown:ReactHost: 	at com.facebook.react.runtime.internal.bolts.Task$$ExternalSyntheticLambda2.then(D8$$SyntheticClass:0)
05-11 13:22:34.981 15628 15918 E unknown:ReactHost: 	at com.facebook.react.runtime.internal.bolts.Task$Companion.completeAfterTask$lambda$5(Task.kt:390)
05-11 13:22:34.981 15628 15918 E unknown:ReactHost: 	at com.facebook.react.runtime.internal.bolts.Task$Companion.$r8$lambda$IPpysnehFwANEiW061YzapkMdoE(Unknown Source:0)
05-11 13:22:34.981 15628 15918 E unknown:ReactHost: 	at com.facebook.react.runtime.internal.bolts.Task$Companion$$ExternalSyntheticLambda4.run(D8$$SyntheticClass:0)
05-11 13:22:34.981 15628 15918 E unknown:ReactHost: 	at com.facebook.react.runtime.internal.bolts.Executors$ImmediateExecutor.execute(Executors.kt:41)
05-11 13:22:34.981 15628 15918 E unknown:ReactHost: 	at com.facebook.react.runtime.internal.bolts.Task$Companion.completeAfterTask(Task.kt:388)
05-11 13:22:34.981 15628 15918 E unknown:ReactHost: 	at com.facebook.react.runtime.internal.bolts.Task$Companion.access$completeAfterTask(Task.kt:250)
05-11 13:22:34.981 15628 15918 E unknown:ReactHost: 	at com.facebook.react.runtime.internal.bolts.Task.continueWithTask(Task.kt:156)
05-11 13:22:34.981 15628 15918 E unknown:ReactHost: 	at com.facebook.react.runtime.internal.bolts.Task.onSuccess(Task.kt:169)
05-11 13:22:34.981 15628 15918 E unknown:ReactHost: 	at com.facebook.react.runtime.ReactHostImpl.callWithExistingReactInstance(ReactHostImpl.kt:798)
05-11 13:22:34.981 15628 15918 E unknown:ReactHost: 	at com.facebook.react.runtime.ReactHostImpl.callWithExistingReactInstance$default(ReactHostImpl.kt:791)
05-11 13:22:34.981 15628 15918 E unknown:ReactHost: 	at com.facebook.react.runtime.ReactHostImpl.callFunctionOnModule$ReactAndroid_debug(ReactHostImpl.kt:687)
05-11 13:22:34.981 15628 15918 E unknown:ReactHost: 	at com.facebook.react.runtime.BridgelessReactContext.emitDeviceEvent(BridgelessReactContext.kt:134)
05-11 13:22:34.981 15628 15918 E unknown:ReactHost: 	at com.facebook.react.modules.network.ResponseUtil.onDataReceivedProgress(ResponseUtil.kt:59)
05-11 13:22:34.981 15628 15918 E unknown:ReactHost: 	at com.facebook.react.modules.network.NetworkingModule$sendRequestInternal$1$responseBody$1.onProgress(NetworkingModule.kt:316)
05-11 13:22:34.981 15628 15918 E unknown:ReactHost: 	at com.facebook.react.modules.network.ProgressResponseBody$source$1.read(ProgressResponseBody.kt:51)
05-11 13:22:34.981 15628 15918 E unknown:ReactHost: 	at okio.Buffer.writeAll(Buffer.kt:1308)
05-11 13:22:34.981 15628 15918 E unknown:ReactHost: 	at okio.RealBufferedSource.readByteArray(RealBufferedSource.kt:244)
05-11 13:22:34.981 15628 15918 E unknown:ReactHost: 	at okhttp3.ResponseBody.bytes(ResponseBody.kt:124)
05-11 13:22:34.981 15628 15918 E unknown:ReactHost: 	at com.facebook.react.modules.blob.BlobModule$networkingResponseHandler$1.toResponseData(BlobModule.kt:123)
05-11 13:22:34.981 15628 15918 E unknown:ReactHost: 	at com.facebook.react.modules.network.NetworkingModule$sendRequestInternal$2.onResponse(NetworkingModule.kt:540)
05-11 13:22:34.981 15628 15918 E unknown:ReactHost: 	at okhttp3.internal.connection.RealCall$AsyncCall.run(RealCall.kt:519)
05-11 13:22:34.981 15628 15918 E unknown:ReactHost: 	at java.util.concurrent.ThreadPoolExecutor.runWorker(ThreadPoolExecutor.java:1154)
05-11 13:22:34.981 15628 15918 E unknown:ReactHost: 	at java.util.concurrent.ThreadPoolExecutor$Worker.run(ThreadPoolExecutor.java:652)
05-11 13:22:34.981 15628 15918 E unknown:ReactHost: 	at java.lang.Thread.run(Thread.java:1564)
05-11 13:22:34.981 15628 15918 W unknown:BridgelessReact: ReactHost{0}.raiseSoftException(callWithExistingReactInstance(callFunctionOnModule("RCTDeviceEventEmitter", "emit"))): Execute: reactInstance is null. Dropping work.
05-11 13:22:34.981 15628 15918 E unknown:ReactHost: Unhandled SoftException
05-11 13:22:34.981 15628 15918 E unknown:ReactHost: com.facebook.react.bridge.ReactNoCrashSoftException: raiseSoftException(callWithExistingReactInstance(callFunctionOnModule("RCTDeviceEventEmitter", "emit"))): Execute: reactInstance is null. Dropping work.
05-11 13:22:34.981 15628 15918 E unknown:ReactHost: 	at com.facebook.react.runtime.ReactHostImpl.raiseSoftException(ReactHostImpl.kt:787)
05-11 13:22:34.981 15628 15918 E unknown:ReactHost: 	at com.facebook.react.runtime.ReactHostImpl.raiseSoftException$default(ReactHostImpl.kt:779)
05-11 13:22:34.981 15628 15918 E unknown:ReactHost: 	at com.facebook.react.runtime.ReactHostImpl.callWithExistingReactInstance$lambda$28(ReactHostImpl.kt:802)
05-11 13:22:34.981 15628 15918 E unknown:ReactHost: 	at com.facebook.react.runtime.ReactHostImpl.$r8$lambda$6NreFt2BcPly8g6qrNV9Z1C-YmU(Unknown Source:0)
05-11 13:22:34.981 15628 15918 E unknown:ReactHost: 	at com.facebook.react.runtime.ReactHostImpl$$ExternalSyntheticLambda31.then(D8$$SyntheticClass:0)
05-11 13:22:34.981 15628 15918 E unknown:ReactHost: 	at com.facebook.react.runtime.internal.bolts.Task$Companion.completeImmediately$lambda$3(Task.kt:356)
05-11 13:22:34.981 15628 15918 E unknown:ReactHost: 	at com.facebook.react.runtime.internal.bolts.Task$Companion.$r8$lambda$b7MTC0ufkn_2TjF4BGcNqGR9qK0(Unknown Source:0)
05-11 13:22:34.981 15628 15918 E unknown:ReactHost: 	at com.facebook.react.runtime.internal.bolts.Task$Companion$$ExternalSyntheticLambda3.run(D8$$SyntheticClass:0)
05-11 13:22:34.981 15628 15918 E unknown:ReactHost: 	at com.facebook.react.runtime.internal.bolts.Executors$ImmediateExecutor.execute(Executors.kt:41)
05-11 13:22:34.981 15628 15918 E unknown:ReactHost: 	at com.facebook.react.runtime.internal.bolts.Task$Companion.completeImmediately(Task.kt:354)
05-11 13:22:34.981 15628 15918 E unknown:ReactHost: 	at com.facebook.react.runtime.internal.bolts.Task$Companion.access$completeImmediately(Task.kt:250)
05-11 13:22:34.981 15628 15918 E unknown:ReactHost: 	at com.facebook.react.runtime.internal.bolts.Task.continueWith(Task.kt:132)
05-11 13:22:34.981 15628 15918 E unknown:ReactHost: 	at com.facebook.react.runtime.internal.bolts.Task.continueWith$default(Task.kt:117)
05-11 13:22:34.981 15628 15918 E unknown:ReactHost: 	at com.facebook.react.runtime.internal.bolts.Task.onSuccess$lambda$12(Task.kt:174)
05-11 13:22:34.981 15628 15918 E unknown:ReactHost: 	at com.facebook.react.runtime.internal.bolts.Task.$r8$lambda$l0wwo5AvbHxlwfI1R7CH_codxoo(Unknown Source:0)
05-11 13:22:34.981 15628 15918 E unknown:ReactHost: 	at com.facebook.react.runtime.internal.bolts.Task$$ExternalSyntheticLambda2.then(D8$$SyntheticClass:0)
05-11 13:22:34.981 15628 15918 E unknown:ReactHost: 	at com.facebook.react.runtime.internal.bolts.Task$Companion.completeAfterTask$lambda$5(Task.kt:390)
05-11 13:22:34.981 15628 15918 E unknown:ReactHost: 	at com.facebook.react.runtime.internal.bolts.Task$Companion.$r8$lambda$IPpysnehFwANEiW061YzapkMdoE(Unknown Source:0)
05-11 13:22:34.981 15628 15918 E unknown:ReactHost: 	at com.facebook.react.runtime.internal.bolts.Task$Companion$$ExternalSyntheticLambda4.run(D8$$SyntheticClass:0)
05-11 13:22:34.981 15628 15918 E unknown:ReactHost: 	at com.facebook.react.runtime.internal.bolts.Executors$ImmediateExecutor.execute(Executors.kt:41)
05-11 13:22:34.981 15628 15918 E unknown:ReactHost: 	at com.facebook.react.runtime.internal.bolts.Task$Companion.completeAfterTask(Task.kt:388)
05-11 13:22:34.981 15628 15918 E unknown:ReactHost: 	at com.facebook.react.runtime.internal.bolts.Task$Companion.access$completeAfterTask(Task.kt:250)
05-11 13:22:34.981 15628 15918 E unknown:ReactHost: 	at com.facebook.react.runtime.internal.bolts.Task.continueWithTask(Task.kt:156)
05-11 13:22:34.981 15628 15918 E unknown:ReactHost: 	at com.facebook.react.runtime.internal.bolts.Task.onSuccess(Task.kt:169)
05-11 13:22:34.981 15628 15918 E unknown:ReactHost: 	at com.facebook.react.runtime.ReactHostImpl.callWithExistingReactInstance(ReactHostImpl.kt:798)
05-11 13:22:34.981 15628 15918 E unknown:ReactHost: 	at com.facebook.react.runtime.ReactHostImpl.callWithExistingReactInstance$default(ReactHostImpl.kt:791)
05-11 13:22:34.981 15628 15918 E unknown:ReactHost: 	at com.facebook.react.runtime.ReactHostImpl.callFunctionOnModule$ReactAndroid_debug(ReactHostImpl.kt:687)
05-11 13:22:34.981 15628 15918 E unknown:ReactHost: 	at com.facebook.react.runtime.BridgelessReactContext.emitDeviceEvent(BridgelessReactContext.kt:134)
05-11 13:22:34.981 15628 15918 E unknown:ReactHost: 	at com.facebook.react.modules.network.ResponseUtil.onDataReceived(ResponseUtil.kt:80)
05-11 13:22:34.981 15628 15918 E unknown:ReactHost: 	at com.facebook.react.modules.network.NetworkingModule$sendRequestInternal$2.onResponse(NetworkingModule.kt:541)
05-11 13:22:34.981 15628 15918 E unknown:ReactHost: 	at okhttp3.internal.connection.RealCall$AsyncCall.run(RealCall.kt:519)
05-11 13:22:34.981 15628 15918 E unknown:ReactHost: 	at java.util.concurrent.ThreadPoolExecutor.runWorker(ThreadPoolExecutor.java:1154)
05-11 13:22:34.981 15628 15918 E unknown:ReactHost: 	at java.util.concurrent.ThreadPoolExecutor$Worker.run(ThreadPoolExecutor.java:652)
05-11 13:22:34.981 15628 15918 E unknown:ReactHost: 	at java.lang.Thread.run(Thread.java:1564)
05-11 13:22:34.981 15628 15923 W unknown:BridgelessReact: ReactHost{0}.raiseSoftException(callWithExistingReactInstance(callFunctionOnModule("RCTDeviceEventEmitter", "emit"))): Execute: reactInstance is null. Dropping work.
05-11 13:22:34.981 15628 15898 E unknown:ReactHost: Unhandled SoftException
05-11 13:22:34.981 15628 15898 E unknown:ReactHost: com.facebook.react.bridge.ReactNoCrashSoftException: raiseSoftException(callWithExistingReactInstance(callFunctionOnModule("RCTDeviceEventEmitter", "emit"))): Execute: reactInstance is null. Dropping work.
05-11 13:22:34.981 15628 15898 E unknown:ReactHost: 	at com.facebook.react.runtime.ReactHostImpl.raiseSoftException(ReactHostImpl.kt:787)
05-11 13:22:34.981 15628 15898 E unknown:ReactHost: 	at com.facebook.react.runtime.ReactHostImpl.raiseSoftException$default(ReactHostImpl.kt:779)
05-11 13:22:34.981 15628 15898 E unknown:ReactHost: 	at com.facebook.react.runtime.ReactHostImpl.callWithExistingReactInstance$lambda$28(ReactHostImpl.kt:802)
05-11 13:22:34.981 15628 15898 E unknown:ReactHost: 	at com.facebook.react.runtime.ReactHostImpl.$r8$lambda$6NreFt2BcPly8g6qrNV9Z1C-YmU(Unknown Source:0)
05-11 13:22:34.981 15628 15898 E unknown:ReactHost: 	at com.facebook.react.runtime.ReactHostImpl$$ExternalSyntheticLambda31.then(D8$$SyntheticClass:0)
05-11 13:22:34.981 15628 15898 E unknown:ReactHost: 	at com.facebook.react.runtime.internal.bolts.Task$Companion.completeImmediately$lambda$3(Task.kt:356)
05-11 13:22:34.981 15628 15898 E unknown:ReactHost: 	at com.facebook.react.runtime.internal.bolts.Task$Companion.$r8$lambda$b7MTC0ufkn_2TjF4BGcNqGR9qK0(Unknown Source:0)
05-11 13:22:34.981 15628 15898 E unknown:ReactHost: 	at com.facebook.react.runtime.internal.bolts.Task$Companion$$ExternalSyntheticLambda3.run(D8$$SyntheticClass:0)
05-11 13:22:34.981 15628 15898 E unknown:ReactHost: 	at com.facebook.react.runtime.internal.bolts.Executors$ImmediateExecutor.execute(Executors.kt:41)
05-11 13:22:34.981 15628 15898 E unknown:ReactHost: 	at com.facebook.react.runtime.internal.bolts.Task$Companion.completeImmediately(Task.kt:354)
05-11 13:22:34.981 15628 15898 E unknown:ReactHost: 	at com.facebook.react.runtime.internal.bolts.Task$Companion.access$completeImmediately(Task.kt:250)
05-11 13:22:34.981 15628 15898 E unknown:ReactHost: 	at com.facebook.react.runtime.internal.bolts.Task.continueWith(Task.kt:132)
05-11 13:22:34.981 15628 15898 E unknown:ReactHost: 	at com.facebook.react.runtime.internal.bolts.Task.continueWith$default(Task.kt:117)
05-11 13:22:34.981 15628 15898 E unknown:ReactHost: 	at com.facebook.react.runtime.internal.bolts.Task.onSuccess$lambda$12(Task.kt:174)
05-11 13:22:34.981 15628 15898 E unknown:ReactHost: 	at com.facebook.react.runtime.internal.bolts.Task.$r8$lambda$l0wwo5AvbHxlwfI1R7CH_codxoo(Unknown Source:0)
05-11 13:22:34.981 15628 15898 E unknown:ReactHost: 	at com.facebook.react.runtime.internal.bolts.Task$$ExternalSyntheticLambda2.then(D8$$SyntheticClass:0)
05-11 13:22:34.981 15628 15898 E unknown:ReactHost: 	at com.facebook.react.runtime.internal.bolts.Task$Companion.completeAfterTask$lambda$5(Task.kt:390)
05-11 13:22:34.981 15628 15898 E unknown:ReactHost: 	at com.facebook.react.runtime.internal.bolts.Task$Companion.$r8$lambda$IPpysnehFwANEiW061YzapkMdoE(Unknown Source:0)
05-11 13:22:34.981 15628 15898 E unknown:ReactHost: 	at com.facebook.react.runtime.internal.bolts.Task$Companion$$ExternalSyntheticLambda4.run(D8$$SyntheticClass:0)
05-11 13:22:34.981 15628 15898 E unknown:ReactHost: 	at com.facebook.react.runtime.internal.bolts.Executors$ImmediateExecutor.execute(Executors.kt:41)
05-11 13:22:34.981 15628 15898 E unknown:ReactHost: 	at com.facebook.react.runtime.internal.bolts.Task$Companion.completeAfterTask(Task.kt:388)
05-11 13:22:34.981 15628 15898 E unknown:ReactHost: 	at com.facebook.react.runtime.internal.bolts.Task$Companion.access$completeAfterTask(Task.kt:250)
05-11 13:22:34.981 15628 15898 E unknown:ReactHost: 	at com.facebook.react.runtime.internal.bolts.Task.continueWithTask(Task.kt:156)
05-11 13:22:34.981 15628 15898 E unknown:ReactHost: 	at com.facebook.react.runtime.internal.bolts.Task.onSuccess(Task.kt:169)
05-11 13:22:34.981 15628 15898 E unknown:ReactHost: 	at com.facebook.react.runtime.ReactHostImpl.callWithExistingReactInstance(ReactHostImpl.kt:798)
05-11 13:22:34.981 15628 15898 E unknown:ReactHost: 	at com.facebook.react.runtime.ReactHostImpl.callWithExistingReactInstance$default(ReactHostImpl.kt:791)
05-11 13:22:34.981 15628 15898 E unknown:ReactHost: 	at com.facebook.react.runtime.ReactHostImpl.callFunctionOnModule$ReactAndroid_debug(ReactHostImpl.kt:687)
05-11 13:22:34.981 15628 15898 E unknown:ReactHost: 	at com.facebook.react.runtime.BridgelessReactContext.emitDeviceEvent(BridgelessReactContext.kt:134)
05-11 13:22:34.981 15628 15898 E unknown:ReactHost: 	at com.facebook.react.modules.network.ResponseUtil.onDataReceived(ResponseUtil.kt:80)
05-11 13:22:34.981 15628 15898 E unknown:ReactHost: 	at com.facebook.react.modules.network.NetworkingModule$sendRequestInternal$2.onResponse(NetworkingModule.kt:541)
05-11 13:22:34.981 15628 15898 E unknown:ReactHost: 	at okhttp3.internal.connection.RealCall$AsyncCall.run(RealCall.kt:519)
05-11 13:22:34.981 15628 15898 E unknown:ReactHost: 	at java.util.concurrent.ThreadPoolExecutor.runWorker(ThreadPoolExecutor.java:1154)
05-11 13:22:34.981 15628 15898 E unknown:ReactHost: 	at java.util.concurrent.ThreadPoolExecutor$Worker.run(ThreadPoolExecutor.java:652)
05-11 13:22:34.981 15628 15898 E unknown:ReactHost: 	at java.lang.Thread.run(Thread.java:1564)
05-11 13:22:34.981 15628 15898 W unknown:BridgelessReact: ReactHost{0}.raiseSoftException(callWithExistingReactInstance(callFunctionOnModule("RCTDeviceEventEmitter", "emit"))): Execute: reactInstance is null. Dropping work.
05-11 13:22:34.982 15628 15923 E unknown:ReactHost: Unhandled SoftException
05-11 13:22:34.982 15628 15923 E unknown:ReactHost: com.facebook.react.bridge.ReactNoCrashSoftException: raiseSoftException(callWithExistingReactInstance(callFunctionOnModule("RCTDeviceEventEmitter", "emit"))): Execute: reactInstance is null. Dropping work.
05-11 13:22:34.982 15628 15923 E unknown:ReactHost: 	at com.facebook.react.runtime.ReactHostImpl.raiseSoftException(ReactHostImpl.kt:787)
05-11 13:22:34.982 15628 15923 E unknown:ReactHost: 	at com.facebook.react.runtime.ReactHostImpl.raiseSoftException$default(ReactHostImpl.kt:779)
05-11 13:22:34.982 15628 15923 E unknown:ReactHost: 	at com.facebook.react.runtime.ReactHostImpl.callWithExistingReactInstance$lambda$28(ReactHostImpl.kt:802)
05-11 13:22:34.982 15628 15923 E unknown:ReactHost: 	at com.facebook.react.runtime.ReactHostImpl.$r8$lambda$6NreFt2BcPly8g6qrNV9Z1C-YmU(Unknown Source:0)
05-11 13:22:34.982 15628 15923 E unknown:ReactHost: 	at com.facebook.react.runtime.ReactHostImpl$$ExternalSyntheticLambda31.then(D8$$SyntheticClass:0)
05-11 13:22:34.982 15628 15923 E unknown:ReactHost: 	at com.facebook.react.runtime.internal.bolts.Task$Companion.completeImmediately$lambda$3(Task.kt:356)
05-11 13:22:34.982 15628 15923 E unknown:ReactHost: 	at com.facebook.react.runtime.internal.bolts.Task$Companion.$r8$lambda$b7MTC0ufkn_2TjF4BGcNqGR9qK0(Unknown Source:0)
05-11 13:22:34.982 15628 15923 E unknown:ReactHost: 	at com.facebook.react.runtime.internal.bolts.Task$Companion$$ExternalSyntheticLambda3.run(D8$$SyntheticClass:0)
05-11 13:22:34.982 15628 15923 E unknown:ReactHost: 	at com.facebook.react.runtime.internal.bolts.Executors$ImmediateExecutor.execute(Executors.kt:41)
05-11 13:22:34.982 15628 15923 E unknown:ReactHost: 	at com.facebook.react.runtime.internal.bolts.Task$Companion.completeImmediately(Task.kt:354)
05-11 13:22:34.982 15628 15923 E unknown:ReactHost: 	at com.facebook.react.runtime.internal.bolts.Task$Companion.access$completeImmediately(Task.kt:250)
05-11 13:22:34.982 15628 15923 E unknown:ReactHost: 	at com.facebook.react.runtime.internal.bolts.Task.continueWith(Task.kt:132)
05-11 13:22:34.982 15628 15923 E unknown:ReactHost: 	at com.facebook.react.runtime.internal.bolts.Task.continueWith$default(Task.kt:117)
05-11 13:22:34.982 15628 15923 E unknown:ReactHost: 	at com.facebook.react.runtime.internal.bolts.Task.onSuccess$lambda$12(Task.kt:174)
05-11 13:22:34.982 15628 15923 E unknown:ReactHost: 	at com.facebook.react.runtime.internal.bolts.Task.$r8$lambda$l0wwo5AvbHxlwfI1R7CH_codxoo(Unknown Source:0)
05-11 13:22:34.982 15628 15923 E unknown:ReactHost: 	at com.facebook.react.runtime.internal.bolts.Task$$ExternalSyntheticLambda2.then(D8$$SyntheticClass:0)
05-11 13:22:34.982 15628 15923 E unknown:ReactHost: 	at com.facebook.react.runtime.internal.bolts.Task$Companion.completeAfterTask$lambda$5(Task.kt:390)
05-11 13:22:34.982 15628 15923 E unknown:ReactHost: 	at com.facebook.react.runtime.internal.bolts.Task$Companion.$r8$lambda$IPpysnehFwANEiW061YzapkMdoE(Unknown Source:0)
05-11 13:22:34.982 15628 15923 E unknown:ReactHost: 	at com.facebook.react.runtime.internal.bolts.Task$Companion$$ExternalSyntheticLambda4.run(D8$$SyntheticClass:0)
05-11 13:22:34.982 15628 15923 E unknown:ReactHost: 	at com.facebook.react.runtime.internal.bolts.Executors$ImmediateExecutor.execute(Executors.kt:41)
05-11 13:22:34.982 15628 15923 E unknown:ReactHost: 	at com.facebook.react.runtime.internal.bolts.Task$Companion.completeAfterTask(Task.kt:388)
05-11 13:22:34.982 15628 15923 E unknown:ReactHost: 	at com.facebook.react.runtime.internal.bolts.Task$Companion.access$completeAfterTask(Task.kt:250)
05-11 13:22:34.982 15628 15923 E unknown:ReactHost: 	at com.facebook.react.runtime.internal.bolts.Task.continueWithTask(Task.kt:156)
05-11 13:22:34.982 15628 15923 E unknown:ReactHost: 	at com.facebook.react.runtime.internal.bolts.Task.onSuccess(Task.kt:169)
05-11 13:22:34.982 15628 15923 E unknown:ReactHost: 	at com.facebook.react.runtime.ReactHostImpl.callWithExistingReactInstance(ReactHostImpl.kt:798)
05-11 13:22:34.982 15628 15923 E unknown:ReactHost: 	at com.facebook.react.runtime.ReactHostImpl.callWithExistingReactInstance$default(ReactHostImpl.kt:791)
05-11 13:22:34.982 15628 15923 E unknown:ReactHost: 	at com.facebook.react.runtime.ReactHostImpl.callFunctionOnModule$ReactAndroid_debug(ReactHostImpl.kt:687)
05-11 13:22:34.982 15628 15923 E unknown:ReactHost: 	at com.facebook.react.runtime.BridgelessReactContext.emitDeviceEvent(BridgelessReactContext.kt:134)
05-11 13:22:34.982 15628 15923 E unknown:ReactHost: 	at com.facebook.react.modules.network.ResponseUtil.onDataSend(ResponseUtil.kt:25)
05-11 13:22:34.982 15628 15923 E unknown:ReactHost: 	at com.facebook.react.modules.network.NetworkingModule$wrapRequestBodyWithProgressEmitter$1.onProgress(NetworkingModule.kt:601)
05-11 13:22:34.982 15628 15923 E unknown:ReactHost: 	at com.facebook.react.modules.network.ProgressRequestBody$outputStreamSink$1.sendProgressUpdate(ProgressRequestBody.kt:76)
05-11 13:22:34.982 15628 15923 E unknown:ReactHost: 	at com.facebook.react.modules.network.ProgressRequestBody$outputStreamSink$1.write(ProgressRequestBody.kt:69)
05-11 13:22:34.982 15628 15923 E unknown:ReactHost: 	at java.io.FilterOutputStream.write(FilterOutputStream.java:137)
05-11 13:22:34.982 15628 15923 E unknown:ReactHost: 	at com.facebook.react.modules.network.ProgressRequestBody$outputStreamSink$1.write(ProgressRequestBody.kt:60)
05-11 13:22:34.982 15628 15923 E unknown:ReactHost: 	at okio.OutputStreamSink.write(JvmOkio.kt:56)
05-11 13:22:34.982 15628 15923 E unknown:ReactHost: 	at okio.RealBufferedSink.flush(RealBufferedSink.kt:268)
05-11 13:22:34.982 15628 15923 E unknown:ReactHost: 	at com.facebook.react.modules.network.ProgressRequestBody.writeTo(ProgressRequestBody.kt:50)
05-11 13:22:34.982 15628 15923 E unknown:ReactHost: 	at okhttp3.internal.http.CallServerInterceptor.intercept(CallServerInterceptor.kt:62)
05-11 13:22:34.982 15628 15923 E unknown:ReactHost: 	at okhttp3.internal.http.RealInterceptorChain.proceed(RealInterceptorChain.kt:109)
05-11 13:22:34.982 15628 15923 E unknown:ReactHost: 	at com.facebook.react.modules.network.NetworkingModule$sendRequestInternal$$inlined$-addNetworkInterceptor$1.intercept(OkHttpClient.kt:1080)
05-11 13:22:34.982 15628 15923 E unknown:ReactHost: 	at okhttp3.internal.http.RealInterceptorChain.proceed(RealInterceptorChain.kt:109)
05-11 13:22:34.982 15628 15923 E unknown:ReactHost: 	at okhttp3.internal.connection.ConnectInterceptor.intercept(ConnectInterceptor.kt:34)
05-11 13:22:34.982 15628 15923 E unknown:ReactHost: 	at okhttp3.internal.http.RealInterceptorChain.proceed(RealInterceptorChain.kt:109)
05-11 13:22:34.982 15628 15923 E unknown:ReactHost: 	at okhttp3.internal.cache.CacheInterceptor.intercept(CacheInterceptor.kt:95)
05-11 13:22:34.982 15628 15923 E unknown:ReactHost: 	at okhttp3.internal.http.RealInterceptorChain.proceed(RealInterceptorChain.kt:109)
05-11 13:22:34.982 15628 15923 E unknown:ReactHost: 	at okhttp3.internal.http.BridgeInterceptor.intercept(BridgeInterceptor.kt:83)
05-11 13:22:34.982 15628 15923 E unknown:ReactHost: 	at okhttp3.internal.http.RealInterceptorChain.proceed(RealInterceptorChain.kt:109)
05-11 13:22:34.982 15628 15923 E unknown:ReactHost: 	at okhttp3.internal.http.RetryAndFollowUpInterceptor.intercept(RetryAndFollowUpInterceptor.kt:76)
05-11 13:22:34.982 15628 15923 E unknown:ReactHost: 	at okhttp3.internal.http.RealInterceptorChain.proceed(RealInterceptorChain.kt:109)
05-11 13:22:34.982 15628 15923 E unknown:ReactHost: 	at okhttp3.internal.connection.RealCall.getResponseWithInterceptorChain$okhttp(RealCall.kt:201)
05-11 13:22:34.982 15628 15923 E unknown:ReactHost: 	at okhttp3.internal.connection.RealCall$AsyncCall.run(RealCall.kt:517)
05-11 13:22:34.982 15628 15923 E unknown:ReactHost: 	at java.util.concurrent.ThreadPoolExecutor.runWorker(ThreadPoolExecutor.java:1154)
05-11 13:22:34.982 15628 15923 E unknown:ReactHost: 	at java.util.concurrent.ThreadPoolExecutor$Worker.run(ThreadPoolExecutor.java:652)
05-11 13:22:34.982 15628 15923 E unknown:ReactHost: 	at java.lang.Thread.run(Thread.java:1564)
05-11 13:22:34.982 15628 15918 W unknown:BridgelessReact: ReactHost{0}.raiseSoftException(callWithExistingReactInstance(callFunctionOnModule("RCTDeviceEventEmitter", "emit"))): Execute: reactInstance is null. Dropping work.
05-11 13:22:34.982 15628 15918 E unknown:ReactHost: Unhandled SoftException
05-11 13:22:34.982 15628 15918 E unknown:ReactHost: com.facebook.react.bridge.ReactNoCrashSoftException: raiseSoftException(callWithExistingReactInstance(callFunctionOnModule("RCTDeviceEventEmitter", "emit"))): Execute: reactInstance is null. Dropping work.
05-11 13:22:34.982 15628 15918 E unknown:ReactHost: 	at com.facebook.react.runtime.ReactHostImpl.raiseSoftException(ReactHostImpl.kt:787)
05-11 13:22:34.982 15628 15918 E unknown:ReactHost: 	at com.facebook.react.runtime.ReactHostImpl.raiseSoftException$default(ReactHostImpl.kt:779)
05-11 13:22:34.982 15628 15918 E unknown:ReactHost: 	at com.facebook.react.runtime.ReactHostImpl.callWithExistingReactInstance$lambda$28(ReactHostImpl.kt:802)
05-11 13:22:34.982 15628 15918 E unknown:ReactHost: 	at com.facebook.react.runtime.ReactHostImpl.$r8$lambda$6NreFt2BcPly8g6qrNV9Z1C-YmU(Unknown Source:0)
05-11 13:22:34.982 15628 15918 E unknown:ReactHost: 	at com.facebook.react.runtime.ReactHostImpl$$ExternalSyntheticLambda31.then(D8$$SyntheticClass:0)
05-11 13:22:34.982 15628 15918 E unknown:ReactHost: 	at com.facebook.react.runtime.internal.bolts.Task$Companion.completeImmediately$lambda$3(Task.kt:356)
05-11 13:22:34.982 15628 15918 E unknown:ReactHost: 	at com.facebook.react.runtime.internal.bolts.Task$Companion.$r8$lambda$b7MTC0ufkn_2TjF4BGcNqGR9qK0(Unknown Source:0)
05-11 13:22:34.982 15628 15918 E unknown:ReactHost: 	at com.facebook.react.runtime.internal.bolts.Task$Companion$$ExternalSyntheticLambda3.run(D8$$SyntheticClass:0)
05-11 13:22:34.982 15628 15918 E unknown:ReactHost: 	at com.facebook.react.runtime.internal.bolts.Executors$ImmediateExecutor.execute(Executors.kt:41)
05-11 13:22:34.982 15628 15918 E unknown:ReactHost: 	at com.facebook.react.runtime.internal.bolts.Task$Companion.completeImmediately(Task.kt:354)
05-11 13:22:34.982 15628 15918 E unknown:ReactHost: 	at com.facebook.react.runtime.internal.bolts.Task$Companion.access$completeImmediately(Task.kt:250)
05-11 13:22:34.982 15628 15918 E unknown:ReactHost: 	at com.facebook.react.runtime.internal.bolts.Task.continueWith(Task.kt:132)
05-11 13:22:34.982 15628 15918 E unknown:ReactHost: 	at com.facebook.react.runtime.internal.bolts.Task.continueWith$default(Task.kt:117)
05-11 13:22:34.982 15628 15918 E unknown:ReactHost: 	at com.facebook.react.runtime.internal.bolts.Task.onSuccess$lambda$12(Task.kt:174)
05-11 13:22:34.982 15628 15918 E unknown:ReactHost: 	at com.facebook.react.runtime.internal.bolts.Task.$r8$lambda$l0wwo5AvbHxlwfI1R7CH_codxoo(Unknown Source:0)
05-11 13:22:34.982 15628 15918 E unknown:ReactHost: 	at com.facebook.react.runtime.internal.bolts.Task$$ExternalSyntheticLambda2.then(D8$$SyntheticClass:0)
05-11 13:22:34.982 15628 15918 E unknown:ReactHost: 	at com.facebook.react.runtime.internal.bolts.Task$Companion.completeAfterTask$lambda$5(Task.kt:390)
05-11 13:22:34.982 15628 15918 E unknown:ReactHost: 	at com.facebook.react.runtime.internal.bolts.Task$Companion.$r8$lambda$IPpysnehFwANEiW061YzapkMdoE(Unknown Source:0)
05-11 13:22:34.982 15628 15918 E unknown:ReactHost: 	at com.facebook.react.runtime.internal.bolts.Task$Companion$$ExternalSyntheticLambda4.run(D8$$SyntheticClass:0)
05-11 13:22:34.982 15628 15918 E unknown:ReactHost: 	at com.facebook.react.runtime.internal.bolts.Executors$ImmediateExecutor.execute(Executors.kt:41)
05-11 13:22:34.982 15628 15918 E unknown:ReactHost: 	at com.facebook.react.runtime.internal.bolts.Task$Companion.completeAfterTask(Task.kt:388)
05-11 13:22:34.982 15628 15918 E unknown:ReactHost: 	at com.facebook.react.runtime.internal.bolts.Task$Companion.access$completeAfterTask(Task.kt:250)
05-11 13:22:34.982 15628 15918 E unknown:ReactHost: 	at com.facebook.react.runtime.internal.bolts.Task.continueWithTask(Task.kt:156)
05-11 13:22:34.982 15628 15918 E unknown:ReactHost: 	at com.facebook.react.runtime.internal.bolts.Task.onSuccess(Task.kt:169)
05-11 13:22:34.982 15628 15918 E unknown:ReactHost: 	at com.facebook.react.runtime.ReactHostImpl.callWithExistingReactInstance(ReactHostImpl.kt:798)
05-11 13:22:34.982 15628 15918 E unknown:ReactHost: 	at com.facebook.react.runtime.ReactHostImpl.callWithExistingReactInstance$default(ReactHostImpl.kt:791)
05-11 13:22:34.982 15628 15918 E unknown:ReactHost: 	at com.facebook.react.runtime.ReactHostImpl.callFunctionOnModule$ReactAndroid_debug(ReactHostImpl.kt:687)
05-11 13:22:34.982 15628 15918 E unknown:ReactHost: 	at com.facebook.react.runtime.BridgelessReactContext.emitDeviceEvent(BridgelessReactContext.kt:134)
05-11 13:22:34.982 15628 15918 E unknown:ReactHost: 	at com.facebook.react.modules.network.ResponseUtil.onRequestSuccess(ResponseUtil.kt:108)
05-11 13:22:34.982 15628 15918 E unknown:ReactHost: 	at com.facebook.react.modules.network.NetworkingModule$sendRequestInternal$2.onResponse(NetworkingModule.kt:542)
05-11 13:22:34.982 15628 15918 E unknown:ReactHost: 	at okhttp3.internal.connection.RealCall$AsyncCall.run(RealCall.kt:519)
05-11 13:22:34.982 15628 15918 E unknown:ReactHost: 	at java.util.concurrent.ThreadPoolExecutor.runWorker(ThreadPoolExecutor.java:1154)
05-11 13:22:34.982 15628 15918 E unknown:ReactHost: 	at java.util.concurrent.ThreadPoolExecutor$Worker.run(ThreadPoolExecutor.java:652)
05-11 13:22:34.982 15628 15918 E unknown:ReactHost: 	at java.lang.Thread.run(Thread.java:1564)
05-11 13:22:34.982 15628 15898 E unknown:ReactHost: Unhandled SoftException
05-11 13:22:34.982 15628 15898 E unknown:ReactHost: com.facebook.react.bridge.ReactNoCrashSoftException: raiseSoftException(callWithExistingReactInstance(callFunctionOnModule("RCTDeviceEventEmitter", "emit"))): Execute: reactInstance is null. Dropping work.
05-11 13:22:34.982 15628 15898 E unknown:ReactHost: 	at com.facebook.react.runtime.ReactHostImpl.raiseSoftException(ReactHostImpl.kt:787)
05-11 13:22:34.982 15628 15898 E unknown:ReactHost: 	at com.facebook.react.runtime.ReactHostImpl.raiseSoftException$default(ReactHostImpl.kt:779)
05-11 13:22:34.982 15628 15898 E unknown:ReactHost: 	at com.facebook.react.runtime.ReactHostImpl.callWithExistingReactInstance$lambda$28(ReactHostImpl.kt:802)
05-11 13:22:34.982 15628 15898 E unknown:ReactHost: 	at com.facebook.react.runtime.ReactHostImpl.$r8$lambda$6NreFt2BcPly8g6qrNV9Z1C-YmU(Unknown Source:0)
05-11 13:22:34.982 15628 15898 E unknown:ReactHost: 	at com.facebook.react.runtime.ReactHostImpl$$ExternalSyntheticLambda31.then(D8$$SyntheticClass:0)
05-11 13:22:34.982 15628 15898 E unknown:ReactHost: 	at com.facebook.react.runtime.internal.bolts.Task$Companion.completeImmediately$lambda$3(Task.kt:356)
05-11 13:22:34.982 15628 15898 E unknown:ReactHost: 	at com.facebook.react.runtime.internal.bolts.Task$Companion.$r8$lambda$b7MTC0ufkn_2TjF4BGcNqGR9qK0(Unknown Source:0)
05-11 13:22:34.982 15628 15898 E unknown:ReactHost: 	at com.facebook.react.runtime.internal.bolts.Task$Companion$$ExternalSyntheticLambda3.run(D8$$SyntheticClass:0)
05-11 13:22:34.982 15628 15898 E unknown:ReactHost: 	at com.facebook.react.runtime.internal.bolts.Executors$ImmediateExecutor.execute(Executors.kt:41)
05-11 13:22:34.982 15628 15898 E unknown:ReactHost: 	at com.facebook.react.runtime.internal.bolts.Task$Companion.completeImmediately(Task.kt:354)
05-11 13:22:34.982 15628 15898 E unknown:ReactHost: 	at com.facebook.react.runtime.internal.bolts.Task$Companion.access$completeImmediately(Task.kt:250)
05-11 13:22:34.982 15628 15898 E unknown:ReactHost: 	at com.facebook.react.runtime.internal.bolts.Task.continueWith(Task.kt:132)
05-11 13:22:34.982 15628 15898 E unknown:ReactHost: 	at com.facebook.react.runtime.internal.bolts.Task.continueWith$default(Task.kt:117)
05-11 13:22:34.982 15628 15898 E unknown:ReactHost: 	at com.facebook.react.runtime.internal.bolts.Task.onSuccess$lambda$12(Task.kt:174)
05-11 13:22:34.982 15628 15898 E unknown:ReactHost: 	at com.facebook.react.runtime.internal.bolts.Task.$r8$lambda$l0wwo5AvbHxlwfI1R7CH_codxoo(Unknown Source:0)
05-11 13:22:34.982 15628 15898 E unknown:ReactHost: 	at com.facebook.react.runtime.internal.bolts.Task$$ExternalSyntheticLambda2.then(D8$$SyntheticClass:0)
05-11 13:22:34.982 15628 15898 E unknown:ReactHost: 	at com.facebook.react.runtime.internal.bolts.Task$Companion.completeAfterTask$lambda$5(Task.kt:390)
05-11 13:22:34.982 15628 15898 E unknown:ReactHost: 	at com.facebook.react.runtime.internal.bolts.Task$Companion.$r8$lambda$IPpysnehFwANEiW061YzapkMdoE(Unknown Source:0)
05-11 13:22:34.982 15628 15898 E unknown:ReactHost: 	at com.facebook.react.runtime.internal.bolts.Task$Companion$$ExternalSyntheticLambda4.run(D8$$SyntheticClass:0)
05-11 13:22:34.982 15628 15898 E unknown:ReactHost: 	at com.facebook.react.runtime.internal.bolts.Executors$ImmediateExecutor.execute(Executors.kt:41)
05-11 13:22:34.982 15628 15898 E unknown:ReactHost: 	at com.facebook.react.runtime.internal.bolts.Task$Companion.completeAfterTask(Task.kt:388)
05-11 13:22:34.982 15628 15898 E unknown:ReactHost: 	at com.facebook.react.runtime.internal.bolts.Task$Companion.access$completeAfterTask(Task.kt:250)
05-11 13:22:34.982 15628 15898 E unknown:ReactHost: 	at com.facebook.react.runtime.internal.bolts.Task.continueWithTask(Task.kt:156)
05-11 13:22:34.982 15628 15898 E unknown:ReactHost: 	at com.facebook.react.runtime.internal.bolts.Task.onSuccess(Task.kt:169)
05-11 13:22:34.982 15628 15898 E unknown:ReactHost: 	at com.facebook.react.runtime.ReactHostImpl.callWithExistingReactInstance(ReactHostImpl.kt:798)
05-11 13:22:34.982 15628 15898 E unknown:ReactHost: 	at com.facebook.react.runtime.ReactHostImpl.callWithExistingReactInstance$default(ReactHostImpl.kt:791)
05-11 13:22:34.982 15628 15898 E unknown:ReactHost: 	at com.facebook.react.runtime.ReactHostImpl.callFunctionOnModule$ReactAndroid_debug(ReactHostImpl.kt:687)
05-11 13:22:34.982 15628 15898 E unknown:ReactHost: 	at com.facebook.react.runtime.BridgelessReactContext.emitDeviceEvent(BridgelessReactContext.kt:134)
05-11 13:22:34.982 15628 15898 E unknown:ReactHost: 	at com.facebook.react.modules.network.ResponseUtil.onRequestSuccess(ResponseUtil.kt:108)
05-11 13:22:34.982 15628 15898 E unknown:ReactHost: 	at com.facebook.react.modules.network.NetworkingModule$sendRequestInternal$2.onResponse(NetworkingModule.kt:542)
05-11 13:22:34.982 15628 15898 E unknown:ReactHost: 	at okhttp3.internal.connection.RealCall$AsyncCall.run(RealCall.kt:519)
05-11 13:22:34.982 15628 15898 E unknown:ReactHost: 	at java.util.concurrent.ThreadPoolExecutor.runWorker(ThreadPoolExecutor.java:1154)
05-11 13:22:34.982 15628 15898 E unknown:ReactHost: 	at java.util.concurrent.ThreadPoolExecutor$Worker.run(ThreadPoolExecutor.java:652)
05-11 13:22:34.982 15628 15898 E unknown:ReactHost: 	at java.lang.Thread.run(Thread.java:1564)
05-11 13:22:34.983 15628 15974 W unknown:BridgelessReact: ReactHost{0}.raiseSoftException(callWithExistingReactInstance(callFunctionOnModule("RCTDeviceEventEmitter", "emit"))): Execute: reactInstance is null. Dropping work.
05-11 13:22:34.983 15628 15974 E unknown:ReactHost: Unhandled SoftException
05-11 13:22:34.983 15628 15974 E unknown:ReactHost: com.facebook.react.bridge.ReactNoCrashSoftException: raiseSoftException(callWithExistingReactInstance(callFunctionOnModule("RCTDeviceEventEmitter", "emit"))): Execute: reactInstance is null. Dropping work.
05-11 13:22:34.983 15628 15974 E unknown:ReactHost: 	at com.facebook.react.runtime.ReactHostImpl.raiseSoftException(ReactHostImpl.kt:787)
05-11 13:22:34.983 15628 15974 E unknown:ReactHost: 	at com.facebook.react.runtime.ReactHostImpl.raiseSoftException$default(ReactHostImpl.kt:779)
05-11 13:22:34.983 15628 15974 E unknown:ReactHost: 	at com.facebook.react.runtime.ReactHostImpl.callWithExistingReactInstance$lambda$28(ReactHostImpl.kt:802)
05-11 13:22:34.983 15628 15974 E unknown:ReactHost: 	at com.facebook.react.runtime.ReactHostImpl.$r8$lambda$6NreFt2BcPly8g6qrNV9Z1C-YmU(Unknown Source:0)
05-11 13:22:34.983 15628 15974 E unknown:ReactHost: 	at com.facebook.react.runtime.ReactHostImpl$$ExternalSyntheticLambda31.then(D8$$SyntheticClass:0)
05-11 13:22:34.983 15628 15974 E unknown:ReactHost: 	at com.facebook.react.runtime.internal.bolts.Task$Companion.completeImmediately$lambda$3(Task.kt:356)
05-11 13:22:34.983 15628 15974 E unknown:ReactHost: 	at com.facebook.react.runtime.internal.bolts.Task$Companion.$r8$lambda$b7MTC0ufkn_2TjF4BGcNqGR9qK0(Unknown Source:0)
05-11 13:22:34.983 15628 15974 E unknown:ReactHost: 	at com.facebook.react.runtime.internal.bolts.Task$Companion$$ExternalSyntheticLambda3.run(D8$$SyntheticClass:0)
05-11 13:22:34.983 15628 15974 E unknown:ReactHost: 	at com.facebook.react.runtime.internal.bolts.Executors$ImmediateExecutor.execute(Executors.kt:41)
05-11 13:22:34.983 15628 15974 E unknown:ReactHost: 	at com.facebook.react.runtime.internal.bolts.Task$Companion.completeImmediately(Task.kt:354)
05-11 13:22:34.983 15628 15974 E unknown:ReactHost: 	at com.facebook.react.runtime.internal.bolts.Task$Companion.access$completeImmediately(Task.kt:250)
05-11 13:22:34.983 15628 15974 E unknown:ReactHost: 	at com.facebook.react.runtime.internal.bolts.Task.continueWith(Task.kt:132)
05-11 13:22:34.983 15628 15974 E unknown:ReactHost: 	at com.facebook.react.runtime.internal.bolts.Task.continueWith$default(Task.kt:117)
05-11 13:22:34.983 15628 15974 E unknown:ReactHost: 	at com.facebook.react.runtime.internal.bolts.Task.onSuccess$lambda$12(Task.kt:174)
05-11 13:22:34.983 15628 15974 E unknown:ReactHost: 	at com.facebook.react.runtime.internal.bolts.Task.$r8$lambda$l0wwo5AvbHxlwfI1R7CH_codxoo(Unknown Source:0)
05-11 13:22:34.983 15628 15974 E unknown:ReactHost: 	at com.facebook.react.runtime.internal.bolts.Task$$ExternalSyntheticLambda2.then(D8$$SyntheticClass:0)
05-11 13:22:34.983 15628 15974 E unknown:ReactHost: 	at com.facebook.react.runtime.internal.bolts.Task$Companion.completeAfterTask$lambda$5(Task.kt:390)
05-11 13:22:34.983 15628 15974 E unknown:ReactHost: 	at com.facebook.react.runtime.internal.bolts.Task$Companion.$r8$lambda$IPpysnehFwANEiW061YzapkMdoE(Unknown Source:0)
05-11 13:22:34.983 15628 15974 E unknown:ReactHost: 	at com.facebook.react.runtime.internal.bolts.Task$Companion$$ExternalSyntheticLambda4.run(D8$$SyntheticClass:0)
05-11 13:22:34.983 15628 15974 E unknown:ReactHost: 	at com.facebook.react.runtime.internal.bolts.Executors$ImmediateExecutor.execute(Executors.kt:41)
05-11 13:22:34.983 15628 15974 E unknown:ReactHost: 	at com.facebook.react.runtime.internal.bolts.Task$Companion.completeAfterTask(Task.kt:388)
05-11 13:22:34.983 15628 15974 E unknown:ReactHost: 	at com.facebook.react.runtime.internal.bolts.Task$Companion.access$completeAfterTask(Task.kt:250)
05-11 13:22:34.983 15628 15974 E unknown:ReactHost: 	at com.facebook.react.runtime.internal.bolts.Task.continueWithTask(Task.kt:156)
05-11 13:22:34.983 15628 15974 E unknown:ReactHost: 	at com.facebook.react.runtime.internal.bolts.Task.onSuccess(Task.kt:169)
05-11 13:22:34.983 15628 15974 E unknown:ReactHost: 	at com.facebook.react.runtime.ReactHostImpl.callWithExistingReactInstance(ReactHostImpl.kt:798)
05-11 13:22:34.983 15628 15974 E unknown:ReactHost: 	at com.facebook.react.runtime.ReactHostImpl.callWithExistingReactInstance$default(ReactHostImpl.kt:791)
05-11 13:22:34.983 15628 15974 E unknown:ReactHost: 	at com.facebook.react.runtime.ReactHostImpl.callFunctionOnModule$ReactAndroid_debug(ReactHostImpl.kt:687)
05-11 13:22:34.983 15628 15974 E unknown:ReactHost: 	at com.facebook.react.runtime.BridgelessReactContext.emitDeviceEvent(BridgelessReactContext.kt:134)
05-11 13:22:34.983 15628 15974 E unknown:ReactHost: 	at com.facebook.react.modules.network.ResponseUtil.onResponseReceived(ResponseUtil.kt:124)
05-11 13:22:34.983 15628 15974 E unknown:ReactHost: 	at com.facebook.react.modules.network.NetworkingModule$sendRequestInternal$2.onResponse(NetworkingModule.kt:496)
05-11 13:22:34.983 15628 15974 E unknown:ReactHost: 	at okhttp3.internal.connection.RealCall$AsyncCall.run(RealCall.kt:519)
05-11 13:22:34.983 15628 15974 E unknown:ReactHost: 	at java.util.concurrent.ThreadPoolExecutor.runWorker(ThreadPoolExecutor.java:1154)
05-11 13:22:34.983 15628 15974 E unknown:ReactHost: 	at java.util.concurrent.ThreadPoolExecutor$Worker.run(ThreadPoolExecutor.java:652)
05-11 13:22:34.983 15628 15974 E unknown:ReactHost: 	at java.lang.Thread.run(Thread.java:1564)
05-11 13:22:34.983  2433  4992 I SurfaceFlinger: id=37090 createSurf, flag=84004, 4ebe3f com.ginit.app/com.ginit.app.MainActivity#37090
05-11 13:22:34.983 15628 15974 W unknown:BridgelessReact: ReactHost{0}.raiseSoftException(callWithExistingReactInstance(callFunctionOnModule("RCTDeviceEventEmitter", "emit"))): Execute: reactInstance is null. Dropping work.
05-11 13:22:34.984 15628 15974 E unknown:ReactHost: Unhandled SoftException
05-11 13:22:34.984 15628 15974 E unknown:ReactHost: com.facebook.react.bridge.ReactNoCrashSoftException: raiseSoftException(callWithExistingReactInstance(callFunctionOnModule("RCTDeviceEventEmitter", "emit"))): Execute: reactInstance is null. Dropping work.
05-11 13:22:34.984 15628 15974 E unknown:ReactHost: 	at com.facebook.react.runtime.ReactHostImpl.raiseSoftException(ReactHostImpl.kt:787)
05-11 13:22:34.984 15628 15974 E unknown:ReactHost: 	at com.facebook.react.runtime.ReactHostImpl.raiseSoftException$default(ReactHostImpl.kt:779)
05-11 13:22:34.984 15628 15974 E unknown:ReactHost: 	at com.facebook.react.runtime.ReactHostImpl.callWithExistingReactInstance$lambda$28(ReactHostImpl.kt:802)
05-11 13:22:34.984 15628 15974 E unknown:ReactHost: 	at com.facebook.react.runtime.ReactHostImpl.$r8$lambda$6NreFt2BcPly8g6qrNV9Z1C-YmU(Unknown Source:0)
05-11 13:22:34.984 15628 15974 E unknown:ReactHost: 	at com.facebook.react.runtime.ReactHostImpl$$ExternalSyntheticLambda31.then(D8$$SyntheticClass:0)
05-11 13:22:34.984 15628 15974 E unknown:ReactHost: 	at com.facebook.react.runtime.internal.bolts.Task$Companion.completeImmediately$lambda$3(Task.kt:356)
05-11 13:22:34.984 15628 15974 E unknown:ReactHost: 	at com.facebook.react.runtime.internal.bolts.Task$Companion.$r8$lambda$b7MTC0ufkn_2TjF4BGcNqGR9qK0(Unknown Source:0)
05-11 13:22:34.984 15628 15974 E unknown:ReactHost: 	at com.facebook.react.runtime.internal.bolts.Task$Companion$$ExternalSyntheticLambda3.run(D8$$SyntheticClass:0)
05-11 13:22:34.984 15628 15974 E unknown:ReactHost: 	at com.facebook.react.runtime.internal.bolts.Executors$ImmediateExecutor.execute(Executors.kt:41)
05-11 13:22:34.984 15628 15974 E unknown:ReactHost: 	at com.facebook.react.runtime.internal.bolts.Task$Companion.completeImmediately(Task.kt:354)
05-11 13:22:34.984 15628 15974 E unknown:ReactHost: 	at com.facebook.react.runtime.internal.bolts.Task$Companion.access$completeImmediately(Task.kt:250)
05-11 13:22:34.984 15628 15974 E unknown:ReactHost: 	at com.facebook.react.runtime.internal.bolts.Task.continueWith(Task.kt:132)
05-11 13:22:34.984 15628 15974 E unknown:ReactHost: 	at com.facebook.react.runtime.internal.bolts.Task.continueWith$default(Task.kt:117)
05-11 13:22:34.984 15628 15974 E unknown:ReactHost: 	at com.facebook.react.runtime.internal.bolts.Task.onSuccess$lambda$12(Task.kt:174)
05-11 13:22:34.984 15628 15974 E unknown:ReactHost: 	at com.facebook.react.runtime.internal.bolts.Task.$r8$lambda$l0wwo5AvbHxlwfI1R7CH_codxoo(Unknown Source:0)
05-11 13:22:34.984 15628 15974 E unknown:ReactHost: 	at com.facebook.react.runtime.internal.bolts.Task$$ExternalSyntheticLambda2.then(D8$$SyntheticClass:0)
05-11 13:22:34.984 15628 15974 E unknown:ReactHost: 	at com.facebook.react.runtime.internal.bolts.Task$Companion.completeAfterTask$lambda$5(Task.kt:390)
05-11 13:22:34.984 15628 15974 E unknown:ReactHost: 	at com.facebook.react.runtime.internal.bolts.Task$Companion.$r8$lambda$IPpysnehFwANEiW061YzapkMdoE(Unknown Source:0)
05-11 13:22:34.984 15628 15974 E unknown:ReactHost: 	at com.facebook.react.runtime.internal.bolts.Task$Companion$$ExternalSyntheticLambda4.run(D8$$SyntheticClass:0)
05-11 13:22:34.984 15628 15974 E unknown:ReactHost: 	at com.facebook.react.runtime.internal.bolts.Executors$ImmediateExecutor.execute(Executors.kt:41)
05-11 13:22:34.984 15628 15974 E unknown:ReactHost: 	at com.facebook.react.runtime.internal.bolts.Task$Companion.completeAfterTask(Task.kt:388)
05-11 13:22:34.984 15628 15974 E unknown:ReactHost: 	at com.facebook.react.runtime.internal.bolts.Task$Companion.access$completeAfterTask(Task.kt:250)
05-11 13:22:34.984 15628 15974 E unknown:ReactHost: 	at com.facebook.react.runtime.internal.bolts.Task.continueWithTask(Task.kt:156)
05-11 13:22:34.984 15628 15974 E unknown:ReactHost: 	at com.facebook.react.runtime.internal.bolts.Task.onSuccess(Task.kt:169)
05-11 13:22:34.984 15628 15974 E unknown:ReactHost: 	at com.facebook.react.runtime.ReactHostImpl.callWithExistingReactInstance(ReactHostImpl.kt:798)
05-11 13:22:34.984 15628 15974 E unknown:ReactHost: 	at com.facebook.react.runtime.ReactHostImpl.callWithExistingReactInstance$default(ReactHostImpl.kt:791)
05-11 13:22:34.984 15628 15974 E unknown:ReactHost: 	at com.facebook.react.runtime.ReactHostImpl.callFunctionOnModule$ReactAndroid_debug(ReactHostImpl.kt:687)
05-11 13:22:34.984 15628 15974 E unknown:ReactHost: 	at com.facebook.react.runtime.BridgelessReactContext.emitDeviceEvent(BridgelessReactContext.kt:134)
05-11 13:22:34.984 15628 15974 E unknown:ReactHost: 	at com.facebook.react.modules.network.ResponseUtil.onDataReceivedProgress(ResponseUtil.kt:59)
05-11 13:22:34.984 15628 15974 E unknown:ReactHost: 	at com.facebook.react.modules.network.NetworkingModule$sendRequestInternal$1$responseBody$1.onProgress(NetworkingModule.kt:316)
05-11 13:22:34.984 15628 15974 E unknown:ReactHost: 	at com.facebook.react.modules.network.ProgressResponseBody$source$1.read(ProgressResponseBody.kt:51)
05-11 13:22:34.984 15628 15974 E unknown:ReactHost: 	at okio.RealBufferedSource.read(RealBufferedSource.kt:194)
05-11 13:22:34.984 15628 15974 E unknown:ReactHost: 	at okio.RealBufferedSource.exhausted(RealBufferedSource.kt:202)
05-11 13:22:34.984 15628 15974 E unknown:ReactHost: 	at okio.GzipSource.read(GzipSource.kt:86)
05-11 13:22:34.984 15628 15974 E unknown:ReactHost: 	at okio.Buffer.writeAll(Buffer.kt:1308)
05-11 13:22:34.984 15628 15974 E unknown:ReactHost: 	at okio.RealBufferedSource.readByteArray(RealBufferedSource.kt:244)
05-11 13:22:34.984 15628 15974 E unknown:ReactHost: 	at okhttp3.ResponseBody.bytes(ResponseBody.kt:124)
05-11 13:22:34.984 15628 15974 E unknown:ReactHost: 	at com.facebook.react.modules.blob.BlobModule$networkingResponseHandler$1.toResponseData(BlobModule.kt:123)
05-11 13:22:34.984 15628 15974 E unknown:ReactHost: 	at com.facebook.react.modules.network.NetworkingModule$sendRequestInternal$2.onResponse(NetworkingModule.kt:540)
05-11 13:22:34.984 15628 15974 E unknown:ReactHost: 	at okhttp3.internal.connection.RealCall$AsyncCall.run(RealCall.kt:519)
05-11 13:22:34.984 15628 15974 E unknown:ReactHost: 	at java.util.concurrent.ThreadPoolExecutor.runWorker(ThreadPoolExecutor.java:1154)
05-11 13:22:34.984 15628 15974 E unknown:ReactHost: 	at java.util.concurrent.ThreadPoolExecutor$Worker.run(ThreadPoolExecutor.java:652)
05-11 13:22:34.984 15628 15974 E unknown:ReactHost: 	at java.lang.Thread.run(Thread.java:1564)
05-11 13:22:34.984 15628 15974 W unknown:BridgelessReact: ReactHost{0}.raiseSoftException(callWithExistingReactInstance(callFunctionOnModule("RCTDeviceEventEmitter", "emit"))): Execute: reactInstance is null. Dropping work.
05-11 13:22:34.984 15628 15974 E unknown:ReactHost: Unhandled SoftException
05-11 13:22:34.984 15628 15974 E unknown:ReactHost: com.facebook.react.bridge.ReactNoCrashSoftException: raiseSoftException(callWithExistingReactInstance(callFunctionOnModule("RCTDeviceEventEmitter", "emit"))): Execute: reactInstance is null. Dropping work.
05-11 13:22:34.984 15628 15974 E unknown:ReactHost: 	at com.facebook.react.runtime.ReactHostImpl.raiseSoftException(ReactHostImpl.kt:787)
05-11 13:22:34.984 15628 15974 E unknown:ReactHost: 	at com.facebook.react.runtime.ReactHostImpl.raiseSoftException$default(ReactHostImpl.kt:779)
05-11 13:22:34.984 15628 15974 E unknown:ReactHost: 	at com.facebook.react.runtime.ReactHostImpl.callWithExistingReactInstance$lambda$28(ReactHostImpl.kt:802)
05-11 13:22:34.984 15628 15974 E unknown:ReactHost: 	at com.facebook.react.runtime.ReactHostImpl.$r8$lambda$6NreFt2BcPly8g6qrNV9Z1C-YmU(Unknown Source:0)
05-11 13:22:34.984 15628 15974 E unknown:ReactHost: 	at com.facebook.react.runtime.ReactHostImpl$$ExternalSyntheticLambda31.then(D8$$SyntheticClass:0)
05-11 13:22:34.984 15628 15974 E unknown:ReactHost: 	at com.facebook.react.runtime.internal.bolts.Task$Companion.completeImmediately$lambda$3(Task.kt:356)
05-11 13:22:34.984 15628 15974 E unknown:ReactHost: 	at com.facebook.react.runtime.internal.bolts.Task$Companion.$r8$lambda$b7MTC0ufkn_2TjF4BGcNqGR9qK0(Unknown Source:0)
05-11 13:22:34.984 15628 15974 E unknown:ReactHost: 	at com.facebook.react.runtime.internal.bolts.Task$Companion$$ExternalSyntheticLambda3.run(D8$$SyntheticClass:0)
05-11 13:22:34.984 15628 15974 E unknown:ReactHost: 	at com.facebook.react.runtime.internal.bolts.Executors$ImmediateExecutor.execute(Executors.kt:41)
05-11 13:22:34.984 15628 15974 E unknown:ReactHost: 	at com.facebook.react.runtime.internal.bolts.Task$Companion.completeImmediately(Task.kt:354)
05-11 13:22:34.984 15628 15974 E unknown:ReactHost: 	at com.facebook.react.runtime.internal.bolts.Task$Companion.access$completeImmediately(Task.kt:250)
05-11 13:22:34.984 15628 15974 E unknown:ReactHost: 	at com.facebook.react.runtime.internal.bolts.Task.continueWith(Task.kt:132)
05-11 13:22:34.984 15628 15974 E unknown:ReactHost: 	at com.facebook.react.runtime.internal.bolts.Task.continueWith$default(Task.kt:117)
05-11 13:22:34.984 15628 15974 E unknown:ReactHost: 	at com.facebook.react.runtime.internal.bolts.Task.onSuccess$lambda$12(Task.kt:174)
05-11 13:22:34.984 15628 15974 E unknown:ReactHost: 	at com.facebook.react.runtime.internal.bolts.Task.$r8$lambda$l0wwo5AvbHxlwfI1R7CH_codxoo(Unknown Source:0)
05-11 13:22:34.984 15628 15974 E unknown:ReactHost: 	at com.facebook.react.runtime.internal.bolts.Task$$ExternalSyntheticLambda2.then(D8$$SyntheticClass:0)
05-11 13:22:34.984 15628 15974 E unknown:ReactHost: 	at com.facebook.react.runtime.internal.bolts.Task$Companion.completeAfterTask$lambda$5(Task.kt:390)
05-11 13:22:34.984 15628 15974 E unknown:ReactHost: 	at com.facebook.react.runtime.internal.bolts.Task$Companion.$r8$lambda$IPpysnehFwANEiW061YzapkMdoE(Unknown Source:0)
05-11 13:22:34.984 15628 15974 E unknown:ReactHost: 	at com.facebook.react.runtime.internal.bolts.Task$Companion$$ExternalSyntheticLambda4.run(D8$$SyntheticClass:0)
05-11 13:22:34.984 15628 15974 E unknown:ReactHost: 	at com.facebook.react.runtime.internal.bolts.Executors$ImmediateExecutor.execute(Executors.kt:41)
05-11 13:22:34.984 15628 15974 E unknown:ReactHost: 	at com.facebook.react.runtime.internal.bolts.Task$Companion.completeAfterTask(Task.kt:388)
05-11 13:22:34.984 15628 15974 E unknown:ReactHost: 	at com.facebook.react.runtime.internal.bolts.Task$Companion.access$completeAfterTask(Task.kt:250)
05-11 13:22:34.984 15628 15974 E unknown:ReactHost: 	at com.facebook.react.runtime.internal.bolts.Task.continueWithTask(Task.kt:156)
05-11 13:22:34.984 15628 15974 E unknown:ReactHost: 	at com.facebook.react.runtime.internal.bolts.Task.onSuccess(Task.kt:169)
05-11 13:22:34.984 15628 15974 E unknown:ReactHost: 	at com.facebook.react.runtime.ReactHostImpl.callWithExistingReactInstance(ReactHostImpl.kt:798)
05-11 13:22:34.984 15628 15974 E unknown:ReactHost: 	at com.facebook.react.runtime.ReactHostImpl.callWithExistingReactInstance$default(ReactHostImpl.kt:791)
05-11 13:22:34.984 15628 15974 E unknown:ReactHost: 	at com.facebook.react.runtime.ReactHostImpl.callFunctionOnModule$ReactAndroid_debug(ReactHostImpl.kt:687)
05-11 13:22:34.984 15628 15974 E unknown:ReactHost: 	at com.facebook.react.runtime.BridgelessReactContext.emitDeviceEvent(BridgelessReactContext.kt:134)
05-11 13:22:34.984 15628 15974 E unknown:ReactHost: 	at com.facebook.react.modules.network.ResponseUtil.onDataReceived(ResponseUtil.kt:80)
05-11 13:22:34.984 15628 15974 E unknown:ReactHost: 	at com.facebook.react.modules.network.NetworkingModule$sendRequestInternal$2.onResponse(NetworkingModule.kt:541)
05-11 13:22:34.984 15628 15974 E unknown:ReactHost: 	at okhttp3.internal.connection.RealCall$AsyncCall.run(RealCall.kt:519)
05-11 13:22:34.984 15628 15974 E unknown:ReactHost: 	at java.util.concurrent.ThreadPoolExecutor.runWorker(ThreadPoolExecutor.java:1154)
05-11 13:22:34.984 15628 15974 E unknown:ReactHost: 	at java.util.concurrent.ThreadPoolExecutor$Worker.run(ThreadPoolExecutor.java:652)
05-11 13:22:34.984 15628 15974 E unknown:ReactHost: 	at java.lang.Thread.run(Thread.java:1564)
05-11 13:22:34.984  3249  8395 D WindowManager: Changing focus from Window{c0961fd u0 com.ginit.app/com.ginit.app.MainActivity} to Window{4ebe3f u0 com.ginit.app/com.ginit.app.MainActivity} displayId=0 Callers=com.android.server.wm.WindowManagerService.addWindowInner:621 com.android.server.wm.WindowManagerService.addWindow:1920 com.android.server.wm.Session.addToDisplayAsUser:15 android.view.IWindowSession$Stub.onTransact:782 
05-11 13:22:34.984 15628 15974 W unknown:BridgelessReact: ReactHost{0}.raiseSoftException(callWithExistingReactInstance(callFunctionOnModule("RCTDeviceEventEmitter", "emit"))): Execute: reactInstance is null. Dropping work.
05-11 13:22:34.984 15628 15974 E unknown:ReactHost: Unhandled SoftException
05-11 13:22:34.984 15628 15974 E unknown:ReactHost: com.facebook.react.bridge.ReactNoCrashSoftException: raiseSoftException(callWithExistingReactInstance(callFunctionOnModule("RCTDeviceEventEmitter", "emit"))): Execute: reactInstance is null. Dropping work.
05-11 13:22:34.984 15628 15974 E unknown:ReactHost: 	at com.facebook.react.runtime.ReactHostImpl.raiseSoftException(ReactHostImpl.kt:787)
05-11 13:22:34.984 15628 15974 E unknown:ReactHost: 	at com.facebook.react.runtime.ReactHostImpl.raiseSoftException$default(ReactHostImpl.kt:779)
05-11 13:22:34.984 15628 15974 E unknown:ReactHost: 	at com.facebook.react.runtime.ReactHostImpl.callWithExistingReactInstance$lambda$28(ReactHostImpl.kt:802)
05-11 13:22:34.984 15628 15974 E unknown:ReactHost: 	at com.facebook.react.runtime.ReactHostImpl.$r8$lambda$6NreFt2BcPly8g6qrNV9Z1C-YmU(Unknown Source:0)
05-11 13:22:34.984 15628 15974 E unknown:ReactHost: 	at com.facebook.react.runtime.ReactHostImpl$$ExternalSyntheticLambda31.then(D8$$SyntheticClass:0)
05-11 13:22:34.984 15628 15974 E unknown:ReactHost: 	at com.facebook.react.runtime.internal.bolts.Task$Companion.completeImmediately$lambda$3(Task.kt:356)
05-11 13:22:34.984 15628 15974 E unknown:ReactHost: 	at com.facebook.react.runtime.internal.bolts.Task$Companion.$r8$lambda$b7MTC0ufkn_2TjF4BGcNqGR9qK0(Unknown Source:0)
05-11 13:22:34.984 15628 15974 E unknown:ReactHost: 	at com.facebook.react.runtime.internal.bolts.Task$Companion$$ExternalSyntheticLambda3.run(D8$$SyntheticClass:0)
05-11 13:22:34.984 15628 15974 E unknown:ReactHost: 	at com.facebook.react.runtime.internal.bolts.Executors$ImmediateExecutor.execute(Executors.kt:41)
05-11 13:22:34.984 15628 15974 E unknown:ReactHost: 	at com.facebook.react.runtime.internal.bolts.Task$Companion.completeImmediately(Task.kt:354)
05-11 13:22:34.984 15628 15974 E unknown:ReactHost: 	at com.facebook.react.runtime.internal.bolts.Task$Companion.access$completeImmediately(Task.kt:250)
05-11 13:22:34.984 15628 15974 E unknown:ReactHost: 	at com.facebook.react.runtime.internal.bolts.Task.continueWith(Task.kt:132)
05-11 13:22:34.984 15628 15974 E unknown:ReactHost: 	at com.facebook.react.runtime.internal.bolts.Task.continueWith$default(Task.kt:117)
05-11 13:22:34.984 15628 15974 E unknown:ReactHost: 	at com.facebook.react.runtime.internal.bolts.Task.onSuccess$lambda$12(Task.kt:174)
05-11 13:22:34.984 15628 15974 E unknown:ReactHost: 	at com.facebook.react.runtime.internal.bolts.Task.$r8$lambda$l0wwo5AvbHxlwfI1R7CH_codxoo(Unknown Source:0)
05-11 13:22:34.984 15628 15974 E unknown:ReactHost: 	at com.facebook.react.runtime.internal.bolts.Task$$ExternalSyntheticLambda2.then(D8$$SyntheticClass:0)
05-11 13:22:34.984 15628 15974 E unknown:ReactHost: 	at com.facebook.react.runtime.internal.bolts.Task$Companion.completeAfterTask$lambda$5(Task.kt:390)
05-11 13:22:34.984 15628 15974 E unknown:ReactHost: 	at com.facebook.react.runtime.internal.bolts.Task$Companion.$r8$lambda$IPpysnehFwANEiW061YzapkMdoE(Unknown Source:0)
05-11 13:22:34.984 15628 15974 E unknown:ReactHost: 	at com.facebook.react.runtime.internal.bolts.Task$Companion$$ExternalSyntheticLambda4.run(D8$$SyntheticClass:0)
05-11 13:22:34.984 15628 15974 E unknown:ReactHost: 	at com.facebook.react.runtime.internal.bolts.Executors$ImmediateExecutor.execute(Executors.kt:41)
05-11 13:22:34.984 15628 15974 E unknown:ReactHost: 	at com.facebook.react.runtime.internal.bolts.Task$Companion.completeAfterTask(Task.kt:388)
05-11 13:22:34.984 15628 15974 E unknown:ReactHost: 	at com.facebook.react.runtime.internal.bolts.Task$Companion.access$completeAfterTask(Task.kt:250)
05-11 13:22:34.984 15628 15974 E unknown:ReactHost: 	at com.facebook.react.runtime.internal.bolts.Task.continueWithTask(Task.kt:156)
05-11 13:22:34.984 15628 15974 E unknown:ReactHost: 	at com.facebook.react.runtime.internal.bolts.Task.onSuccess(Task.kt:169)
05-11 13:22:34.984 15628 15974 E unknown:ReactHost: 	at com.facebook.react.runtime.ReactHostImpl.callWithExistingReactInstance(ReactHostImpl.kt:798)
05-11 13:22:34.984 15628 15974 E unknown:ReactHost: 	at com.facebook.react.runtime.ReactHostImpl.callWithExistingReactInstance$default(ReactHostImpl.kt:791)
05-11 13:22:34.984 15628 15974 E unknown:ReactHost: 	at com.facebook.react.runtime.ReactHostImpl.callFunctionOnModule$ReactAndroid_debug(ReactHostImpl.kt:687)
05-11 13:22:34.984 15628 15974 E unknown:ReactHost: 	at com.facebook.react.runtime.BridgelessReactContext.emitDeviceEvent(BridgelessReactContext.kt:134)
05-11 13:22:34.984 15628 15974 E unknown:ReactHost: 	at com.facebook.react.modules.network.ResponseUtil.onRequestSuccess(ResponseUtil.kt:108)
05-11 13:22:34.984 15628 15974 E unknown:ReactHost: 	at com.facebook.react.modules.network.NetworkingModule$sendRequestInternal$2.onResponse(NetworkingModule.kt:542)
05-11 13:22:34.984 15628 15974 E unknown:ReactHost: 	at okhttp3.internal.connection.RealCall$AsyncCall.run(RealCall.kt:519)
05-11 13:22:34.984 15628 15974 E unknown:ReactHost: 	at java.util.concurrent.ThreadPoolExecutor.runWorker(ThreadPoolExecutor.java:1154)
05-11 13:22:34.984 15628 15974 E unknown:ReactHost: 	at java.util.concurrent.ThreadPoolExecutor$Worker.run(ThreadPoolExecutor.java:652)
05-11 13:22:34.984 15628 15974 E unknown:ReactHost: 	at java.lang.Thread.run(Thread.java:1564)
05-11 13:22:34.984  3249  8395 D InsetsSourceProvider: updateControlForTarget: control=InsetsSourceControl: {6abc0001 mType=navigationBars initiallyVisible mSurfacePosition=Point(0, 2940) mInsetsHint=Insets{left=0, top=0, right=0, bottom=56}}, target=Window{4ebe3f u0 com.ginit.app/com.ginit.app.MainActivity}, from=com.android.server.wm.InsetsStateController.onControlTargetChanged:82 com.android.server.wm.InsetsPolicy.updateBarControlTarget:216 com.android.server.wm.DisplayPolicy.updateSystemBarAttributes:425 com.android.server.wm.WindowManagerService.updateFocusedWindowLocked:358 com.android.server.wm.WindowManagerService.addWindowInner:621 
05-11 13:22:34.984 15628 15927 W unknown:BridgelessReact: ReactHost{0}.raiseSoftException(callWithExistingReactInstance(callFunctionOnModule("RCTDeviceEventEmitter", "emit"))): Execute: reactInstance is null. Dropping work.
05-11 13:22:34.984  3249  8395 D InsetsSourceProvider: updateControlForTarget: control=InsetsSourceControl: {380c0000 mType=statusBars initiallyVisible mSurfacePosition=Point(0, 0) mInsetsHint=Insets{left=0, top=140, right=0, bottom=0}}, target=Window{4ebe3f u0 com.ginit.app/com.ginit.app.MainActivity}, from=com.android.server.wm.InsetsStateController.onControlTargetChanged:82 com.android.server.wm.InsetsPolicy.updateBarControlTarget:203 com.android.server.wm.DisplayPolicy.updateSystemBarAttributes:425 com.android.server.wm.WindowManagerService.updateFocusedWindowLocked:358 com.android.server.wm.WindowManagerService.addWindowInner:621 
05-11 13:22:34.984  3249  8395 D WindowManager: updateSystemBarAttributes: displayId=0, focusedCanBeNavColorWin=false, win=Window{4ebe3f u0 com.ginit.app/com.ginit.app.MainActivity}, navColorWin=Window{c0961fd u0 com.ginit.app/com.ginit.app.MainActivity}, caller=com.android.server.wm.WindowManagerService.updateFocusedWindowLocked:358 com.android.server.wm.WindowManagerService.addWindowInner:621 com.android.server.wm.WindowManagerService.addWindow:1920 
05-11 13:22:34.984 15628 15927 E unknown:ReactHost: Unhandled SoftException
05-11 13:22:34.984 15628 15927 E unknown:ReactHost: com.facebook.react.bridge.ReactNoCrashSoftException: raiseSoftException(callWithExistingReactInstance(callFunctionOnModule("RCTDeviceEventEmitter", "emit"))): Execute: reactInstance is null. Dropping work.
05-11 13:22:34.984 15628 15927 E unknown:ReactHost: 	at com.facebook.react.runtime.ReactHostImpl.raiseSoftException(ReactHostImpl.kt:787)
05-11 13:22:34.984 15628 15927 E unknown:ReactHost: 	at com.facebook.react.runtime.ReactHostImpl.raiseSoftException$default(ReactHostImpl.kt:779)
05-11 13:22:34.984 15628 15927 E unknown:ReactHost: 	at com.facebook.react.runtime.ReactHostImpl.callWithExistingReactInstance$lambda$28(ReactHostImpl.kt:802)
05-11 13:22:34.984 15628 15927 E unknown:ReactHost: 	at com.facebook.react.runtime.ReactHostImpl.$r8$lambda$6NreFt2BcPly8g6qrNV9Z1C-YmU(Unknown Source:0)
05-11 13:22:34.984 15628 15927 E unknown:ReactHost: 	at com.facebook.react.runtime.ReactHostImpl$$ExternalSyntheticLambda31.then(D8$$SyntheticClass:0)
05-11 13:22:34.984 15628 15927 E unknown:ReactHost: 	at com.facebook.react.runtime.internal.bolts.Task$Companion.completeImmediately$lambda$3(Task.kt:356)
05-11 13:22:34.984 15628 15927 E unknown:ReactHost: 	at com.facebook.react.runtime.internal.bolts.Task$Companion.$r8$lambda$b7MTC0ufkn_2TjF4BGcNqGR9qK0(Unknown Source:0)
05-11 13:22:34.984 15628 15927 E unknown:ReactHost: 	at com.facebook.react.runtime.internal.bolts.Task$Companion$$ExternalSyntheticLambda3.run(D8$$SyntheticClass:0)
05-11 13:22:34.984 15628 15927 E unknown:ReactHost: 	at com.facebook.react.runtime.internal.bolts.Executors$ImmediateExecutor.execute(Executors.kt:41)
05-11 13:22:34.984 15628 15927 E unknown:ReactHost: 	at com.facebook.react.runtime.internal.bolts.Task$Companion.completeImmediately(Task.kt:354)
05-11 13:22:34.984 15628 15927 E unknown:ReactHost: 	at com.facebook.react.runtime.internal.bolts.Task$Companion.access$completeImmediately(Task.kt:250)
05-11 13:22:34.984 15628 15927 E unknown:ReactHost: 	at com.facebook.react.runtime.internal.bolts.Task.continueWith(Task.kt:132)
05-11 13:22:34.984 15628 15927 E unknown:ReactHost: 	at com.facebook.react.runtime.internal.bolts.Task.continueWith$default(Task.kt:117)
05-11 13:22:34.984 15628 15927 E unknown:ReactHost: 	at com.facebook.react.runtime.internal.bolts.Task.onSuccess$lambda$12(Task.kt:174)
05-11 13:22:34.984 15628 15927 E unknown:ReactHost: 	at com.facebook.react.runtime.internal.bolts.Task.$r8$lambda$l0wwo5AvbHxlwfI1R7CH_codxoo(Unknown Source:0)
05-11 13:22:34.984 15628 15927 E unknown:ReactHost: 	at com.facebook.react.runtime.internal.bolts.Task$$ExternalSyntheticLambda2.then(D8$$SyntheticClass:0)
05-11 13:22:34.984 15628 15927 E unknown:ReactHost: 	at com.facebook.react.runtime.internal.bolts.Task$Companion.completeAfterTask$lambda$5(Task.kt:390)
05-11 13:22:34.984 15628 15927 E unknown:ReactHost: 	at com.facebook.react.runtime.internal.bolts.Task$Companion.$r8$lambda$IPpysnehFwANEiW061YzapkMdoE(Unknown Source:0)
05-11 13:22:34.984 15628 15927 E unknown:ReactHost: 	at com.facebook.react.runtime.internal.bolts.Task$Companion$$ExternalSyntheticLambda4.run(D8$$SyntheticClass:0)
05-11 13:22:34.984 15628 15927 E unknown:ReactHost: 	at com.facebook.react.runtime.internal.bolts.Executors$ImmediateExecutor.execute(Executors.kt:41)
05-11 13:22:34.984 15628 15927 E unknown:ReactHost: 	at com.facebook.react.runtime.internal.bolts.Task$Companion.completeAfterTask(Task.kt:388)
05-11 13:22:34.984 15628 15927 E unknown:ReactHost: 	at com.facebook.react.runtime.internal.bolts.Task$Companion.access$completeAfterTask(Task.kt:250)
05-11 13:22:34.984 15628 15927 E unknown:ReactHost: 	at com.facebook.react.runtime.internal.bolts.Task.continueWithTask(Task.kt:156)
05-11 13:22:34.984 15628 15927 E unknown:ReactHost: 	at com.facebook.react.runtime.internal.bolts.Task.onSuccess(Task.kt:169)
05-11 13:22:34.984 15628 15927 E unknown:ReactHost: 	at com.facebook.react.runtime.ReactHostImpl.callWithExistingReactInstance(ReactHostImpl.kt:798)
05-11 13:22:34.984 15628 15927 E unknown:ReactHost: 	at com.facebook.react.runtime.ReactHostImpl.callWithExistingReactInstance$default(ReactHostImpl.kt:791)
05-11 13:22:34.984 15628 15927 E unknown:ReactHost: 	at com.facebook.react.runtime.ReactHostImpl.callFunctionOnModule$ReactAndroid_debug(ReactHostImpl.kt:687)
05-11 13:22:34.984 15628 15927 E unknown:ReactHost: 	at com.facebook.react.runtime.BridgelessReactContext.emitDeviceEvent(BridgelessReactContext.kt:134)
05-11 13:22:34.984 15628 15927 E unknown:ReactHost: 	at com.facebook.react.modules.network.ResponseUtil.onDataSend(ResponseUtil.kt:25)
05-11 13:22:34.984 15628 15927 E unknown:ReactHost: 	at com.facebook.react.modules.network.NetworkingModule$wrapRequestBodyWithProgressEmitter$1.onProgress(NetworkingModule.kt:601)
05-11 13:22:34.984 15628 15927 E unknown:ReactHost: 	at com.facebook.react.modules.network.ProgressRequestBody$outputStreamSink$1.sendProgressUpdate(ProgressRequestBody.kt:76)
05-11 13:22:34.984 15628 15927 E unknown:ReactHost: 	at com.facebook.react.modules.network.ProgressRequestBody$outputStreamSink$1.write(ProgressRequestBody.kt:69)
05-11 13:22:34.984 15628 15927 E unknown:ReactHost: 	at java.io.FilterOutputStream.write(FilterOutputStream.java:137)
05-11 13:22:34.984 15628 15927 E unknown:ReactHost: 	at com.facebook.react.modules.network.ProgressRequestBody$outputStreamSink$1.write(ProgressRequestBody.kt:60)
05-11 13:22:34.984 15628 15927 E unknown:ReactHost: 	at okio.OutputStreamSink.write(JvmOkio.kt:56)
05-11 13:22:34.984 15628 15927 E unknown:ReactHost: 	at okio.RealBufferedSink.flush(RealBufferedSink.kt:268)
05-11 13:22:34.984 15628 15927 E unknown:ReactHost: 	at com.facebook.react.modules.network.ProgressRequestBody.writeTo(ProgressRequestBody.kt:50)
05-11 13:22:34.984 15628 15927 E unknown:ReactHost: 	at okhttp3.internal.http.CallServerInterceptor.intercept(CallServerInterceptor.kt:62)
05-11 13:22:34.984 15628 15927 E unknown:ReactHost: 	at okhttp3.internal.http.RealInterceptorChain.proceed(RealInterceptorChain.kt:109)
05-11 13:22:34.984 15628 15927 E unknown:ReactHost: 	at com.facebook.react.modules.network.NetworkingModule$sendRequestInternal$$inlined$-addNetworkInterceptor$1.intercept(OkHttpClient.kt:1080)
05-11 13:22:34.984 15628 15927 E unknown:ReactHost: 	at okhttp3.internal.http.RealInterceptorChain.proceed(RealInterceptorChain.kt:109)
05-11 13:22:34.984 15628 15927 E unknown:ReactHost: 	at okhttp3.internal.connection.ConnectInterceptor.intercept(ConnectInterceptor.kt:34)
05-11 13:22:34.984 15628 15927 E unknown:ReactHost: 	at okhttp3.internal.http.RealInterceptorChain.proceed(RealInterceptorChain.kt:109)
05-11 13:22:34.984 15628 15927 E unknown:ReactHost: 	at okhttp3.internal.cache.CacheInterceptor.intercept(CacheInterceptor.kt:95)
05-11 13:22:34.984 15628 15927 E unknown:ReactHost: 	at okhttp3.internal.http.RealInterceptorChain.proceed(RealInterceptorChain.kt:109)
05-11 13:22:34.984 15628 15927 E unknown:ReactHost: 	at okhttp3.internal.http.BridgeInterceptor.intercept(BridgeInterceptor.kt:83)
05-11 13:22:34.984 15628 15927 E unknown:ReactHost: 	at okhttp3.internal.http.RealInterceptorChain.proceed(RealInterceptorChain.kt:109)
05-11 13:22:34.984 15628 15927 E unknown:ReactHost: 	at okhttp3.internal.http.RetryAndFollowUpInterceptor.intercept(RetryAndFollowUpInterceptor.kt:76)
05-11 13:22:34.984 15628 15927 E unknown:ReactHost: 	at okhttp3.internal.http.RealInterceptorChain.proceed(RealInterceptorChain.kt:109)
05-11 13:22:34.984 15628 15927 E unknown:ReactHost: 	at okhttp3.internal.connection.RealCall.getResponseWithInterceptorChain$okhttp(RealCall.kt:201)
05-11 13:22:34.984 15628 15927 E unknown:ReactHost: 	at okhttp3.internal.connection.RealCall$AsyncCall.run(RealCall.kt:517)
05-11 13:22:34.984 15628 15927 E unknown:ReactHost: 	at java.util.concurrent.ThreadPoolExecutor.runWorker(ThreadPoolExecutor.java:1154)
05-11 13:22:34.984 15628 15927 E unknown:ReactHost: 	at java.util.concurrent.ThreadPoolExecutor$Worker.run(ThreadPoolExecutor.java:652)
05-11 13:22:34.984 15628 15927 E unknown:ReactHost: 	at java.lang.Thread.run(Thread.java:1564)
05-11 13:22:34.985  3249  8395 V SystemKeyManager: updateFocusedWindow() is called, com.ginit.app/com.ginit.app.MainActivity
05-11 13:22:34.985  3249  8395 I SystemKeyManager: requested systemKeyInfo size=1 focusedWindow=com.ginit.app/com.ginit.app.MainActivity
05-11 13:22:34.985 15628 15628 I InsetsController: onStateChanged: host=com.ginit.app/com.ginit.app.MainActivity, from=android.view.ViewRootImpl.onInsetsStateChanged:3055, state=InsetsState: {mDisplayFrame=Rect(0, 0 - 1440, 3120), mDisplayCutout=DisplayCutout{insets=Rect(0, 139 - 0, 0) waterfall=Insets{left=0, top=0, right=0, bottom=0} boundingRect={Bounds=[Rect(0, 0 - 0, 0), Rect(680, 0 - 760, 139), Rect(0, 0 - 0, 0), Rect(0, 0 - 0, 0)]} cutoutPathParserInfo={CutoutPathParserInfo{displayWidth=1440 displayHeight=3120 physicalDisplayWidth=1440 physicalDisplayHeight=3120 density={3.75} cutoutSpec={M 0,0 H -10.66666666666667 V 37.06666666666667 H 10.66666666666667 V 0 H 0 Z @dp} rotation={0} scale={1.0} physicalPixelDisplaySizeRatio={1.0}}} sideOverrides={}}, mRoundedCorners=RoundedCorners{[RoundedCorner{position=TopLeft, radius=105, center=Point(105, 105)}, RoundedCorner{position=TopRight, radius=105, center=Point(1335, 105)}, RoundedCorner{position=BottomRight, radius=105, center=Point(1335, 3015)}, RoundedCorner{position=BottomLeft, radius=105, center=Point(105, 3015)}]}  mRoundedCornerFrame=Rect(0, 0 - 1440, 3120), mPrivacyIndicatorBounds=PrivacyIndicatorBounds {static bounds=Rect(1275, 0 - 1440, 140) rotation=0}, mDisplayShape=DisplayShape{ spec=-311912193 displayWidth=1440 displayHeight=3120 physicalPixelDisplaySizeRatio=1.0 rotation=0 offsetX=0 offsetY=0 scale=1.0}, mSources= { InsetsSource: {3 mType=ime mFrame=[0,0][0,0] mAttachedInsets=null mVisible=false mFlags=INVALID mSideHint=NONE mBoundingRects=null}, InsetsSource: {27 mType=displayCutout mFrame=[0,0][1440,139] mAttachedInsets=null mVisible=true mFlags= mSideHint=TOP mBoundingRects=null}, InsetsSource: {380c0000 mType=statusBars mFrame=[0,0][1440,140] mAttachedInsets=null mVisible=true mFlags= mSideHint=TOP mBoundingRects=null}, InsetsSource: {380c0005 mType=mandatorySystemGestures mFrame=[0,0][1440,184] mAttachedInsets=null mVisible=true mFlags= mSideHint=TOP mBoundingRects=null}, InsetsSource: {380c0006 mType=tappableElement mFrame=[0,0][1440,140] mAttachedInsets=null mVisible=true mFlags= mSideHint=TOP mBoundingRects=null}, InsetsSource: {6abc0001 mType=navigationBars mFrame=[0,3064][1440,3120] mAttachedInsets=null mVisible=true mFlags=SUPPRESS_SCRIM mSideHint=BOTTOM mBoundingRects=null}, InsetsSource: {6abc0004 mType=systemGestures mFrame=[0,0][112,3120] mAttachedInsets=null mVisible=true mFlags= mSideHint=LEFT mBoundingRects=null}, InsetsSource: {6abc0005 mType=mandatorySystemGestures mFrame=[0,3000][1440,3120] mAttachedInsets=null mVisible=true mFlags= mSideHint=BOTTOM mBoundingRects=null}, InsetsSource: {6abc0006 mType=tappableElement mFrame=[0,0][0,0] mAttachedInsets=null mVisible=true mFlags= mSideHint=NONE mBoundingRects=null}, InsetsSource: {6abc0024 mType=systemGestures mFrame=[1328,0][1440,3120] mAttachedInsets=null mVisible=true mFlags= mSideHint=RIGHT mBoundingRects=null} }
05-11 13:22:34.985 15628 15628 W unknown:BridgelessReact: ReactHost{0}.getOrCreateDestroyTask(): Starting React Native destruction
05-11 13:22:34.985 15628 15628 W unknown:BridgelessReact: ReactHost{0}.getOrCreateDestroyTask(): DevSupportManager cleanup
05-11 13:22:34.985 15628 15628 W unknown:BridgelessReact: ReactHost{0}.getOrCreateDestroyTask(): Move ReactHost to onHostDestroy()
05-11 13:22:34.985 15628 15628 W unknown:BridgelessReact: ReactHost{0}.raiseSoftException(callWithExistingReactInstance(callFunctionOnModule("RCTDeviceEventEmitter", "emit"))): Execute: reactInstance is null. Dropping work.
05-11 13:22:34.985  2433  2433 I SurfaceFlinger: [4ebe3f com.ginit.app/com.ginit.app.MainActivity#37090] attach to parent LayerHierarchy{RequestedLayerState{ActivityRecord{51905628 u0 com.ginit.app/.MainActivity t10786}#37074 parentId=37073} 4 children}
05-11 13:22:34.986 15628 15628 E unknown:ReactHost: Unhandled SoftException
05-11 13:22:34.986 15628 15628 E unknown:ReactHost: com.facebook.react.bridge.ReactNoCrashSoftException: raiseSoftException(callWithExistingReactInstance(callFunctionOnModule("RCTDeviceEventEmitter", "emit"))): Execute: reactInstance is null. Dropping work.
05-11 13:22:34.986 15628 15628 E unknown:ReactHost: 	at com.facebook.react.runtime.ReactHostImpl.raiseSoftException(ReactHostImpl.kt:787)
05-11 13:22:34.986 15628 15628 E unknown:ReactHost: 	at com.facebook.react.runtime.ReactHostImpl.raiseSoftException$default(ReactHostImpl.kt:779)
05-11 13:22:34.986 15628 15628 E unknown:ReactHost: 	at com.facebook.react.runtime.ReactHostImpl.callWithExistingReactInstance$lambda$28(ReactHostImpl.kt:802)
05-11 13:22:34.986 15628 15628 E unknown:ReactHost: 	at com.facebook.react.runtime.ReactHostImpl.$r8$lambda$6NreFt2BcPly8g6qrNV9Z1C-YmU(Unknown Source:0)
05-11 13:22:34.986 15628 15628 E unknown:ReactHost: 	at com.facebook.react.runtime.ReactHostImpl$$ExternalSyntheticLambda31.then(D8$$SyntheticClass:0)
05-11 13:22:34.986 15628 15628 E unknown:ReactHost: 	at com.facebook.react.runtime.internal.bolts.Task$Companion.completeImmediately$lambda$3(Task.kt:356)
05-11 13:22:34.986 15628 15628 E unknown:ReactHost: 	at com.facebook.react.runtime.internal.bolts.Task$Companion.$r8$lambda$b7MTC0ufkn_2TjF4BGcNqGR9qK0(Unknown Source:0)
05-11 13:22:34.986 15628 15628 E unknown:ReactHost: 	at com.facebook.react.runtime.internal.bolts.Task$Companion$$ExternalSyntheticLambda3.run(D8$$SyntheticClass:0)
05-11 13:22:34.986 15628 15628 E unknown:ReactHost: 	at com.facebook.react.runtime.internal.bolts.Executors$ImmediateExecutor.execute(Executors.kt:41)
05-11 13:22:34.986 15628 15628 E unknown:ReactHost: 	at com.facebook.react.runtime.internal.bolts.Task$Companion.completeImmediately(Task.kt:354)
05-11 13:22:34.986 15628 15628 E unknown:ReactHost: 	at com.facebook.react.runtime.internal.bolts.Task$Companion.access$completeImmediately(Task.kt:250)
05-11 13:22:34.986 15628 15628 E unknown:ReactHost: 	at com.facebook.react.runtime.internal.bolts.Task.continueWith(Task.kt:132)
05-11 13:22:34.986 15628 15628 E unknown:ReactHost: 	at com.facebook.react.runtime.internal.bolts.Task.continueWith$default(Task.kt:117)
05-11 13:22:34.986 15628 15628 E unknown:ReactHost: 	at com.facebook.react.runtime.internal.bolts.Task.onSuccess$lambda$12(Task.kt:174)
05-11 13:22:34.986 15628 15628 E unknown:ReactHost: 	at com.facebook.react.runtime.internal.bolts.Task.$r8$lambda$l0wwo5AvbHxlwfI1R7CH_codxoo(Unknown Source:0)
05-11 13:22:34.986 15628 15628 E unknown:ReactHost: 	at com.facebook.react.runtime.internal.bolts.Task$$ExternalSyntheticLambda2.then(D8$$SyntheticClass:0)
05-11 13:22:34.986 15628 15628 E unknown:ReactHost: 	at com.facebook.react.runtime.internal.bolts.Task$Companion.completeAfterTask$lambda$5(Task.kt:390)
05-11 13:22:34.986 15628 15628 E unknown:ReactHost: 	at com.facebook.react.runtime.internal.bolts.Task$Companion.$r8$lambda$IPpysnehFwANEiW061YzapkMdoE(Unknown Source:0)
05-11 13:22:34.986 15628 15628 E unknown:ReactHost: 	at com.facebook.react.runtime.internal.bolts.Task$Companion$$ExternalSyntheticLambda4.run(D8$$SyntheticClass:0)
05-11 13:22:34.986 15628 15628 E unknown:ReactHost: 	at com.facebook.react.runtime.internal.bolts.Executors$ImmediateExecutor.execute(Executors.kt:41)
05-11 13:22:34.986 15628 15628 E unknown:ReactHost: 	at com.facebook.react.runtime.internal.bolts.Task$Companion.completeAfterTask(Task.kt:388)
05-11 13:22:34.986 15628 15628 E unknown:ReactHost: 	at com.facebook.react.runtime.internal.bolts.Task$Companion.access$completeAfterTask(Task.kt:250)
05-11 13:22:34.986 15628 15628 E unknown:ReactHost: 	at com.facebook.react.runtime.internal.bolts.Task.continueWithTask(Task.kt:156)
05-11 13:22:34.986 15628 15628 E unknown:ReactHost: 	at com.facebook.react.runtime.internal.bolts.Task.onSuccess(Task.kt:169)
05-11 13:22:34.986 15628 15628 E unknown:ReactHost: 	at com.facebook.react.runtime.ReactHostImpl.callWithExistingReactInstance(ReactHostImpl.kt:798)
05-11 13:22:34.986 15628 15628 E unknown:ReactHost: 	at com.facebook.react.runtime.ReactHostImpl.callWithExistingReactInstance$default(ReactHostImpl.kt:791)
05-11 13:22:34.986 15628 15628 E unknown:ReactHost: 	at com.facebook.react.runtime.ReactHostImpl.callFunctionOnModule$ReactAndroid_debug(ReactHostImpl.kt:687)
05-11 13:22:34.986 15628 15628 E unknown:ReactHost: 	at com.facebook.react.runtime.BridgelessReactContext.emitDeviceEvent(BridgelessReactContext.kt:134)
05-11 13:22:34.986 15628 15628 E unknown:ReactHost: 	at com.facebook.react.modules.appstate.AppStateModule.sendEvent(AppStateModule.kt:71)
05-11 13:22:34.986 15628 15628 E unknown:ReactHost: 	at com.facebook.react.modules.appstate.AppStateModule.sendAppStateChangeEvent(AppStateModule.kt:75)
05-11 13:22:34.986 15628 15628 E unknown:ReactHost: 	at com.facebook.react.modules.appstate.AppStateModule.onHostPause(AppStateModule.kt:48)
05-11 13:22:34.986 15628 15628 E unknown:ReactHost: 	at com.facebook.react.bridge.ReactContext.onHostPause(ReactContext.java:302)
05-11 13:22:34.986 15628 15628 E unknown:ReactHost: 	at com.facebook.react.runtime.ReactLifecycleStateManager.moveToOnHostDestroy(ReactLifecycleStateManager.kt:79)
05-11 13:22:34.986 15628 15628 E unknown:ReactHost: 	at com.facebook.react.runtime.ReactHostImpl.getOrCreateDestroyTask$lambda$57(ReactHostImpl.kt:1352)
05-11 13:22:34.986 15628 15628 E unknown:ReactHost: 	at com.facebook.react.runtime.ReactHostImpl.$r8$lambda$h_JBtd6eAd3fmOqdV80aRC4HfmY(Unknown Source:0)
05-11 13:22:34.986 15628 15628 E unknown:ReactHost: 	at com.facebook.react.runtime.ReactHostImpl$$ExternalSyntheticLambda25.then(D8$$SyntheticClass:0)
05-11 13:22:34.986 15628 15628 E unknown:ReactHost: 	at com.facebook.react.runtime.internal.bolts.Task$Companion.completeAfterTask$lambda$5(Task.kt:390)
05-11 13:22:34.986 15628 15628 E unknown:ReactHost: 	at com.facebook.react.runtime.internal.bolts.Task$Companion.$r8$lambda$IPpysnehFwANEiW061YzapkMdoE(Unknown Source:0)
05-11 13:22:34.986 15628 15628 E unknown:ReactHost: 	at com.facebook.react.runtime.internal.bolts.Task$Companion$$ExternalSyntheticLambda4.run(D8$$SyntheticClass:0)
05-11 13:22:34.986 15628 15628 E unknown:ReactHost: 	at android.os.Handler.handleCallback(Handler.java:1070)
05-11 13:22:34.986 15628 15628 E unknown:ReactHost: 	at android.os.Handler.dispatchMessage(Handler.java:125)
05-11 13:22:34.986 15628 15628 E unknown:ReactHost: 	at android.os.Looper.dispatchMessage(Looper.java:358)
05-11 13:22:34.986 15628 15628 E unknown:ReactHost: 	at android.os.Looper.loopOnce(Looper.java:288)
05-11 13:22:34.986 15628 15628 E unknown:ReactHost: 	at android.os.Looper.loop(Looper.java:392)
05-11 13:22:34.986 15628 15628 E unknown:ReactHost: 	at android.app.ActivityThread.main(ActivityThread.java:10343)
05-11 13:22:34.986 15628 15628 E unknown:ReactHost: 	at java.lang.reflect.Method.invoke(Native Method)
05-11 13:22:34.986 15628 15628 E unknown:ReactHost: 	at com.android.internal.os.RuntimeInit$MethodAndArgsCaller.run(RuntimeInit.java:605)
05-11 13:22:34.986 15628 15628 E unknown:ReactHost: 	at com.android.internal.os.ZygoteInit.main(ZygoteInit.java:972)
05-11 13:22:34.987 15628 15644 W com.ginit.app: Cleared Reference was only reachable from finalizer (only reported once)
05-11 13:22:34.994 15628 15628 E unknown:ReactNative: Tried to remove non-existent frame callback
05-11 13:22:34.994  2433  2433 I SurfaceFlinger: RequestedLayer [4ebe3f com.ginit.app/com.ginit.app.MainActivity#37090] hidden!! flag  from(1) --> to(0)
05-11 13:22:34.994 15628 15722 W unknown:BridgelessReact: ReactHost{0}.getOrCreateDestroyTask(): Stopping all React Native surfaces
05-11 13:22:34.994  2433  2433 I SurfaceFlinger: [LayerHierarchy{RequestedLayerState{ImeContainer#15 parentId=37074 relativeParentId=37090 z=1} 1 children}] RelativeParent to LayerHierarchy{RequestedLayerState{4ebe3f com.ginit.app/com.ginit.app.MainActivity#37090 parentId=37074 z=1} 1 children}
05-11 13:22:34.998 15628 15628 W unknown:BridgelessReact: ReactHost{0}.raiseSoftException(callWithExistingReactInstance(callFunctionOnModule("RCTDeviceEventEmitter", "emit"))): Execute: reactInstance is null. Dropping work.
05-11 13:22:34.998 15628 15894 W unknown:BridgelessReact: ReactHost{0}.raiseSoftException(callWithExistingReactInstance(callFunctionOnModule("RCTDeviceEventEmitter", "emit"))): Execute: reactInstance is null. Dropping work.
05-11 13:22:34.998 15628 15894 E unknown:ReactHost: Unhandled SoftException
05-11 13:22:34.998 15628 15894 E unknown:ReactHost: com.facebook.react.bridge.ReactNoCrashSoftException: raiseSoftException(callWithExistingReactInstance(callFunctionOnModule("RCTDeviceEventEmitter", "emit"))): Execute: reactInstance is null. Dropping work.
05-11 13:22:34.998 15628 15894 E unknown:ReactHost: 	at com.facebook.react.runtime.ReactHostImpl.raiseSoftException(ReactHostImpl.kt:787)
05-11 13:22:34.998 15628 15894 E unknown:ReactHost: 	at com.facebook.react.runtime.ReactHostImpl.raiseSoftException$default(ReactHostImpl.kt:779)
05-11 13:22:34.998 15628 15894 E unknown:ReactHost: 	at com.facebook.react.runtime.ReactHostImpl.callWithExistingReactInstance$lambda$28(ReactHostImpl.kt:802)
05-11 13:22:34.998 15628 15894 E unknown:ReactHost: 	at com.facebook.react.runtime.ReactHostImpl.$r8$lambda$6NreFt2BcPly8g6qrNV9Z1C-YmU(Unknown Source:0)
05-11 13:22:34.998 15628 15894 E unknown:ReactHost: 	at com.facebook.react.runtime.ReactHostImpl$$ExternalSyntheticLambda31.then(D8$$SyntheticClass:0)
05-11 13:22:34.998 15628 15894 E unknown:ReactHost: 	at com.facebook.react.runtime.internal.bolts.Task$Companion.completeImmediately$lambda$3(Task.kt:356)
05-11 13:22:34.998 15628 15894 E unknown:ReactHost: 	at com.facebook.react.runtime.internal.bolts.Task$Companion.$r8$lambda$b7MTC0ufkn_2TjF4BGcNqGR9qK0(Unknown Source:0)
05-11 13:22:34.998 15628 15894 E unknown:ReactHost: 	at com.facebook.react.runtime.internal.bolts.Task$Companion$$ExternalSyntheticLambda3.run(D8$$SyntheticClass:0)
05-11 13:22:34.998 15628 15894 E unknown:ReactHost: 	at com.facebook.react.runtime.internal.bolts.Executors$ImmediateExecutor.execute(Executors.kt:41)
05-11 13:22:34.998 15628 15894 E unknown:ReactHost: 	at com.facebook.react.runtime.internal.bolts.Task$Companion.completeImmediately(Task.kt:354)
05-11 13:22:34.998 15628 15894 E unknown:ReactHost: 	at com.facebook.react.runtime.internal.bolts.Task$Companion.access$completeImmediately(Task.kt:250)
05-11 13:22:34.998 15628 15894 E unknown:ReactHost: 	at com.facebook.react.runtime.internal.bolts.Task.continueWith(Task.kt:132)
05-11 13:22:34.998 15628 15894 E unknown:ReactHost: 	at com.facebook.react.runtime.internal.bolts.Task.continueWith$default(Task.kt:117)
05-11 13:22:34.998 15628 15894 E unknown:ReactHost: 	at com.facebook.react.runtime.internal.bolts.Task.onSuccess$lambda$12(Task.kt:174)
05-11 13:22:34.998 15628 15894 E unknown:ReactHost: 	at com.facebook.react.runtime.internal.bolts.Task.$r8$lambda$l0wwo5AvbHxlwfI1R7CH_codxoo(Unknown Source:0)
05-11 13:22:34.998 15628 15894 E unknown:ReactHost: 	at com.facebook.react.runtime.internal.bolts.Task$$ExternalSyntheticLambda2.then(D8$$SyntheticClass:0)
05-11 13:22:34.998 15628 15894 E unknown:ReactHost: 	at com.facebook.react.runtime.internal.bolts.Task$Companion.completeAfterTask$lambda$5(Task.kt:390)
05-11 13:22:34.998 15628 15894 E unknown:ReactHost: 	at com.facebook.react.runtime.internal.bolts.Task$Companion.$r8$lambda$IPpysnehFwANEiW061YzapkMdoE(Unknown Source:0)
05-11 13:22:34.998 15628 15894 E unknown:ReactHost: 	at com.facebook.react.runtime.internal.bolts.Task$Companion$$ExternalSyntheticLambda4.run(D8$$SyntheticClass:0)
05-11 13:22:34.998 15628 15894 E unknown:ReactHost: 	at com.facebook.react.runtime.internal.bolts.Executors$ImmediateExecutor.execute(Executors.kt:41)
05-11 13:22:34.998 15628 15894 E unknown:ReactHost: 	at com.facebook.react.runtime.internal.bolts.Task$Companion.completeAfterTask(Task.kt:388)
05-11 13:22:34.998 15628 15894 E unknown:ReactHost: 	at com.facebook.react.runtime.internal.bolts.Task$Companion.access$completeAfterTask(Task.kt:250)
05-11 13:22:34.998 15628 15894 E unknown:ReactHost: 	at com.facebook.react.runtime.internal.bolts.Task.continueWithTask(Task.kt:156)
05-11 13:22:34.998 15628 15894 E unknown:ReactHost: 	at com.facebook.react.runtime.internal.bolts.Task.onSuccess(Task.kt:169)
05-11 13:22:34.998 15628 15894 E unknown:ReactHost: 	at com.facebook.react.runtime.ReactHostImpl.callWithExistingReactInstance(ReactHostImpl.kt:798)
05-11 13:22:34.998 15628 15894 E unknown:ReactHost: 	at com.facebook.react.runtime.ReactHostImpl.callWithExistingReactInstance$default(ReactHostImpl.kt:791)
05-11 13:22:34.998 15628 15894 E unknown:ReactHost: 	at com.facebook.react.runtime.ReactHostImpl.callFunctionOnModule$ReactAndroid_debug(ReactHostImpl.kt:687)
05-11 13:22:34.998 15628 15894 E unknown:ReactHost: 	at com.facebook.react.runtime.BridgelessReactContext.emitDeviceEvent(BridgelessReactContext.kt:134)
05-11 13:22:34.998 15628 15894 E unknown:ReactHost: 	at com.facebook.react.modules.network.ResponseUtil.onResponseReceived(ResponseUtil.kt:124)
05-11 13:22:34.998 15628 15894 E unknown:ReactHost: 	at com.facebook.react.modules.network.NetworkingModule$sendRequestInternal$2.onResponse(NetworkingModule.kt:496)
05-11 13:22:34.998 15628 15894 E unknown:ReactHost: 	at okhttp3.internal.connection.RealCall$AsyncCall.run(RealCall.kt:519)
05-11 13:22:34.998 15628 15894 E unknown:ReactHost: 	at java.util.concurrent.ThreadPoolExecutor.runWorker(ThreadPoolExecutor.java:1154)
05-11 13:22:34.998 15628 15894 E unknown:ReactHost: 	at java.util.concurrent.ThreadPoolExecutor$Worker.run(ThreadPoolExecutor.java:652)
05-11 13:22:34.998 15628 15894 E unknown:ReactHost: 	at java.lang.Thread.run(Thread.java:1564)
05-11 13:22:34.998 15628 15628 E unknown:ReactHost: Unhandled SoftException
05-11 13:22:34.998 15628 15628 E unknown:ReactHost: com.facebook.react.bridge.ReactNoCrashSoftException: raiseSoftException(callWithExistingReactInstance(callFunctionOnModule("RCTDeviceEventEmitter", "emit"))): Execute: reactInstance is null. Dropping work.
05-11 13:22:34.998 15628 15628 E unknown:ReactHost: 	at com.facebook.react.runtime.ReactHostImpl.raiseSoftException(ReactHostImpl.kt:787)
05-11 13:22:34.998 15628 15628 E unknown:ReactHost: 	at com.facebook.react.runtime.ReactHostImpl.raiseSoftException$default(ReactHostImpl.kt:779)
05-11 13:22:34.998 15628 15628 E unknown:ReactHost: 	at com.facebook.react.runtime.ReactHostImpl.callWithExistingReactInstance$lambda$28(ReactHostImpl.kt:802)
05-11 13:22:34.998 15628 15628 E unknown:ReactHost: 	at com.facebook.react.runtime.ReactHostImpl.$r8$lambda$6NreFt2BcPly8g6qrNV9Z1C-YmU(Unknown Source:0)
05-11 13:22:34.998 15628 15628 E unknown:ReactHost: 	at com.facebook.react.runtime.ReactHostImpl$$ExternalSyntheticLambda31.then(D8$$SyntheticClass:0)
05-11 13:22:34.998 15628 15628 E unknown:ReactHost: 	at com.facebook.react.runtime.internal.bolts.Task$Companion.completeImmediately$lambda$3(Task.kt:356)
05-11 13:22:34.998 15628 15628 E unknown:ReactHost: 	at com.facebook.react.runtime.internal.bolts.Task$Companion.$r8$lambda$b7MTC0ufkn_2TjF4BGcNqGR9qK0(Unknown Source:0)
05-11 13:22:34.998 15628 15628 E unknown:ReactHost: 	at com.facebook.react.runtime.internal.bolts.Task$Companion$$ExternalSyntheticLambda3.run(D8$$SyntheticClass:0)
05-11 13:22:34.998 15628 15628 E unknown:ReactHost: 	at com.facebook.react.runtime.internal.bolts.Executors$ImmediateExecutor.execute(Executors.kt:41)
05-11 13:22:34.998 15628 15628 E unknown:ReactHost: 	at com.facebook.react.runtime.internal.bolts.Task$Companion.completeImmediately(Task.kt:354)
05-11 13:22:34.998 15628 15628 E unknown:ReactHost: 	at com.facebook.react.runtime.internal.bolts.Task$Companion.access$completeImmediately(Task.kt:250)
05-11 13:22:34.998 15628 15628 E unknown:ReactHost: 	at com.facebook.react.runtime.internal.bolts.Task.continueWith(Task.kt:132)
05-11 13:22:34.998 15628 15628 E unknown:ReactHost: 	at com.facebook.react.runtime.internal.bolts.Task.continueWith$default(Task.kt:117)
05-11 13:22:34.998 15628 15628 E unknown:ReactHost: 	at com.facebook.react.runtime.internal.bolts.Task.onSuccess$lambda$12(Task.kt:174)
05-11 13:22:34.998 15628 15628 E unknown:ReactHost: 	at com.facebook.react.runtime.internal.bolts.Task.$r8$lambda$l0wwo5AvbHxlwfI1R7CH_codxoo(Unknown Source:0)
05-11 13:22:34.998 15628 15628 E unknown:ReactHost: 	at com.facebook.react.runtime.internal.bolts.Task$$ExternalSyntheticLambda2.then(D8$$SyntheticClass:0)
05-11 13:22:34.998 15628 15628 E unknown:ReactHost: 	at com.facebook.react.runtime.internal.bolts.Task$Companion.completeAfterTask$lambda$5(Task.kt:390)
05-11 13:22:34.998 15628 15628 E unknown:ReactHost: 	at com.facebook.react.runtime.internal.bolts.Task$Companion.$r8$lambda$IPpysnehFwANEiW061YzapkMdoE(Unknown Source:0)
05-11 13:22:34.998 15628 15628 E unknown:ReactHost: 	at com.facebook.react.runtime.internal.bolts.Task$Companion$$ExternalSyntheticLambda4.run(D8$$SyntheticClass:0)
05-11 13:22:34.998 15628 15628 E unknown:ReactHost: 	at com.facebook.react.runtime.internal.bolts.Executors$ImmediateExecutor.execute(Executors.kt:41)
05-11 13:22:34.998 15628 15628 E unknown:ReactHost: 	at com.facebook.react.runtime.internal.bolts.Task$Companion.completeAfterTask(Task.kt:388)
05-11 13:22:34.998 15628 15628 E unknown:ReactHost: 	at com.facebook.react.runtime.internal.bolts.Task$Companion.access$completeAfterTask(Task.kt:250)
05-11 13:22:34.998 15628 15628 E unknown:ReactHost: 	at com.facebook.react.runtime.internal.bolts.Task.continueWithTask(Task.kt:156)
05-11 13:22:34.998 15628 15628 E unknown:ReactHost: 	at com.facebook.react.runtime.internal.bolts.Task.onSuccess(Task.kt:169)
05-11 13:22:34.998 15628 15628 E unknown:ReactHost: 	at com.facebook.react.runtime.ReactHostImpl.callWithExistingReactInstance(ReactHostImpl.kt:798)
05-11 13:22:34.998 15628 15628 E unknown:ReactHost: 	at com.facebook.react.runtime.ReactHostImpl.callWithExistingReactInstance$default(ReactHostImpl.kt:791)
05-11 13:22:34.998 15628 15628 E unknown:ReactHost: 	at com.facebook.react.runtime.ReactHostImpl.callFunctionOnModule$ReactAndroid_debug(ReactHostImpl.kt:687)
05-11 13:22:34.998 15628 15628 E unknown:ReactHost: 	at com.facebook.react.runtime.BridgelessReactContext.emitDeviceEvent(BridgelessReactContext.kt:134)
05-11 13:22:34.998 15628 15628 E unknown:ReactHost: 	at com.facebook.react.animated.NativeAnimatedModule.startListeningToAnimatedNodeValue$lambda$6(NativeAnimatedModule.kt:533)
05-11 13:22:34.998 15628 15628 E unknown:ReactHost: 	at com.facebook.react.animated.NativeAnimatedModule.$r8$lambda$G40GYw3SwiHmNvK0JQDSxW9QV38(Unknown Source:0)
05-11 13:22:34.998 15628 15628 E unknown:ReactHost: 	at com.facebook.react.animated.NativeAnimatedModule$$ExternalSyntheticLambda0.onValueUpdate(D8$$SyntheticClass:0)
05-11 13:22:34.998 15628 15628 E unknown:ReactHost: 	at com.facebook.react.animated.ValueAnimatedNode.onValueUpdate(ValueAnimatedNode.kt:41)
05-11 13:22:34.998 15628 15628 E unknown:ReactHost: 	at com.facebook.react.animated.NativeAnimatedNodesManager.updateNodes(NativeAnimatedNodesManager.kt:711)
05-11 13:22:34.998 15628 15628 E unknown:ReactHost: 	at com.facebook.react.animated.NativeAnimatedNodesManager.handleEvent(NativeAnimatedNodesManager.kt:535)
05-11 13:22:34.998 15628 15628 E unknown:ReactHost: 	at com.facebook.react.animated.NativeAnimatedNodesManager.onEventDispatch(NativeAnimatedNodesManager.kt:511)
05-11 13:22:34.998 15628 15628 E unknown:ReactHost: 	at com.facebook.react.uimanager.events.FabricEventDispatcher.dispatchEvent(FabricEventDispatcher.kt:64)
05-11 13:22:34.998 15628 15628 E unknown:ReactHost: 	at com.swmansion.rnscreens.ScreenFragment.dispatchTransitionProgressEvent(ScreenFragment.kt:259)
05-11 13:22:34.998 15628 15628 E unknown:ReactHost: 	at com.swmansion.rnscreens.stack.anim.ScreensAnimation.applyTransformation(ScreensAnimation.kt:16)
05-11 13:22:34.998 15628 15628 E unknown:ReactHost: 	at android.view.animation.AnimationSet.initializeInvalidateRegion(AnimationSet.java:355)
05-11 13:22:34.998 15628 15628 E unknown:ReactHost: 	at android.view.View.applyLegacyAnimation(View.java:26264)
05-11 13:22:34.998 15628 15628 E unknown:ReactHost: 	at android.view.View.draw(View.java:26408)
05-11 13:22:34.998 15628 15628 E unknown:ReactHost: 	at android.view.ViewGroup.drawChild(ViewGroup.java:4897)
05-11 13:22:34.998 15628 15628 E unknown:ReactHost: 	at com.swmansion.rnscreens.ScreenStack.performDraw(ScreenStack.kt:354)
05-11 13:22:34.998 15628 15628 E unknown:ReactHost: 	at com.swmansion.rnscreens.ScreenStack.access$performDraw(ScreenStack.kt:20)
05-11 13:22:34.998 15628 15628 E unknown:ReactHost: 	at com.swmansion.rnscreens.ScreenStack$DrawingOp.draw(ScreenStack.kt:367)
05-11 13:22:34.998 15628 15628 E unknown:ReactHost: 	at com.swmansion.rnscreens.ScreenStack.drawAndRelease(ScreenStack.kt:323)
05-11 13:22:34.998 15628 15628 E unknown:ReactHost: 	at com.swmansion.rnscreens.ScreenStack.dispatchDraw(ScreenStack.kt:333)
05-11 13:22:34.998 15628 15628 E unknown:ReactHost: 	at android.view.View.updateDisplayListIfDirty(View.java:25563)
05-11 13:22:34.998 15628 15628 E unknown:ReactHost: 	at android.view.ViewGroup.recreateChildDisplayList(ViewGroup.java:4881)
05-11 13:22:34.998 15628 15628 E unknown:ReactHost: 	at android.view.ViewGroup.dispatchGetDisplayList(ViewGroup.java:4853)
05-11 13:22:34.998 15628 15628 E unknown:ReactHost: 	at android.view.View.updateDisplayListIfDirty(View.java:25521)
05-11 13:22:34.998 15628 15628 E unknown:ReactHost: 	at android.view.ViewGroup.recreateChildDisplayList(ViewGroup.java:4881)
05-11 13:22:34.998 15628 15628 E unknown:ReactHost: 	at android.view.ViewGroup.dispatchGetDisplayList(ViewGroup.java:4853)
05-11 13:22:34.998 15628 15628 E unknown:ReactHost: 	at android.view.View.updateDisplayListIfDirty(View.java:25521)
05-11 13:22:34.998 15628 15628 E unknown:ReactHost: 	at android.view.ViewGroup.recreateChildDisplayList(ViewGroup.java:4881)
05-11 13:22:34.998 15628 15628 E unknown:ReactHost: 	at android.view.ViewGroup.dispatchGetDisplayList(ViewGroup.java:4853)
05-11 13:22:34.998 15628 15628 E unknown:ReactHost: 	at android.view.View.updateDisplayListIfDirty(View.java:25521)
05-11 13:22:34.998 15628 15628 E unknown:ReactHost: 	at android.view.ViewGroup.recreateChildDisplayList(ViewGroup.java:4881)
05-11 13:22:34.998 15628 15628 E unknown:ReactHost: 	at android.view.ViewGroup.dispatchGetDisplayList(ViewGroup.java:4853)
05-11 13:22:34.998 15628 15628 E unknown:ReactHost: 	at android.view.View.updateDisplayListIfDirty(View.java:25521)
05-11 13:22:34.998 15628 15628 E unknown:ReactHost: 	at android.view.ViewGroup.recreateChildDisplayList(ViewGroup.java:4881)
05-11 13:22:34.998 15628 15628 E unknown:ReactHost: 	at android.view.ViewGroup.dispatchGetDisplayList(ViewGroup.java:4853)
05-11 13:22:34.998 15628 15628 E unknown:ReactHost: 	at android.view.View.updateDisplayListIfDirty(View.java:25521)
05-11 13:22:34.998 15628 15628 E unknown:ReactHost: 	at android.view.ViewGroup.recreateChildDisplayList(ViewGroup.java:4881)
05-11 13:22:34.998 15628 15628 E unknown:ReactHost: 	at android.view.ViewGroup.dispatchGetDisplayList(ViewGroup.java:4853)
05-11 13:22:34.998 15628 15628 E unknown:ReactHost: 	at android.view.View.updateDisplayListIfDirty(View.java:25521)
05-11 13:22:34.998 15628 15628 E unknown:ReactHost: 	at android.view.ViewGroup.recreateChildDisplayList(ViewGroup.java:4881)
05-11 13:22:34.998 15628 15628 E unknown:ReactHost: 	at android.view.ViewGroup.dispatchGetDisplayList(ViewGroup.java:4853)
05-11 13:22:34.998 15628 15628 E unknown:ReactHost: 	at android.view.View.updateDisplayListIfDirty(View.java:25521)
05-11 13:22:34.998 15628 15628 E unknown:ReactHost: 	at android.view.ViewGroup.recreateChildDisplayList(ViewGroup.java:4881)
05-11 13:22:34.998 15628 15628 E unknown:ReactHost: 	at android.view.ViewGroup.dispatchGetDisplayList(ViewGroup.java:4853)
05-11 13:22:34.998 15628 15628 E unknown:ReactHost: 	at android.view.View.updateDisplayListIfDirty(View.java:25521)
05-11 13:22:34.998 15628 15628 E unknown:ReactHost: 	at android.view.ViewGroup.recreateChildDisplayList(ViewGroup.java:4881)
05-11 13:22:34.998 15628 15628 E unknown:ReactHost: 	at android.view.ViewGroup.dispatchGetDisplayList(ViewGroup.java:4853)
05-11 13:22:34.998 15628 15628 E unknown:ReactHost: 	at android.view.View.updateDisplayListIfDirty(View.java:25521)
05-11 13:22:34.998 15628 15628 E unknown:ReactHost: 	at android.view.ThreadedRenderer.updateViewTreeDisplayList(ThreadedRenderer.java:727)
05-11 13:22:34.998 15628 15628 E unknown:ReactHost: 	at android.view.ThreadedRenderer.updateRootDisplayList(ThreadedRenderer.java:733)
05-11 13:22:34.998 15628 15628 E unknown:ReactHost: 	at android.view.ThreadedRenderer.draw(ThreadedRenderer.java:831)
05-11 13:22:34.998 15628 15628 E unknown:ReactHost: 	at android.view.ViewRootImpl.draw(ViewRootImpl.java:7116)
05-11 13:22:34.998 15628 15628 E unknown:ReactHost: 	at android.view.ViewRootImpl.performDraw(ViewRootImpl.java:6732)
05-11 13:22:34.998 15628 15628 E unknown:ReactHost: 	at android.view.ViewRootImpl.performTraversals(ViewRootImpl.java:5616)
05-11 13:22:34.998 15628 15628 E unknown:ReactHost: 	at android.view.ViewRootImpl.doTraversal(ViewRootImpl.java:3984)
05-11 13:22:34.998 15628 15628 E unknown:ReactHost: 	at android.view.ViewRootImpl$TraversalRunnable.run(ViewRootImpl.java:13055)
05-11 13:22:34.998 15628 15628 E unknown:ReactHost: 	at android.view.Choreographer$CallbackRecord.run(Choreographer.java:1961)
05-11 13:22:34.998 15628 15628 E unknown:ReactHost: 	at android.view.Choreographer$CallbackRecord.run(Choreographer.java:1970)
05-11 13:22:34.998 15628 15628 E unknown:ReactHost: 	at android.view.Choreographer.doCallbacks(Choreographer.java:1423)
05-11 13:22:34.998 15628 15628 E unknown:ReactHost: 	at android.view.Choreographer.doFrame(Choreographer.java:1348)
05-11 13:22:34.998 15628 15628 E unknown:ReactHost: 	at android.view.Choreographer$FrameDisplayEventReceiver.run(Choreographer.java:1930)
05-11 13:22:34.998 15628 15628 E unknown:ReactHost: 	at android.os.Handler.handleCallback(Handler.java:1070)
05-11 13:22:34.998 15628 15628 E unknown:ReactHost: 	at android.os.Handler.dispatchMessage(Handler.java:125)
05-11 13:22:34.998 15628 15628 E unknown:ReactHost: 	at android.os.Looper.dispatchMessage(Looper.java:358)
05-11 13:22:34.998 15628 15628 E unknown:ReactHost: 	at android.os.Looper.loopOnce(Looper.java:288)
05-11 13:22:34.998 15628 15628 E unknown:ReactHost: 	at android.os.Looper.loop(Looper.java:392)
05-11 13:22:34.998 15628 15628 E unknown:ReactHost: 	at android.app.ActivityThread.main(ActivityThread.java:10343)
05-11 13:22:34.998 15628 15628 E unknown:ReactHost: 	at java.lang.reflect.Method.invoke(Native Method)
05-11 13:22:34.998 15628 15628 E unknown:ReactHost: 	at com.android.internal.os.RuntimeInit$MethodAndArgsCaller.run(RuntimeInit.java:605)
05-11 13:22:34.998 15628 15628 E unknown:ReactHost: 	at com.android.internal.os.ZygoteInit.main(ZygoteInit.java:972)
05-11 13:22:34.998 15628 15628 W unknown:BridgelessReact: ReactHost{0}.raiseSoftException(callWithExistingReactInstance(callFunctionOnModule("RCTDeviceEventEmitter", "emit"))): Execute: reactInstance is null. Dropping work.
05-11 13:22:34.999 15628 15628 E unknown:ReactHost: Unhandled SoftException
05-11 13:22:34.999 15628 15628 E unknown:ReactHost: com.facebook.react.bridge.ReactNoCrashSoftException: raiseSoftException(callWithExistingReactInstance(callFunctionOnModule("RCTDeviceEventEmitter", "emit"))): Execute: reactInstance is null. Dropping work.
05-11 13:22:34.999 15628 15628 E unknown:ReactHost: 	at com.facebook.react.runtime.ReactHostImpl.raiseSoftException(ReactHostImpl.kt:787)
05-11 13:22:34.999 15628 15628 E unknown:ReactHost: 	at com.facebook.react.runtime.ReactHostImpl.raiseSoftException$default(ReactHostImpl.kt:779)
05-11 13:22:34.999 15628 15628 E unknown:ReactHost: 	at com.facebook.react.runtime.ReactHostImpl.callWithExistingReactInstance$lambda$28(ReactHostImpl.kt:802)
05-11 13:22:34.999 15628 15628 E unknown:ReactHost: 	at com.facebook.react.runtime.ReactHostImpl.$r8$lambda$6NreFt2BcPly8g6qrNV9Z1C-YmU(Unknown Source:0)
05-11 13:22:34.999 15628 15628 E unknown:ReactHost: 	at com.facebook.react.runtime.ReactHostImpl$$ExternalSyntheticLambda31.then(D8$$SyntheticClass:0)
05-11 13:22:34.999 15628 15628 E unknown:ReactHost: 	at com.facebook.react.runtime.internal.bolts.Task$Companion.completeImmediately$lambda$3(Task.kt:356)
05-11 13:22:34.999 15628 15628 E unknown:ReactHost: 	at com.facebook.react.runtime.internal.bolts.Task$Companion.$r8$lambda$b7MTC0ufkn_2TjF4BGcNqGR9qK0(Unknown Source:0)
05-11 13:22:34.999 15628 15628 E unknown:ReactHost: 	at com.facebook.react.runtime.internal.bolts.Task$Companion$$ExternalSyntheticLambda3.run(D8$$SyntheticClass:0)
05-11 13:22:34.999 15628 15628 E unknown:ReactHost: 	at com.facebook.react.runtime.internal.bolts.Executors$ImmediateExecutor.execute(Executors.kt:41)
05-11 13:22:34.999 15628 15628 E unknown:ReactHost: 	at com.facebook.react.runtime.internal.bolts.Task$Companion.completeImmediately(Task.kt:354)
05-11 13:22:34.999 15628 15628 E unknown:ReactHost: 	at com.facebook.react.runtime.internal.bolts.Task$Companion.access$completeImmediately(Task.kt:250)
05-11 13:22:34.999 15628 15628 E unknown:ReactHost: 	at com.facebook.react.runtime.internal.bolts.Task.continueWith(Task.kt:132)
05-11 13:22:34.999 15628 15628 E unknown:ReactHost: 	at com.facebook.react.runtime.internal.bolts.Task.continueWith$default(Task.kt:117)
05-11 13:22:34.999 15628 15628 E unknown:ReactHost: 	at com.facebook.react.runtime.internal.bolts.Task.onSuccess$lambda$12(Task.kt:174)
05-11 13:22:34.999 15628 15628 E unknown:ReactHost: 	at com.facebook.react.runtime.internal.bolts.Task.$r8$lambda$l0wwo5AvbHxlwfI1R7CH_codxoo(Unknown Source:0)
05-11 13:22:34.999 15628 15628 E unknown:ReactHost: 	at com.facebook.react.runtime.internal.bolts.Task$$ExternalSyntheticLambda2.then(D8$$SyntheticClass:0)
05-11 13:22:34.999 15628 15628 E unknown:ReactHost: 	at com.facebook.react.runtime.internal.bolts.Task$Companion.completeAfterTask$lambda$5(Task.kt:390)
05-11 13:22:34.999 15628 15628 E unknown:ReactHost: 	at com.facebook.react.runtime.internal.bolts.Task$Companion.$r8$lambda$IPpysnehFwANEiW061YzapkMdoE(Unknown Source:0)
05-11 13:22:34.999 15628 15628 E unknown:ReactHost: 	at com.facebook.react.runtime.internal.bolts.Task$Companion$$ExternalSyntheticLambda4.run(D8$$SyntheticClass:0)
05-11 13:22:34.999 15628 15628 E unknown:ReactHost: 	at com.facebook.react.runtime.internal.bolts.Executors$ImmediateExecutor.execute(Executors.kt:41)
05-11 13:22:34.999 15628 15628 E unknown:ReactHost: 	at com.facebook.react.runtime.internal.bolts.Task$Companion.completeAfterTask(Task.kt:388)
05-11 13:22:34.999 15628 15628 E unknown:ReactHost: 	at com.facebook.react.runtime.internal.bolts.Task$Companion.access$completeAfterTask(Task.kt:250)
05-11 13:22:34.999 15628 15628 E unknown:ReactHost: 	at com.facebook.react.runtime.internal.bolts.Task.continueWithTask(Task.kt:156)
05-11 13:22:34.999 15628 15628 E unknown:ReactHost: 	at com.facebook.react.runtime.internal.bolts.Task.onSuccess(Task.kt:169)
05-11 13:22:34.999 15628 15628 E unknown:ReactHost: 	at com.facebook.react.runtime.ReactHostImpl.callWithExistingReactInstance(ReactHostImpl.kt:798)
05-11 13:22:34.999 15628 15628 E unknown:ReactHost: 	at com.facebook.react.runtime.ReactHostImpl.callWithExistingReactInstance$default(ReactHostImpl.kt:791)
05-11 13:22:34.999 15628 15628 E unknown:ReactHost: 	at com.facebook.react.runtime.ReactHostImpl.callFunctionOnModule$ReactAndroid_debug(ReactHostImpl.kt:687)
05-11 13:22:34.999 15628 15628 E unknown:ReactHost: 	at com.facebook.react.runtime.BridgelessReactContext.emitDeviceEvent(BridgelessReactContext.kt:134)
05-11 13:22:34.999 15628 15628 E unknown:ReactHost: 	at com.facebook.react.animated.NativeAnimatedModule.startListeningToAnimatedNodeValue$lambda$6(NativeAnimatedModule.kt:533)
05-11 13:22:34.999 15628 15628 E unknown:ReactHost: 	at com.facebook.react.animated.NativeAnimatedModule.$r8$lambda$G40GYw3SwiHmNvK0JQDSxW9QV38(Unknown Source:0)
05-11 13:22:34.999 15628 15628 E unknown:ReactHost: 	at com.facebook.react.animated.NativeAnimatedModule$$ExternalSyntheticLambda0.onValueUpdate(D8$$SyntheticClass:0)
05-11 13:22:34.999 15628 15628 E unknown:ReactHost: 	at com.facebook.react.animated.ValueAnimatedNode.onValueUpdate(ValueAnimatedNode.kt:41)
05-11 13:22:34.999 15628 15628 E unknown:ReactHost: 	at com.facebook.react.animated.NativeAnimatedNodesManager.updateNodes(NativeAnimatedNodesManager.kt:711)
05-11 13:22:34.999 15628 15628 E unknown:ReactHost: 	at com.facebook.react.animated.NativeAnimatedNodesManager.handleEvent(NativeAnimatedNodesManager.kt:535)
05-11 13:22:34.999 15628 15628 E unknown:ReactHost: 	at com.facebook.react.animated.NativeAnimatedNodesManager.onEventDispatch(NativeAnimatedNodesManager.kt:511)
05-11 13:22:34.999 15628 15628 E unknown:ReactHost: 	at com.facebook.react.uimanager.events.FabricEventDispatcher.dispatchEvent(FabricEventDispatcher.kt:64)
05-11 13:22:34.999 15628 15628 E unknown:ReactHost: 	at com.swmansion.rnscreens.ScreenFragment.dispatchTransitionProgressEvent(ScreenFragment.kt:259)
05-11 13:22:34.999 15628 15628 E unknown:ReactHost: 	at com.swmansion.rnscreens.stack.anim.ScreensAnimation.applyTransformation(ScreensAnimation.kt:16)
05-11 13:22:34.999 15628 15628 E unknown:ReactHost: 	at android.view.animation.AnimationSet.initializeInvalidateRegion(AnimationSet.java:355)
05-11 13:22:34.999 15628 15628 E unknown:ReactHost: 	at android.view.View.applyLegacyAnimation(View.java:26264)
05-11 13:22:34.999 15628 15628 E unknown:ReactHost: 	at android.view.View.draw(View.java:26408)
05-11 13:22:34.999 15628 15628 E unknown:ReactHost: 	at android.view.ViewGroup.drawChild(ViewGroup.java:4897)
05-11 13:22:34.999 15628 15628 E unknown:ReactHost: 	at com.swmansion.rnscreens.ScreenStack.performDraw(ScreenStack.kt:354)
05-11 13:22:34.999 15628 15628 E unknown:ReactHost: 	at com.swmansion.rnscreens.ScreenStack.access$performDraw(ScreenStack.kt:20)
05-11 13:22:34.999 15628 15628 E unknown:ReactHost: 	at com.swmansion.rnscreens.ScreenStack$DrawingOp.draw(ScreenStack.kt:367)
05-11 13:22:34.999 15628 15628 E unknown:ReactHost: 	at com.swmansion.rnscreens.ScreenStack.drawAndRelease(ScreenStack.kt:323)
05-11 13:22:34.999 15628 15628 E unknown:ReactHost: 	at com.swmansion.rnscreens.ScreenStack.dispatchDraw(ScreenStack.kt:333)
05-11 13:22:34.999 15628 15628 E unknown:ReactHost: 	at android.view.View.updateDisplayListIfDirty(View.java:25563)
05-11 13:22:34.999 15628 15628 E unknown:ReactHost: 	at android.view.ViewGroup.recreateChildDisplayList(ViewGroup.java:4881)
05-11 13:22:34.999 15628 15628 E unknown:ReactHost: 	at android.view.ViewGroup.dispatchGetDisplayList(ViewGroup.java:4853)
05-11 13:22:34.999 15628 15628 E unknown:ReactHost: 	at android.view.View.updateDisplayListIfDirty(View.java:25521)
05-11 13:22:34.999 15628 15628 E unknown:ReactHost: 	at android.view.ViewGroup.recreateChildDisplayList(ViewGroup.java:4881)
05-11 13:22:34.999 15628 15628 E unknown:ReactHost: 	at android.view.ViewGroup.dispatchGetDisplayList(ViewGroup.java:4853)
05-11 13:22:34.999 15628 15628 E unknown:ReactHost: 	at android.view.View.updateDisplayListIfDirty(View.java:25521)
05-11 13:22:34.999 15628 15628 E unknown:ReactHost: 	at android.view.ViewGroup.recreateChildDisplayList(ViewGroup.java:4881)
05-11 13:22:34.999 15628 15628 E unknown:ReactHost: 	at android.view.ViewGroup.dispatchGetDisplayList(ViewGroup.java:4853)
05-11 13:22:34.999 15628 15628 E unknown:ReactHost: 	at android.view.View.updateDisplayListIfDirty(View.java:25521)
05-11 13:22:34.999 15628 15628 E unknown:ReactHost: 	at android.view.ViewGroup.recreateChildDisplayList(ViewGroup.java:4881)
05-11 13:22:34.999 15628 15628 E unknown:ReactHost: 	at android.view.ViewGroup.dispatchGetDisplayList(ViewGroup.java:4853)
05-11 13:22:34.999 15628 15628 E unknown:ReactHost: 	at android.view.View.updateDisplayListIfDirty(View.java:25521)
05-11 13:22:34.999 15628 15628 E unknown:ReactHost: 	at android.view.ViewGroup.recreateChildDisplayList(ViewGroup.java:4881)
05-11 13:22:34.999 15628 15628 E unknown:ReactHost: 	at android.view.ViewGroup.dispatchGetDisplayList(ViewGroup.java:4853)
05-11 13:22:34.999 15628 15628 E unknown:ReactHost: 	at android.view.View.updateDisplayListIfDirty(View.java:25521)
05-11 13:22:34.999 15628 15628 E unknown:ReactHost: 	at android.view.ViewGroup.recreateChildDisplayList(ViewGroup.java:4881)
05-11 13:22:34.999 15628 15628 E unknown:ReactHost: 	at android.view.ViewGroup.dispatchGetDisplayList(ViewGroup.java:4853)
05-11 13:22:34.999 15628 15628 E unknown:ReactHost: 	at android.view.View.updateDisplayListIfDirty(View.java:25521)
05-11 13:22:34.999 15628 15628 E unknown:ReactHost: 	at android.view.ViewGroup.recreateChildDisplayList(ViewGroup.java:4881)
05-11 13:22:34.999 15628 15628 E unknown:ReactHost: 	at android.view.ViewGroup.dispatchGetDisplayList(ViewGroup.java:4853)
05-11 13:22:34.999 15628 15628 E unknown:ReactHost: 	at android.view.View.updateDisplayListIfDirty(View.java:25521)
05-11 13:22:34.999 15628 15628 E unknown:ReactHost: 	at android.view.ViewGroup.recreateChildDisplayList(ViewGroup.java:4881)
05-11 13:22:34.999 15628 15628 E unknown:ReactHost: 	at android.view.ViewGroup.dispatchGetDisplayList(ViewGroup.java:4853)
05-11 13:22:34.999 15628 15628 E unknown:ReactHost: 	at android.view.View.updateDisplayListIfDirty(View.java:25521)
05-11 13:22:34.999 15628 15628 E unknown:ReactHost: 	at android.view.ViewGroup.recreateChildDisplayList(ViewGroup.java:4881)
05-11 13:22:34.999 15628 15628 E unknown:ReactHost: 	at android.view.ViewGroup.dispatchGetDisplayList(ViewGroup.java:4853)
05-11 13:22:34.999 15628 15628 E unknown:ReactHost: 	at android.view.View.updateDisplayListIfDirty(View.java:25521)
05-11 13:22:34.999 15628 15628 E unknown:ReactHost: 	at android.view.ThreadedRenderer.updateViewTreeDisplayList(ThreadedRenderer.java:727)
05-11 13:22:34.999 15628 15628 E unknown:ReactHost: 	at android.view.ThreadedRenderer.updateRootDisplayList(ThreadedRenderer.java:733)
05-11 13:22:34.999 15628 15628 E unknown:ReactHost: 	at android.view.ThreadedRenderer.draw(ThreadedRenderer.java:831)
05-11 13:22:34.999 15628 15628 E unknown:ReactHost: 	at android.view.ViewRootImpl.draw(ViewRootImpl.java:7116)
05-11 13:22:34.999 15628 15628 E unknown:ReactHost: 	at android.view.ViewRootImpl.performDraw(ViewRootImpl.java:6732)
05-11 13:22:34.999 15628 15628 E unknown:ReactHost: 	at android.view.ViewRootImpl.performTraversals(ViewRootImpl.java:5616)
05-11 13:22:34.999 15628 15628 E unknown:ReactHost: 	at android.view.ViewRootImpl.doTraversal(ViewRootImpl.java:3984)
05-11 13:22:34.999 15628 15628 E unknown:ReactHost: 	at android.view.ViewRootImpl$TraversalRunnable.run(ViewRootImpl.java:13055)
05-11 13:22:34.999 15628 15628 E unknown:ReactHost: 	at android.view.Choreographer$CallbackRecord.run(Choreographer.java:1961)
05-11 13:22:34.999 15628 15628 E unknown:ReactHost: 	at android.view.Choreographer$CallbackRecord.run(Choreographer.java:1970)
05-11 13:22:34.999 15628 15628 E unknown:ReactHost: 	at android.view.Choreographer.doCallbacks(Choreographer.java:1423)
05-11 13:22:34.999 15628 15628 E unknown:ReactHost: 	at android.view.Choreographer.doFrame(Choreographer.java:1348)
05-11 13:22:34.999 15628 15628 E unknown:ReactHost: 	at android.view.Choreographer$FrameDisplayEventReceiver.run(Choreographer.java:1930)
05-11 13:22:34.999 15628 15628 E unknown:ReactHost: 	at android.os.Handler.handleCallback(Handler.java:1070)
05-11 13:22:34.999 15628 15628 E unknown:ReactHost: 	at android.os.Handler.dispatchMessage(Handler.java:125)
05-11 13:22:34.999 15628 15628 E unknown:ReactHost: 	at android.os.Looper.dispatchMessage(Looper.java:358)
05-11 13:22:34.999 15628 15628 E unknown:ReactHost: 	at android.os.Looper.loopOnce(Looper.java:288)
05-11 13:22:34.999 15628 15628 E unknown:ReactHost: 	at android.os.Looper.loop(Looper.java:392)
05-11 13:22:34.999 15628 15628 E unknown:ReactHost: 	at android.app.ActivityThread.main(ActivityThread.java:10343)
05-11 13:22:34.999 15628 15628 E unknown:ReactHost: 	at java.lang.reflect.Method.invoke(Native Method)
05-11 13:22:34.999 15628 15628 E unknown:ReactHost: 	at com.android.internal.os.RuntimeInit$MethodAndArgsCaller.run(RuntimeInit.java:605)
05-11 13:22:34.999 15628 15628 E unknown:ReactHost: 	at com.android.internal.os.ZygoteInit.main(ZygoteInit.java:972)
05-11 13:22:34.999 15628 15628 W unknown:BridgelessReact: ReactHost{0}.raiseSoftException(callWithExistingReactInstance(callFunctionOnModule("RCTDeviceEventEmitter", "emit"))): Execute: reactInstance is null. Dropping work.
05-11 13:22:34.999 15628 15628 E unknown:ReactHost: Unhandled SoftException
05-11 13:22:34.999 15628 15628 E unknown:ReactHost: com.facebook.react.bridge.ReactNoCrashSoftException: raiseSoftException(callWithExistingReactInstance(callFunctionOnModule("RCTDeviceEventEmitter", "emit"))): Execute: reactInstance is null. Dropping work.
05-11 13:22:34.999 15628 15628 E unknown:ReactHost: 	at com.facebook.react.runtime.ReactHostImpl.raiseSoftException(ReactHostImpl.kt:787)
05-11 13:22:34.999 15628 15628 E unknown:ReactHost: 	at com.facebook.react.runtime.ReactHostImpl.raiseSoftException$default(ReactHostImpl.kt:779)
05-11 13:22:34.999 15628 15628 E unknown:ReactHost: 	at com.facebook.react.runtime.ReactHostImpl.callWithExistingReactInstance$lambda$28(ReactHostImpl.kt:802)
05-11 13:22:34.999 15628 15628 E unknown:ReactHost: 	at com.facebook.react.runtime.ReactHostImpl.$r8$lambda$6NreFt2BcPly8g6qrNV9Z1C-YmU(Unknown Source:0)
05-11 13:22:34.999 15628 15628 E unknown:ReactHost: 	at com.facebook.react.runtime.ReactHostImpl$$ExternalSyntheticLambda31.then(D8$$SyntheticClass:0)
05-11 13:22:34.999 15628 15628 E unknown:ReactHost: 	at com.facebook.react.runtime.internal.bolts.Task$Companion.completeImmediately$lambda$3(Task.kt:356)
05-11 13:22:34.999 15628 15628 E unknown:ReactHost: 	at com.facebook.react.runtime.internal.bolts.Task$Companion.$r8$lambda$b7MTC0ufkn_2TjF4BGcNqGR9qK0(Unknown Source:0)
05-11 13:22:34.999 15628 15628 E unknown:ReactHost: 	at com.facebook.react.runtime.internal.bolts.Task$Companion$$ExternalSyntheticLambda3.run(D8$$SyntheticClass:0)
05-11 13:22:34.999 15628 15628 E unknown:ReactHost: 	at com.facebook.react.runtime.internal.bolts.Executors$ImmediateExecutor.execute(Executors.kt:41)
05-11 13:22:34.999 15628 15628 E unknown:ReactHost: 	at com.facebook.react.runtime.internal.bolts.Task$Companion.completeImmediately(Task.kt:354)
05-11 13:22:34.999 15628 15628 E unknown:ReactHost: 	at com.facebook.react.runtime.internal.bolts.Task$Companion.access$completeImmediately(Task.kt:250)
05-11 13:22:34.999 15628 15628 E unknown:ReactHost: 	at com.facebook.react.runtime.internal.bolts.Task.continueWith(Task.kt:132)
05-11 13:22:34.999 15628 15628 E unknown:ReactHost: 	at com.facebook.react.runtime.internal.bolts.Task.continueWith$default(Task.kt:117)
05-11 13:22:34.999 15628 15628 E unknown:ReactHost: 	at com.facebook.react.runtime.internal.bolts.Task.onSuccess$lambda$12(Task.kt:174)
05-11 13:22:34.999 15628 15628 E unknown:ReactHost: 	at com.facebook.react.runtime.internal.bolts.Task.$r8$lambda$l0wwo5AvbHxlwfI1R7CH_codxoo(Unknown Source:0)
05-11 13:22:34.999 15628 15628 E unknown:ReactHost: 	at com.facebook.react.runtime.internal.bolts.Task$$ExternalSyntheticLambda2.then(D8$$SyntheticClass:0)
05-11 13:22:34.999 15628 15628 E unknown:ReactHost: 	at com.facebook.react.runtime.internal.bolts.Task$Companion.completeAfterTask$lambda$5(Task.kt:390)
05-11 13:22:34.999 15628 15628 E unknown:ReactHost: 	at com.facebook.react.runtime.internal.bolts.Task$Companion.$r8$lambda$IPpysnehFwANEiW061YzapkMdoE(Unknown Source:0)
05-11 13:22:34.999 15628 15628 E unknown:ReactHost: 	at com.facebook.react.runtime.internal.bolts.Task$Companion$$ExternalSyntheticLambda4.run(D8$$SyntheticClass:0)
05-11 13:22:34.999 15628 15628 E unknown:ReactHost: 	at com.facebook.react.runtime.internal.bolts.Executors$ImmediateExecutor.execute(Executors.kt:41)
05-11 13:22:34.999 15628 15628 E unknown:ReactHost: 	at com.facebook.react.runtime.internal.bolts.Task$Companion.completeAfterTask(Task.kt:388)
05-11 13:22:34.999 15628 15628 E unknown:ReactHost: 	at com.facebook.react.runtime.internal.bolts.Task$Companion.access$completeAfterTask(Task.kt:250)
05-11 13:22:34.999 15628 15628 E unknown:ReactHost: 	at com.facebook.react.runtime.internal.bolts.Task.continueWithTask(Task.kt:156)
05-11 13:22:34.999 15628 15628 E unknown:ReactHost: 	at com.facebook.react.runtime.internal.bolts.Task.onSuccess(Task.kt:169)
05-11 13:22:34.999 15628 15628 E unknown:ReactHost: 	at com.facebook.react.runtime.ReactHostImpl.callWithExistingReactInstance(ReactHostImpl.kt:798)
05-11 13:22:34.999 15628 15628 E unknown:ReactHost: 	at com.facebook.react.runtime.ReactHostImpl.callWithExistingReactInstance$default(ReactHostImpl.kt:791)
05-11 13:22:34.999 15628 15628 E unknown:ReactHost: 	at com.facebook.react.runtime.ReactHostImpl.callFunctionOnModule$ReactAndroid_debug(ReactHostImpl.kt:687)
05-11 13:22:34.999 15628 15628 E unknown:ReactHost: 	at com.facebook.react.runtime.BridgelessReactContext.emitDeviceEvent(BridgelessReactContext.kt:134)
05-11 13:22:34.999 15628 15628 E unknown:ReactHost: 	at com.facebook.react.animated.NativeAnimatedModule.startListeningToAnimatedNodeValue$lambda$6(NativeAnimatedModule.kt:533)
05-11 13:22:34.999 15628 15628 E unknown:ReactHost: 	at com.facebook.react.animated.NativeAnimatedModule.$r8$lambda$G40GYw3SwiHmNvK0JQDSxW9QV38(Unknown Source:0)
05-11 13:22:34.999 15628 15628 E unknown:ReactHost: 	at com.facebook.react.animated.NativeAnimatedModule$$ExternalSyntheticLambda0.onValueUpdate(D8$$SyntheticClass:0)
05-11 13:22:34.999 15628 15628 E unknown:ReactHost: 	at com.facebook.react.animated.ValueAnimatedNode.onValueUpdate(ValueAnimatedNode.kt:41)
05-11 13:22:34.999 15628 15628 E unknown:ReactHost: 	at com.facebook.react.animated.NativeAnimatedNodesManager.updateNodes(NativeAnimatedNodesManager.kt:711)
05-11 13:22:34.999 15628 15628 E unknown:ReactHost: 	at com.facebook.react.animated.NativeAnimatedNodesManager.handleEvent(NativeAnimatedNodesManager.kt:535)
05-11 13:22:34.999 15628 15628 E unknown:ReactHost: 	at com.facebook.react.animated.NativeAnimatedNodesManager.onEventDispatch(NativeAnimatedNodesManager.kt:511)
05-11 13:22:34.999 15628 15628 E unknown:ReactHost: 	at com.facebook.react.uimanager.events.FabricEventDispatcher.dispatchEvent(FabricEventDispatcher.kt:64)
05-11 13:22:34.999 15628 15628 E unknown:ReactHost: 	at com.swmansion.rnscreens.ScreenFragment.dispatchTransitionProgressEvent(ScreenFragment.kt:259)
05-11 13:22:34.999 15628 15628 E unknown:ReactHost: 	at com.swmansion.rnscreens.stack.anim.ScreensAnimation.applyTransformation(ScreensAnimation.kt:16)
05-11 13:22:34.999 15628 15628 E unknown:ReactHost: 	at android.view.animation.AnimationSet.initializeInvalidateRegion(AnimationSet.java:355)
05-11 13:22:34.999 15628 15628 E unknown:ReactHost: 	at android.view.View.applyLegacyAnimation(View.java:26264)
05-11 13:22:34.999 15628 15628 E unknown:ReactHost: 	at android.view.View.draw(View.java:26408)
05-11 13:22:34.999 15628 15628 E unknown:ReactHost: 	at android.view.ViewGroup.drawChild(ViewGroup.java:4897)
05-11 13:22:34.999 15628 15628 E unknown:ReactHost: 	at com.swmansion.rnscreens.ScreenStack.performDraw(ScreenStack.kt:354)
05-11 13:22:34.999 15628 15628 E unknown:ReactHost: 	at com.swmansion.rnscreens.ScreenStack.access$performDraw(ScreenStack.kt:20)
05-11 13:22:34.999 15628 15628 E unknown:ReactHost: 	at com.swmansion.rnscreens.ScreenStack$DrawingOp.draw(ScreenStack.kt:367)
05-11 13:22:34.999 15628 15628 E unknown:ReactHost: 	at com.swmansion.rnscreens.ScreenStack.drawAndRelease(ScreenStack.kt:323)
05-11 13:22:34.999 15628 15628 E unknown:ReactHost: 	at com.swmansion.rnscreens.ScreenStack.dispatchDraw(ScreenStack.kt:333)
05-11 13:22:34.999 15628 15628 E unknown:ReactHost: 	at android.view.View.updateDisplayListIfDirty(View.java:25563)
05-11 13:22:34.999 15628 15628 E unknown:ReactHost: 	at android.view.ViewGroup.recreateChildDisplayList(ViewGroup.java:4881)
05-11 13:22:34.999 15628 15628 E unknown:ReactHost: 	at android.view.ViewGroup.dispatchGetDisplayList(ViewGroup.java:4853)
05-11 13:22:34.999 15628 15628 E unknown:ReactHost: 	at android.view.View.updateDisplayListIfDirty(View.java:25521)
05-11 13:22:34.999 15628 15628 E unknown:ReactHost: 	at android.view.ViewGroup.recreateChildDisplayList(ViewGroup.java:4881)
05-11 13:22:34.999 15628 15628 E unknown:ReactHost: 	at android.view.ViewGroup.dispatchGetDisplayList(ViewGroup.java:4853)
05-11 13:22:34.999 15628 15628 E unknown:ReactHost: 	at android.view.View.updateDisplayListIfDirty(View.java:25521)
05-11 13:22:34.999 15628 15628 E unknown:ReactHost: 	at android.view.ViewGroup.recreateChildDisplayList(ViewGroup.java:4881)
05-11 13:22:34.999 15628 15628 E unknown:ReactHost: 	at android.view.ViewGroup.dispatchGetDisplayList(ViewGroup.java:4853)
05-11 13:22:34.999 15628 15628 E unknown:ReactHost: 	at android.view.View.updateDisplayListIfDirty(View.java:25521)
05-11 13:22:34.999 15628 15628 E unknown:ReactHost: 	at android.view.ViewGroup.recreateChildDisplayList(ViewGroup.java:4881)
05-11 13:22:34.999 15628 15628 E unknown:ReactHost: 	at android.view.ViewGroup.dispatchGetDisplayList(ViewGroup.java:4853)
05-11 13:22:34.999 15628 15628 E unknown:ReactHost: 	at android.view.View.updateDisplayListIfDirty(View.java:25521)
05-11 13:22:34.999 15628 15628 E unknown:ReactHost: 	at android.view.ViewGroup.recreateChildDisplayList(ViewGroup.java:4881)
05-11 13:22:34.999 15628 15628 E unknown:ReactHost: 	at android.view.ViewGroup.dispatchGetDisplayList(ViewGroup.java:4853)
05-11 13:22:34.999 15628 15628 E unknown:ReactHost: 	at android.view.View.updateDisplayListIfDirty(View.java:25521)
05-11 13:22:34.999 15628 15628 E unknown:ReactHost: 	at android.view.ViewGroup.recreateChildDisplayList(ViewGroup.java:4881)
05-11 13:22:34.999 15628 15628 E unknown:ReactHost: 	at android.view.ViewGroup.dispatchGetDisplayList(ViewGroup.java:4853)
05-11 13:22:34.999 15628 15628 E unknown:ReactHost: 	at android.view.View.updateDisplayListIfDirty(View.java:25521)
05-11 13:22:34.999 15628 15628 E unknown:ReactHost: 	at android.view.ViewGroup.recreateChildDisplayList(ViewGroup.java:4881)
05-11 13:22:34.999 15628 15628 E unknown:ReactHost: 	at android.view.ViewGroup.dispatchGetDisplayList(ViewGroup.java:4853)
05-11 13:22:34.999 15628 15628 E unknown:ReactHost: 	at android.view.View.updateDisplayListIfDirty(View.java:25521)
05-11 13:22:34.999 15628 15628 E unknown:ReactHost: 	at android.view.ViewGroup.recreateChildDisplayList(ViewGroup.java:4881)
05-11 13:22:34.999 15628 15628 E unknown:ReactHost: 	at android.view.ViewGroup.dispatchGetDisplayList(ViewGroup.java:4853)
05-11 13:22:34.999 15628 15628 E unknown:ReactHost: 	at android.view.View.updateDisplayListIfDirty(View.java:25521)
05-11 13:22:34.999 15628 15628 E unknown:ReactHost: 	at android.view.ViewGroup.recreateChildDisplayList(ViewGroup.java:4881)
05-11 13:22:34.999 15628 15628 E unknown:ReactHost: 	at android.view.ViewGroup.dispatchGetDisplayList(ViewGroup.java:4853)
05-11 13:22:34.999 15628 15628 E unknown:ReactHost: 	at android.view.View.updateDisplayListIfDirty(View.java:25521)
05-11 13:22:34.999 15628 15628 E unknown:ReactHost: 	at android.view.ThreadedRenderer.updateViewTreeDisplayList(ThreadedRenderer.java:727)
05-11 13:22:34.999 15628 15628 E unknown:ReactHost: 	at android.view.ThreadedRenderer.updateRootDisplayList(ThreadedRenderer.java:733)
05-11 13:22:34.999 15628 15628 E unknown:ReactHost: 	at android.view.ThreadedRenderer.draw(ThreadedRenderer.java:831)
05-11 13:22:34.999 15628 15628 E unknown:ReactHost: 	at android.view.ViewRootImpl.draw(ViewRootImpl.java:7116)
05-11 13:22:34.999 15628 15628 E unknown:ReactHost: 	at android.view.ViewRootImpl.performDraw(ViewRootImpl.java:6732)
05-11 13:22:34.999 15628 15628 E unknown:ReactHost: 	at android.view.ViewRootImpl.performTraversals(ViewRootImpl.java:5616)
05-11 13:22:34.999 15628 15628 E unknown:ReactHost: 	at android.view.ViewRootImpl.doTraversal(ViewRootImpl.java:3984)
05-11 13:22:34.999 15628 15628 E unknown:ReactHost: 	at android.view.ViewRootImpl$TraversalRunnable.run(ViewRootImpl.java:13055)
05-11 13:22:34.999 15628 15628 E unknown:ReactHost: 	at android.view.Choreographer$CallbackRecord.run(Choreographer.java:1961)
05-11 13:22:34.999 15628 15628 E unknown:ReactHost: 	at android.view.Choreographer$CallbackRecord.run(Choreographer.java:1970)
05-11 13:22:34.999 15628 15628 E unknown:ReactHost: 	at android.view.Choreographer.doCallbacks(Choreographer.java:1423)
05-11 13:22:34.999 15628 15628 E unknown:ReactHost: 	at android.view.Choreographer.doFrame(Choreographer.java:1348)
05-11 13:22:34.999 15628 15628 E unknown:ReactHost: 	at android.view.Choreographer$FrameDisplayEventReceiver.run(Choreographer.java:1930)
05-11 13:22:34.999 15628 15628 E unknown:ReactHost: 	at android.os.Handler.handleCallback(Handler.java:1070)
05-11 13:22:34.999 15628 15628 E unknown:ReactHost: 	at android.os.Handler.dispatchMessage(Handler.java:125)
05-11 13:22:34.999 15628 15628 E unknown:ReactHost: 	at android.os.Looper.dispatchMessage(Looper.java:358)
05-11 13:22:34.999 15628 15628 E unknown:ReactHost: 	at android.os.Looper.loopOnce(Looper.java:288)
05-11 13:22:34.999 15628 15628 E unknown:ReactHost: 	at android.os.Looper.loop(Looper.java:392)
05-11 13:22:34.999 15628 15628 E unknown:ReactHost: 	at android.app.ActivityThread.main(ActivityThread.java:10343)
05-11 13:22:34.999 15628 15628 E unknown:ReactHost: 	at java.lang.reflect.Method.invoke(Native Method)
05-11 13:22:34.999 15628 15628 E unknown:ReactHost: 	at com.android.internal.os.RuntimeInit$MethodAndArgsCaller.run(RuntimeInit.java:605)
05-11 13:22:34.999 15628 15628 E unknown:ReactHost: 	at com.android.internal.os.ZygoteInit.main(ZygoteInit.java:972)
05-11 13:22:34.999 15628 15894 W unknown:BridgelessReact: ReactHost{0}.raiseSoftException(callWithExistingReactInstance(callFunctionOnModule("RCTDeviceEventEmitter", "emit"))): Execute: reactInstance is null. Dropping work.
05-11 13:22:34.999 15628 15894 E unknown:ReactHost: Unhandled SoftException
05-11 13:22:34.999 15628 15894 E unknown:ReactHost: com.facebook.react.bridge.ReactNoCrashSoftException: raiseSoftException(callWithExistingReactInstance(callFunctionOnModule("RCTDeviceEventEmitter", "emit"))): Execute: reactInstance is null. Dropping work.
05-11 13:22:34.999 15628 15894 E unknown:ReactHost: 	at com.facebook.react.runtime.ReactHostImpl.raiseSoftException(ReactHostImpl.kt:787)
05-11 13:22:34.999 15628 15894 E unknown:ReactHost: 	at com.facebook.react.runtime.ReactHostImpl.raiseSoftException$default(ReactHostImpl.kt:779)
05-11 13:22:34.999 15628 15894 E unknown:ReactHost: 	at com.facebook.react.runtime.ReactHostImpl.callWithExistingReactInstance$lambda$28(ReactHostImpl.kt:802)
05-11 13:22:34.999 15628 15894 E unknown:ReactHost: 	at com.facebook.react.runtime.ReactHostImpl.$r8$lambda$6NreFt2BcPly8g6qrNV9Z1C-YmU(Unknown Source:0)
05-11 13:22:34.999 15628 15894 E unknown:ReactHost: 	at com.facebook.react.runtime.ReactHostImpl$$ExternalSyntheticLambda31.then(D8$$SyntheticClass:0)
05-11 13:22:34.999 15628 15894 E unknown:ReactHost: 	at com.facebook.react.runtime.internal.bolts.Task$Companion.completeImmediately$lambda$3(Task.kt:356)
05-11 13:22:34.999 15628 15894 E unknown:ReactHost: 	at com.facebook.react.runtime.internal.bolts.Task$Companion.$r8$lambda$b7MTC0ufkn_2TjF4BGcNqGR9qK0(Unknown Source:0)
05-11 13:22:34.999 15628 15894 E unknown:ReactHost: 	at com.facebook.react.runtime.internal.bolts.Task$Companion$$ExternalSyntheticLambda3.run(D8$$SyntheticClass:0)
05-11 13:22:34.999 15628 15894 E unknown:ReactHost: 	at com.facebook.react.runtime.internal.bolts.Executors$ImmediateExecutor.execute(Executors.kt:41)
05-11 13:22:34.999 15628 15894 E unknown:ReactHost: 	at com.facebook.react.runtime.internal.bolts.Task$Companion.completeImmediately(Task.kt:354)
05-11 13:22:34.999 15628 15894 E unknown:ReactHost: 	at com.facebook.react.runtime.internal.bolts.Task$Companion.access$completeImmediately(Task.kt:250)
05-11 13:22:34.999 15628 15894 E unknown:ReactHost: 	at com.facebook.react.runtime.internal.bolts.Task.continueWith(Task.kt:132)
05-11 13:22:34.999 15628 15894 E unknown:ReactHost: 	at com.facebook.react.runtime.internal.bolts.Task.continueWith$default(Task.kt:117)
05-11 13:22:34.999 15628 15894 E unknown:ReactHost: 	at com.facebook.react.runtime.internal.bolts.Task.onSuccess$lambda$12(Task.kt:174)
05-11 13:22:34.999 15628 15894 E unknown:ReactHost: 	at com.facebook.react.runtime.internal.bolts.Task.$r8$lambda$l0wwo5AvbHxlwfI1R7CH_codxoo(Unknown Source:0)
05-11 13:22:34.999 15628 15894 E unknown:ReactHost: 	at com.facebook.react.runtime.internal.bolts.Task$$ExternalSyntheticLambda2.then(D8$$SyntheticClass:0)
05-11 13:22:34.999 15628 15894 E unknown:ReactHost: 	at com.facebook.react.runtime.internal.bolts.Task$Companion.completeAfterTask$lambda$5(Task.kt:390)
05-11 13:22:34.999 15628 15894 E unknown:ReactHost: 	at com.facebook.react.runtime.internal.bolts.Task$Companion.$r8$lambda$IPpysnehFwANEiW061YzapkMdoE(Unknown Source:0)
05-11 13:22:34.999 15628 15894 E unknown:ReactHost: 	at com.facebook.react.runtime.internal.bolts.Task$Companion$$ExternalSyntheticLambda4.run(D8$$SyntheticClass:0)
05-11 13:22:34.999 15628 15894 E unknown:ReactHost: 	at com.facebook.react.runtime.internal.bolts.Executors$ImmediateExecutor.execute(Executors.kt:41)
05-11 13:22:34.999 15628 15894 E unknown:ReactHost: 	at com.facebook.react.runtime.internal.bolts.Task$Companion.completeAfterTask(Task.kt:388)
05-11 13:22:34.999 15628 15894 E unknown:ReactHost: 	at com.facebook.react.runtime.internal.bolts.Task$Companion.access$completeAfterTask(Task.kt:250)
05-11 13:22:34.999 15628 15894 E unknown:ReactHost: 	at com.facebook.react.runtime.internal.bolts.Task.continueWithTask(Task.kt:156)
05-11 13:22:34.999 15628 15894 E unknown:ReactHost: 	at com.facebook.react.runtime.internal.bolts.Task.onSuccess(Task.kt:169)
05-11 13:22:34.999 15628 15894 E unknown:ReactHost: 	at com.facebook.react.runtime.ReactHostImpl.callWithExistingReactInstance(ReactHostImpl.kt:798)
05-11 13:22:34.999 15628 15894 E unknown:ReactHost: 	at com.facebook.react.runtime.ReactHostImpl.callWithExistingReactInstance$default(ReactHostImpl.kt:791)
05-11 13:22:34.999 15628 15894 E unknown:ReactHost: 	at com.facebook.react.runtime.ReactHostImpl.callFunctionOnModule$ReactAndroid_debug(ReactHostImpl.kt:687)
05-11 13:22:34.999 15628 15894 E unknown:ReactHost: 	at com.facebook.react.runtime.BridgelessReactContext.emitDeviceEvent(BridgelessReactContext.kt:134)
05-11 13:22:34.999 15628 15894 E unknown:ReactHost: 	at com.facebook.react.modules.network.ResponseUtil.onDataReceivedProgress(ResponseUtil.kt:59)
05-11 13:22:34.999 15628 15894 E unknown:ReactHost: 	at com.facebook.react.modules.network.NetworkingModule$sendRequestInternal$1$responseBody$1.onProgress(NetworkingModule.kt:316)
05-11 13:22:34.999 15628 15894 E unknown:ReactHost: 	at com.facebook.react.modules.network.ProgressResponseBody$source$1.read(ProgressResponseBody.kt:51)
05-11 13:22:34.999 15628 15894 E unknown:ReactHost: 	at okio.RealBufferedSource.read(RealBufferedSource.kt:194)
05-11 13:22:34.999 15628 15894 E unknown:ReactHost: 	at okio.RealBufferedSource.exhausted(RealBufferedSource.kt:202)
05-11 13:22:34.999 15628 15894 E unknown:ReactHost: 	at okio.GzipSource.read(GzipSource.kt:86)
05-11 13:22:34.999 15628 15894 E unknown:ReactHost: 	at okio.Buffer.writeAll(Buffer.kt:1308)
05-11 13:22:34.999 15628 15894 E unknown:ReactHost: 	at okio.RealBufferedSource.readByteArray(RealBufferedSource.kt:244)
05-11 13:22:34.999 15628 15894 E unknown:ReactHost: 	at okhttp3.ResponseBody.bytes(ResponseBody.kt:124)
05-11 13:22:34.999 15628 15894 E unknown:ReactHost: 	at com.facebook.react.modules.blob.BlobModule$networkingResponseHandler$1.toResponseData(BlobModule.kt:123)
05-11 13:22:34.999 15628 15894 E unknown:ReactHost: 	at com.facebook.react.modules.network.NetworkingModule$sendRequestInternal$2.onResponse(NetworkingModule.kt:540)
05-11 13:22:34.999 15628 15894 E unknown:ReactHost: 	at okhttp3.internal.connection.RealCall$AsyncCall.run(RealCall.kt:519)
05-11 13:22:34.999 15628 15894 E unknown:ReactHost: 	at java.util.concurrent.ThreadPoolExecutor.runWorker(ThreadPoolExecutor.java:1154)
05-11 13:22:34.999 15628 15894 E unknown:ReactHost: 	at java.util.concurrent.ThreadPoolExecutor$Worker.run(ThreadPoolExecutor.java:652)
05-11 13:22:34.999 15628 15894 E unknown:ReactHost: 	at java.lang.Thread.run(Thread.java:1564)
05-11 13:22:34.999 15628 15894 W unknown:BridgelessReact: ReactHost{0}.raiseSoftException(callWithExistingReactInstance(callFunctionOnModule("RCTDeviceEventEmitter", "emit"))): Execute: reactInstance is null. Dropping work.
05-11 13:22:35.000 15628 15894 E unknown:ReactHost: Unhandled SoftException
05-11 13:22:35.000 15628 15894 E unknown:ReactHost: com.facebook.react.bridge.ReactNoCrashSoftException: raiseSoftException(callWithExistingReactInstance(callFunctionOnModule("RCTDeviceEventEmitter", "emit"))): Execute: reactInstance is null. Dropping work.
05-11 13:22:35.000 15628 15894 E unknown:ReactHost: 	at com.facebook.react.runtime.ReactHostImpl.raiseSoftException(ReactHostImpl.kt:787)
05-11 13:22:35.000 15628 15894 E unknown:ReactHost: 	at com.facebook.react.runtime.ReactHostImpl.raiseSoftException$default(ReactHostImpl.kt:779)
05-11 13:22:35.000 15628 15894 E unknown:ReactHost: 	at com.facebook.react.runtime.ReactHostImpl.callWithExistingReactInstance$lambda$28(ReactHostImpl.kt:802)
05-11 13:22:35.000 15628 15894 E unknown:ReactHost: 	at com.facebook.react.runtime.ReactHostImpl.$r8$lambda$6NreFt2BcPly8g6qrNV9Z1C-YmU(Unknown Source:0)
05-11 13:22:35.000 15628 15894 E unknown:ReactHost: 	at com.facebook.react.runtime.ReactHostImpl$$ExternalSyntheticLambda31.then(D8$$SyntheticClass:0)
05-11 13:22:35.000 15628 15894 E unknown:ReactHost: 	at com.facebook.react.runtime.internal.bolts.Task$Companion.completeImmediately$lambda$3(Task.kt:356)
05-11 13:22:35.000 15628 15894 E unknown:ReactHost: 	at com.facebook.react.runtime.internal.bolts.Task$Companion.$r8$lambda$b7MTC0ufkn_2TjF4BGcNqGR9qK0(Unknown Source:0)
05-11 13:22:35.000 15628 15894 E unknown:ReactHost: 	at com.facebook.react.runtime.internal.bolts.Task$Companion$$ExternalSyntheticLambda3.run(D8$$SyntheticClass:0)
05-11 13:22:35.000 15628 15894 E unknown:ReactHost: 	at com.facebook.react.runtime.internal.bolts.Executors$ImmediateExecutor.execute(Executors.kt:41)
05-11 13:22:35.000 15628 15894 E unknown:ReactHost: 	at com.facebook.react.runtime.internal.bolts.Task$Companion.completeImmediately(Task.kt:354)
05-11 13:22:35.000 15628 15894 E unknown:ReactHost: 	at com.facebook.react.runtime.internal.bolts.Task$Companion.access$completeImmediately(Task.kt:250)
05-11 13:22:35.000 15628 15894 E unknown:ReactHost: 	at com.facebook.react.runtime.internal.bolts.Task.continueWith(Task.kt:132)
05-11 13:22:35.000 15628 15894 E unknown:ReactHost: 	at com.facebook.react.runtime.internal.bolts.Task.continueWith$default(Task.kt:117)
05-11 13:22:35.000 15628 15894 E unknown:ReactHost: 	at com.facebook.react.runtime.internal.bolts.Task.onSuccess$lambda$12(Task.kt:174)
05-11 13:22:35.000 15628 15894 E unknown:ReactHost: 	at com.facebook.react.runtime.internal.bolts.Task.$r8$lambda$l0wwo5AvbHxlwfI1R7CH_codxoo(Unknown Source:0)
05-11 13:22:35.000 15628 15894 E unknown:ReactHost: 	at com.facebook.react.runtime.internal.bolts.Task$$ExternalSyntheticLambda2.then(D8$$SyntheticClass:0)
05-11 13:22:35.000 15628 15894 E unknown:ReactHost: 	at com.facebook.react.runtime.internal.bolts.Task$Companion.completeAfterTask$lambda$5(Task.kt:390)
05-11 13:22:35.000 15628 15894 E unknown:ReactHost: 	at com.facebook.react.runtime.internal.bolts.Task$Companion.$r8$lambda$IPpysnehFwANEiW061YzapkMdoE(Unknown Source:0)
05-11 13:22:35.000 15628 15894 E unknown:ReactHost: 	at com.facebook.react.runtime.internal.bolts.Task$Companion$$ExternalSyntheticLambda4.run(D8$$SyntheticClass:0)
05-11 13:22:35.000 15628 15894 E unknown:ReactHost: 	at com.facebook.react.runtime.internal.bolts.Executors$ImmediateExecutor.execute(Executors.kt:41)
05-11 13:22:35.000 15628 15894 E unknown:ReactHost: 	at com.facebook.react.runtime.internal.bolts.Task$Companion.completeAfterTask(Task.kt:388)
05-11 13:22:35.000 15628 15894 E unknown:ReactHost: 	at com.facebook.react.runtime.internal.bolts.Task$Companion.access$completeAfterTask(Task.kt:250)
05-11 13:22:35.000 15628 15894 E unknown:ReactHost: 	at com.facebook.react.runtime.internal.bolts.Task.continueWithTask(Task.kt:156)
05-11 13:22:35.000 15628 15894 E unknown:ReactHost: 	at com.facebook.react.runtime.internal.bolts.Task.onSuccess(Task.kt:169)
05-11 13:22:35.000 15628 15894 E unknown:ReactHost: 	at com.facebook.react.runtime.ReactHostImpl.callWithExistingReactInstance(ReactHostImpl.kt:798)
05-11 13:22:35.000 15628 15894 E unknown:ReactHost: 	at com.facebook.react.runtime.ReactHostImpl.callWithExistingReactInstance$default(ReactHostImpl.kt:791)
05-11 13:22:35.000 15628 15894 E unknown:ReactHost: 	at com.facebook.react.runtime.ReactHostImpl.callFunctionOnModule$ReactAndroid_debug(ReactHostImpl.kt:687)
05-11 13:22:35.000 15628 15894 E unknown:ReactHost: 	at com.facebook.react.runtime.BridgelessReactContext.emitDeviceEvent(BridgelessReactContext.kt:134)
05-11 13:22:35.000 15628 15894 E unknown:ReactHost: 	at com.facebook.react.modules.network.ResponseUtil.onDataReceived(ResponseUtil.kt:80)
05-11 13:22:35.000 15628 15894 E unknown:ReactHost: 	at com.facebook.react.modules.network.NetworkingModule$sendRequestInternal$2.onResponse(NetworkingModule.kt:541)
05-11 13:22:35.000 15628 15894 E unknown:ReactHost: 	at okhttp3.internal.connection.RealCall$AsyncCall.run(RealCall.kt:519)
05-11 13:22:35.000 15628 15894 E unknown:ReactHost: 	at java.util.concurrent.ThreadPoolExecutor.runWorker(ThreadPoolExecutor.java:1154)
05-11 13:22:35.000 15628 15894 E unknown:ReactHost: 	at java.util.concurrent.ThreadPoolExecutor$Worker.run(ThreadPoolExecutor.java:652)
05-11 13:22:35.000 15628 15894 E unknown:ReactHost: 	at java.lang.Thread.run(Thread.java:1564)
05-11 13:22:35.000 15628 15894 W unknown:BridgelessReact: ReactHost{0}.raiseSoftException(callWithExistingReactInstance(callFunctionOnModule("RCTDeviceEventEmitter", "emit"))): Execute: reactInstance is null. Dropping work.
05-11 13:22:35.000 15628 15894 E unknown:ReactHost: Unhandled SoftException
05-11 13:22:35.000 15628 15894 E unknown:ReactHost: com.facebook.react.bridge.ReactNoCrashSoftException: raiseSoftException(callWithExistingReactInstance(callFunctionOnModule("RCTDeviceEventEmitter", "emit"))): Execute: reactInstance is null. Dropping work.
05-11 13:22:35.000 15628 15894 E unknown:ReactHost: 	at com.facebook.react.runtime.ReactHostImpl.raiseSoftException(ReactHostImpl.kt:787)
05-11 13:22:35.000 15628 15894 E unknown:ReactHost: 	at com.facebook.react.runtime.ReactHostImpl.raiseSoftException$default(ReactHostImpl.kt:779)
05-11 13:22:35.000 15628 15894 E unknown:ReactHost: 	at com.facebook.react.runtime.ReactHostImpl.callWithExistingReactInstance$lambda$28(ReactHostImpl.kt:802)
05-11 13:22:35.000 15628 15894 E unknown:ReactHost: 	at com.facebook.react.runtime.ReactHostImpl.$r8$lambda$6NreFt2BcPly8g6qrNV9Z1C-YmU(Unknown Source:0)
05-11 13:22:35.000 15628 15894 E unknown:ReactHost: 	at com.facebook.react.runtime.ReactHostImpl$$ExternalSyntheticLambda31.then(D8$$SyntheticClass:0)
05-11 13:22:35.000 15628 15894 E unknown:ReactHost: 	at com.facebook.react.runtime.internal.bolts.Task$Companion.completeImmediately$lambda$3(Task.kt:356)
05-11 13:22:35.000 15628 15894 E unknown:ReactHost: 	at com.facebook.react.runtime.internal.bolts.Task$Companion.$r8$lambda$b7MTC0ufkn_2TjF4BGcNqGR9qK0(Unknown Source:0)
05-11 13:22:35.000 15628 15894 E unknown:ReactHost: 	at com.facebook.react.runtime.internal.bolts.Task$Companion$$ExternalSyntheticLambda3.run(D8$$SyntheticClass:0)
05-11 13:22:35.000 15628 15894 E unknown:ReactHost: 	at com.facebook.react.runtime.internal.bolts.Executors$ImmediateExecutor.execute(Executors.kt:41)
05-11 13:22:35.000 15628 15894 E unknown:ReactHost: 	at com.facebook.react.runtime.internal.bolts.Task$Companion.completeImmediately(Task.kt:354)
05-11 13:22:35.000 15628 15894 E unknown:ReactHost: 	at com.facebook.react.runtime.internal.bolts.Task$Companion.access$completeImmediately(Task.kt:250)
05-11 13:22:35.000 15628 15894 E unknown:ReactHost: 	at com.facebook.react.runtime.internal.bolts.Task.continueWith(Task.kt:132)
05-11 13:22:35.000 15628 15894 E unknown:ReactHost: 	at com.facebook.react.runtime.internal.bolts.Task.continueWith$default(Task.kt:117)
05-11 13:22:35.000 15628 15894 E unknown:ReactHost: 	at com.facebook.react.runtime.internal.bolts.Task.onSuccess$lambda$12(Task.kt:174)
05-11 13:22:35.000 15628 15894 E unknown:ReactHost: 	at com.facebook.react.runtime.internal.bolts.Task.$r8$lambda$l0wwo5AvbHxlwfI1R7CH_codxoo(Unknown Source:0)
05-11 13:22:35.000 15628 15894 E unknown:ReactHost: 	at com.facebook.react.runtime.internal.bolts.Task$$ExternalSyntheticLambda2.then(D8$$SyntheticClass:0)
05-11 13:22:35.000 15628 15894 E unknown:ReactHost: 	at com.facebook.react.runtime.internal.bolts.Task$Companion.completeAfterTask$lambda$5(Task.kt:390)
05-11 13:22:35.000 15628 15894 E unknown:ReactHost: 	at com.facebook.react.runtime.internal.bolts.Task$Companion.$r8$lambda$IPpysnehFwANEiW061YzapkMdoE(Unknown Source:0)
05-11 13:22:35.000 15628 15894 E unknown:ReactHost: 	at com.facebook.react.runtime.internal.bolts.Task$Companion$$ExternalSyntheticLambda4.run(D8$$SyntheticClass:0)
05-11 13:22:35.000 15628 15894 E unknown:ReactHost: 	at com.facebook.react.runtime.internal.bolts.Executors$ImmediateExecutor.execute(Executors.kt:41)
05-11 13:22:35.000 15628 15894 E unknown:ReactHost: 	at com.facebook.react.runtime.internal.bolts.Task$Companion.completeAfterTask(Task.kt:388)
05-11 13:22:35.000 15628 15894 E unknown:ReactHost: 	at com.facebook.react.runtime.internal.bolts.Task$Companion.access$completeAfterTask(Task.kt:250)
05-11 13:22:35.000 15628 15894 E unknown:ReactHost: 	at com.facebook.react.runtime.internal.bolts.Task.continueWithTask(Task.kt:156)
05-11 13:22:35.000 15628 15894 E unknown:ReactHost: 	at com.facebook.react.runtime.internal.bolts.Task.onSuccess(Task.kt:169)
05-11 13:22:35.000 15628 15894 E unknown:ReactHost: 	at com.facebook.react.runtime.ReactHostImpl.callWithExistingReactInstance(ReactHostImpl.kt:798)
05-11 13:22:35.000 15628 15894 E unknown:ReactHost: 	at com.facebook.react.runtime.ReactHostImpl.callWithExistingReactInstance$default(ReactHostImpl.kt:791)
05-11 13:22:35.000 15628 15894 E unknown:ReactHost: 	at com.facebook.react.runtime.ReactHostImpl.callFunctionOnModule$ReactAndroid_debug(ReactHostImpl.kt:687)
05-11 13:22:35.000 15628 15894 E unknown:ReactHost: 	at com.facebook.react.runtime.BridgelessReactContext.emitDeviceEvent(BridgelessReactContext.kt:134)
05-11 13:22:35.000 15628 15894 E unknown:ReactHost: 	at com.facebook.react.modules.network.ResponseUtil.onRequestSuccess(ResponseUtil.kt:108)
05-11 13:22:35.000 15628 15894 E unknown:ReactHost: 	at com.facebook.react.modules.network.NetworkingModule$sendRequestInternal$2.onResponse(NetworkingModule.kt:542)
05-11 13:22:35.000 15628 15894 E unknown:ReactHost: 	at okhttp3.internal.connection.RealCall$AsyncCall.run(RealCall.kt:519)
05-11 13:22:35.000 15628 15894 E unknown:ReactHost: 	at java.util.concurrent.ThreadPoolExecutor.runWorker(ThreadPoolExecutor.java:1154)
05-11 13:22:35.000 15628 15894 E unknown:ReactHost: 	at java.util.concurrent.ThreadPoolExecutor$Worker.run(ThreadPoolExecutor.java:652)
05-11 13:22:35.000 15628 15894 E unknown:ReactHost: 	at java.lang.Thread.run(Thread.java:1564)
05-11 13:22:35.001  3249  8395 D CoreBackPreview: Window{4ebe3f u0 com.ginit.app/com.ginit.app.MainActivity}: Setting back callback OnBackInvokedCallbackInfo{mCallback=android.window.IOnBackInvokedCallback$Stub$Proxy@b0607a4, mPriority=0, mIsAnimationCallback=false, mOverrideBehavior=0}
05-11 13:22:35.002  3249  8395 I WindowManager: Relayout Window{4ebe3f u0 com.ginit.app/com.ginit.app.MainActivity}: viewVisibility=0 req=1440x3120 ty=2 d0
05-11 13:22:35.002  2433  2833 I SurfaceFlinger: id=37093 createSurf, flag=44004, com.ginit.app/com.ginit.app.MainActivity$_15628#37093
05-11 13:22:35.002  3249  8395 D WindowManager: makeSurface duration=0 name=com.ginit.app/com.ginit.app.MainActivity$_15628
05-11 13:22:35.002  2433  2433 I SurfaceFlinger: [com.ginit.app/com.ginit.app.MainActivity$_15628#37093] attach to parent LayerHierarchy{RequestedLayerState{4ebe3f com.ginit.app/com.ginit.app.MainActivity#37090 parentId=37074 z=1} 2 children}
05-11 13:22:35.003 15628 15628 I InsetsSourceConsumer: applyRequestedVisibilityToControl: visible=true, type=navigationBars, host=com.ginit.app/com.ginit.app.MainActivity
05-11 13:22:35.003 15628 15628 I InsetsSourceConsumer: applyRequestedVisibilityToControl: visible=true, type=statusBars, host=com.ginit.app/com.ginit.app.MainActivity
05-11 13:22:35.013  2433  4992 I SurfaceFlinger: [com.ginit.app/com.ginit.app.MainActivity$_15628#37093] setTransactionState with the first frame. bufferData(ID: 67121748901899, frameNumber: 1)
05-11 13:22:35.013  3249  8395 D WindowManager: finishDrawingWindow: Window{4ebe3f u0 com.ginit.app/com.ginit.app.MainActivity} mDrawState=DRAW_PENDING seqId=0
05-11 13:22:35.014  3249  3355 V WindowManager: Loading animations: picked package=com.ginit.app
05-11 13:22:35.014  3249  3355 I WindowManager: Reparenting to leash, surface=Surface(name=4ebe3f com.ginit.app/com.ginit.app.MainActivity#37090)/@0x7b5e0c2, leashParent=Surface(name=ActivityRecord{51905628 u0 com.ginit.app/.MainActivity t10786}#37074)/@0x9fc6504
05-11 13:22:35.014  2433  4992 I SurfaceFlinger: id=37094 createSurf, flag=24004, Surface(name=4ebe3f com.ginit.app/com.ginit.app.MainActivity#37090)/@0x7b5e0c2 - animation-leash of window_animation#37094
05-11 13:22:35.014  3249  3355 D WindowManager: makeSurface duration=1 leash=Surface(name=Surface(name=4ebe3f com.ginit.app/com.ginit.app.MainActivity#37090)/@0x7b5e0c2 - animation-leash of window_animation#37094)/@0xaf7fed3
05-11 13:22:35.014  3249  3355 V WindowManager: performShowLocked: mDrawState=HAS_DRAWN in Window{4ebe3f u0 com.ginit.app/com.ginit.app.MainActivity}
05-11 13:22:35.015 15628 15927 W unknown:BridgelessReact: ReactHost{0}.raiseSoftException(callWithExistingReactInstance(callFunctionOnModule("RCTDeviceEventEmitter", "emit"))): Execute: reactInstance is null. Dropping work.
05-11 13:22:35.015 15628 15927 E unknown:ReactHost: Unhandled SoftException
05-11 13:22:35.015 15628 15927 E unknown:ReactHost: com.facebook.react.bridge.ReactNoCrashSoftException: raiseSoftException(callWithExistingReactInstance(callFunctionOnModule("RCTDeviceEventEmitter", "emit"))): Execute: reactInstance is null. Dropping work.
05-11 13:22:35.015 15628 15927 E unknown:ReactHost: 	at com.facebook.react.runtime.ReactHostImpl.raiseSoftException(ReactHostImpl.kt:787)
05-11 13:22:35.015 15628 15927 E unknown:ReactHost: 	at com.facebook.react.runtime.ReactHostImpl.raiseSoftException$default(ReactHostImpl.kt:779)
05-11 13:22:35.015 15628 15927 E unknown:ReactHost: 	at com.facebook.react.runtime.ReactHostImpl.callWithExistingReactInstance$lambda$28(ReactHostImpl.kt:802)
05-11 13:22:35.015 15628 15927 E unknown:ReactHost: 	at com.facebook.react.runtime.ReactHostImpl.$r8$lambda$6NreFt2BcPly8g6qrNV9Z1C-YmU(Unknown Source:0)
05-11 13:22:35.015 15628 15927 E unknown:ReactHost: 	at com.facebook.react.runtime.ReactHostImpl$$ExternalSyntheticLambda31.then(D8$$SyntheticClass:0)
05-11 13:22:35.015 15628 15927 E unknown:ReactHost: 	at com.facebook.react.runtime.internal.bolts.Task$Companion.completeImmediately$lambda$3(Task.kt:356)
05-11 13:22:35.015 15628 15927 E unknown:ReactHost: 	at com.facebook.react.runtime.internal.bolts.Task$Companion.$r8$lambda$b7MTC0ufkn_2TjF4BGcNqGR9qK0(Unknown Source:0)
05-11 13:22:35.015 15628 15927 E unknown:ReactHost: 	at com.facebook.react.runtime.internal.bolts.Task$Companion$$ExternalSyntheticLambda3.run(D8$$SyntheticClass:0)
05-11 13:22:35.015 15628 15927 E unknown:ReactHost: 	at com.facebook.react.runtime.internal.bolts.Executors$ImmediateExecutor.execute(Executors.kt:41)
05-11 13:22:35.015 15628 15927 E unknown:ReactHost: 	at com.facebook.react.runtime.internal.bolts.Task$Companion.completeImmediately(Task.kt:354)
05-11 13:22:35.015 15628 15927 E unknown:ReactHost: 	at com.facebook.react.runtime.internal.bolts.Task$Companion.access$completeImmediately(Task.kt:250)
05-11 13:22:35.015 15628 15927 E unknown:ReactHost: 	at com.facebook.react.runtime.internal.bolts.Task.continueWith(Task.kt:132)
05-11 13:22:35.015 15628 15927 E unknown:ReactHost: 	at com.facebook.react.runtime.internal.bolts.Task.continueWith$default(Task.kt:117)
05-11 13:22:35.015 15628 15927 E unknown:ReactHost: 	at com.facebook.react.runtime.internal.bolts.Task.onSuccess$lambda$12(Task.kt:174)
05-11 13:22:35.015 15628 15927 E unknown:ReactHost: 	at com.facebook.react.runtime.internal.bolts.Task.$r8$lambda$l0wwo5AvbHxlwfI1R7CH_codxoo(Unknown Source:0)
05-11 13:22:35.015 15628 15927 E unknown:ReactHost: 	at com.facebook.react.runtime.internal.bolts.Task$$ExternalSyntheticLambda2.then(D8$$SyntheticClass:0)
05-11 13:22:35.015 15628 15927 E unknown:ReactHost: 	at com.facebook.react.runtime.internal.bolts.Task$Companion.completeAfterTask$lambda$5(Task.kt:390)
05-11 13:22:35.015 15628 15927 E unknown:ReactHost: 	at com.facebook.react.runtime.internal.bolts.Task$Companion.$r8$lambda$IPpysnehFwANEiW061YzapkMdoE(Unknown Source:0)
05-11 13:22:35.015 15628 15927 E unknown:ReactHost: 	at com.facebook.react.runtime.internal.bolts.Task$Companion$$ExternalSyntheticLambda4.run(D8$$SyntheticClass:0)
05-11 13:22:35.015 15628 15927 E unknown:ReactHost: 	at com.facebook.react.runtime.internal.bolts.Executors$ImmediateExecutor.execute(Executors.kt:41)
05-11 13:22:35.015 15628 15927 E unknown:ReactHost: 	at com.facebook.react.runtime.internal.bolts.Task$Companion.completeAfterTask(Task.kt:388)
05-11 13:22:35.015 15628 15927 E unknown:ReactHost: 	at com.facebook.react.runtime.internal.bolts.Task$Companion.access$completeAfterTask(Task.kt:250)
05-11 13:22:35.015 15628 15927 E unknown:ReactHost: 	at com.facebook.react.runtime.internal.bolts.Task.continueWithTask(Task.kt:156)
05-11 13:22:35.015 15628 15927 E unknown:ReactHost: 	at com.facebook.react.runtime.internal.bolts.Task.onSuccess(Task.kt:169)
05-11 13:22:35.015 15628 15927 E unknown:ReactHost: 	at com.facebook.react.runtime.ReactHostImpl.callWithExistingReactInstance(ReactHostImpl.kt:798)
05-11 13:22:35.015 15628 15927 E unknown:ReactHost: 	at com.facebook.react.runtime.ReactHostImpl.callWithExistingReactInstance$default(ReactHostImpl.kt:791)
05-11 13:22:35.015 15628 15927 E unknown:ReactHost: 	at com.facebook.react.runtime.ReactHostImpl.callFunctionOnModule$ReactAndroid_debug(ReactHostImpl.kt:687)
05-11 13:22:35.015 15628 15927 E unknown:ReactHost: 	at com.facebook.react.runtime.BridgelessReactContext.emitDeviceEvent(BridgelessReactContext.kt:134)
05-11 13:22:35.015 15628 15927 E unknown:ReactHost: 	at com.facebook.react.modules.network.ResponseUtil.onResponseReceived(ResponseUtil.kt:124)
05-11 13:22:35.015 15628 15927 E unknown:ReactHost: 	at com.facebook.react.modules.network.NetworkingModule$sendRequestInternal$2.onResponse(NetworkingModule.kt:496)
05-11 13:22:35.015 15628 15927 E unknown:ReactHost: 	at okhttp3.internal.connection.RealCall$AsyncCall.run(RealCall.kt:519)
05-11 13:22:35.015 15628 15927 E unknown:ReactHost: 	at java.util.concurrent.ThreadPoolExecutor.runWorker(ThreadPoolExecutor.java:1154)
05-11 13:22:35.015 15628 15927 E unknown:ReactHost: 	at java.util.concurrent.ThreadPoolExecutor$Worker.run(ThreadPoolExecutor.java:652)
05-11 13:22:35.015 15628 15927 E unknown:ReactHost: 	at java.lang.Thread.run(Thread.java:1564)
05-11 13:22:35.015 15628 15927 W unknown:BridgelessReact: ReactHost{0}.raiseSoftException(callWithExistingReactInstance(callFunctionOnModule("RCTDeviceEventEmitter", "emit"))): Execute: reactInstance is null. Dropping work.
05-11 13:22:35.015 15628 15628 I ReactNative: [GESTURE HANDLER] Tearing down gesture handler registered for root view com.facebook.react.runtime.ReactSurfaceView{79650d5 V.E...... .......D 0,0-1440,3120 #1}
05-11 13:22:35.015 15628 15927 E unknown:ReactHost: Unhandled SoftException
05-11 13:22:35.015 15628 15927 E unknown:ReactHost: com.facebook.react.bridge.ReactNoCrashSoftException: raiseSoftException(callWithExistingReactInstance(callFunctionOnModule("RCTDeviceEventEmitter", "emit"))): Execute: reactInstance is null. Dropping work.
05-11 13:22:35.015 15628 15927 E unknown:ReactHost: 	at com.facebook.react.runtime.ReactHostImpl.raiseSoftException(ReactHostImpl.kt:787)
05-11 13:22:35.015 15628 15927 E unknown:ReactHost: 	at com.facebook.react.runtime.ReactHostImpl.raiseSoftException$default(ReactHostImpl.kt:779)
05-11 13:22:35.015 15628 15927 E unknown:ReactHost: 	at com.facebook.react.runtime.ReactHostImpl.callWithExistingReactInstance$lambda$28(ReactHostImpl.kt:802)
05-11 13:22:35.015 15628 15927 E unknown:ReactHost: 	at com.facebook.react.runtime.ReactHostImpl.$r8$lambda$6NreFt2BcPly8g6qrNV9Z1C-YmU(Unknown Source:0)
05-11 13:22:35.015 15628 15927 E unknown:ReactHost: 	at com.facebook.react.runtime.ReactHostImpl$$ExternalSyntheticLambda31.then(D8$$SyntheticClass:0)
05-11 13:22:35.015 15628 15927 E unknown:ReactHost: 	at com.facebook.react.runtime.internal.bolts.Task$Companion.completeImmediately$lambda$3(Task.kt:356)
05-11 13:22:35.015 15628 15927 E unknown:ReactHost: 	at com.facebook.react.runtime.internal.bolts.Task$Companion.$r8$lambda$b7MTC0ufkn_2TjF4BGcNqGR9qK0(Unknown Source:0)
05-11 13:22:35.015 15628 15927 E unknown:ReactHost: 	at com.facebook.react.runtime.internal.bolts.Task$Companion$$ExternalSyntheticLambda3.run(D8$$SyntheticClass:0)
05-11 13:22:35.015 15628 15927 E unknown:ReactHost: 	at com.facebook.react.runtime.internal.bolts.Executors$ImmediateExecutor.execute(Executors.kt:41)
05-11 13:22:35.015 15628 15927 E unknown:ReactHost: 	at com.facebook.react.runtime.internal.bolts.Task$Companion.completeImmediately(Task.kt:354)
05-11 13:22:35.015 15628 15927 E unknown:ReactHost: 	at com.facebook.react.runtime.internal.bolts.Task$Companion.access$completeImmediately(Task.kt:250)
05-11 13:22:35.015 15628 15927 E unknown:ReactHost: 	at com.facebook.react.runtime.internal.bolts.Task.continueWith(Task.kt:132)
05-11 13:22:35.015 15628 15927 E unknown:ReactHost: 	at com.facebook.react.runtime.internal.bolts.Task.continueWith$default(Task.kt:117)
05-11 13:22:35.015 15628 15927 E unknown:ReactHost: 	at com.facebook.react.runtime.internal.bolts.Task.onSuccess$lambda$12(Task.kt:174)
05-11 13:22:35.015 15628 15927 E unknown:ReactHost: 	at com.facebook.react.runtime.internal.bolts.Task.$r8$lambda$l0wwo5AvbHxlwfI1R7CH_codxoo(Unknown Source:0)
05-11 13:22:35.015 15628 15927 E unknown:ReactHost: 	at com.facebook.react.runtime.internal.bolts.Task$$ExternalSyntheticLambda2.then(D8$$SyntheticClass:0)
05-11 13:22:35.015 15628 15927 E unknown:ReactHost: 	at com.facebook.react.runtime.internal.bolts.Task$Companion.completeAfterTask$lambda$5(Task.kt:390)
05-11 13:22:35.015 15628 15927 E unknown:ReactHost: 	at com.facebook.react.runtime.internal.bolts.Task$Companion.$r8$lambda$IPpysnehFwANEiW061YzapkMdoE(Unknown Source:0)
05-11 13:22:35.015 15628 15927 E unknown:ReactHost: 	at com.facebook.react.runtime.internal.bolts.Task$Companion$$ExternalSyntheticLambda4.run(D8$$SyntheticClass:0)
05-11 13:22:35.015 15628 15927 E unknown:ReactHost: 	at com.facebook.react.runtime.internal.bolts.Executors$ImmediateExecutor.execute(Executors.kt:41)
05-11 13:22:35.015 15628 15927 E unknown:ReactHost: 	at com.facebook.react.runtime.internal.bolts.Task$Companion.completeAfterTask(Task.kt:388)
05-11 13:22:35.015 15628 15927 E unknown:ReactHost: 	at com.facebook.react.runtime.internal.bolts.Task$Companion.access$completeAfterTask(Task.kt:250)
05-11 13:22:35.015 15628 15927 E unknown:ReactHost: 	at com.facebook.react.runtime.internal.bolts.Task.continueWithTask(Task.kt:156)
05-11 13:22:35.015 15628 15927 E unknown:ReactHost: 	at com.facebook.react.runtime.internal.bolts.Task.onSuccess(Task.kt:169)
05-11 13:22:35.015 15628 15927 E unknown:ReactHost: 	at com.facebook.react.runtime.ReactHostImpl.callWithExistingReactInstance(ReactHostImpl.kt:798)
05-11 13:22:35.015 15628 15927 E unknown:ReactHost: 	at com.facebook.react.runtime.ReactHostImpl.callWithExistingReactInstance$default(ReactHostImpl.kt:791)
05-11 13:22:35.015 15628 15927 E unknown:ReactHost: 	at com.facebook.react.runtime.ReactHostImpl.callFunctionOnModule$ReactAndroid_debug(ReactHostImpl.kt:687)
05-11 13:22:35.015 15628 15927 E unknown:ReactHost: 	at com.facebook.react.runtime.BridgelessReactContext.emitDeviceEvent(BridgelessReactContext.kt:134)
05-11 13:22:35.015 15628 15927 E unknown:ReactHost: 	at com.facebook.react.modules.network.ResponseUtil.onDataReceivedProgress(ResponseUtil.kt:59)
05-11 13:22:35.015 15628 15927 E unknown:ReactHost: 	at com.facebook.react.modules.network.NetworkingModule$sendRequestInternal$1$responseBody$1.onProgress(NetworkingModule.kt:316)
05-11 13:22:35.015 15628 15927 E unknown:ReactHost: 	at com.facebook.react.modules.network.ProgressResponseBody$source$1.read(ProgressResponseBody.kt:51)
05-11 13:22:35.015 15628 15927 E unknown:ReactHost: 	at okio.RealBufferedSource.read(RealBufferedSource.kt:194)
05-11 13:22:35.015 15628 15927 E unknown:ReactHost: 	at okio.RealBufferedSource.exhausted(RealBufferedSource.kt:202)
05-11 13:22:35.015 15628 15927 E unknown:ReactHost: 	at okio.GzipSource.read(GzipSource.kt:86)
05-11 13:22:35.015 15628 15927 E unknown:ReactHost: 	at okio.Buffer.writeAll(Buffer.kt:1308)
05-11 13:22:35.015 15628 15927 E unknown:ReactHost: 	at okio.RealBufferedSource.readByteArray(RealBufferedSource.kt:244)
05-11 13:22:35.015 15628 15927 E unknown:ReactHost: 	at okhttp3.ResponseBody.bytes(ResponseBody.kt:124)
05-11 13:22:35.015 15628 15927 E unknown:ReactHost: 	at com.facebook.react.modules.blob.BlobModule$networkingResponseHandler$1.toResponseData(BlobModule.kt:123)
05-11 13:22:35.015 15628 15927 E unknown:ReactHost: 	at com.facebook.react.modules.network.NetworkingModule$sendRequestInternal$2.onResponse(NetworkingModule.kt:540)
05-11 13:22:35.015 15628 15927 E unknown:ReactHost: 	at okhttp3.internal.connection.RealCall$AsyncCall.run(RealCall.kt:519)
05-11 13:22:35.015 15628 15927 E unknown:ReactHost: 	at java.util.concurrent.ThreadPoolExecutor.runWorker(ThreadPoolExecutor.java:1154)
05-11 13:22:35.015 15628 15927 E unknown:ReactHost: 	at java.util.concurrent.ThreadPoolExecutor$Worker.run(ThreadPoolExecutor.java:652)
05-11 13:22:35.015 15628 15927 E unknown:ReactHost: 	at java.lang.Thread.run(Thread.java:1564)
05-11 13:22:35.015 15628 15628 E RNCNaverMapView: ⭐️doDestroy called destroyed=false, 
05-11 13:22:35.015 15628 15628 E RNCNaverMapView: ⭐️mapView onPause @destroy, 
05-11 13:22:35.016 15628 15927 W unknown:BridgelessReact: ReactHost{0}.raiseSoftException(callWithExistingReactInstance(callFunctionOnModule("RCTDeviceEventEmitter", "emit"))): Execute: reactInstance is null. Dropping work.
05-11 13:22:35.016 15628 15927 E unknown:ReactHost: Unhandled SoftException
05-11 13:22:35.016 15628 15927 E unknown:ReactHost: com.facebook.react.bridge.ReactNoCrashSoftException: raiseSoftException(callWithExistingReactInstance(callFunctionOnModule("RCTDeviceEventEmitter", "emit"))): Execute: reactInstance is null. Dropping work.
05-11 13:22:35.016 15628 15927 E unknown:ReactHost: 	at com.facebook.react.runtime.ReactHostImpl.raiseSoftException(ReactHostImpl.kt:787)
05-11 13:22:35.016 15628 15927 E unknown:ReactHost: 	at com.facebook.react.runtime.ReactHostImpl.raiseSoftException$default(ReactHostImpl.kt:779)
05-11 13:22:35.016 15628 15927 E unknown:ReactHost: 	at com.facebook.react.runtime.ReactHostImpl.callWithExistingReactInstance$lambda$28(ReactHostImpl.kt:802)
05-11 13:22:35.016 15628 15927 E unknown:ReactHost: 	at com.facebook.react.runtime.ReactHostImpl.$r8$lambda$6NreFt2BcPly8g6qrNV9Z1C-YmU(Unknown Source:0)
05-11 13:22:35.016 15628 15927 E unknown:ReactHost: 	at com.facebook.react.runtime.ReactHostImpl$$ExternalSyntheticLambda31.then(D8$$SyntheticClass:0)
05-11 13:22:35.016 15628 15927 E unknown:ReactHost: 	at com.facebook.react.runtime.internal.bolts.Task$Companion.completeImmediately$lambda$3(Task.kt:356)
05-11 13:22:35.016 15628 15927 E unknown:ReactHost: 	at com.facebook.react.runtime.internal.bolts.Task$Companion.$r8$lambda$b7MTC0ufkn_2TjF4BGcNqGR9qK0(Unknown Source:0)
05-11 13:22:35.016 15628 15927 E unknown:ReactHost: 	at com.facebook.react.runtime.internal.bolts.Task$Companion$$ExternalSyntheticLambda3.run(D8$$SyntheticClass:0)
05-11 13:22:35.016 15628 15927 E unknown:ReactHost: 	at com.facebook.react.runtime.internal.bolts.Executors$ImmediateExecutor.execute(Executors.kt:41)
05-11 13:22:35.016 15628 15927 E unknown:ReactHost: 	at com.facebook.react.runtime.internal.bolts.Task$Companion.completeImmediately(Task.kt:354)
05-11 13:22:35.016 15628 15927 E unknown:ReactHost: 	at com.facebook.react.runtime.internal.bolts.Task$Companion.access$completeImmediately(Task.kt:250)
05-11 13:22:35.016 15628 15927 E unknown:ReactHost: 	at com.facebook.react.runtime.internal.bolts.Task.continueWith(Task.kt:132)
05-11 13:22:35.016 15628 15927 E unknown:ReactHost: 	at com.facebook.react.runtime.internal.bolts.Task.continueWith$default(Task.kt:117)
05-11 13:22:35.016 15628 15927 E unknown:ReactHost: 	at com.facebook.react.runtime.internal.bolts.Task.onSuccess$lambda$12(Task.kt:174)
05-11 13:22:35.016 15628 15927 E unknown:ReactHost: 	at com.facebook.react.runtime.internal.bolts.Task.$r8$lambda$l0wwo5AvbHxlwfI1R7CH_codxoo(Unknown Source:0)
05-11 13:22:35.016 15628 15927 E unknown:ReactHost: 	at com.facebook.react.runtime.internal.bolts.Task$$ExternalSyntheticLambda2.then(D8$$SyntheticClass:0)
05-11 13:22:35.016 15628 15927 E unknown:ReactHost: 	at com.facebook.react.runtime.internal.bolts.Task$Companion.completeAfterTask$lambda$5(Task.kt:390)
05-11 13:22:35.016 15628 15927 E unknown:ReactHost: 	at com.facebook.react.runtime.internal.bolts.Task$Companion.$r8$lambda$IPpysnehFwANEiW061YzapkMdoE(Unknown Source:0)
05-11 13:22:35.016 15628 15927 E unknown:ReactHost: 	at com.facebook.react.runtime.internal.bolts.Task$Companion$$ExternalSyntheticLambda4.run(D8$$SyntheticClass:0)
05-11 13:22:35.016 15628 15927 E unknown:ReactHost: 	at com.facebook.react.runtime.internal.bolts.Executors$ImmediateExecutor.execute(Executors.kt:41)
05-11 13:22:35.016 15628 15927 E unknown:ReactHost: 	at com.facebook.react.runtime.internal.bolts.Task$Companion.completeAfterTask(Task.kt:388)
05-11 13:22:35.016 15628 15927 E unknown:ReactHost: 	at com.facebook.react.runtime.internal.bolts.Task$Companion.access$completeAfterTask(Task.kt:250)
05-11 13:22:35.016 15628 15927 E unknown:ReactHost: 	at com.facebook.react.runtime.internal.bolts.Task.continueWithTask(Task.kt:156)
05-11 13:22:35.016 15628 15927 E unknown:ReactHost: 	at com.facebook.react.runtime.internal.bolts.Task.onSuccess(Task.kt:169)
05-11 13:22:35.016 15628 15927 E unknown:ReactHost: 	at com.facebook.react.runtime.ReactHostImpl.callWithExistingReactInstance(ReactHostImpl.kt:798)
05-11 13:22:35.016 15628 15927 E unknown:ReactHost: 	at com.facebook.react.runtime.ReactHostImpl.callWithExistingReactInstance$default(ReactHostImpl.kt:791)
05-11 13:22:35.016 15628 15927 E unknown:ReactHost: 	at com.facebook.react.runtime.ReactHostImpl.callFunctionOnModule$ReactAndroid_debug(ReactHostImpl.kt:687)
05-11 13:22:35.016 15628 15927 E unknown:ReactHost: 	at com.facebook.react.runtime.BridgelessReactContext.emitDeviceEvent(BridgelessReactContext.kt:134)
05-11 13:22:35.016 15628 15927 E unknown:ReactHost: 	at com.facebook.react.modules.network.ResponseUtil.onDataReceived(ResponseUtil.kt:80)
05-11 13:22:35.016 15628 15927 E unknown:ReactHost: 	at com.facebook.react.modules.network.NetworkingModule$sendRequestInternal$2.onResponse(NetworkingModule.kt:541)
05-11 13:22:35.016 15628 15927 E unknown:ReactHost: 	at okhttp3.internal.connection.RealCall$AsyncCall.run(RealCall.kt:519)
05-11 13:22:35.016 15628 15927 E unknown:ReactHost: 	at java.util.concurrent.ThreadPoolExecutor.runWorker(ThreadPoolExecutor.java:1154)
05-11 13:22:35.016 15628 15927 E unknown:ReactHost: 	at java.util.concurrent.ThreadPoolExecutor$Worker.run(ThreadPoolExecutor.java:652)
05-11 13:22:35.016 15628 15927 E unknown:ReactHost: 	at java.lang.Thread.run(Thread.java:1564)
05-11 13:22:35.016 15628 15927 W unknown:BridgelessReact: ReactHost{0}.raiseSoftException(callWithExistingReactInstance(callFunctionOnModule("RCTDeviceEventEmitter", "emit"))): Execute: reactInstance is null. Dropping work.
05-11 13:22:35.016 15628 15628 E RNCNaverMapView: ⭐️mapView onStop @destroy, 
05-11 13:22:35.016 15628 15927 E unknown:ReactHost: Unhandled SoftException
05-11 13:22:35.016 15628 15927 E unknown:ReactHost: com.facebook.react.bridge.ReactNoCrashSoftException: raiseSoftException(callWithExistingReactInstance(callFunctionOnModule("RCTDeviceEventEmitter", "emit"))): Execute: reactInstance is null. Dropping work.
05-11 13:22:35.016 15628 15927 E unknown:ReactHost: 	at com.facebook.react.runtime.ReactHostImpl.raiseSoftException(ReactHostImpl.kt:787)
05-11 13:22:35.016 15628 15927 E unknown:ReactHost: 	at com.facebook.react.runtime.ReactHostImpl.raiseSoftException$default(ReactHostImpl.kt:779)
05-11 13:22:35.016 15628 15927 E unknown:ReactHost: 	at com.facebook.react.runtime.ReactHostImpl.callWithExistingReactInstance$lambda$28(ReactHostImpl.kt:802)
05-11 13:22:35.016 15628 15927 E unknown:ReactHost: 	at com.facebook.react.runtime.ReactHostImpl.$r8$lambda$6NreFt2BcPly8g6qrNV9Z1C-YmU(Unknown Source:0)
05-11 13:22:35.016 15628 15927 E unknown:ReactHost: 	at com.facebook.react.runtime.ReactHostImpl$$ExternalSyntheticLambda31.then(D8$$SyntheticClass:0)
05-11 13:22:35.016 15628 15927 E unknown:ReactHost: 	at com.facebook.react.runtime.internal.bolts.Task$Companion.completeImmediately$lambda$3(Task.kt:356)
05-11 13:22:35.016 15628 15927 E unknown:ReactHost: 	at com.facebook.react.runtime.internal.bolts.Task$Companion.$r8$lambda$b7MTC0ufkn_2TjF4BGcNqGR9qK0(Unknown Source:0)
05-11 13:22:35.016 15628 15927 E unknown:ReactHost: 	at com.facebook.react.runtime.internal.bolts.Task$Companion$$ExternalSyntheticLambda3.run(D8$$SyntheticClass:0)
05-11 13:22:35.016 15628 15927 E unknown:ReactHost: 	at com.facebook.react.runtime.internal.bolts.Executors$ImmediateExecutor.execute(Executors.kt:41)
05-11 13:22:35.016 15628 15927 E unknown:ReactHost: 	at com.facebook.react.runtime.internal.bolts.Task$Companion.completeImmediately(Task.kt:354)
05-11 13:22:35.016 15628 15927 E unknown:ReactHost: 	at com.facebook.react.runtime.internal.bolts.Task$Companion.access$completeImmediately(Task.kt:250)
05-11 13:22:35.016 15628 15927 E unknown:ReactHost: 	at com.facebook.react.runtime.internal.bolts.Task.continueWith(Task.kt:132)
05-11 13:22:35.016 15628 15927 E unknown:ReactHost: 	at com.facebook.react.runtime.internal.bolts.Task.continueWith$default(Task.kt:117)
05-11 13:22:35.016 15628 15927 E unknown:ReactHost: 	at com.facebook.react.runtime.internal.bolts.Task.onSuccess$lambda$12(Task.kt:174)
05-11 13:22:35.016 15628 15927 E unknown:ReactHost: 	at com.facebook.react.runtime.internal.bolts.Task.$r8$lambda$l0wwo5AvbHxlwfI1R7CH_codxoo(Unknown Source:0)
05-11 13:22:35.016 15628 15927 E unknown:ReactHost: 	at com.facebook.react.runtime.internal.bolts.Task$$ExternalSyntheticLambda2.then(D8$$SyntheticClass:0)
05-11 13:22:35.016 15628 15927 E unknown:ReactHost: 	at com.facebook.react.runtime.internal.bolts.Task$Companion.completeAfterTask$lambda$5(Task.kt:390)
05-11 13:22:35.016 15628 15927 E unknown:ReactHost: 	at com.facebook.react.runtime.internal.bolts.Task$Companion.$r8$lambda$IPpysnehFwANEiW061YzapkMdoE(Unknown Source:0)
05-11 13:22:35.016 15628 15927 E unknown:ReactHost: 	at com.facebook.react.runtime.internal.bolts.Task$Companion$$ExternalSyntheticLambda4.run(D8$$SyntheticClass:0)
05-11 13:22:35.016 15628 15927 E unknown:ReactHost: 	at com.facebook.react.runtime.internal.bolts.Executors$ImmediateExecutor.execute(Executors.kt:41)
05-11 13:22:35.016 15628 15927 E unknown:ReactHost: 	at com.facebook.react.runtime.internal.bolts.Task$Companion.completeAfterTask(Task.kt:388)
05-11 13:22:35.016 15628 15927 E unknown:ReactHost: 	at com.facebook.react.runtime.internal.bolts.Task$Companion.access$completeAfterTask(Task.kt:250)
05-11 13:22:35.016 15628 15927 E unknown:ReactHost: 	at com.facebook.react.runtime.internal.bolts.Task.continueWithTask(Task.kt:156)
05-11 13:22:35.016 15628 15927 E unknown:ReactHost: 	at com.facebook.react.runtime.internal.bolts.Task.onSuccess(Task.kt:169)
05-11 13:22:35.016 15628 15927 E unknown:ReactHost: 	at com.facebook.react.runtime.ReactHostImpl.callWithExistingReactInstance(ReactHostImpl.kt:798)
05-11 13:22:35.016 15628 15927 E unknown:ReactHost: 	at com.facebook.react.runtime.ReactHostImpl.callWithExistingReactInstance$default(ReactHostImpl.kt:791)
05-11 13:22:35.016 15628 15927 E unknown:ReactHost: 	at com.facebook.react.runtime.ReactHostImpl.callFunctionOnModule$ReactAndroid_debug(ReactHostImpl.kt:687)
05-11 13:22:35.016 15628 15927 E unknown:ReactHost: 	at com.facebook.react.runtime.BridgelessReactContext.emitDeviceEvent(BridgelessReactContext.kt:134)
05-11 13:22:35.016 15628 15927 E unknown:ReactHost: 	at com.facebook.react.modules.network.ResponseUtil.onRequestSuccess(ResponseUtil.kt:108)
05-11 13:22:35.016 15628 15927 E unknown:ReactHost: 	at com.facebook.react.modules.network.NetworkingModule$sendRequestInternal$2.onResponse(NetworkingModule.kt:542)
05-11 13:22:35.016 15628 15927 E unknown:ReactHost: 	at okhttp3.internal.connection.RealCall$AsyncCall.run(RealCall.kt:519)
05-11 13:22:35.016 15628 15927 E unknown:ReactHost: 	at java.util.concurrent.ThreadPoolExecutor.runWorker(ThreadPoolExecutor.java:1154)
05-11 13:22:35.016 15628 15927 E unknown:ReactHost: 	at java.util.concurrent.ThreadPoolExecutor$Worker.run(ThreadPoolExecutor.java:652)
05-11 13:22:35.016 15628 15927 E unknown:ReactHost: 	at java.lang.Thread.run(Thread.java:1564)
05-11 13:22:35.016 15628 15628 E RNCNaverMapView: ⭐️mapView onDestroy @destroy, 
05-11 13:22:35.017 15628 15923 W unknown:BridgelessReact: ReactHost{0}.raiseSoftException(callWithExistingReactInstance(callFunctionOnModule("RCTDeviceEventEmitter", "emit"))): Execute: reactInstance is null. Dropping work.
05-11 13:22:35.017 15628 15923 E unknown:ReactHost: Unhandled SoftException
05-11 13:22:35.017 15628 15923 E unknown:ReactHost: com.facebook.react.bridge.ReactNoCrashSoftException: raiseSoftException(callWithExistingReactInstance(callFunctionOnModule("RCTDeviceEventEmitter", "emit"))): Execute: reactInstance is null. Dropping work.
05-11 13:22:35.017 15628 15923 E unknown:ReactHost: 	at com.facebook.react.runtime.ReactHostImpl.raiseSoftException(ReactHostImpl.kt:787)
05-11 13:22:35.017 15628 15923 E unknown:ReactHost: 	at com.facebook.react.runtime.ReactHostImpl.raiseSoftException$default(ReactHostImpl.kt:779)
05-11 13:22:35.017 15628 15923 E unknown:ReactHost: 	at com.facebook.react.runtime.ReactHostImpl.callWithExistingReactInstance$lambda$28(ReactHostImpl.kt:802)
05-11 13:22:35.017 15628 15923 E unknown:ReactHost: 	at com.facebook.react.runtime.ReactHostImpl.$r8$lambda$6NreFt2BcPly8g6qrNV9Z1C-YmU(Unknown Source:0)
05-11 13:22:35.017 15628 15923 E unknown:ReactHost: 	at com.facebook.react.runtime.ReactHostImpl$$ExternalSyntheticLambda31.then(D8$$SyntheticClass:0)
05-11 13:22:35.017 15628 15923 E unknown:ReactHost: 	at com.facebook.react.runtime.internal.bolts.Task$Companion.completeImmediately$lambda$3(Task.kt:356)
05-11 13:22:35.017 15628 15923 E unknown:ReactHost: 	at com.facebook.react.runtime.internal.bolts.Task$Companion.$r8$lambda$b7MTC0ufkn_2TjF4BGcNqGR9qK0(Unknown Source:0)
05-11 13:22:35.017 15628 15923 E unknown:ReactHost: 	at com.facebook.react.runtime.internal.bolts.Task$Companion$$ExternalSyntheticLambda3.run(D8$$SyntheticClass:0)
05-11 13:22:35.017 15628 15923 E unknown:ReactHost: 	at com.facebook.react.runtime.internal.bolts.Executors$ImmediateExecutor.execute(Executors.kt:41)
05-11 13:22:35.017 15628 15923 E unknown:ReactHost: 	at com.facebook.react.runtime.internal.bolts.Task$Companion.completeImmediately(Task.kt:354)
05-11 13:22:35.017 15628 15923 E unknown:ReactHost: 	at com.facebook.react.runtime.internal.bolts.Task$Companion.access$completeImmediately(Task.kt:250)
05-11 13:22:35.017 15628 15923 E unknown:ReactHost: 	at com.facebook.react.runtime.internal.bolts.Task.continueWith(Task.kt:132)
05-11 13:22:35.017 15628 15923 E unknown:ReactHost: 	at com.facebook.react.runtime.internal.bolts.Task.continueWith$default(Task.kt:117)
05-11 13:22:35.017 15628 15923 E unknown:ReactHost: 	at com.facebook.react.runtime.internal.bolts.Task.onSuccess$lambda$12(Task.kt:174)
05-11 13:22:35.017 15628 15923 E unknown:ReactHost: 	at com.facebook.react.runtime.internal.bolts.Task.$r8$lambda$l0wwo5AvbHxlwfI1R7CH_codxoo(Unknown Source:0)
05-11 13:22:35.017 15628 15923 E unknown:ReactHost: 	at com.facebook.react.runtime.internal.bolts.Task$$ExternalSyntheticLambda2.then(D8$$SyntheticClass:0)
05-11 13:22:35.017 15628 15923 E unknown:ReactHost: 	at com.facebook.react.runtime.internal.bolts.Task$Companion.completeAfterTask$lambda$5(Task.kt:390)
05-11 13:22:35.017 15628 15923 E unknown:ReactHost: 	at com.facebook.react.runtime.internal.bolts.Task$Companion.$r8$lambda$IPpysnehFwANEiW061YzapkMdoE(Unknown Source:0)
05-11 13:22:35.017 15628 15923 E unknown:ReactHost: 	at com.facebook.react.runtime.internal.bolts.Task$Companion$$ExternalSyntheticLambda4.run(D8$$SyntheticClass:0)
05-11 13:22:35.017 15628 15923 E unknown:ReactHost: 	at com.facebook.react.runtime.internal.bolts.Executors$ImmediateExecutor.execute(Executors.kt:41)
05-11 13:22:35.017 15628 15923 E unknown:ReactHost: 	at com.facebook.react.runtime.internal.bolts.Task$Companion.completeAfterTask(Task.kt:388)
05-11 13:22:35.017 15628 15923 E unknown:ReactHost: 	at com.facebook.react.runtime.internal.bolts.Task$Companion.access$completeAfterTask(Task.kt:250)
05-11 13:22:35.017 15628 15923 E unknown:ReactHost: 	at com.facebook.react.runtime.internal.bolts.Task.continueWithTask(Task.kt:156)
05-11 13:22:35.017 15628 15923 E unknown:ReactHost: 	at com.facebook.react.runtime.internal.bolts.Task.onSuccess(Task.kt:169)
05-11 13:22:35.017 15628 15923 E unknown:ReactHost: 	at com.facebook.react.runtime.ReactHostImpl.callWithExistingReactInstance(ReactHostImpl.kt:798)
05-11 13:22:35.017 15628 15923 E unknown:ReactHost: 	at com.facebook.react.runtime.ReactHostImpl.callWithExistingReactInstance$default(ReactHostImpl.kt:791)
05-11 13:22:35.017 15628 15923 E unknown:ReactHost: 	at com.facebook.react.runtime.ReactHostImpl.callFunctionOnModule$ReactAndroid_debug(ReactHostImpl.kt:687)
05-11 13:22:35.017 15628 15923 E unknown:ReactHost: 	at com.facebook.react.runtime.BridgelessReactContext.emitDeviceEvent(BridgelessReactContext.kt:134)
05-11 13:22:35.017 15628 15923 E unknown:ReactHost: 	at com.facebook.react.modules.network.ResponseUtil.onResponseReceived(ResponseUtil.kt:124)
05-11 13:22:35.017 15628 15923 E unknown:ReactHost: 	at com.facebook.react.modules.network.NetworkingModule$sendRequestInternal$2.onResponse(NetworkingModule.kt:496)
05-11 13:22:35.017 15628 15923 E unknown:ReactHost: 	at okhttp3.internal.connection.RealCall$AsyncCall.run(RealCall.kt:519)
05-11 13:22:35.017 15628 15923 E unknown:ReactHost: 	at java.util.concurrent.ThreadPoolExecutor.runWorker(ThreadPoolExecutor.java:1154)
05-11 13:22:35.017 15628 15923 E unknown:ReactHost: 	at java.util.concurrent.ThreadPoolExecutor$Worker.run(ThreadPoolExecutor.java:652)
05-11 13:22:35.017 15628 15923 E unknown:ReactHost: 	at java.lang.Thread.run(Thread.java:1564)
05-11 13:22:35.017 15628 15923 W unknown:BridgelessReact: ReactHost{0}.raiseSoftException(callWithExistingReactInstance(callFunctionOnModule("RCTDeviceEventEmitter", "emit"))): Execute: reactInstance is null. Dropping work.
05-11 13:22:35.017 15628 15923 E unknown:ReactHost: Unhandled SoftException
05-11 13:22:35.017 15628 15923 E unknown:ReactHost: com.facebook.react.bridge.ReactNoCrashSoftException: raiseSoftException(callWithExistingReactInstance(callFunctionOnModule("RCTDeviceEventEmitter", "emit"))): Execute: reactInstance is null. Dropping work.
05-11 13:22:35.017 15628 15923 E unknown:ReactHost: 	at com.facebook.react.runtime.ReactHostImpl.raiseSoftException(ReactHostImpl.kt:787)
05-11 13:22:35.017 15628 15923 E unknown:ReactHost: 	at com.facebook.react.runtime.ReactHostImpl.raiseSoftException$default(ReactHostImpl.kt:779)
05-11 13:22:35.017 15628 15923 E unknown:ReactHost: 	at com.facebook.react.runtime.ReactHostImpl.callWithExistingReactInstance$lambda$28(ReactHostImpl.kt:802)
05-11 13:22:35.017 15628 15923 E unknown:ReactHost: 	at com.facebook.react.runtime.ReactHostImpl.$r8$lambda$6NreFt2BcPly8g6qrNV9Z1C-YmU(Unknown Source:0)
05-11 13:22:35.017 15628 15923 E unknown:ReactHost: 	at com.facebook.react.runtime.ReactHostImpl$$ExternalSyntheticLambda31.then(D8$$SyntheticClass:0)
05-11 13:22:35.017 15628 15923 E unknown:ReactHost: 	at com.facebook.react.runtime.internal.bolts.Task$Companion.completeImmediately$lambda$3(Task.kt:356)
05-11 13:22:35.017 15628 15923 E unknown:ReactHost: 	at com.facebook.react.runtime.internal.bolts.Task$Companion.$r8$lambda$b7MTC0ufkn_2TjF4BGcNqGR9qK0(Unknown Source:0)
05-11 13:22:35.017 15628 15923 E unknown:ReactHost: 	at com.facebook.react.runtime.internal.bolts.Task$Companion$$ExternalSyntheticLambda3.run(D8$$SyntheticClass:0)
05-11 13:22:35.017 15628 15923 E unknown:ReactHost: 	at com.facebook.react.runtime.internal.bolts.Executors$ImmediateExecutor.execute(Executors.kt:41)
05-11 13:22:35.017 15628 15923 E unknown:ReactHost: 	at com.facebook.react.runtime.internal.bolts.Task$Companion.completeImmediately(Task.kt:354)
05-11 13:22:35.017 15628 15923 E unknown:ReactHost: 	at com.facebook.react.runtime.internal.bolts.Task$Companion.access$completeImmediately(Task.kt:250)
05-11 13:22:35.017 15628 15923 E unknown:ReactHost: 	at com.facebook.react.runtime.internal.bolts.Task.continueWith(Task.kt:132)
05-11 13:22:35.017 15628 15923 E unknown:ReactHost: 	at com.facebook.react.runtime.internal.bolts.Task.continueWith$default(Task.kt:117)
05-11 13:22:35.017 15628 15923 E unknown:ReactHost: 	at com.facebook.react.runtime.internal.bolts.Task.onSuccess$lambda$12(Task.kt:174)
05-11 13:22:35.017 15628 15923 E unknown:ReactHost: 	at com.facebook.react.runtime.internal.bolts.Task.$r8$lambda$l0wwo5AvbHxlwfI1R7CH_codxoo(Unknown Source:0)
05-11 13:22:35.017 15628 15923 E unknown:ReactHost: 	at com.facebook.react.runtime.internal.bolts.Task$$ExternalSyntheticLambda2.then(D8$$SyntheticClass:0)
05-11 13:22:35.017 15628 15923 E unknown:ReactHost: 	at com.facebook.react.runtime.internal.bolts.Task$Companion.completeAfterTask$lambda$5(Task.kt:390)
05-11 13:22:35.017 15628 15923 E unknown:ReactHost: 	at com.facebook.react.runtime.internal.bolts.Task$Companion.$r8$lambda$IPpysnehFwANEiW061YzapkMdoE(Unknown Source:0)
05-11 13:22:35.017 15628 15923 E unknown:ReactHost: 	at com.facebook.react.runtime.internal.bolts.Task$Companion$$ExternalSyntheticLambda4.run(D8$$SyntheticClass:0)
05-11 13:22:35.017 15628 15923 E unknown:ReactHost: 	at com.facebook.react.runtime.internal.bolts.Executors$ImmediateExecutor.execute(Executors.kt:41)
05-11 13:22:35.017 15628 15923 E unknown:ReactHost: 	at com.facebook.react.runtime.internal.bolts.Task$Companion.completeAfterTask(Task.kt:388)
05-11 13:22:35.017 15628 15923 E unknown:ReactHost: 	at com.facebook.react.runtime.internal.bolts.Task$Companion.access$completeAfterTask(Task.kt:250)
05-11 13:22:35.017 15628 15923 E unknown:ReactHost: 	at com.facebook.react.runtime.internal.bolts.Task.continueWithTask(Task.kt:156)
05-11 13:22:35.017 15628 15923 E unknown:ReactHost: 	at com.facebook.react.runtime.internal.bolts.Task.onSuccess(Task.kt:169)
05-11 13:22:35.017 15628 15923 E unknown:ReactHost: 	at com.facebook.react.runtime.ReactHostImpl.callWithExistingReactInstance(ReactHostImpl.kt:798)
05-11 13:22:35.017 15628 15923 E unknown:ReactHost: 	at com.facebook.react.runtime.ReactHostImpl.callWithExistingReactInstance$default(ReactHostImpl.kt:791)
05-11 13:22:35.017 15628 15923 E unknown:ReactHost: 	at com.facebook.react.runtime.ReactHostImpl.callFunctionOnModule$ReactAndroid_debug(ReactHostImpl.kt:687)
05-11 13:22:35.017 15628 15923 E unknown:ReactHost: 	at com.facebook.react.runtime.BridgelessReactContext.emitDeviceEvent(BridgelessReactContext.kt:134)
05-11 13:22:35.017 15628 15923 E unknown:ReactHost: 	at com.facebook.react.modules.network.ResponseUtil.onDataReceivedProgress(ResponseUtil.kt:59)
05-11 13:22:35.017 15628 15923 E unknown:ReactHost: 	at com.facebook.react.modules.network.NetworkingModule$sendRequestInternal$1$responseBody$1.onProgress(NetworkingModule.kt:316)
05-11 13:22:35.017 15628 15923 E unknown:ReactHost: 	at com.facebook.react.modules.network.ProgressResponseBody$source$1.read(ProgressResponseBody.kt:51)
05-11 13:22:35.017 15628 15923 E unknown:ReactHost: 	at okio.Buffer.writeAll(Buffer.kt:1308)
05-11 13:22:35.017 15628 15923 E unknown:ReactHost: 	at okio.RealBufferedSource.readByteArray(RealBufferedSource.kt:244)
05-11 13:22:35.017 15628 15923 E unknown:ReactHost: 	at okhttp3.ResponseBody.bytes(ResponseBody.kt:124)
05-11 13:22:35.017 15628 15923 E unknown:ReactHost: 	at com.facebook.react.modules.blob.BlobModule$networkingResponseHandler$1.toResponseData(BlobModule.kt:123)
05-11 13:22:35.017 15628 15923 E unknown:ReactHost: 	at com.facebook.react.modules.network.NetworkingModule$sendRequestInternal$2.onResponse(NetworkingModule.kt:540)
05-11 13:22:35.017 15628 15923 E unknown:ReactHost: 	at okhttp3.internal.connection.RealCall$AsyncCall.run(RealCall.kt:519)
05-11 13:22:35.017 15628 15923 E unknown:ReactHost: 	at java.util.concurrent.ThreadPoolExecutor.runWorker(ThreadPoolExecutor.java:1154)
05-11 13:22:35.017 15628 15923 E unknown:ReactHost: 	at java.util.concurrent.ThreadPoolExecutor$Worker.run(ThreadPoolExecutor.java:652)
05-11 13:22:35.017 15628 15923 E unknown:ReactHost: 	at java.lang.Thread.run(Thread.java:1564)
05-11 13:22:35.017 15628 15923 W unknown:BridgelessReact: ReactHost{0}.raiseSoftException(callWithExistingReactInstance(callFunctionOnModule("RCTDeviceEventEmitter", "emit"))): Execute: reactInstance is null. Dropping work.
05-11 13:22:35.017 15628 15923 E unknown:ReactHost: Unhandled SoftException
05-11 13:22:35.017 15628 15923 E unknown:ReactHost: com.facebook.react.bridge.ReactNoCrashSoftException: raiseSoftException(callWithExistingReactInstance(callFunctionOnModule("RCTDeviceEventEmitter", "emit"))): Execute: reactInstance is null. Dropping work.
05-11 13:22:35.017 15628 15923 E unknown:ReactHost: 	at com.facebook.react.runtime.ReactHostImpl.raiseSoftException(ReactHostImpl.kt:787)
05-11 13:22:35.017 15628 15923 E unknown:ReactHost: 	at com.facebook.react.runtime.ReactHostImpl.raiseSoftException$default(ReactHostImpl.kt:779)
05-11 13:22:35.017 15628 15923 E unknown:ReactHost: 	at com.facebook.react.runtime.ReactHostImpl.callWithExistingReactInstance$lambda$28(ReactHostImpl.kt:802)
05-11 13:22:35.017 15628 15923 E unknown:ReactHost: 	at com.facebook.react.runtime.ReactHostImpl.$r8$lambda$6NreFt2BcPly8g6qrNV9Z1C-YmU(Unknown Source:0)
05-11 13:22:35.017 15628 15923 E unknown:ReactHost: 	at com.facebook.react.runtime.ReactHostImpl$$ExternalSyntheticLambda31.then(D8$$SyntheticClass:0)
05-11 13:22:35.017 15628 15923 E unknown:ReactHost: 	at com.facebook.react.runtime.internal.bolts.Task$Companion.completeImmediately$lambda$3(Task.kt:356)
05-11 13:22:35.017 15628 15923 E unknown:ReactHost: 	at com.facebook.react.runtime.internal.bolts.Task$Companion.$r8$lambda$b7MTC0ufkn_2TjF4BGcNqGR9qK0(Unknown Source:0)
05-11 13:22:35.017 15628 15923 E unknown:ReactHost: 	at com.facebook.react.runtime.internal.bolts.Task$Companion$$ExternalSyntheticLambda3.run(D8$$SyntheticClass:0)
05-11 13:22:35.017 15628 15923 E unknown:ReactHost: 	at com.facebook.react.runtime.internal.bolts.Executors$ImmediateExecutor.execute(Executors.kt:41)
05-11 13:22:35.017 15628 15923 E unknown:ReactHost: 	at com.facebook.react.runtime.internal.bolts.Task$Companion.completeImmediately(Task.kt:354)
05-11 13:22:35.017 15628 15923 E unknown:ReactHost: 	at com.facebook.react.runtime.internal.bolts.Task$Companion.access$completeImmediately(Task.kt:250)
05-11 13:22:35.017 15628 15923 E unknown:ReactHost: 	at com.facebook.react.runtime.internal.bolts.Task.continueWith(Task.kt:132)
05-11 13:22:35.017 15628 15923 E unknown:ReactHost: 	at com.facebook.react.runtime.internal.bolts.Task.continueWith$default(Task.kt:117)
05-11 13:22:35.017 15628 15923 E unknown:ReactHost: 	at com.facebook.react.runtime.internal.bolts.Task.onSuccess$lambda$12(Task.kt:174)
05-11 13:22:35.017 15628 15923 E unknown:ReactHost: 	at com.facebook.react.runtime.internal.bolts.Task.$r8$lambda$l0wwo5AvbHxlwfI1R7CH_codxoo(Unknown Source:0)
05-11 13:22:35.017 15628 15923 E unknown:ReactHost: 	at com.facebook.react.runtime.internal.bolts.Task$$ExternalSyntheticLambda2.then(D8$$SyntheticClass:0)
05-11 13:22:35.017 15628 15923 E unknown:ReactHost: 	at com.facebook.react.runtime.internal.bolts.Task$Companion.completeAfterTask$lambda$5(Task.kt:390)
05-11 13:22:35.017 15628 15923 E unknown:ReactHost: 	at com.facebook.react.runtime.internal.bolts.Task$Companion.$r8$lambda$IPpysnehFwANEiW061YzapkMdoE(Unknown Source:0)
05-11 13:22:35.017 15628 15923 E unknown:ReactHost: 	at com.facebook.react.runtime.internal.bolts.Task$Companion$$ExternalSyntheticLambda4.run(D8$$SyntheticClass:0)
05-11 13:22:35.017 15628 15923 E unknown:ReactHost: 	at com.facebook.react.runtime.internal.bolts.Executors$ImmediateExecutor.execute(Executors.kt:41)
05-11 13:22:35.017 15628 15923 E unknown:ReactHost: 	at com.facebook.react.runtime.internal.bolts.Task$Companion.completeAfterTask(Task.kt:388)
05-11 13:22:35.017 15628 15923 E unknown:ReactHost: 	at com.facebook.react.runtime.internal.bolts.Task$Companion.access$completeAfterTask(Task.kt:250)
05-11 13:22:35.017 15628 15923 E unknown:ReactHost: 	at com.facebook.react.runtime.internal.bolts.Task.continueWithTask(Task.kt:156)
05-11 13:22:35.017 15628 15923 E unknown:ReactHost: 	at com.facebook.react.runtime.internal.bolts.Task.onSuccess(Task.kt:169)
05-11 13:22:35.017 15628 15923 E unknown:ReactHost: 	at com.facebook.react.runtime.ReactHostImpl.callWithExistingReactInstance(ReactHostImpl.kt:798)
05-11 13:22:35.017 15628 15923 E unknown:ReactHost: 	at com.facebook.react.runtime.ReactHostImpl.callWithExistingReactInstance$default(ReactHostImpl.kt:791)
05-11 13:22:35.017 15628 15923 E unknown:ReactHost: 	at com.facebook.react.runtime.ReactHostImpl.callFunctionOnModule$ReactAndroid_debug(ReactHostImpl.kt:687)
05-11 13:22:35.017 15628 15923 E unknown:ReactHost: 	at com.facebook.react.runtime.BridgelessReactContext.emitDeviceEvent(BridgelessReactContext.kt:134)
05-11 13:22:35.017 15628 15923 E unknown:ReactHost: 	at com.facebook.react.modules.network.ResponseUtil.onDataReceived(ResponseUtil.kt:80)
05-11 13:22:35.017 15628 15923 E unknown:ReactHost: 	at com.facebook.react.modules.network.NetworkingModule$sendRequestInternal$2.onResponse(NetworkingModule.kt:541)
05-11 13:22:35.017 15628 15923 E unknown:ReactHost: 	at okhttp3.internal.connection.RealCall$AsyncCall.run(RealCall.kt:519)
05-11 13:22:35.017 15628 15923 E unknown:ReactHost: 	at java.util.concurrent.ThreadPoolExecutor.runWorker(ThreadPoolExecutor.java:1154)
05-11 13:22:35.017 15628 15923 E unknown:ReactHost: 	at java.util.concurrent.ThreadPoolExecutor$Worker.run(ThreadPoolExecutor.java:652)
05-11 13:22:35.017 15628 15923 E unknown:ReactHost: 	at java.lang.Thread.run(Thread.java:1564)
05-11 13:22:35.017 15628 15923 W unknown:BridgelessReact: ReactHost{0}.raiseSoftException(callWithExistingReactInstance(callFunctionOnModule("RCTDeviceEventEmitter", "emit"))): Execute: reactInstance is null. Dropping work.
05-11 13:22:35.017 15628 15923 E unknown:ReactHost: Unhandled SoftException
05-11 13:22:35.017 15628 15923 E unknown:ReactHost: com.facebook.react.bridge.ReactNoCrashSoftException: raiseSoftException(callWithExistingReactInstance(callFunctionOnModule("RCTDeviceEventEmitter", "emit"))): Execute: reactInstance is null. Dropping work.
05-11 13:22:35.017 15628 15923 E unknown:ReactHost: 	at com.facebook.react.runtime.ReactHostImpl.raiseSoftException(ReactHostImpl.kt:787)
05-11 13:22:35.017 15628 15923 E unknown:ReactHost: 	at com.facebook.react.runtime.ReactHostImpl.raiseSoftException$default(ReactHostImpl.kt:779)
05-11 13:22:35.017 15628 15923 E unknown:ReactHost: 	at com.facebook.react.runtime.ReactHostImpl.callWithExistingReactInstance$lambda$28(ReactHostImpl.kt:802)
05-11 13:22:35.017 15628 15923 E unknown:ReactHost: 	at com.facebook.react.runtime.ReactHostImpl.$r8$lambda$6NreFt2BcPly8g6qrNV9Z1C-YmU(Unknown Source:0)
05-11 13:22:35.017 15628 15923 E unknown:ReactHost: 	at com.facebook.react.runtime.ReactHostImpl$$ExternalSyntheticLambda31.then(D8$$SyntheticClass:0)
05-11 13:22:35.017 15628 15923 E unknown:ReactHost: 	at com.facebook.react.runtime.internal.bolts.Task$Companion.completeImmediately$lambda$3(Task.kt:356)
05-11 13:22:35.017 15628 15923 E unknown:ReactHost: 	at com.facebook.react.runtime.internal.bolts.Task$Companion.$r8$lambda$b7MTC0ufkn_2TjF4BGcNqGR9qK0(Unknown Source:0)
05-11 13:22:35.017 15628 15923 E unknown:ReactHost: 	at com.facebook.react.runtime.internal.bolts.Task$Companion$$ExternalSyntheticLambda3.run(D8$$SyntheticClass:0)
05-11 13:22:35.017 15628 15923 E unknown:ReactHost: 	at com.facebook.react.runtime.internal.bolts.Executors$ImmediateExecutor.execute(Executors.kt:41)
05-11 13:22:35.017 15628 15923 E unknown:ReactHost: 	at com.facebook.react.runtime.internal.bolts.Task$Companion.completeImmediately(Task.kt:354)
05-11 13:22:35.017 15628 15923 E unknown:ReactHost: 	at com.facebook.react.runtime.internal.bolts.Task$Companion.access$completeImmediately(Task.kt:250)
05-11 13:22:35.017 15628 15923 E unknown:ReactHost: 	at com.facebook.react.runtime.internal.bolts.Task.continueWith(Task.kt:132)
05-11 13:22:35.017 15628 15923 E unknown:ReactHost: 	at com.facebook.react.runtime.internal.bolts.Task.continueWith$default(Task.kt:117)
05-11 13:22:35.017 15628 15923 E unknown:ReactHost: 	at com.facebook.react.runtime.internal.bolts.Task.onSuccess$lambda$12(Task.kt:174)
05-11 13:22:35.017 15628 15923 E unknown:ReactHost: 	at com.facebook.react.runtime.internal.bolts.Task.$r8$lambda$l0wwo5AvbHxlwfI1R7CH_codxoo(Unknown Source:0)
05-11 13:22:35.017 15628 15923 E unknown:ReactHost: 	at com.facebook.react.runtime.internal.bolts.Task$$ExternalSyntheticLambda2.then(D8$$SyntheticClass:0)
05-11 13:22:35.017 15628 15923 E unknown:ReactHost: 	at com.facebook.react.runtime.internal.bolts.Task$Companion.completeAfterTask$lambda$5(Task.kt:390)
05-11 13:22:35.017 15628 15923 E unknown:ReactHost: 	at com.facebook.react.runtime.internal.bolts.Task$Companion.$r8$lambda$IPpysnehFwANEiW061YzapkMdoE(Unknown Source:0)
05-11 13:22:35.017 15628 15923 E unknown:ReactHost: 	at com.facebook.react.runtime.internal.bolts.Task$Companion$$ExternalSyntheticLambda4.run(D8$$SyntheticClass:0)
05-11 13:22:35.017 15628 15923 E unknown:ReactHost: 	at com.facebook.react.runtime.internal.bolts.Executors$ImmediateExecutor.execute(Executors.kt:41)
05-11 13:22:35.017 15628 15923 E unknown:ReactHost: 	at com.facebook.react.runtime.internal.bolts.Task$Companion.completeAfterTask(Task.kt:388)
05-11 13:22:35.017 15628 15923 E unknown:ReactHost: 	at com.facebook.react.runtime.internal.bolts.Task$Companion.access$completeAfterTask(Task.kt:250)
05-11 13:22:35.017 15628 15923 E unknown:ReactHost: 	at com.facebook.react.runtime.internal.bolts.Task.continueWithTask(Task.kt:156)
05-11 13:22:35.017 15628 15923 E unknown:ReactHost: 	at com.facebook.react.runtime.internal.bolts.Task.onSuccess(Task.kt:169)
05-11 13:22:35.017 15628 15923 E unknown:ReactHost: 	at com.facebook.react.runtime.ReactHostImpl.callWithExistingReactInstance(ReactHostImpl.kt:798)
05-11 13:22:35.017 15628 15923 E unknown:ReactHost: 	at com.facebook.react.runtime.ReactHostImpl.callWithExistingReactInstance$default(ReactHostImpl.kt:791)
05-11 13:22:35.017 15628 15923 E unknown:ReactHost: 	at com.facebook.react.runtime.ReactHostImpl.callFunctionOnModule$ReactAndroid_debug(ReactHostImpl.kt:687)
05-11 13:22:35.017 15628 15923 E unknown:ReactHost: 	at com.facebook.react.runtime.BridgelessReactContext.emitDeviceEvent(BridgelessReactContext.kt:134)
05-11 13:22:35.017 15628 15923 E unknown:ReactHost: 	at com.facebook.react.modules.network.ResponseUtil.onRequestSuccess(ResponseUtil.kt:108)
05-11 13:22:35.017 15628 15923 E unknown:ReactHost: 	at com.facebook.react.modules.network.NetworkingModule$sendRequestInternal$2.onResponse(NetworkingModule.kt:542)
05-11 13:22:35.017 15628 15923 E unknown:ReactHost: 	at okhttp3.internal.connection.RealCall$AsyncCall.run(RealCall.kt:519)
05-11 13:22:35.017 15628 15923 E unknown:ReactHost: 	at java.util.concurrent.ThreadPoolExecutor.runWorker(ThreadPoolExecutor.java:1154)
05-11 13:22:35.017 15628 15923 E unknown:ReactHost: 	at java.util.concurrent.ThreadPoolExecutor$Worker.run(ThreadPoolExecutor.java:652)
05-11 13:22:35.017 15628 15923 E unknown:ReactHost: 	at java.lang.Thread.run(Thread.java:1564)
05-11 13:22:35.019  2433  2433 I SurfaceFlinger: [com.ginit.app/com.ginit.app.MainActivity$_15628#37093] setFrameRate: 0.000000, Default, SeamedAndSeamless
05-11 13:22:35.019  2433  2433 I SurfaceFlinger: [com.ginit.app/com.ginit.app.MainActivity$_15628#37093] setFrameRateCategory: High
05-11 13:22:35.019  2433  2433 I SurfaceFlinger: [Surface(name=4ebe3f com.ginit.app/com.ginit.app.MainActivity#37090)/@0x7b5e0c2 - animation-leash of window_animation#37094] attach to parent LayerHierarchy{RequestedLayerState{ActivityRecord{51905628 u0 com.ginit.app/.MainActivity t10786}#37074 parentId=37073} 5 children}
05-11 13:22:35.019  2433  2840 D SurfaceFlinger: [input] setFocusedWindow: 4ebe3f com.ginit.app/com.ginit.app.MainActivity
05-11 13:22:35.020 15628 15894 W unknown:BridgelessReact: ReactHost{0}.raiseSoftException(callWithExistingReactInstance(callFunctionOnModule("RCTDeviceEventEmitter", "emit"))): Execute: reactInstance is null. Dropping work.
05-11 13:22:35.020  3249  8386 D InputDispatcher: Once focus requested (0): 4ebe3f com.ginit.app/com.ginit.app.MainActivity
05-11 13:22:35.020  3249  8386 D InputDispatcher: Focus request (0): 4ebe3f com.ginit.app/com.ginit.app.MainActivity but waiting because NOT_VISIBLE
05-11 13:22:35.020  3249  8386 D InputDispatcher: Focus left window (0): c0961fd com.ginit.app/com.ginit.app.MainActivity
05-11 13:22:35.020 15628 15894 E unknown:ReactHost: Unhandled SoftException
05-11 13:22:35.020 15628 15894 E unknown:ReactHost: com.facebook.react.bridge.ReactNoCrashSoftException: raiseSoftException(callWithExistingReactInstance(callFunctionOnModule("RCTDeviceEventEmitter", "emit"))): Execute: reactInstance is null. Dropping work.
05-11 13:22:35.020 15628 15894 E unknown:ReactHost: 	at com.facebook.react.runtime.ReactHostImpl.raiseSoftException(ReactHostImpl.kt:787)
05-11 13:22:35.020 15628 15894 E unknown:ReactHost: 	at com.facebook.react.runtime.ReactHostImpl.raiseSoftException$default(ReactHostImpl.kt:779)
05-11 13:22:35.020 15628 15894 E unknown:ReactHost: 	at com.facebook.react.runtime.ReactHostImpl.callWithExistingReactInstance$lambda$28(ReactHostImpl.kt:802)
05-11 13:22:35.020 15628 15894 E unknown:ReactHost: 	at com.facebook.react.runtime.ReactHostImpl.$r8$lambda$6NreFt2BcPly8g6qrNV9Z1C-YmU(Unknown Source:0)
05-11 13:22:35.020 15628 15894 E unknown:ReactHost: 	at com.facebook.react.runtime.ReactHostImpl$$ExternalSyntheticLambda31.then(D8$$SyntheticClass:0)
05-11 13:22:35.020 15628 15894 E unknown:ReactHost: 	at com.facebook.react.runtime.internal.bolts.Task$Companion.completeImmediately$lambda$3(Task.kt:356)
05-11 13:22:35.020 15628 15894 E unknown:ReactHost: 	at com.facebook.react.runtime.internal.bolts.Task$Companion.$r8$lambda$b7MTC0ufkn_2TjF4BGcNqGR9qK0(Unknown Source:0)
05-11 13:22:35.020 15628 15894 E unknown:ReactHost: 	at com.facebook.react.runtime.internal.bolts.Task$Companion$$ExternalSyntheticLambda3.run(D8$$SyntheticClass:0)
05-11 13:22:35.020 15628 15894 E unknown:ReactHost: 	at com.facebook.react.runtime.internal.bolts.Executors$ImmediateExecutor.execute(Executors.kt:41)
05-11 13:22:35.020 15628 15894 E unknown:ReactHost: 	at com.facebook.react.runtime.internal.bolts.Task$Companion.completeImmediately(Task.kt:354)
05-11 13:22:35.020 15628 15894 E unknown:ReactHost: 	at com.facebook.react.runtime.internal.bolts.Task$Companion.access$completeImmediately(Task.kt:250)
05-11 13:22:35.020 15628 15894 E unknown:ReactHost: 	at com.facebook.react.runtime.internal.bolts.Task.continueWith(Task.kt:132)
05-11 13:22:35.020 15628 15894 E unknown:ReactHost: 	at com.facebook.react.runtime.internal.bolts.Task.continueWith$default(Task.kt:117)
05-11 13:22:35.020 15628 15894 E unknown:ReactHost: 	at com.facebook.react.runtime.internal.bolts.Task.onSuccess$lambda$12(Task.kt:174)
05-11 13:22:35.020 15628 15894 E unknown:ReactHost: 	at com.facebook.react.runtime.internal.bolts.Task.$r8$lambda$l0wwo5AvbHxlwfI1R7CH_codxoo(Unknown Source:0)
05-11 13:22:35.020 15628 15894 E unknown:ReactHost: 	at com.facebook.react.runtime.internal.bolts.Task$$ExternalSyntheticLambda2.then(D8$$SyntheticClass:0)
05-11 13:22:35.020 15628 15894 E unknown:ReactHost: 	at com.facebook.react.runtime.internal.bolts.Task$Companion.completeAfterTask$lambda$5(Task.kt:390)
05-11 13:22:35.020 15628 15894 E unknown:ReactHost: 	at com.facebook.react.runtime.internal.bolts.Task$Companion.$r8$lambda$IPpysnehFwANEiW061YzapkMdoE(Unknown Source:0)
05-11 13:22:35.020 15628 15894 E unknown:ReactHost: 	at com.facebook.react.runtime.internal.bolts.Task$Companion$$ExternalSyntheticLambda4.run(D8$$SyntheticClass:0)
05-11 13:22:35.020 15628 15894 E unknown:ReactHost: 	at com.facebook.react.runtime.internal.bolts.Executors$ImmediateExecutor.execute(Executors.kt:41)
05-11 13:22:35.020 15628 15894 E unknown:ReactHost: 	at com.facebook.react.runtime.internal.bolts.Task$Companion.completeAfterTask(Task.kt:388)
05-11 13:22:35.020 15628 15894 E unknown:ReactHost: 	at com.facebook.react.runtime.internal.bolts.Task$Companion.access$completeAfterTask(Task.kt:250)
05-11 13:22:35.020 15628 15894 E unknown:ReactHost: 	at com.facebook.react.runtime.internal.bolts.Task.continueWithTask(Task.kt:156)
05-11 13:22:35.020 15628 15894 E unknown:ReactHost: 	at com.facebook.react.runtime.internal.bolts.Task.onSuccess(Task.kt:169)
05-11 13:22:35.020 15628 15894 E unknown:ReactHost: 	at com.facebook.react.runtime.ReactHostImpl.callWithExistingReactInstance(ReactHostImpl.kt:798)
05-11 13:22:35.020 15628 15894 E unknown:ReactHost: 	at com.facebook.react.runtime.ReactHostImpl.callWithExistingReactInstance$default(ReactHostImpl.kt:791)
05-11 13:22:35.020 15628 15894 E unknown:ReactHost: 	at com.facebook.react.runtime.ReactHostImpl.callFunctionOnModule$ReactAndroid_debug(ReactHostImpl.kt:687)
05-11 13:22:35.020 15628 15894 E unknown:ReactHost: 	at com.facebook.react.runtime.BridgelessReactContext.emitDeviceEvent(BridgelessReactContext.kt:134)
05-11 13:22:35.020 15628 15894 E unknown:ReactHost: 	at com.facebook.react.modules.network.ResponseUtil.onDataSend(ResponseUtil.kt:25)
05-11 13:22:35.020 15628 15894 E unknown:ReactHost: 	at com.facebook.react.modules.network.NetworkingModule$wrapRequestBodyWithProgressEmitter$1.onProgress(NetworkingModule.kt:601)
05-11 13:22:35.020 15628 15894 E unknown:ReactHost: 	at com.facebook.react.modules.network.ProgressRequestBody$outputStreamSink$1.sendProgressUpdate(ProgressRequestBody.kt:76)
05-11 13:22:35.020 15628 15894 E unknown:ReactHost: 	at com.facebook.react.modules.network.ProgressRequestBody$outputStreamSink$1.write(ProgressRequestBody.kt:69)
05-11 13:22:35.020 15628 15894 E unknown:ReactHost: 	at java.io.FilterOutputStream.write(FilterOutputStream.java:137)
05-11 13:22:35.020 15628 15894 E unknown:ReactHost: 	at com.facebook.react.modules.network.ProgressRequestBody$outputStreamSink$1.write(ProgressRequestBody.kt:60)
05-11 13:22:35.020 15628 15894 E unknown:ReactHost: 	at okio.OutputStreamSink.write(JvmOkio.kt:56)
05-11 13:22:35.020 15628 15894 E unknown:ReactHost: 	at okio.RealBufferedSink.flush(RealBufferedSink.kt:268)
05-11 13:22:35.020 15628 15894 E unknown:ReactHost: 	at com.facebook.react.modules.network.ProgressRequestBody.writeTo(ProgressRequestBody.kt:50)
05-11 13:22:35.020 15628 15894 E unknown:ReactHost: 	at okhttp3.internal.http.CallServerInterceptor.intercept(CallServerInterceptor.kt:62)
05-11 13:22:35.020 15628 15894 E unknown:ReactHost: 	at okhttp3.internal.http.RealInterceptorChain.proceed(RealInterceptorChain.kt:109)
05-11 13:22:35.020 15628 15894 E unknown:ReactHost: 	at com.facebook.react.modules.network.NetworkingModule$sendRequestInternal$$inlined$-addNetworkInterceptor$1.intercept(OkHttpClient.kt:1080)
05-11 13:22:35.020 15628 15894 E unknown:ReactHost: 	at okhttp3.internal.http.RealInterceptorChain.proceed(RealInterceptorChain.kt:109)
05-11 13:22:35.020 15628 15894 E unknown:ReactHost: 	at okhttp3.internal.connection.ConnectInterceptor.intercept(ConnectInterceptor.kt:34)
05-11 13:22:35.020 15628 15894 E unknown:ReactHost: 	at okhttp3.internal.http.RealInterceptorChain.proceed(RealInterceptorChain.kt:109)
05-11 13:22:35.020 15628 15894 E unknown:ReactHost: 	at okhttp3.internal.cache.CacheInterceptor.intercept(CacheInterceptor.kt:95)
05-11 13:22:35.020 15628 15894 E unknown:ReactHost: 	at okhttp3.internal.http.RealInterceptorChain.proceed(RealInterceptorChain.kt:109)
05-11 13:22:35.020 15628 15894 E unknown:ReactHost: 	at okhttp3.internal.http.BridgeInterceptor.intercept(BridgeInterceptor.kt:83)
05-11 13:22:35.020 15628 15894 E unknown:ReactHost: 	at okhttp3.internal.http.RealInterceptorChain.proceed(RealInterceptorChain.kt:109)
05-11 13:22:35.020 15628 15894 E unknown:ReactHost: 	at okhttp3.internal.http.RetryAndFollowUpInterceptor.intercept(RetryAndFollowUpInterceptor.kt:76)
05-11 13:22:35.020 15628 15894 E unknown:ReactHost: 	at okhttp3.internal.http.RealInterceptorChain.proceed(RealInterceptorChain.kt:109)
05-11 13:22:35.020 15628 15894 E unknown:ReactHost: 	at okhttp3.internal.connection.RealCall.getResponseWithInterceptorChain$okhttp(RealCall.kt:201)
05-11 13:22:35.020 15628 15894 E unknown:ReactHost: 	at okhttp3.internal.connection.RealCall$AsyncCall.run(RealCall.kt:517)
05-11 13:22:35.020 15628 15894 E unknown:ReactHost: 	at java.util.concurrent.ThreadPoolExecutor.runWorker(ThreadPoolExecutor.java:1154)
05-11 13:22:35.020 15628 15894 E unknown:ReactHost: 	at java.util.concurrent.ThreadPoolExecutor$Worker.run(ThreadPoolExecutor.java:652)
05-11 13:22:35.020 15628 15894 E unknown:ReactHost: 	at java.lang.Thread.run(Thread.java:1564)
05-11 13:22:35.021 15628 15974 W unknown:BridgelessReact: ReactHost{0}.raiseSoftException(callWithExistingReactInstance(callFunctionOnModule("RCTDeviceEventEmitter", "emit"))): Execute: reactInstance is null. Dropping work.
05-11 13:22:35.021 15628 15974 E unknown:ReactHost: Unhandled SoftException
05-11 13:22:35.021 15628 15974 E unknown:ReactHost: com.facebook.react.bridge.ReactNoCrashSoftException: raiseSoftException(callWithExistingReactInstance(callFunctionOnModule("RCTDeviceEventEmitter", "emit"))): Execute: reactInstance is null. Dropping work.
05-11 13:22:35.021 15628 15974 E unknown:ReactHost: 	at com.facebook.react.runtime.ReactHostImpl.raiseSoftException(ReactHostImpl.kt:787)
05-11 13:22:35.021 15628 15974 E unknown:ReactHost: 	at com.facebook.react.runtime.ReactHostImpl.raiseSoftException$default(ReactHostImpl.kt:779)
05-11 13:22:35.021 15628 15974 E unknown:ReactHost: 	at com.facebook.react.runtime.ReactHostImpl.callWithExistingReactInstance$lambda$28(ReactHostImpl.kt:802)
05-11 13:22:35.021 15628 15974 E unknown:ReactHost: 	at com.facebook.react.runtime.ReactHostImpl.$r8$lambda$6NreFt2BcPly8g6qrNV9Z1C-YmU(Unknown Source:0)
05-11 13:22:35.021 15628 15974 E unknown:ReactHost: 	at com.facebook.react.runtime.ReactHostImpl$$ExternalSyntheticLambda31.then(D8$$SyntheticClass:0)
05-11 13:22:35.021 15628 15974 E unknown:ReactHost: 	at com.facebook.react.runtime.internal.bolts.Task$Companion.completeImmediately$lambda$3(Task.kt:356)
05-11 13:22:35.021 15628 15974 E unknown:ReactHost: 	at com.facebook.react.runtime.internal.bolts.Task$Companion.$r8$lambda$b7MTC0ufkn_2TjF4BGcNqGR9qK0(Unknown Source:0)
05-11 13:22:35.021 15628 15974 E unknown:ReactHost: 	at com.facebook.react.runtime.internal.bolts.Task$Companion$$ExternalSyntheticLambda3.run(D8$$SyntheticClass:0)
05-11 13:22:35.021 15628 15974 E unknown:ReactHost: 	at com.facebook.react.runtime.internal.bolts.Executors$ImmediateExecutor.execute(Executors.kt:41)
05-11 13:22:35.021 15628 15974 E unknown:ReactHost: 	at com.facebook.react.runtime.internal.bolts.Task$Companion.completeImmediately(Task.kt:354)
05-11 13:22:35.021 15628 15974 E unknown:ReactHost: 	at com.facebook.react.runtime.internal.bolts.Task$Companion.access$completeImmediately(Task.kt:250)
05-11 13:22:35.021 15628 15974 E unknown:ReactHost: 	at com.facebook.react.runtime.internal.bolts.Task.continueWith(Task.kt:132)
05-11 13:22:35.021 15628 15974 E unknown:ReactHost: 	at com.facebook.react.runtime.internal.bolts.Task.continueWith$default(Task.kt:117)
05-11 13:22:35.021 15628 15974 E unknown:ReactHost: 	at com.facebook.react.runtime.internal.bolts.Task.onSuccess$lambda$12(Task.kt:174)
05-11 13:22:35.021 15628 15974 E unknown:ReactHost: 	at com.facebook.react.runtime.internal.bolts.Task.$r8$lambda$l0wwo5AvbHxlwfI1R7CH_codxoo(Unknown Source:0)
05-11 13:22:35.021 15628 15974 E unknown:ReactHost: 	at com.facebook.react.runtime.internal.bolts.Task$$ExternalSyntheticLambda2.then(D8$$SyntheticClass:0)
05-11 13:22:35.021 15628 15974 E unknown:ReactHost: 	at com.facebook.react.runtime.internal.bolts.Task$Companion.completeAfterTask$lambda$5(Task.kt:390)
05-11 13:22:35.021 15628 15974 E unknown:ReactHost: 	at com.facebook.react.runtime.internal.bolts.Task$Companion.$r8$lambda$IPpysnehFwANEiW061YzapkMdoE(Unknown Source:0)
05-11 13:22:35.021 15628 15974 E unknown:ReactHost: 	at com.facebook.react.runtime.internal.bolts.Task$Companion$$ExternalSyntheticLambda4.run(D8$$SyntheticClass:0)
05-11 13:22:35.021 15628 15974 E unknown:ReactHost: 	at com.facebook.react.runtime.internal.bolts.Executors$ImmediateExecutor.execute(Executors.kt:41)
05-11 13:22:35.021 15628 15974 E unknown:ReactHost: 	at com.facebook.react.runtime.internal.bolts.Task$Companion.completeAfterTask(Task.kt:388)
05-11 13:22:35.021 15628 15974 E unknown:ReactHost: 	at com.facebook.react.runtime.internal.bolts.Task$Companion.access$completeAfterTask(Task.kt:250)
05-11 13:22:35.021 15628 15974 E unknown:ReactHost: 	at com.facebook.react.runtime.internal.bolts.Task.continueWithTask(Task.kt:156)
05-11 13:22:35.021 15628 15974 E unknown:ReactHost: 	at com.facebook.react.runtime.internal.bolts.Task.onSuccess(Task.kt:169)
05-11 13:22:35.021 15628 15974 E unknown:ReactHost: 	at com.facebook.react.runtime.ReactHostImpl.callWithExistingReactInstance(ReactHostImpl.kt:798)
05-11 13:22:35.021 15628 15974 E unknown:ReactHost: 	at com.facebook.react.runtime.ReactHostImpl.callWithExistingReactInstance$default(ReactHostImpl.kt:791)
05-11 13:22:35.021 15628 15974 E unknown:ReactHost: 	at com.facebook.react.runtime.ReactHostImpl.callFunctionOnModule$ReactAndroid_debug(ReactHostImpl.kt:687)
05-11 13:22:35.021 15628 15974 E unknown:ReactHost: 	at com.facebook.react.runtime.BridgelessReactContext.emitDeviceEvent(BridgelessReactContext.kt:134)
05-11 13:22:35.021 15628 15974 E unknown:ReactHost: 	at com.facebook.react.modules.network.ResponseUtil.onDataSend(ResponseUtil.kt:25)
05-11 13:22:35.021 15628 15974 E unknown:ReactHost: 	at com.facebook.react.modules.network.NetworkingModule$wrapRequestBodyWithProgressEmitter$1.onProgress(NetworkingModule.kt:601)
05-11 13:22:35.021 15628 15974 E unknown:ReactHost: 	at com.facebook.react.modules.network.ProgressRequestBody$outputStreamSink$1.sendProgressUpdate(ProgressRequestBody.kt:76)
05-11 13:22:35.021 15628 15974 E unknown:ReactHost: 	at com.facebook.react.modules.network.ProgressRequestBody$outputStreamSink$1.write(ProgressRequestBody.kt:69)
05-11 13:22:35.021 15628 15974 E unknown:ReactHost: 	at java.io.FilterOutputStream.write(FilterOutputStream.java:137)
05-11 13:22:35.021 15628 15974 E unknown:ReactHost: 	at com.facebook.react.modules.network.ProgressRequestBody$outputStreamSink$1.write(ProgressRequestBody.kt:60)
05-11 13:22:35.021 15628 15974 E unknown:ReactHost: 	at okio.OutputStreamSink.write(JvmOkio.kt:56)
05-11 13:22:35.021 15628 15974 E unknown:ReactHost: 	at okio.RealBufferedSink.flush(RealBufferedSink.kt:268)
05-11 13:22:35.021 15628 15974 E unknown:ReactHost: 	at com.facebook.react.modules.network.ProgressRequestBody.writeTo(ProgressRequestBody.kt:50)
05-11 13:22:35.021 15628 15974 E unknown:ReactHost: 	at okhttp3.internal.http.CallServerInterceptor.intercept(CallServerInterceptor.kt:62)
05-11 13:22:35.021 15628 15974 E unknown:ReactHost: 	at okhttp3.internal.http.RealInterceptorChain.proceed(RealInterceptorChain.kt:109)
05-11 13:22:35.021 15628 15974 E unknown:ReactHost: 	at com.facebook.react.modules.network.NetworkingModule$sendRequestInternal$$inlined$-addNetworkInterceptor$1.intercept(OkHttpClient.kt:1080)
05-11 13:22:35.021 15628 15974 E unknown:ReactHost: 	at okhttp3.internal.http.RealInterceptorChain.proceed(RealInterceptorChain.kt:109)
05-11 13:22:35.021 15628 15974 E unknown:ReactHost: 	at okhttp3.internal.connection.ConnectInterceptor.intercept(ConnectInterceptor.kt:34)
05-11 13:22:35.021 15628 15974 E unknown:ReactHost: 	at okhttp3.internal.http.RealInterceptorChain.proceed(RealInterceptorChain.kt:109)
05-11 13:22:35.021 15628 15974 E unknown:ReactHost: 	at okhttp3.internal.cache.CacheInterceptor.intercept(CacheInterceptor.kt:95)
05-11 13:22:35.021 15628 15974 E unknown:ReactHost: 	at okhttp3.internal.http.RealInterceptorChain.proceed(RealInterceptorChain.kt:109)
05-11 13:22:35.021 15628 15974 E unknown:ReactHost: 	at okhttp3.internal.http.BridgeInterceptor.intercept(BridgeInterceptor.kt:83)
05-11 13:22:35.021 15628 15974 E unknown:ReactHost: 	at okhttp3.internal.http.RealInterceptorChain.proceed(RealInterceptorChain.kt:109)
05-11 13:22:35.021 15628 15974 E unknown:ReactHost: 	at okhttp3.internal.http.RetryAndFollowUpInterceptor.intercept(RetryAndFollowUpInterceptor.kt:76)
05-11 13:22:35.021 15628 15974 E unknown:ReactHost: 	at okhttp3.internal.http.RealInterceptorChain.proceed(RealInterceptorChain.kt:109)
05-11 13:22:35.021 15628 15974 E unknown:ReactHost: 	at okhttp3.internal.connection.RealCall.getResponseWithInterceptorChain$okhttp(RealCall.kt:201)
05-11 13:22:35.021 15628 15974 E unknown:ReactHost: 	at okhttp3.internal.connection.RealCall$AsyncCall.run(RealCall.kt:517)
05-11 13:22:35.021 15628 15974 E unknown:ReactHost: 	at java.util.concurrent.ThreadPoolExecutor.runWorker(ThreadPoolExecutor.java:1154)
05-11 13:22:35.021 15628 15974 E unknown:ReactHost: 	at java.util.concurrent.ThreadPoolExecutor$Worker.run(ThreadPoolExecutor.java:652)
05-11 13:22:35.021 15628 15974 E unknown:ReactHost: 	at java.lang.Thread.run(Thread.java:1564)
05-11 13:22:35.022 15628 15927 W unknown:BridgelessReact: ReactHost{0}.raiseSoftException(callWithExistingReactInstance(callFunctionOnModule("RCTDeviceEventEmitter", "emit"))): Execute: reactInstance is null. Dropping work.
05-11 13:22:35.022 15628 15927 E unknown:ReactHost: Unhandled SoftException
05-11 13:22:35.022 15628 15927 E unknown:ReactHost: com.facebook.react.bridge.ReactNoCrashSoftException: raiseSoftException(callWithExistingReactInstance(callFunctionOnModule("RCTDeviceEventEmitter", "emit"))): Execute: reactInstance is null. Dropping work.
05-11 13:22:35.022 15628 15927 E unknown:ReactHost: 	at com.facebook.react.runtime.ReactHostImpl.raiseSoftException(ReactHostImpl.kt:787)
05-11 13:22:35.022 15628 15927 E unknown:ReactHost: 	at com.facebook.react.runtime.ReactHostImpl.raiseSoftException$default(ReactHostImpl.kt:779)
05-11 13:22:35.022 15628 15927 E unknown:ReactHost: 	at com.facebook.react.runtime.ReactHostImpl.callWithExistingReactInstance$lambda$28(ReactHostImpl.kt:802)
05-11 13:22:35.022 15628 15927 E unknown:ReactHost: 	at com.facebook.react.runtime.ReactHostImpl.$r8$lambda$6NreFt2BcPly8g6qrNV9Z1C-YmU(Unknown Source:0)
05-11 13:22:35.022 15628 15927 E unknown:ReactHost: 	at com.facebook.react.runtime.ReactHostImpl$$ExternalSyntheticLambda31.then(D8$$SyntheticClass:0)
05-11 13:22:35.022 15628 15927 E unknown:ReactHost: 	at com.facebook.react.runtime.internal.bolts.Task$Companion.completeImmediately$lambda$3(Task.kt:356)
05-11 13:22:35.022 15628 15927 E unknown:ReactHost: 	at com.facebook.react.runtime.internal.bolts.Task$Companion.$r8$lambda$b7MTC0ufkn_2TjF4BGcNqGR9qK0(Unknown Source:0)
05-11 13:22:35.022 15628 15927 E unknown:ReactHost: 	at com.facebook.react.runtime.internal.bolts.Task$Companion$$ExternalSyntheticLambda3.run(D8$$SyntheticClass:0)
05-11 13:22:35.022 15628 15927 E unknown:ReactHost: 	at com.facebook.react.runtime.internal.bolts.Executors$ImmediateExecutor.execute(Executors.kt:41)
05-11 13:22:35.022 15628 15927 E unknown:ReactHost: 	at com.facebook.react.runtime.internal.bolts.Task$Companion.completeImmediately(Task.kt:354)
05-11 13:22:35.022 15628 15927 E unknown:ReactHost: 	at com.facebook.react.runtime.internal.bolts.Task$Companion.access$completeImmediately(Task.kt:250)
05-11 13:22:35.022 15628 15927 E unknown:ReactHost: 	at com.facebook.react.runtime.internal.bolts.Task.continueWith(Task.kt:132)
05-11 13:22:35.022 15628 15927 E unknown:ReactHost: 	at com.facebook.react.runtime.internal.bolts.Task.continueWith$default(Task.kt:117)
05-11 13:22:35.022 15628 15927 E unknown:ReactHost: 	at com.facebook.react.runtime.internal.bolts.Task.onSuccess$lambda$12(Task.kt:174)
05-11 13:22:35.022 15628 15927 E unknown:ReactHost: 	at com.facebook.react.runtime.internal.bolts.Task.$r8$lambda$l0wwo5AvbHxlwfI1R7CH_codxoo(Unknown Source:0)
05-11 13:22:35.022 15628 15927 E unknown:ReactHost: 	at com.facebook.react.runtime.internal.bolts.Task$$ExternalSyntheticLambda2.then(D8$$SyntheticClass:0)
05-11 13:22:35.022 15628 15927 E unknown:ReactHost: 	at com.facebook.react.runtime.internal.bolts.Task$Companion.completeAfterTask$lambda$5(Task.kt:390)
05-11 13:22:35.022 15628 15927 E unknown:ReactHost: 	at com.facebook.react.runtime.internal.bolts.Task$Companion.$r8$lambda$IPpysnehFwANEiW061YzapkMdoE(Unknown Source:0)
05-11 13:22:35.022 15628 15927 E unknown:ReactHost: 	at com.facebook.react.runtime.internal.bolts.Task$Companion$$ExternalSyntheticLambda4.run(D8$$SyntheticClass:0)
05-11 13:22:35.022 15628 15927 E unknown:ReactHost: 	at com.facebook.react.runtime.internal.bolts.Executors$ImmediateExecutor.execute(Executors.kt:41)
05-11 13:22:35.022 15628 15927 E unknown:ReactHost: 	at com.facebook.react.runtime.internal.bolts.Task$Companion.completeAfterTask(Task.kt:388)
05-11 13:22:35.022 15628 15927 E unknown:ReactHost: 	at com.facebook.react.runtime.internal.bolts.Task$Companion.access$completeAfterTask(Task.kt:250)
05-11 13:22:35.022 15628 15927 E unknown:ReactHost: 	at com.facebook.react.runtime.internal.bolts.Task.continueWithTask(Task.kt:156)
05-11 13:22:35.022 15628 15927 E unknown:ReactHost: 	at com.facebook.react.runtime.internal.bolts.Task.onSuccess(Task.kt:169)
05-11 13:22:35.022 15628 15927 E unknown:ReactHost: 	at com.facebook.react.runtime.ReactHostImpl.callWithExistingReactInstance(ReactHostImpl.kt:798)
05-11 13:22:35.022 15628 15927 E unknown:ReactHost: 	at com.facebook.react.runtime.ReactHostImpl.callWithExistingReactInstance$default(ReactHostImpl.kt:791)
05-11 13:22:35.022 15628 15927 E unknown:ReactHost: 	at com.facebook.react.runtime.ReactHostImpl.callFunctionOnModule$ReactAndroid_debug(ReactHostImpl.kt:687)
05-11 13:22:35.022 15628 15927 E unknown:ReactHost: 	at com.facebook.react.runtime.BridgelessReactContext.emitDeviceEvent(BridgelessReactContext.kt:134)
05-11 13:22:35.022 15628 15927 E unknown:ReactHost: 	at com.facebook.react.modules.network.ResponseUtil.onDataSend(ResponseUtil.kt:25)
05-11 13:22:35.022 15628 15927 E unknown:ReactHost: 	at com.facebook.react.modules.network.NetworkingModule$wrapRequestBodyWithProgressEmitter$1.onProgress(NetworkingModule.kt:601)
05-11 13:22:35.022 15628 15927 E unknown:ReactHost: 	at com.facebook.react.modules.network.ProgressRequestBody$outputStreamSink$1.sendProgressUpdate(ProgressRequestBody.kt:76)
05-11 13:22:35.022 15628 15927 E unknown:ReactHost: 	at com.facebook.react.modules.network.ProgressRequestBody$outputStreamSink$1.write(ProgressRequestBody.kt:69)
05-11 13:22:35.022 15628 15927 E unknown:ReactHost: 	at java.io.FilterOutputStream.write(FilterOutputStream.java:137)
05-11 13:22:35.022 15628 15927 E unknown:ReactHost: 	at com.facebook.react.modules.network.ProgressRequestBody$outputStreamSink$1.write(ProgressRequestBody.kt:60)
05-11 13:22:35.022 15628 15927 E unknown:ReactHost: 	at okio.OutputStreamSink.write(JvmOkio.kt:56)
05-11 13:22:35.022 15628 15927 E unknown:ReactHost: 	at okio.RealBufferedSink.flush(RealBufferedSink.kt:268)
05-11 13:22:35.022 15628 15927 E unknown:ReactHost: 	at com.facebook.react.modules.network.ProgressRequestBody.writeTo(ProgressRequestBody.kt:50)
05-11 13:22:35.022 15628 15927 E unknown:ReactHost: 	at okhttp3.internal.http.CallServerInterceptor.intercept(CallServerInterceptor.kt:62)
05-11 13:22:35.022 15628 15927 E unknown:ReactHost: 	at okhttp3.internal.http.RealInterceptorChain.proceed(RealInterceptorChain.kt:109)
05-11 13:22:35.022 15628 15927 E unknown:ReactHost: 	at com.facebook.react.modules.network.NetworkingModule$sendRequestInternal$$inlined$-addNetworkInterceptor$1.intercept(OkHttpClient.kt:1080)
05-11 13:22:35.022 15628 15927 E unknown:ReactHost: 	at okhttp3.internal.http.RealInterceptorChain.proceed(RealInterceptorChain.kt:109)
05-11 13:22:35.022 15628 15927 E unknown:ReactHost: 	at okhttp3.internal.connection.ConnectInterceptor.intercept(ConnectInterceptor.kt:34)
05-11 13:22:35.022 15628 15927 E unknown:ReactHost: 	at okhttp3.internal.http.RealInterceptorChain.proceed(RealInterceptorChain.kt:109)
05-11 13:22:35.022 15628 15927 E unknown:ReactHost: 	at okhttp3.internal.cache.CacheInterceptor.intercept(CacheInterceptor.kt:95)
05-11 13:22:35.022 15628 15927 E unknown:ReactHost: 	at okhttp3.internal.http.RealInterceptorChain.proceed(RealInterceptorChain.kt:109)
05-11 13:22:35.022 15628 15927 E unknown:ReactHost: 	at okhttp3.internal.http.BridgeInterceptor.intercept(BridgeInterceptor.kt:83)
05-11 13:22:35.022 15628 15927 E unknown:ReactHost: 	at okhttp3.internal.http.RealInterceptorChain.proceed(RealInterceptorChain.kt:109)
05-11 13:22:35.022 15628 15927 E unknown:ReactHost: 	at okhttp3.internal.http.RetryAndFollowUpInterceptor.intercept(RetryAndFollowUpInterceptor.kt:76)
05-11 13:22:35.022 15628 15927 E unknown:ReactHost: 	at okhttp3.internal.http.RealInterceptorChain.proceed(RealInterceptorChain.kt:109)
05-11 13:22:35.022 15628 15927 E unknown:ReactHost: 	at okhttp3.internal.connection.RealCall.getResponseWithInterceptorChain$okhttp(RealCall.kt:201)
05-11 13:22:35.022 15628 15927 E unknown:ReactHost: 	at okhttp3.internal.connection.RealCall$AsyncCall.run(RealCall.kt:517)
05-11 13:22:35.022 15628 15927 E unknown:ReactHost: 	at java.util.concurrent.ThreadPoolExecutor.runWorker(ThreadPoolExecutor.java:1154)
05-11 13:22:35.022 15628 15927 E unknown:ReactHost: 	at java.util.concurrent.ThreadPoolExecutor$Worker.run(ThreadPoolExecutor.java:652)
05-11 13:22:35.022 15628 15927 E unknown:ReactHost: 	at java.lang.Thread.run(Thread.java:1564)
05-11 13:22:35.023 15628 15628 E RNCNaverMapView: ⭐️doDestroy called destroyed=false, 
05-11 13:22:35.023 15628 15628 E RNCNaverMapView: ⭐️mapView onStop @destroy, 
05-11 13:22:35.023 15628 15628 E RNCNaverMapView: ⭐️mapView onDestroy @destroy, 
05-11 13:22:35.023 15628 15923 W unknown:BridgelessReact: ReactHost{0}.raiseSoftException(callWithExistingReactInstance(callFunctionOnModule("RCTDeviceEventEmitter", "emit"))): Execute: reactInstance is null. Dropping work.
05-11 13:22:35.023 15628 15923 E unknown:ReactHost: Unhandled SoftException
05-11 13:22:35.023 15628 15923 E unknown:ReactHost: com.facebook.react.bridge.ReactNoCrashSoftException: raiseSoftException(callWithExistingReactInstance(callFunctionOnModule("RCTDeviceEventEmitter", "emit"))): Execute: reactInstance is null. Dropping work.
05-11 13:22:35.023 15628 15923 E unknown:ReactHost: 	at com.facebook.react.runtime.ReactHostImpl.raiseSoftException(ReactHostImpl.kt:787)
05-11 13:22:35.023 15628 15923 E unknown:ReactHost: 	at com.facebook.react.runtime.ReactHostImpl.raiseSoftException$default(ReactHostImpl.kt:779)
05-11 13:22:35.023 15628 15923 E unknown:ReactHost: 	at com.facebook.react.runtime.ReactHostImpl.callWithExistingReactInstance$lambda$28(ReactHostImpl.kt:802)
05-11 13:22:35.023 15628 15923 E unknown:ReactHost: 	at com.facebook.react.runtime.ReactHostImpl.$r8$lambda$6NreFt2BcPly8g6qrNV9Z1C-YmU(Unknown Source:0)
05-11 13:22:35.023 15628 15923 E unknown:ReactHost: 	at com.facebook.react.runtime.ReactHostImpl$$ExternalSyntheticLambda31.then(D8$$SyntheticClass:0)
05-11 13:22:35.023 15628 15923 E unknown:ReactHost: 	at com.facebook.react.runtime.internal.bolts.Task$Companion.completeImmediately$lambda$3(Task.kt:356)
05-11 13:22:35.023 15628 15923 E unknown:ReactHost: 	at com.facebook.react.runtime.internal.bolts.Task$Companion.$r8$lambda$b7MTC0ufkn_2TjF4BGcNqGR9qK0(Unknown Source:0)
05-11 13:22:35.023 15628 15923 E unknown:ReactHost: 	at com.facebook.react.runtime.internal.bolts.Task$Companion$$ExternalSyntheticLambda3.run(D8$$SyntheticClass:0)
05-11 13:22:35.023 15628 15923 E unknown:ReactHost: 	at com.facebook.react.runtime.internal.bolts.Executors$ImmediateExecutor.execute(Executors.kt:41)
05-11 13:22:35.023 15628 15923 E unknown:ReactHost: 	at com.facebook.react.runtime.internal.bolts.Task$Companion.completeImmediately(Task.kt:354)
05-11 13:22:35.023 15628 15923 E unknown:ReactHost: 	at com.facebook.react.runtime.internal.bolts.Task$Companion.access$completeImmediately(Task.kt:250)
05-11 13:22:35.023 15628 15923 E unknown:ReactHost: 	at com.facebook.react.runtime.internal.bolts.Task.continueWith(Task.kt:132)
05-11 13:22:35.023 15628 15923 E unknown:ReactHost: 	at com.facebook.react.runtime.internal.bolts.Task.continueWith$default(Task.kt:117)
05-11 13:22:35.023 15628 15923 E unknown:ReactHost: 	at com.facebook.react.runtime.internal.bolts.Task.onSuccess$lambda$12(Task.kt:174)
05-11 13:22:35.023 15628 15923 E unknown:ReactHost: 	at com.facebook.react.runtime.internal.bolts.Task.$r8$lambda$l0wwo5AvbHxlwfI1R7CH_codxoo(Unknown Source:0)
05-11 13:22:35.023 15628 15923 E unknown:ReactHost: 	at com.facebook.react.runtime.internal.bolts.Task$$ExternalSyntheticLambda2.then(D8$$SyntheticClass:0)
05-11 13:22:35.023 15628 15923 E unknown:ReactHost: 	at com.facebook.react.runtime.internal.bolts.Task$Companion.completeAfterTask$lambda$5(Task.kt:390)
05-11 13:22:35.023 15628 15923 E unknown:ReactHost: 	at com.facebook.react.runtime.internal.bolts.Task$Companion.$r8$lambda$IPpysnehFwANEiW061YzapkMdoE(Unknown Source:0)
05-11 13:22:35.023 15628 15923 E unknown:ReactHost: 	at com.facebook.react.runtime.internal.bolts.Task$Companion$$ExternalSyntheticLambda4.run(D8$$SyntheticClass:0)
05-11 13:22:35.023 15628 15923 E unknown:ReactHost: 	at com.facebook.react.runtime.internal.bolts.Executors$ImmediateExecutor.execute(Executors.kt:41)
05-11 13:22:35.023 15628 15923 E unknown:ReactHost: 	at com.facebook.react.runtime.internal.bolts.Task$Companion.completeAfterTask(Task.kt:388)
05-11 13:22:35.023 15628 15923 E unknown:ReactHost: 	at com.facebook.react.runtime.internal.bolts.Task$Companion.access$completeAfterTask(Task.kt:250)
05-11 13:22:35.023 15628 15923 E unknown:ReactHost: 	at com.facebook.react.runtime.internal.bolts.Task.continueWithTask(Task.kt:156)
05-11 13:22:35.023 15628 15923 E unknown:ReactHost: 	at com.facebook.react.runtime.internal.bolts.Task.onSuccess(Task.kt:169)
05-11 13:22:35.023 15628 15923 E unknown:ReactHost: 	at com.facebook.react.runtime.ReactHostImpl.callWithExistingReactInstance(ReactHostImpl.kt:798)
05-11 13:22:35.023 15628 15923 E unknown:ReactHost: 	at com.facebook.react.runtime.ReactHostImpl.callWithExistingReactInstance$default(ReactHostImpl.kt:791)
05-11 13:22:35.023 15628 15923 E unknown:ReactHost: 	at com.facebook.react.runtime.ReactHostImpl.callFunctionOnModule$ReactAndroid_debug(ReactHostImpl.kt:687)
05-11 13:22:35.023 15628 15923 E unknown:ReactHost: 	at com.facebook.react.runtime.BridgelessReactContext.emitDeviceEvent(BridgelessReactContext.kt:134)
05-11 13:22:35.023 15628 15923 E unknown:ReactHost: 	at com.facebook.react.modules.network.ResponseUtil.onDataSend(ResponseUtil.kt:25)
05-11 13:22:35.023 15628 15923 E unknown:ReactHost: 	at com.facebook.react.modules.network.NetworkingModule$wrapRequestBodyWithProgressEmitter$1.onProgress(NetworkingModule.kt:601)
05-11 13:22:35.023 15628 15923 E unknown:ReactHost: 	at com.facebook.react.modules.network.ProgressRequestBody$outputStreamSink$1.sendProgressUpdate(ProgressRequestBody.kt:76)
05-11 13:22:35.023 15628 15923 E unknown:ReactHost: 	at com.facebook.react.modules.network.ProgressRequestBody$outputStreamSink$1.write(ProgressRequestBody.kt:69)
05-11 13:22:35.023 15628 15923 E unknown:ReactHost: 	at java.io.FilterOutputStream.write(FilterOutputStream.java:137)
05-11 13:22:35.023 15628 15923 E unknown:ReactHost: 	at com.facebook.react.modules.network.ProgressRequestBody$outputStreamSink$1.write(ProgressRequestBody.kt:60)
05-11 13:22:35.023 15628 15923 E unknown:ReactHost: 	at okio.OutputStreamSink.write(JvmOkio.kt:56)
05-11 13:22:35.023 15628 15923 E unknown:ReactHost: 	at okio.RealBufferedSink.flush(RealBufferedSink.kt:268)
05-11 13:22:35.023 15628 15923 E unknown:ReactHost: 	at com.facebook.react.modules.network.ProgressRequestBody.writeTo(ProgressRequestBody.kt:50)
05-11 13:22:35.023 15628 15923 E unknown:ReactHost: 	at okhttp3.internal.http.CallServerInterceptor.intercept(CallServerInterceptor.kt:62)
05-11 13:22:35.023 15628 15923 E unknown:ReactHost: 	at okhttp3.internal.http.RealInterceptorChain.proceed(RealInterceptorChain.kt:109)
05-11 13:22:35.023 15628 15923 E unknown:ReactHost: 	at com.facebook.react.modules.network.NetworkingModule$sendRequestInternal$$inlined$-addNetworkInterceptor$1.intercept(OkHttpClient.kt:1080)
05-11 13:22:35.023 15628 15923 E unknown:ReactHost: 	at okhttp3.internal.http.RealInterceptorChain.proceed(RealInterceptorChain.kt:109)
05-11 13:22:35.023 15628 15923 E unknown:ReactHost: 	at okhttp3.internal.connection.ConnectInterceptor.intercept(ConnectInterceptor.kt:34)
05-11 13:22:35.023 15628 15923 E unknown:ReactHost: 	at okhttp3.internal.http.RealInterceptorChain.proceed(RealInterceptorChain.kt:109)
05-11 13:22:35.023 15628 15923 E unknown:ReactHost: 	at okhttp3.internal.cache.CacheInterceptor.intercept(CacheInterceptor.kt:95)
05-11 13:22:35.023 15628 15923 E unknown:ReactHost: 	at okhttp3.internal.http.RealInterceptorChain.proceed(RealInterceptorChain.kt:109)
05-11 13:22:35.023 15628 15923 E unknown:ReactHost: 	at okhttp3.internal.http.BridgeInterceptor.intercept(BridgeInterceptor.kt:83)
05-11 13:22:35.023 15628 15923 E unknown:ReactHost: 	at okhttp3.internal.http.RealInterceptorChain.proceed(RealInterceptorChain.kt:109)
05-11 13:22:35.023 15628 15923 E unknown:ReactHost: 	at okhttp3.internal.http.RetryAndFollowUpInterceptor.intercept(RetryAndFollowUpInterceptor.kt:76)
05-11 13:22:35.023 15628 15923 E unknown:ReactHost: 	at okhttp3.internal.http.RealInterceptorChain.proceed(RealInterceptorChain.kt:109)
05-11 13:22:35.023 15628 15923 E unknown:ReactHost: 	at okhttp3.internal.connection.RealCall.getResponseWithInterceptorChain$okhttp(RealCall.kt:201)
05-11 13:22:35.023 15628 15923 E unknown:ReactHost: 	at okhttp3.internal.connection.RealCall$AsyncCall.run(RealCall.kt:517)
05-11 13:22:35.023 15628 15923 E unknown:ReactHost: 	at java.util.concurrent.ThreadPoolExecutor.runWorker(ThreadPoolExecutor.java:1154)
05-11 13:22:35.023 15628 15923 E unknown:ReactHost: 	at java.util.concurrent.ThreadPoolExecutor$Worker.run(ThreadPoolExecutor.java:652)
05-11 13:22:35.023 15628 15923 E unknown:ReactHost: 	at java.lang.Thread.run(Thread.java:1564)
05-11 13:22:35.027  2433  2433 I SurfaceFlinger: RequestedLayer [Surface(name=4ebe3f com.ginit.app/co[...]tion-leash of window_animation#37094] hidden!! flag  from(1) --> to(0)
05-11 13:22:35.027  2433  2433 E SurfaceFlinger: alpha changed 1.000 -> 0.000 - Surface(name=4ebe3f com.ginit.app/com.ginit.app.MainActivity#37090)/@0x7b5e0c2 - animation-leash of window_animation#37094
05-11 13:22:35.027  2433  2433 I SurfaceFlinger: RequestedLayer [com.ginit.app/com.ginit.app.MainActivity$_15628#37093] hidden!! flag  from(1) --> to(0)
05-11 13:22:35.027  2433  2433 E SurfaceFlinger: alpha changed 0.000 -> 0.000 - Surface(name=4ebe3f com.ginit.app/com.ginit.app.MainActivity#37090)/@0x7b5e0c2 - animation-leash of window_animation#37094
05-11 13:22:35.027  2433  2433 I SurfaceFlinger: [LayerHierarchy{RequestedLayerState{4ebe3f com.ginit.app/com.ginit.app.MainActivity#37090 parentId=37094 z=1} 2 children}] reparent to LayerHierarchy{RequestedLayerState{Surface(name=4ebe3f com.ginit.app/com.ginit.app.MainActivity#37090)/@0x7b5e0c2 - animation-leash of window_animation#37094 parentId=37074 z=1} 1 children}
05-11 13:22:35.027 15628 15628 W unknown:BridgelessReact: ReactHost{0}.raiseSoftException(callWithExistingReactInstance(callFunctionOnModule("RCTDeviceEventEmitter", "emit"))): Execute: reactInstance is null. Dropping work.
05-11 13:22:35.028 15628 15628 E unknown:ReactHost: Unhandled SoftException
05-11 13:22:35.028 15628 15628 E unknown:ReactHost: com.facebook.react.bridge.ReactNoCrashSoftException: raiseSoftException(callWithExistingReactInstance(callFunctionOnModule("RCTDeviceEventEmitter", "emit"))): Execute: reactInstance is null. Dropping work.
05-11 13:22:35.028 15628 15628 E unknown:ReactHost: 	at com.facebook.react.runtime.ReactHostImpl.raiseSoftException(ReactHostImpl.kt:787)
05-11 13:22:35.028 15628 15628 E unknown:ReactHost: 	at com.facebook.react.runtime.ReactHostImpl.raiseSoftException$default(ReactHostImpl.kt:779)
05-11 13:22:35.028 15628 15628 E unknown:ReactHost: 	at com.facebook.react.runtime.ReactHostImpl.callWithExistingReactInstance$lambda$28(ReactHostImpl.kt:802)
05-11 13:22:35.028 15628 15628 E unknown:ReactHost: 	at com.facebook.react.runtime.ReactHostImpl.$r8$lambda$6NreFt2BcPly8g6qrNV9Z1C-YmU(Unknown Source:0)
05-11 13:22:35.028 15628 15628 E unknown:ReactHost: 	at com.facebook.react.runtime.ReactHostImpl$$ExternalSyntheticLambda31.then(D8$$SyntheticClass:0)
05-11 13:22:35.028 15628 15628 E unknown:ReactHost: 	at com.facebook.react.runtime.internal.bolts.Task$Companion.completeImmediately$lambda$3(Task.kt:356)
05-11 13:22:35.028 15628 15628 E unknown:ReactHost: 	at com.facebook.react.runtime.internal.bolts.Task$Companion.$r8$lambda$b7MTC0ufkn_2TjF4BGcNqGR9qK0(Unknown Source:0)
05-11 13:22:35.028 15628 15628 E unknown:ReactHost: 	at com.facebook.react.runtime.internal.bolts.Task$Companion$$ExternalSyntheticLambda3.run(D8$$SyntheticClass:0)
05-11 13:22:35.028 15628 15628 E unknown:ReactHost: 	at com.facebook.react.runtime.internal.bolts.Executors$ImmediateExecutor.execute(Executors.kt:41)
05-11 13:22:35.028 15628 15628 E unknown:ReactHost: 	at com.facebook.react.runtime.internal.bolts.Task$Companion.completeImmediately(Task.kt:354)
05-11 13:22:35.028 15628 15628 E unknown:ReactHost: 	at com.facebook.react.runtime.internal.bolts.Task$Companion.access$completeImmediately(Task.kt:250)
05-11 13:22:35.028 15628 15628 E unknown:ReactHost: 	at com.facebook.react.runtime.internal.bolts.Task.continueWith(Task.kt:132)
05-11 13:22:35.028 15628 15628 E unknown:ReactHost: 	at com.facebook.react.runtime.internal.bolts.Task.continueWith$default(Task.kt:117)
05-11 13:22:35.028 15628 15628 E unknown:ReactHost: 	at com.facebook.react.runtime.internal.bolts.Task.onSuccess$lambda$12(Task.kt:174)
05-11 13:22:35.028 15628 15628 E unknown:ReactHost: 	at com.facebook.react.runtime.internal.bolts.Task.$r8$lambda$l0wwo5AvbHxlwfI1R7CH_codxoo(Unknown Source:0)
05-11 13:22:35.028 15628 15628 E unknown:ReactHost: 	at com.facebook.react.runtime.internal.bolts.Task$$ExternalSyntheticLambda2.then(D8$$SyntheticClass:0)
05-11 13:22:35.028 15628 15628 E unknown:ReactHost: 	at com.facebook.react.runtime.internal.bolts.Task$Companion.completeAfterTask$lambda$5(Task.kt:390)
05-11 13:22:35.028 15628 15628 E unknown:ReactHost: 	at com.facebook.react.runtime.internal.bolts.Task$Companion.$r8$lambda$IPpysnehFwANEiW061YzapkMdoE(Unknown Source:0)
05-11 13:22:35.028 15628 15628 E unknown:ReactHost: 	at com.facebook.react.runtime.internal.bolts.Task$Companion$$ExternalSyntheticLambda4.run(D8$$SyntheticClass:0)
05-11 13:22:35.028 15628 15628 E unknown:ReactHost: 	at com.facebook.react.runtime.internal.bolts.Executors$ImmediateExecutor.execute(Executors.kt:41)
05-11 13:22:35.028 15628 15628 E unknown:ReactHost: 	at com.facebook.react.runtime.internal.bolts.Task$Companion.completeAfterTask(Task.kt:388)
05-11 13:22:35.028 15628 15628 E unknown:ReactHost: 	at com.facebook.react.runtime.internal.bolts.Task$Companion.access$completeAfterTask(Task.kt:250)
05-11 13:22:35.028 15628 15628 E unknown:ReactHost: 	at com.facebook.react.runtime.internal.bolts.Task.continueWithTask(Task.kt:156)
05-11 13:22:35.028 15628 15628 E unknown:ReactHost: 	at com.facebook.react.runtime.internal.bolts.Task.onSuccess(Task.kt:169)
05-11 13:22:35.028 15628 15628 E unknown:ReactHost: 	at com.facebook.react.runtime.ReactHostImpl.callWithExistingReactInstance(ReactHostImpl.kt:798)
05-11 13:22:35.028 15628 15628 E unknown:ReactHost: 	at com.facebook.react.runtime.ReactHostImpl.callWithExistingReactInstance$default(ReactHostImpl.kt:791)
05-11 13:22:35.028 15628 15628 E unknown:ReactHost: 	at com.facebook.react.runtime.ReactHostImpl.callFunctionOnModule$ReactAndroid_debug(ReactHostImpl.kt:687)
05-11 13:22:35.028 15628 15628 E unknown:ReactHost: 	at com.facebook.react.runtime.BridgelessReactContext.emitDeviceEvent(BridgelessReactContext.kt:134)
05-11 13:22:35.028 15628 15628 E unknown:ReactHost: 	at com.facebook.react.animated.NativeAnimatedModule.startListeningToAnimatedNodeValue$lambda$6(NativeAnimatedModule.kt:533)
05-11 13:22:35.028 15628 15628 E unknown:ReactHost: 	at com.facebook.react.animated.NativeAnimatedModule.$r8$lambda$G40GYw3SwiHmNvK0JQDSxW9QV38(Unknown Source:0)
05-11 13:22:35.028 15628 15628 E unknown:ReactHost: 	at com.facebook.react.animated.NativeAnimatedModule$$ExternalSyntheticLambda0.onValueUpdate(D8$$SyntheticClass:0)
05-11 13:22:35.028 15628 15628 E unknown:ReactHost: 	at com.facebook.react.animated.ValueAnimatedNode.onValueUpdate(ValueAnimatedNode.kt:41)
05-11 13:22:35.028 15628 15628 E unknown:ReactHost: 	at com.facebook.react.animated.NativeAnimatedNodesManager.updateNodes(NativeAnimatedNodesManager.kt:711)
05-11 13:22:35.028 15628 15628 E unknown:ReactHost: 	at com.facebook.react.animated.NativeAnimatedNodesManager.handleEvent(NativeAnimatedNodesManager.kt:535)
05-11 13:22:35.028 15628 15628 E unknown:ReactHost: 	at com.facebook.react.animated.NativeAnimatedNodesManager.onEventDispatch(NativeAnimatedNodesManager.kt:511)
05-11 13:22:35.028 15628 15628 E unknown:ReactHost: 	at com.facebook.react.uimanager.events.FabricEventDispatcher.dispatchEvent(FabricEventDispatcher.kt:64)
05-11 13:22:35.028 15628 15628 E unknown:ReactHost: 	at com.swmansion.rnscreens.ScreenFragment.dispatchTransitionProgressEvent(ScreenFragment.kt:259)
05-11 13:22:35.028 15628 15628 E unknown:ReactHost: 	at com.swmansion.rnscreens.stack.anim.ScreensAnimation.applyTransformation(ScreensAnimation.kt:16)
05-11 13:22:35.028 15628 15628 E unknown:ReactHost: 	at android.view.animation.Animation.getTransformationAt(Animation.java:1050)
05-11 13:22:35.028 15628 15628 E unknown:ReactHost: 	at android.view.animation.Animation.getTransformation(Animation.java:1099)
05-11 13:22:35.028 15628 15628 E unknown:ReactHost: 	at android.view.animation.Animation.getTransformation(Animation.java:1191)
05-11 13:22:35.028 15628 15628 E unknown:ReactHost: 	at android.view.animation.AnimationSet.getTransformation(AnimationSet.java:405)
05-11 13:22:35.028 15628 15628 E unknown:ReactHost: 	at android.view.animation.Animation.getTransformation(Animation.java:1191)
05-11 13:22:35.028 15628 15628 E unknown:ReactHost: 	at android.view.View.applyLegacyAnimation(View.java:26270)
05-11 13:22:35.028 15628 15628 E unknown:ReactHost: 	at android.view.View.draw(View.java:26408)
05-11 13:22:35.028 15628 15628 E unknown:ReactHost: 	at android.view.ViewGroup.drawChild(ViewGroup.java:4897)
05-11 13:22:35.028 15628 15628 E unknown:ReactHost: 	at com.swmansion.rnscreens.ScreenStack.performDraw(ScreenStack.kt:354)
05-11 13:22:35.028 15628 15628 E unknown:ReactHost: 	at com.swmansion.rnscreens.ScreenStack.access$performDraw(ScreenStack.kt:20)
05-11 13:22:35.028 15628 15628 E unknown:ReactHost: 	at com.swmansion.rnscreens.ScreenStack$DrawingOp.draw(ScreenStack.kt:367)
05-11 13:22:35.028 15628 15628 E unknown:ReactHost: 	at com.swmansion.rnscreens.ScreenStack.drawAndRelease(ScreenStack.kt:323)
05-11 13:22:35.028 15628 15628 E unknown:ReactHost: 	at com.swmansion.rnscreens.ScreenStack.dispatchDraw(ScreenStack.kt:333)
05-11 13:22:35.028 15628 15628 E unknown:ReactHost: 	at android.view.View.updateDisplayListIfDirty(View.java:25563)
05-11 13:22:35.028 15628 15628 E unknown:ReactHost: 	at android.view.ViewGroup.recreateChildDisplayList(ViewGroup.java:4881)
05-11 13:22:35.028 15628 15628 E unknown:ReactHost: 	at android.view.ViewGroup.dispatchGetDisplayList(ViewGroup.java:4853)
05-11 13:22:35.028 15628 15628 E unknown:ReactHost: 	at android.view.View.updateDisplayListIfDirty(View.java:25521)
05-11 13:22:35.028 15628 15628 E unknown:ReactHost: 	at android.view.ViewGroup.recreateChildDisplayList(ViewGroup.java:4881)
05-11 13:22:35.028 15628 15628 E unknown:ReactHost: 	at android.view.ViewGroup.dispatchGetDisplayList(ViewGroup.java:4853)
05-11 13:22:35.028 15628 15628 E unknown:ReactHost: 	at android.view.View.updateDisplayListIfDirty(View.java:25521)
05-11 13:22:35.028 15628 15628 E unknown:ReactHost: 	at android.view.ViewGroup.recreateChildDisplayList(ViewGroup.java:4881)
05-11 13:22:35.028 15628 15628 E unknown:ReactHost: 	at android.view.ViewGroup.dispatchGetDisplayList(ViewGroup.java:4853)
05-11 13:22:35.028 15628 15628 E unknown:ReactHost: 	at android.view.View.updateDisplayListIfDirty(View.java:25521)
05-11 13:22:35.028 15628 15628 E unknown:ReactHost: 	at android.view.ViewGroup.recreateChildDisplayList(ViewGroup.java:4881)
05-11 13:22:35.028 15628 15628 E unknown:ReactHost: 	at android.view.ViewGroup.dispatchGetDisplayList(ViewGroup.java:4853)
05-11 13:22:35.028 15628 15628 E unknown:ReactHost: 	at android.view.View.updateDisplayListIfDirty(View.java:25521)
05-11 13:22:35.028 15628 15628 E unknown:ReactHost: 	at android.view.ViewGroup.recreateChildDisplayList(ViewGroup.java:4881)
05-11 13:22:35.028 15628 15628 E unknown:ReactHost: 	at android.view.ViewGroup.dispatchGetDisplayList(ViewGroup.java:4853)
05-11 13:22:35.028 15628 15628 E unknown:ReactHost: 	at android.view.View.updateDisplayListIfDirty(View.java:25521)
05-11 13:22:35.028 15628 15628 E unknown:ReactHost: 	at android.view.ViewGroup.recreateChildDisplayList(ViewGroup.java:4881)
05-11 13:22:35.028 15628 15628 E unknown:ReactHost: 	at android.view.ViewGroup.dispatchGetDisplayList(ViewGroup.java:4853)
05-11 13:22:35.028 15628 15628 E unknown:ReactHost: 	at android.view.View.updateDisplayListIfDirty(View.java:25521)
05-11 13:22:35.028 15628 15628 E unknown:ReactHost: 	at android.view.ViewGroup.recreateChildDisplayList(ViewGroup.java:4881)
05-11 13:22:35.028 15628 15628 E unknown:ReactHost: 	at android.view.ViewGroup.dispatchGetDisplayList(ViewGroup.java:4853)
05-11 13:22:35.028 15628 15628 E unknown:ReactHost: 	at android.view.View.updateDisplayListIfDirty(View.java:25521)
05-11 13:22:35.028 15628 15628 E unknown:ReactHost: 	at android.view.ViewGroup.recreateChildDisplayList(ViewGroup.java:4881)
05-11 13:22:35.028 15628 15628 E unknown:ReactHost: 	at android.view.ViewGroup.dispatchGetDisplayList(ViewGroup.java:4853)
05-11 13:22:35.028 15628 15628 E unknown:ReactHost: 	at android.view.View.updateDisplayListIfDirty(View.java:25521)
05-11 13:22:35.028 15628 15628 E unknown:ReactHost: 	at android.view.ViewGroup.recreateChildDisplayList(ViewGroup.java:4881)
05-11 13:22:35.028 15628 15628 E unknown:ReactHost: 	at android.view.ViewGroup.dispatchGetDisplayList(ViewGroup.java:4853)
05-11 13:22:35.028 15628 15628 E unknown:ReactHost: 	at android.view.View.updateDisplayListIfDirty(View.java:25521)
05-11 13:22:35.028 15628 15628 E unknown:ReactHost: 	at android.view.ThreadedRenderer.updateViewTreeDisplayList(ThreadedRenderer.java:727)
05-11 13:22:35.028 15628 15628 E unknown:ReactHost: 	at android.view.ThreadedRenderer.updateRootDisplayList(ThreadedRenderer.java:733)
05-11 13:22:35.028 15628 15628 E unknown:ReactHost: 	at android.view.ThreadedRenderer.draw(ThreadedRenderer.java:831)
05-11 13:22:35.028 15628 15628 E unknown:ReactHost: 	at android.view.ViewRootImpl.draw(ViewRootImpl.java:7116)
05-11 13:22:35.028 15628 15628 E unknown:ReactHost: 	at android.view.ViewRootImpl.performDraw(ViewRootImpl.java:6732)
05-11 13:22:35.028 15628 15628 E unknown:ReactHost: 	at android.view.ViewRootImpl.performTraversals(ViewRootImpl.java:5616)
05-11 13:22:35.028 15628 15628 E unknown:ReactHost: 	at android.view.ViewRootImpl.doTraversal(ViewRootImpl.java:3984)
05-11 13:22:35.028 15628 15628 E unknown:ReactHost: 	at android.view.ViewRootImpl$TraversalRunnable.run(ViewRootImpl.java:13055)
05-11 13:22:35.028 15628 15628 E unknown:ReactHost: 	at android.view.Choreographer$CallbackRecord.run(Choreographer.java:1961)
05-11 13:22:35.028 15628 15628 E unknown:ReactHost: 	at android.view.Choreographer$CallbackRecord.run(Choreographer.java:1970)
05-11 13:22:35.028 15628 15628 E unknown:ReactHost: 	at android.view.Choreographer.doCallbacks(Choreographer.java:1423)
05-11 13:22:35.028 15628 15628 E unknown:ReactHost: 	at android.view.Choreographer.doFrame(Choreographer.java:1348)
05-11 13:22:35.028 15628 15628 E unknown:ReactHost: 	at android.view.Choreographer$FrameDisplayEventReceiver.run(Choreographer.java:1930)
05-11 13:22:35.028 15628 15628 E unknown:ReactHost: 	at android.os.Handler.handleCallback(Handler.java:1070)
05-11 13:22:35.028 15628 15628 E unknown:ReactHost: 	at android.os.Handler.dispatchMessage(Handler.java:125)
05-11 13:22:35.028 15628 15628 E unknown:ReactHost: 	at android.os.Looper.dispatchMessage(Looper.java:358)
05-11 13:22:35.028 15628 15628 E unknown:ReactHost: 	at android.os.Looper.loopOnce(Looper.java:288)
05-11 13:22:35.028 15628 15628 E unknown:ReactHost: 	at android.os.Looper.loop(Looper.java:392)
05-11 13:22:35.028 15628 15628 E unknown:ReactHost: 	at android.app.ActivityThread.main(ActivityThread.java:10343)
05-11 13:22:35.028 15628 15628 E unknown:ReactHost: 	at java.lang.reflect.Method.invoke(Native Method)
05-11 13:22:35.028 15628 15628 E unknown:ReactHost: 	at com.android.internal.os.RuntimeInit$MethodAndArgsCaller.run(RuntimeInit.java:605)
05-11 13:22:35.028 15628 15628 E unknown:ReactHost: 	at com.android.internal.os.ZygoteInit.main(ZygoteInit.java:972)
05-11 13:22:35.028 15628 15628 W unknown:BridgelessReact: ReactHost{0}.raiseSoftException(callWithExistingReactInstance(callFunctionOnModule("RCTDeviceEventEmitter", "emit"))): Execute: reactInstance is null. Dropping work.
05-11 13:22:35.028 15628 15628 E unknown:ReactHost: Unhandled SoftException
05-11 13:22:35.028 15628 15628 E unknown:ReactHost: com.facebook.react.bridge.ReactNoCrashSoftException: raiseSoftException(callWithExistingReactInstance(callFunctionOnModule("RCTDeviceEventEmitter", "emit"))): Execute: reactInstance is null. Dropping work.
05-11 13:22:35.028 15628 15628 E unknown:ReactHost: 	at com.facebook.react.runtime.ReactHostImpl.raiseSoftException(ReactHostImpl.kt:787)
05-11 13:22:35.028 15628 15628 E unknown:ReactHost: 	at com.facebook.react.runtime.ReactHostImpl.raiseSoftException$default(ReactHostImpl.kt:779)
05-11 13:22:35.028 15628 15628 E unknown:ReactHost: 	at com.facebook.react.runtime.ReactHostImpl.callWithExistingReactInstance$lambda$28(ReactHostImpl.kt:802)
05-11 13:22:35.028 15628 15628 E unknown:ReactHost: 	at com.facebook.react.runtime.ReactHostImpl.$r8$lambda$6NreFt2BcPly8g6qrNV9Z1C-YmU(Unknown Source:0)
05-11 13:22:35.028 15628 15628 E unknown:ReactHost: 	at com.facebook.react.runtime.ReactHostImpl$$ExternalSyntheticLambda31.then(D8$$SyntheticClass:0)
05-11 13:22:35.028 15628 15628 E unknown:ReactHost: 	at com.facebook.react.runtime.internal.bolts.Task$Companion.completeImmediately$lambda$3(Task.kt:356)
05-11 13:22:35.028 15628 15628 E unknown:ReactHost: 	at com.facebook.react.runtime.internal.bolts.Task$Companion.$r8$lambda$b7MTC0ufkn_2TjF4BGcNqGR9qK0(Unknown Source:0)
05-11 13:22:35.028 15628 15628 E unknown:ReactHost: 	at com.facebook.react.runtime.internal.bolts.Task$Companion$$ExternalSyntheticLambda3.run(D8$$SyntheticClass:0)
05-11 13:22:35.028 15628 15628 E unknown:ReactHost: 	at com.facebook.react.runtime.internal.bolts.Executors$ImmediateExecutor.execute(Executors.kt:41)
05-11 13:22:35.028 15628 15628 E unknown:ReactHost: 	at com.facebook.react.runtime.internal.bolts.Task$Companion.completeImmediately(Task.kt:354)
05-11 13:22:35.028 15628 15628 E unknown:ReactHost: 	at com.facebook.react.runtime.internal.bolts.Task$Companion.access$completeImmediately(Task.kt:250)
05-11 13:22:35.028 15628 15628 E unknown:ReactHost: 	at com.facebook.react.runtime.internal.bolts.Task.continueWith(Task.kt:132)
05-11 13:22:35.028 15628 15628 E unknown:ReactHost: 	at com.facebook.react.runtime.internal.bolts.Task.continueWith$default(Task.kt:117)
05-11 13:22:35.028 15628 15628 E unknown:ReactHost: 	at com.facebook.react.runtime.internal.bolts.Task.onSuccess$lambda$12(Task.kt:174)
05-11 13:22:35.028 15628 15628 E unknown:ReactHost: 	at com.facebook.react.runtime.internal.bolts.Task.$r8$lambda$l0wwo5AvbHxlwfI1R7CH_codxoo(Unknown Source:0)
05-11 13:22:35.028 15628 15628 E unknown:ReactHost: 	at com.facebook.react.runtime.internal.bolts.Task$$ExternalSyntheticLambda2.then(D8$$SyntheticClass:0)
05-11 13:22:35.028 15628 15628 E unknown:ReactHost: 	at com.facebook.react.runtime.internal.bolts.Task$Companion.completeAfterTask$lambda$5(Task.kt:390)
05-11 13:22:35.028 15628 15628 E unknown:ReactHost: 	at com.facebook.react.runtime.internal.bolts.Task$Companion.$r8$lambda$IPpysnehFwANEiW061YzapkMdoE(Unknown Source:0)
05-11 13:22:35.028 15628 15628 E unknown:ReactHost: 	at com.facebook.react.runtime.internal.bolts.Task$Companion$$ExternalSyntheticLambda4.run(D8$$SyntheticClass:0)
05-11 13:22:35.028 15628 15628 E unknown:ReactHost: 	at com.facebook.react.runtime.internal.bolts.Executors$ImmediateExecutor.execute(Executors.kt:41)
05-11 13:22:35.028 15628 15628 E unknown:ReactHost: 	at com.facebook.react.runtime.internal.bolts.Task$Companion.completeAfterTask(Task.kt:388)
05-11 13:22:35.028 15628 15628 E unknown:ReactHost: 	at com.facebook.react.runtime.internal.bolts.Task$Companion.access$completeAfterTask(Task.kt:250)
05-11 13:22:35.028 15628 15628 E unknown:ReactHost: 	at com.facebook.react.runtime.internal.bolts.Task.continueWithTask(Task.kt:156)
05-11 13:22:35.028 15628 15628 E unknown:ReactHost: 	at com.facebook.react.runtime.internal.bolts.Task.onSuccess(Task.kt:169)
05-11 13:22:35.028 15628 15628 E unknown:ReactHost: 	at com.facebook.react.runtime.ReactHostImpl.callWithExistingReactInstance(ReactHostImpl.kt:798)
05-11 13:22:35.028 15628 15628 E unknown:ReactHost: 	at com.facebook.react.runtime.ReactHostImpl.callWithExistingReactInstance$default(ReactHostImpl.kt:791)
05-11 13:22:35.028 15628 15628 E unknown:ReactHost: 	at com.facebook.react.runtime.ReactHostImpl.callFunctionOnModule$ReactAndroid_debug(ReactHostImpl.kt:687)
05-11 13:22:35.028 15628 15628 E unknown:ReactHost: 	at com.facebook.react.runtime.BridgelessReactContext.emitDeviceEvent(BridgelessReactContext.kt:134)
05-11 13:22:35.028 15628 15628 E unknown:ReactHost: 	at com.facebook.react.animated.NativeAnimatedModule.startListeningToAnimatedNodeValue$lambda$6(NativeAnimatedModule.kt:533)
05-11 13:22:35.028 15628 15628 E unknown:ReactHost: 	at com.facebook.react.animated.NativeAnimatedModule.$r8$lambda$G40GYw3SwiHmNvK0JQDSxW9QV38(Unknown Source:0)
05-11 13:22:35.028 15628 15628 E unknown:ReactHost: 	at com.facebook.react.animated.NativeAnimatedModule$$ExternalSyntheticLambda0.onValueUpdate(D8$$SyntheticClass:0)
05-11 13:22:35.028 15628 15628 E unknown:ReactHost: 	at com.facebook.react.animated.ValueAnimatedNode.onValueUpdate(ValueAnimatedNode.kt:41)
05-11 13:22:35.028 15628 15628 E unknown:ReactHost: 	at com.facebook.react.animated.NativeAnimatedNodesManager.updateNodes(NativeAnimatedNodesManager.kt:711)
05-11 13:22:35.028 15628 15628 E unknown:ReactHost: 	at com.facebook.react.animated.NativeAnimatedNodesManager.handleEvent(NativeAnimatedNodesManager.kt:535)
05-11 13:22:35.028 15628 15628 E unknown:ReactHost: 	at com.facebook.react.animated.NativeAnimatedNodesManager.onEventDispatch(NativeAnimatedNodesManager.kt:511)
05-11 13:22:35.028 15628 15628 E unknown:ReactHost: 	at com.facebook.react.uimanager.events.FabricEventDispatcher.dispatchEvent(FabricEventDispatcher.kt:64)
05-11 13:22:35.028 15628 15628 E unknown:ReactHost: 	at com.swmansion.rnscreens.ScreenFragment.dispatchTransitionProgressEvent(ScreenFragment.kt:259)
05-11 13:22:35.028 15628 15628 E unknown:ReactHost: 	at com.swmansion.rnscreens.stack.anim.ScreensAnimation.applyTransformation(ScreensAnimation.kt:16)
05-11 13:22:35.028 15628 15628 E unknown:ReactHost: 	at android.view.animation.Animation.getTransformationAt(Animation.java:1050)
05-11 13:22:35.028 15628 15628 E unknown:ReactHost: 	at android.view.animation.Animation.getTransformation(Animation.java:1099)
05-11 13:22:35.028 15628 15628 E unknown:ReactHost: 	at android.view.animation.Animation.getTransformation(Animation.java:1191)
05-11 13:22:35.028 15628 15628 E unknown:ReactHost: 	at android.view.animation.AnimationSet.getTransformation(AnimationSet.java:405)
05-11 13:22:35.028 15628 15628 E unknown:ReactHost: 	at android.view.animation.Animation.getTransformation(Animation.java:1191)
05-11 13:22:35.028 15628 15628 E unknown:ReactHost: 	at android.view.View.applyLegacyAnimation(View.java:26270)
05-11 13:22:35.028 15628 15628 E unknown:ReactHost: 	at android.view.View.draw(View.java:26408)
05-11 13:22:35.028 15628 15628 E unknown:ReactHost: 	at android.view.ViewGroup.drawChild(ViewGroup.java:4897)
05-11 13:22:35.028 15628 15628 E unknown:ReactHost: 	at com.swmansion.rnscreens.ScreenStack.performDraw(ScreenStack.kt:354)
05-11 13:22:35.028 15628 15628 E unknown:ReactHost: 	at com.swmansion.rnscreens.ScreenStack.access$performDraw(ScreenStack.kt:20)
05-11 13:22:35.028 15628 15628 E unknown:ReactHost: 	at com.swmansion.rnscreens.ScreenStack$DrawingOp.draw(ScreenStack.kt:367)
05-11 13:22:35.028 15628 15628 E unknown:ReactHost: 	at com.swmansion.rnscreens.ScreenStack.drawAndRelease(ScreenStack.kt:323)
05-11 13:22:35.028 15628 15628 E unknown:ReactHost: 	at com.swmansion.rnscreens.ScreenStack.dispatchDraw(ScreenStack.kt:333)
05-11 13:22:35.028 15628 15628 E unknown:ReactHost: 	at android.view.View.updateDisplayListIfDirty(View.java:25563)
05-11 13:22:35.028 15628 15628 E unknown:ReactHost: 	at android.view.ViewGroup.recreateChildDisplayList(ViewGroup.java:4881)
05-11 13:22:35.028 15628 15628 E unknown:ReactHost: 	at android.view.ViewGroup.dispatchGetDisplayList(ViewGroup.java:4853)
05-11 13:22:35.028 15628 15628 E unknown:ReactHost: 	at android.view.View.updateDisplayListIfDirty(View.java:25521)
05-11 13:22:35.028 15628 15628 E unknown:ReactHost: 	at android.view.ViewGroup.recreateChildDisplayList(ViewGroup.java:4881)
05-11 13:22:35.028 15628 15628 E unknown:ReactHost: 	at android.view.ViewGroup.dispatchGetDisplayList(ViewGroup.java:4853)
05-11 13:22:35.028 15628 15628 E unknown:ReactHost: 	at android.view.View.updateDisplayListIfDirty(View.java:25521)
05-11 13:22:35.028 15628 15628 E unknown:ReactHost: 	at android.view.ViewGroup.recreateChildDisplayList(ViewGroup.java:4881)
05-11 13:22:35.028 15628 15628 E unknown:ReactHost: 	at android.view.ViewGroup.dispatchGetDisplayList(ViewGroup.java:4853)
05-11 13:22:35.028 15628 15628 E unknown:ReactHost: 	at android.view.View.updateDisplayListIfDirty(View.java:25521)
05-11 13:22:35.028 15628 15628 E unknown:ReactHost: 	at android.view.ViewGroup.recreateChildDisplayList(ViewGroup.java:4881)
05-11 13:22:35.028 15628 15628 E unknown:ReactHost: 	at android.view.ViewGroup.dispatchGetDisplayList(ViewGroup.java:4853)
05-11 13:22:35.028 15628 15628 E unknown:ReactHost: 	at android.view.View.updateDisplayListIfDirty(View.java:25521)
05-11 13:22:35.028 15628 15628 E unknown:ReactHost: 	at android.view.ViewGroup.recreateChildDisplayList(ViewGroup.java:4881)
05-11 13:22:35.028 15628 15628 E unknown:ReactHost: 	at android.view.ViewGroup.dispatchGetDisplayList(ViewGroup.java:4853)
05-11 13:22:35.028 15628 15628 E unknown:ReactHost: 	at android.view.View.updateDisplayListIfDirty(View.java:25521)
05-11 13:22:35.028 15628 15628 E unknown:ReactHost: 	at android.view.ViewGroup.recreateChildDisplayList(ViewGroup.java:4881)
05-11 13:22:35.028 15628 15628 E unknown:ReactHost: 	at android.view.ViewGroup.dispatchGetDisplayList(ViewGroup.java:4853)
05-11 13:22:35.028 15628 15628 E unknown:ReactHost: 	at android.view.View.updateDisplayListIfDirty(View.java:25521)
05-11 13:22:35.028 15628 15628 E unknown:ReactHost: 	at android.view.ViewGroup.recreateChildDisplayList(ViewGroup.java:4881)
05-11 13:22:35.028 15628 15628 E unknown:ReactHost: 	at android.view.ViewGroup.dispatchGetDisplayList(ViewGroup.java:4853)
05-11 13:22:35.028 15628 15628 E unknown:ReactHost: 	at android.view.View.updateDisplayListIfDirty(View.java:25521)
05-11 13:22:35.028 15628 15628 E unknown:ReactHost: 	at android.view.ViewGroup.recreateChildDisplayList(ViewGroup.java:4881)
05-11 13:22:35.028 15628 15628 E unknown:ReactHost: 	at android.view.ViewGroup.dispatchGetDisplayList(ViewGroup.java:4853)
05-11 13:22:35.028 15628 15628 E unknown:ReactHost: 	at android.view.View.updateDisplayListIfDirty(View.java:25521)
05-11 13:22:35.028 15628 15628 E unknown:ReactHost: 	at android.view.ViewGroup.recreateChildDisplayList(ViewGroup.java:4881)
05-11 13:22:35.028 15628 15628 E unknown:ReactHost: 	at android.view.ViewGroup.dispatchGetDisplayList(ViewGroup.java:4853)
05-11 13:22:35.028 15628 15628 E unknown:ReactHost: 	at android.view.View.updateDisplayListIfDirty(View.java:25521)
05-11 13:22:35.028 15628 15628 E unknown:ReactHost: 	at android.view.ThreadedRenderer.updateViewTreeDisplayList(ThreadedRenderer.java:727)
05-11 13:22:35.028 15628 15628 E unknown:ReactHost: 	at android.view.ThreadedRenderer.updateRootDisplayList(ThreadedRenderer.java:733)
05-11 13:22:35.028 15628 15628 E unknown:ReactHost: 	at android.view.ThreadedRenderer.draw(ThreadedRenderer.java:831)
05-11 13:22:35.028 15628 15628 E unknown:ReactHost: 	at android.view.ViewRootImpl.draw(ViewRootImpl.java:7116)
05-11 13:22:35.028 15628 15628 E unknown:ReactHost: 	at android.view.ViewRootImpl.performDraw(ViewRootImpl.java:6732)
05-11 13:22:35.028 15628 15628 E unknown:ReactHost: 	at android.view.ViewRootImpl.performTraversals(ViewRootImpl.java:5616)
05-11 13:22:35.028 15628 15628 E unknown:ReactHost: 	at android.view.ViewRootImpl.doTraversal(ViewRootImpl.java:3984)
05-11 13:22:35.028 15628 15628 E unknown:ReactHost: 	at android.view.ViewRootImpl$TraversalRunnable.run(ViewRootImpl.java:13055)
05-11 13:22:35.028 15628 15628 E unknown:ReactHost: 	at android.view.Choreographer$CallbackRecord.run(Choreographer.java:1961)
05-11 13:22:35.028 15628 15628 E unknown:ReactHost: 	at android.view.Choreographer$CallbackRecord.run(Choreographer.java:1970)
05-11 13:22:35.028 15628 15628 E unknown:ReactHost: 	at android.view.Choreographer.doCallbacks(Choreographer.java:1423)
05-11 13:22:35.028 15628 15628 E unknown:ReactHost: 	at android.view.Choreographer.doFrame(Choreographer.java:1348)
05-11 13:22:35.028 15628 15628 E unknown:ReactHost: 	at android.view.Choreographer$FrameDisplayEventReceiver.run(Choreographer.java:1930)
05-11 13:22:35.028 15628 15628 E unknown:ReactHost: 	at android.os.Handler.handleCallback(Handler.java:1070)
05-11 13:22:35.028 15628 15628 E unknown:ReactHost: 	at android.os.Handler.dispatchMessage(Handler.java:125)
05-11 13:22:35.028 15628 15628 E unknown:ReactHost: 	at android.os.Looper.dispatchMessage(Looper.java:358)
05-11 13:22:35.028 15628 15628 E unknown:ReactHost: 	at android.os.Looper.loopOnce(Looper.java:288)
05-11 13:22:35.028 15628 15628 E unknown:ReactHost: 	at android.os.Looper.loop(Looper.java:392)
05-11 13:22:35.028 15628 15628 E unknown:ReactHost: 	at android.app.ActivityThread.main(ActivityThread.java:10343)
05-11 13:22:35.028 15628 15628 E unknown:ReactHost: 	at java.lang.reflect.Method.invoke(Native Method)
05-11 13:22:35.028 15628 15628 E unknown:ReactHost: 	at com.android.internal.os.RuntimeInit$MethodAndArgsCaller.run(RuntimeInit.java:605)
05-11 13:22:35.028 15628 15628 E unknown:ReactHost: 	at com.android.internal.os.ZygoteInit.main(ZygoteInit.java:972)
05-11 13:22:35.028 15628 15628 W unknown:BridgelessReact: ReactHost{0}.raiseSoftException(callWithExistingReactInstance(callFunctionOnModule("RCTDeviceEventEmitter", "emit"))): Execute: reactInstance is null. Dropping work.
05-11 13:22:35.028 15628 15628 E unknown:ReactHost: Unhandled SoftException
05-11 13:22:35.028 15628 15628 E unknown:ReactHost: com.facebook.react.bridge.ReactNoCrashSoftException: raiseSoftException(callWithExistingReactInstance(callFunctionOnModule("RCTDeviceEventEmitter", "emit"))): Execute: reactInstance is null. Dropping work.
05-11 13:22:35.028 15628 15628 E unknown:ReactHost: 	at com.facebook.react.runtime.ReactHostImpl.raiseSoftException(ReactHostImpl.kt:787)
05-11 13:22:35.028 15628 15628 E unknown:ReactHost: 	at com.facebook.react.runtime.ReactHostImpl.raiseSoftException$default(ReactHostImpl.kt:779)
05-11 13:22:35.028 15628 15628 E unknown:ReactHost: 	at com.facebook.react.runtime.ReactHostImpl.callWithExistingReactInstance$lambda$28(ReactHostImpl.kt:802)
05-11 13:22:35.028 15628 15628 E unknown:ReactHost: 	at com.facebook.react.runtime.ReactHostImpl.$r8$lambda$6NreFt2BcPly8g6qrNV9Z1C-YmU(Unknown Source:0)
05-11 13:22:35.028 15628 15628 E unknown:ReactHost: 	at com.facebook.react.runtime.ReactHostImpl$$ExternalSyntheticLambda31.then(D8$$SyntheticClass:0)
05-11 13:22:35.028 15628 15628 E unknown:ReactHost: 	at com.facebook.react.runtime.internal.bolts.Task$Companion.completeImmediately$lambda$3(Task.kt:356)
05-11 13:22:35.028 15628 15628 E unknown:ReactHost: 	at com.facebook.react.runtime.internal.bolts.Task$Companion.$r8$lambda$b7MTC0ufkn_2TjF4BGcNqGR9qK0(Unknown Source:0)
05-11 13:22:35.028 15628 15628 E unknown:ReactHost: 	at com.facebook.react.runtime.internal.bolts.Task$Companion$$ExternalSyntheticLambda3.run(D8$$SyntheticClass:0)
05-11 13:22:35.028 15628 15628 E unknown:ReactHost: 	at com.facebook.react.runtime.internal.bolts.Executors$ImmediateExecutor.execute(Executors.kt:41)
05-11 13:22:35.028 15628 15628 E unknown:ReactHost: 	at com.facebook.react.runtime.internal.bolts.Task$Companion.completeImmediately(Task.kt:354)
05-11 13:22:35.028 15628 15628 E unknown:ReactHost: 	at com.facebook.react.runtime.internal.bolts.Task$Companion.access$completeImmediately(Task.kt:250)
05-11 13:22:35.028 15628 15628 E unknown:ReactHost: 	at com.facebook.react.runtime.internal.bolts.Task.continueWith(Task.kt:132)
05-11 13:22:35.028 15628 15628 E unknown:ReactHost: 	at com.facebook.react.runtime.internal.bolts.Task.continueWith$default(Task.kt:117)
05-11 13:22:35.028 15628 15628 E unknown:ReactHost: 	at com.facebook.react.runtime.internal.bolts.Task.onSuccess$lambda$12(Task.kt:174)
05-11 13:22:35.028 15628 15628 E unknown:ReactHost: 	at com.facebook.react.runtime.internal.bolts.Task.$r8$lambda$l0wwo5AvbHxlwfI1R7CH_codxoo(Unknown Source:0)
05-11 13:22:35.028 15628 15628 E unknown:ReactHost: 	at com.facebook.react.runtime.internal.bolts.Task$$ExternalSyntheticLambda2.then(D8$$SyntheticClass:0)
05-11 13:22:35.028 15628 15628 E unknown:ReactHost: 	at com.facebook.react.runtime.internal.bolts.Task$Companion.completeAfterTask$lambda$5(Task.kt:390)
05-11 13:22:35.028 15628 15628 E unknown:ReactHost: 	at com.facebook.react.runtime.internal.bolts.Task$Companion.$r8$lambda$IPpysnehFwANEiW061YzapkMdoE(Unknown Source:0)
05-11 13:22:35.028 15628 15628 E unknown:ReactHost: 	at com.facebook.react.runtime.internal.bolts.Task$Companion$$ExternalSyntheticLambda4.run(D8$$SyntheticClass:0)
05-11 13:22:35.028 15628 15628 E unknown:ReactHost: 	at com.facebook.react.runtime.internal.bolts.Executors$ImmediateExecutor.execute(Executors.kt:41)
05-11 13:22:35.028 15628 15628 E unknown:ReactHost: 	at com.facebook.react.runtime.internal.bolts.Task$Companion.completeAfterTask(Task.kt:388)
05-11 13:22:35.028 15628 15628 E unknown:ReactHost: 	at com.facebook.react.runtime.internal.bolts.Task$Companion.access$completeAfterTask(Task.kt:250)
05-11 13:22:35.028 15628 15628 E unknown:ReactHost: 	at com.facebook.react.runtime.internal.bolts.Task.continueWithTask(Task.kt:156)
05-11 13:22:35.028 15628 15628 E unknown:ReactHost: 	at com.facebook.react.runtime.internal.bolts.Task.onSuccess(Task.kt:169)
05-11 13:22:35.028 15628 15628 E unknown:ReactHost: 	at com.facebook.react.runtime.ReactHostImpl.callWithExistingReactInstance(ReactHostImpl.kt:798)
05-11 13:22:35.028 15628 15628 E unknown:ReactHost: 	at com.facebook.react.runtime.ReactHostImpl.callWithExistingReactInstance$default(ReactHostImpl.kt:791)
05-11 13:22:35.028 15628 15628 E unknown:ReactHost: 	at com.facebook.react.runtime.ReactHostImpl.callFunctionOnModule$ReactAndroid_debug(ReactHostImpl.kt:687)
05-11 13:22:35.028 15628 15628 E unknown:ReactHost: 	at com.facebook.react.runtime.BridgelessReactContext.emitDeviceEvent(BridgelessReactContext.kt:134)
05-11 13:22:35.028 15628 15628 E unknown:ReactHost: 	at com.facebook.react.animated.NativeAnimatedModule.startListeningToAnimatedNodeValue$lambda$6(NativeAnimatedModule.kt:533)
05-11 13:22:35.028 15628 15628 E unknown:ReactHost: 	at com.facebook.react.animated.NativeAnimatedModule.$r8$lambda$G40GYw3SwiHmNvK0JQDSxW9QV38(Unknown Source:0)
05-11 13:22:35.028 15628 15628 E unknown:ReactHost: 	at com.facebook.react.animated.NativeAnimatedModule$$ExternalSyntheticLambda0.onValueUpdate(D8$$SyntheticClass:0)
05-11 13:22:35.028 15628 15628 E unknown:ReactHost: 	at com.facebook.react.animated.ValueAnimatedNode.onValueUpdate(ValueAnimatedNode.kt:41)
05-11 13:22:35.028 15628 15628 E unknown:ReactHost: 	at com.facebook.react.animated.NativeAnimatedNodesManager.updateNodes(NativeAnimatedNodesManager.kt:711)
05-11 13:22:35.028 15628 15628 E unknown:ReactHost: 	at com.facebook.react.animated.NativeAnimatedNodesManager.handleEvent(NativeAnimatedNodesManager.kt:535)
05-11 13:22:35.028 15628 15628 E unknown:ReactHost: 	at com.facebook.react.animated.NativeAnimatedNodesManager.onEventDispatch(NativeAnimatedNodesManager.kt:511)
05-11 13:22:35.028 15628 15628 E unknown:ReactHost: 	at com.facebook.react.uimanager.events.FabricEventDispatcher.dispatchEvent(FabricEventDispatcher.kt:64)
05-11 13:22:35.028 15628 15628 E unknown:ReactHost: 	at com.swmansion.rnscreens.ScreenFragment.dispatchTransitionProgressEvent(ScreenFragment.kt:259)
05-11 13:22:35.028 15628 15628 E unknown:ReactHost: 	at com.swmansion.rnscreens.stack.anim.ScreensAnimation.applyTransformation(ScreensAnimation.kt:16)
05-11 13:22:35.028 15628 15628 E unknown:ReactHost: 	at android.view.animation.Animation.getTransformationAt(Animation.java:1050)
05-11 13:22:35.028 15628 15628 E unknown:ReactHost: 	at android.view.animation.Animation.getTransformation(Animation.java:1099)
05-11 13:22:35.028 15628 15628 E unknown:ReactHost: 	at android.view.animation.Animation.getTransformation(Animation.java:1191)
05-11 13:22:35.028 15628 15628 E unknown:ReactHost: 	at android.view.animation.AnimationSet.getTransformation(AnimationSet.java:405)
05-11 13:22:35.028 15628 15628 E unknown:ReactHost: 	at android.view.animation.Animation.getTransformation(Animation.java:1191)
05-11 13:22:35.028 15628 15628 E unknown:ReactHost: 	at android.view.View.applyLegacyAnimation(View.java:26270)
05-11 13:22:35.028 15628 15628 E unknown:ReactHost: 	at android.view.View.draw(View.java:26408)
05-11 13:22:35.028 15628 15628 E unknown:ReactHost: 	at android.view.ViewGroup.drawChild(ViewGroup.java:4897)
05-11 13:22:35.028 15628 15628 E unknown:ReactHost: 	at com.swmansion.rnscreens.ScreenStack.performDraw(ScreenStack.kt:354)
05-11 13:22:35.028 15628 15628 E unknown:ReactHost: 	at com.swmansion.rnscreens.ScreenStack.access$performDraw(ScreenStack.kt:20)
05-11 13:22:35.028 15628 15628 E unknown:ReactHost: 	at com.swmansion.rnscreens.ScreenStack$DrawingOp.draw(ScreenStack.kt:367)
05-11 13:22:35.028 15628 15628 E unknown:ReactHost: 	at com.swmansion.rnscreens.ScreenStack.drawAndRelease(ScreenStack.kt:323)
05-11 13:22:35.028 15628 15628 E unknown:ReactHost: 	at com.swmansion.rnscreens.ScreenStack.dispatchDraw(ScreenStack.kt:333)
05-11 13:22:35.028 15628 15628 E unknown:ReactHost: 	at android.view.View.updateDisplayListIfDirty(View.java:25563)
05-11 13:22:35.028 15628 15628 E unknown:ReactHost: 	at android.view.ViewGroup.recreateChildDisplayList(ViewGroup.java:4881)
05-11 13:22:35.028 15628 15628 E unknown:ReactHost: 	at android.view.ViewGroup.dispatchGetDisplayList(ViewGroup.java:4853)
05-11 13:22:35.028 15628 15628 E unknown:ReactHost: 	at android.view.View.updateDisplayListIfDirty(View.java:25521)
05-11 13:22:35.028 15628 15628 E unknown:ReactHost: 	at android.view.ViewGroup.recreateChildDisplayList(ViewGroup.java:4881)
05-11 13:22:35.028 15628 15628 E unknown:ReactHost: 	at android.view.ViewGroup.dispatchGetDisplayList(ViewGroup.java:4853)
05-11 13:22:35.028 15628 15628 E unknown:ReactHost: 	at android.view.View.updateDisplayListIfDirty(View.java:25521)
05-11 13:22:35.028 15628 15628 E unknown:ReactHost: 	at android.view.ViewGroup.recreateChildDisplayList(ViewGroup.java:4881)
05-11 13:22:35.028 15628 15628 E unknown:ReactHost: 	at android.view.ViewGroup.dispatchGetDisplayList(ViewGroup.java:4853)
05-11 13:22:35.028 15628 15628 E unknown:ReactHost: 	at android.view.View.updateDisplayListIfDirty(View.java:25521)
05-11 13:22:35.028 15628 15628 E unknown:ReactHost: 	at android.view.ViewGroup.recreateChildDisplayList(ViewGroup.java:4881)
05-11 13:22:35.028 15628 15628 E unknown:ReactHost: 	at android.view.ViewGroup.dispatchGetDisplayList(ViewGroup.java:4853)
05-11 13:22:35.028 15628 15628 E unknown:ReactHost: 	at android.view.View.updateDisplayListIfDirty(View.java:25521)
05-11 13:22:35.028 15628 15628 E unknown:ReactHost: 	at android.view.ViewGroup.recreateChildDisplayList(ViewGroup.java:4881)
05-11 13:22:35.028 15628 15628 E unknown:ReactHost: 	at android.view.ViewGroup.dispatchGetDisplayList(ViewGroup.java:4853)
05-11 13:22:35.028 15628 15628 E unknown:ReactHost: 	at android.view.View.updateDisplayListIfDirty(View.java:25521)
05-11 13:22:35.028 15628 15628 E unknown:ReactHost: 	at android.view.ViewGroup.recreateChildDisplayList(ViewGroup.java:4881)
05-11 13:22:35.028 15628 15628 E unknown:ReactHost: 	at android.view.ViewGroup.dispatchGetDisplayList(ViewGroup.java:4853)
05-11 13:22:35.028 15628 15628 E unknown:ReactHost: 	at android.view.View.updateDisplayListIfDirty(View.java:25521)
05-11 13:22:35.028 15628 15628 E unknown:ReactHost: 	at android.view.ViewGroup.recreateChildDisplayList(ViewGroup.java:4881)
05-11 13:22:35.028 15628 15628 E unknown:ReactHost: 	at android.view.ViewGroup.dispatchGetDisplayList(ViewGroup.java:4853)
05-11 13:22:35.028 15628 15628 E unknown:ReactHost: 	at android.view.View.updateDisplayListIfDirty(View.java:25521)
05-11 13:22:35.028 15628 15628 E unknown:ReactHost: 	at android.view.ViewGroup.recreateChildDisplayList(ViewGroup.java:4881)
05-11 13:22:35.028 15628 15628 E unknown:ReactHost: 	at android.view.ViewGroup.dispatchGetDisplayList(ViewGroup.java:4853)
05-11 13:22:35.028 15628 15628 E unknown:ReactHost: 	at android.view.View.updateDisplayListIfDirty(View.java:25521)
05-11 13:22:35.028 15628 15628 E unknown:ReactHost: 	at android.view.ViewGroup.recreateChildDisplayList(ViewGroup.java:4881)
05-11 13:22:35.028 15628 15628 E unknown:ReactHost: 	at android.view.ViewGroup.dispatchGetDisplayList(ViewGroup.java:4853)
05-11 13:22:35.028 15628 15628 E unknown:ReactHost: 	at android.view.View.updateDisplayListIfDirty(View.java:25521)
05-11 13:22:35.028 15628 15628 E unknown:ReactHost: 	at android.view.ThreadedRenderer.updateViewTreeDisplayList(ThreadedRenderer.java:727)
05-11 13:22:35.028 15628 15628 E unknown:ReactHost: 	at android.view.ThreadedRenderer.updateRootDisplayList(ThreadedRenderer.java:733)
05-11 13:22:35.028 15628 15628 E unknown:ReactHost: 	at android.view.ThreadedRenderer.draw(ThreadedRenderer.java:831)
05-11 13:22:35.028 15628 15628 E unknown:ReactHost: 	at android.view.ViewRootImpl.draw(ViewRootImpl.java:7116)
05-11 13:22:35.028 15628 15628 E unknown:ReactHost: 	at android.view.ViewRootImpl.performDraw(ViewRootImpl.java:6732)
05-11 13:22:35.028 15628 15628 E unknown:ReactHost: 	at android.view.ViewRootImpl.performTraversals(ViewRootImpl.java:5616)
05-11 13:22:35.028 15628 15628 E unknown:ReactHost: 	at android.view.ViewRootImpl.doTraversal(ViewRootImpl.java:3984)
05-11 13:22:35.028 15628 15628 E unknown:ReactHost: 	at android.view.ViewRootImpl$TraversalRunnable.run(ViewRootImpl.java:13055)
05-11 13:22:35.028 15628 15628 E unknown:ReactHost: 	at android.view.Choreographer$CallbackRecord.run(Choreographer.java:1961)
05-11 13:22:35.028 15628 15628 E unknown:ReactHost: 	at android.view.Choreographer$CallbackRecord.run(Choreographer.java:1970)
05-11 13:22:35.028 15628 15628 E unknown:ReactHost: 	at android.view.Choreographer.doCallbacks(Choreographer.java:1423)
05-11 13:22:35.028 15628 15628 E unknown:ReactHost: 	at android.view.Choreographer.doFrame(Choreographer.java:1348)
05-11 13:22:35.028 15628 15628 E unknown:ReactHost: 	at android.view.Choreographer$FrameDisplayEventReceiver.run(Choreographer.java:1930)
05-11 13:22:35.028 15628 15628 E unknown:ReactHost: 	at android.os.Handler.handleCallback(Handler.java:1070)
05-11 13:22:35.028 15628 15628 E unknown:ReactHost: 	at android.os.Handler.dispatchMessage(Handler.java:125)
05-11 13:22:35.028 15628 15628 E unknown:ReactHost: 	at android.os.Looper.dispatchMessage(Looper.java:358)
05-11 13:22:35.028 15628 15628 E unknown:ReactHost: 	at android.os.Looper.loopOnce(Looper.java:288)
05-11 13:22:35.028 15628 15628 E unknown:ReactHost: 	at android.os.Looper.loop(Looper.java:392)
05-11 13:22:35.028 15628 15628 E unknown:ReactHost: 	at android.app.ActivityThread.main(ActivityThread.java:10343)
05-11 13:22:35.028 15628 15628 E unknown:ReactHost: 	at java.lang.reflect.Method.invoke(Native Method)
05-11 13:22:35.028 15628 15628 E unknown:ReactHost: 	at com.android.internal.os.RuntimeInit$MethodAndArgsCaller.run(RuntimeInit.java:605)
05-11 13:22:35.028 15628 15628 E unknown:ReactHost: 	at com.android.internal.os.ZygoteInit.main(ZygoteInit.java:972)
05-11 13:22:35.029 15628 15935 W unknown:BridgelessReact: ReactHost{0}.raiseSoftException(callWithExistingReactInstance(callFunctionOnModule("RCTDeviceEventEmitter", "emit"))): Execute: reactInstance is null. Dropping work.
05-11 13:22:35.029 15628 15935 E unknown:ReactHost: Unhandled SoftException
05-11 13:22:35.029 15628 15935 E unknown:ReactHost: com.facebook.react.bridge.ReactNoCrashSoftException: raiseSoftException(callWithExistingReactInstance(callFunctionOnModule("RCTDeviceEventEmitter", "emit"))): Execute: reactInstance is null. Dropping work.
05-11 13:22:35.029 15628 15935 E unknown:ReactHost: 	at com.facebook.react.runtime.ReactHostImpl.raiseSoftException(ReactHostImpl.kt:787)
05-11 13:22:35.029 15628 15935 E unknown:ReactHost: 	at com.facebook.react.runtime.ReactHostImpl.raiseSoftException$default(ReactHostImpl.kt:779)
05-11 13:22:35.029 15628 15935 E unknown:ReactHost: 	at com.facebook.react.runtime.ReactHostImpl.callWithExistingReactInstance$lambda$28(ReactHostImpl.kt:802)
05-11 13:22:35.029 15628 15935 E unknown:ReactHost: 	at com.facebook.react.runtime.ReactHostImpl.$r8$lambda$6NreFt2BcPly8g6qrNV9Z1C-YmU(Unknown Source:0)
05-11 13:22:35.029 15628 15935 E unknown:ReactHost: 	at com.facebook.react.runtime.ReactHostImpl$$ExternalSyntheticLambda31.then(D8$$SyntheticClass:0)
05-11 13:22:35.029 15628 15935 E unknown:ReactHost: 	at com.facebook.react.runtime.internal.bolts.Task$Companion.completeImmediately$lambda$3(Task.kt:356)
05-11 13:22:35.029 15628 15935 E unknown:ReactHost: 	at com.facebook.react.runtime.internal.bolts.Task$Companion.$r8$lambda$b7MTC0ufkn_2TjF4BGcNqGR9qK0(Unknown Source:0)
05-11 13:22:35.029 15628 15935 E unknown:ReactHost: 	at com.facebook.react.runtime.internal.bolts.Task$Companion$$ExternalSyntheticLambda3.run(D8$$SyntheticClass:0)
05-11 13:22:35.029 15628 15935 E unknown:ReactHost: 	at com.facebook.react.runtime.internal.bolts.Executors$ImmediateExecutor.execute(Executors.kt:41)
05-11 13:22:35.029 15628 15935 E unknown:ReactHost: 	at com.facebook.react.runtime.internal.bolts.Task$Companion.completeImmediately(Task.kt:354)
05-11 13:22:35.029 15628 15935 E unknown:ReactHost: 	at com.facebook.react.runtime.internal.bolts.Task$Companion.access$completeImmediately(Task.kt:250)
05-11 13:22:35.029 15628 15935 E unknown:ReactHost: 	at com.facebook.react.runtime.internal.bolts.Task.continueWith(Task.kt:132)
05-11 13:22:35.029 15628 15935 E unknown:ReactHost: 	at com.facebook.react.runtime.internal.bolts.Task.continueWith$default(Task.kt:117)
05-11 13:22:35.029 15628 15935 E unknown:ReactHost: 	at com.facebook.react.runtime.internal.bolts.Task.onSuccess$lambda$12(Task.kt:174)
05-11 13:22:35.029 15628 15935 E unknown:ReactHost: 	at com.facebook.react.runtime.internal.bolts.Task.$r8$lambda$l0wwo5AvbHxlwfI1R7CH_codxoo(Unknown Source:0)
05-11 13:22:35.029 15628 15935 E unknown:ReactHost: 	at com.facebook.react.runtime.internal.bolts.Task$$ExternalSyntheticLambda2.then(D8$$SyntheticClass:0)
05-11 13:22:35.029 15628 15935 E unknown:ReactHost: 	at com.facebook.react.runtime.internal.bolts.Task$Companion.completeAfterTask$lambda$5(Task.kt:390)
05-11 13:22:35.029 15628 15935 E unknown:ReactHost: 	at com.facebook.react.runtime.internal.bolts.Task$Companion.$r8$lambda$IPpysnehFwANEiW061YzapkMdoE(Unknown Source:0)
05-11 13:22:35.029 15628 15935 E unknown:ReactHost: 	at com.facebook.react.runtime.internal.bolts.Task$Companion$$ExternalSyntheticLambda4.run(D8$$SyntheticClass:0)
05-11 13:22:35.029 15628 15935 E unknown:ReactHost: 	at com.facebook.react.runtime.internal.bolts.Executors$ImmediateExecutor.execute(Executors.kt:41)
05-11 13:22:35.029 15628 15935 E unknown:ReactHost: 	at com.facebook.react.runtime.internal.bolts.Task$Companion.completeAfterTask(Task.kt:388)
05-11 13:22:35.029 15628 15935 E unknown:ReactHost: 	at com.facebook.react.runtime.internal.bolts.Task$Companion.access$completeAfterTask(Task.kt:250)
05-11 13:22:35.029 15628 15935 E unknown:ReactHost: 	at com.facebook.react.runtime.internal.bolts.Task.continueWithTask(Task.kt:156)
05-11 13:22:35.029 15628 15935 E unknown:ReactHost: 	at com.facebook.react.runtime.internal.bolts.Task.onSuccess(Task.kt:169)
05-11 13:22:35.029 15628 15935 E unknown:ReactHost: 	at com.facebook.react.runtime.ReactHostImpl.callWithExistingReactInstance(ReactHostImpl.kt:798)
05-11 13:22:35.029 15628 15935 E unknown:ReactHost: 	at com.facebook.react.runtime.ReactHostImpl.callWithExistingReactInstance$default(ReactHostImpl.kt:791)
05-11 13:22:35.029 15628 15935 E unknown:ReactHost: 	at com.facebook.react.runtime.ReactHostImpl.callFunctionOnModule$ReactAndroid_debug(ReactHostImpl.kt:687)
05-11 13:22:35.029 15628 15935 E unknown:ReactHost: 	at com.facebook.react.runtime.BridgelessReactContext.emitDeviceEvent(BridgelessReactContext.kt:134)
05-11 13:22:35.029 15628 15935 E unknown:ReactHost: 	at com.facebook.react.modules.network.ResponseUtil.onIncrementalDataReceived(ResponseUtil.kt:42)
05-11 13:22:35.029 15628 15935 E unknown:ReactHost: 	at com.facebook.react.modules.network.NetworkingModule.readWithProgress(NetworkingModule.kt:636)
05-11 13:22:35.029 15628 15935 E unknown:ReactHost: 	at com.facebook.react.modules.network.NetworkingModule.access$readWithProgress(NetworkingModule.kt:48)
05-11 13:22:35.029 15628 15935 E unknown:ReactHost: 	at com.facebook.react.modules.network.NetworkingModule$sendRequestInternal$2.onResponse(NetworkingModule.kt:551)
05-11 13:22:35.029 15628 15935 E unknown:ReactHost: 	at okhttp3.internal.connection.RealCall$AsyncCall.run(RealCall.kt:519)
05-11 13:22:35.029 15628 15935 E unknown:ReactHost: 	at java.util.concurrent.ThreadPoolExecutor.runWorker(ThreadPoolExecutor.java:1154)
05-11 13:22:35.029 15628 15935 E unknown:ReactHost: 	at java.util.concurrent.ThreadPoolExecutor$Worker.run(ThreadPoolExecutor.java:652)
05-11 13:22:35.029 15628 15935 E unknown:ReactHost: 	at java.lang.Thread.run(Thread.java:1564)
05-11 13:22:35.031 15628 15628 E RNCNaverMapView: ⭐️onDetachedFromWindow start isResumed=false destroyed=true hasState=false, 
05-11 13:22:35.032 15628 15935 W unknown:BridgelessReact: ReactHost{0}.raiseSoftException(callWithExistingReactInstance(callFunctionOnModule("RCTDeviceEventEmitter", "emit"))): Execute: reactInstance is null. Dropping work.
05-11 13:22:35.032 15628 15935 E unknown:ReactHost: Unhandled SoftException
05-11 13:22:35.032 15628 15935 E unknown:ReactHost: com.facebook.react.bridge.ReactNoCrashSoftException: raiseSoftException(callWithExistingReactInstance(callFunctionOnModule("RCTDeviceEventEmitter", "emit"))): Execute: reactInstance is null. Dropping work.
05-11 13:22:35.032 15628 15935 E unknown:ReactHost: 	at com.facebook.react.runtime.ReactHostImpl.raiseSoftException(ReactHostImpl.kt:787)
05-11 13:22:35.032 15628 15935 E unknown:ReactHost: 	at com.facebook.react.runtime.ReactHostImpl.raiseSoftException$default(ReactHostImpl.kt:779)
05-11 13:22:35.032 15628 15935 E unknown:ReactHost: 	at com.facebook.react.runtime.ReactHostImpl.callWithExistingReactInstance$lambda$28(ReactHostImpl.kt:802)
05-11 13:22:35.032 15628 15935 E unknown:ReactHost: 	at com.facebook.react.runtime.ReactHostImpl.$r8$lambda$6NreFt2BcPly8g6qrNV9Z1C-YmU(Unknown Source:0)
05-11 13:22:35.032 15628 15935 E unknown:ReactHost: 	at com.facebook.react.runtime.ReactHostImpl$$ExternalSyntheticLambda31.then(D8$$SyntheticClass:0)
05-11 13:22:35.032 15628 15935 E unknown:ReactHost: 	at com.facebook.react.runtime.internal.bolts.Task$Companion.completeImmediately$lambda$3(Task.kt:356)
05-11 13:22:35.032 15628 15935 E unknown:ReactHost: 	at com.facebook.react.runtime.internal.bolts.Task$Companion.$r8$lambda$b7MTC0ufkn_2TjF4BGcNqGR9qK0(Unknown Source:0)
05-11 13:22:35.032 15628 15935 E unknown:ReactHost: 	at com.facebook.react.runtime.internal.bolts.Task$Companion$$ExternalSyntheticLambda3.run(D8$$SyntheticClass:0)
05-11 13:22:35.032 15628 15935 E unknown:ReactHost: 	at com.facebook.react.runtime.internal.bolts.Executors$ImmediateExecutor.execute(Executors.kt:41)
05-11 13:22:35.032 15628 15935 E unknown:ReactHost: 	at com.facebook.react.runtime.internal.bolts.Task$Companion.completeImmediately(Task.kt:354)
05-11 13:22:35.032 15628 15935 E unknown:ReactHost: 	at com.facebook.react.runtime.internal.bolts.Task$Companion.access$completeImmediately(Task.kt:250)
05-11 13:22:35.032 15628 15935 E unknown:ReactHost: 	at com.facebook.react.runtime.internal.bolts.Task.continueWith(Task.kt:132)
05-11 13:22:35.032 15628 15935 E unknown:ReactHost: 	at com.facebook.react.runtime.internal.bolts.Task.continueWith$default(Task.kt:117)
05-11 13:22:35.032 15628 15935 E unknown:ReactHost: 	at com.facebook.react.runtime.internal.bolts.Task.onSuccess$lambda$12(Task.kt:174)
05-11 13:22:35.032 15628 15935 E unknown:ReactHost: 	at com.facebook.react.runtime.internal.bolts.Task.$r8$lambda$l0wwo5AvbHxlwfI1R7CH_codxoo(Unknown Source:0)
05-11 13:22:35.032 15628 15935 E unknown:ReactHost: 	at com.facebook.react.runtime.internal.bolts.Task$$ExternalSyntheticLambda2.then(D8$$SyntheticClass:0)
05-11 13:22:35.032 15628 15935 E unknown:ReactHost: 	at com.facebook.react.runtime.internal.bolts.Task$Companion.completeAfterTask$lambda$5(Task.kt:390)
05-11 13:22:35.032 15628 15935 E unknown:ReactHost: 	at com.facebook.react.runtime.internal.bolts.Task$Companion.$r8$lambda$IPpysnehFwANEiW061YzapkMdoE(Unknown Source:0)
05-11 13:22:35.032 15628 15935 E unknown:ReactHost: 	at com.facebook.react.runtime.internal.bolts.Task$Companion$$ExternalSyntheticLambda4.run(D8$$SyntheticClass:0)
05-11 13:22:35.032 15628 15935 E unknown:ReactHost: 	at com.facebook.react.runtime.internal.bolts.Executors$ImmediateExecutor.execute(Executors.kt:41)
05-11 13:22:35.032 15628 15935 E unknown:ReactHost: 	at com.facebook.react.runtime.internal.bolts.Task$Companion.completeAfterTask(Task.kt:388)
05-11 13:22:35.032 15628 15935 E unknown:ReactHost: 	at com.facebook.react.runtime.internal.bolts.Task$Companion.access$completeAfterTask(Task.kt:250)
05-11 13:22:35.032 15628 15935 E unknown:ReactHost: 	at com.facebook.react.runtime.internal.bolts.Task.continueWithTask(Task.kt:156)
05-11 13:22:35.032 15628 15935 E unknown:ReactHost: 	at com.facebook.react.runtime.internal.bolts.Task.onSuccess(Task.kt:169)
05-11 13:22:35.032 15628 15935 E unknown:ReactHost: 	at com.facebook.react.runtime.ReactHostImpl.callWithExistingReactInstance(ReactHostImpl.kt:798)
05-11 13:22:35.032 15628 15935 E unknown:ReactHost: 	at com.facebook.react.runtime.ReactHostImpl.callWithExistingReactInstance$default(ReactHostImpl.kt:791)
05-11 13:22:35.032 15628 15935 E unknown:ReactHost: 	at com.facebook.react.runtime.ReactHostImpl.callFunctionOnModule$ReactAndroid_debug(ReactHostImpl.kt:687)
05-11 13:22:35.032 15628 15935 E unknown:ReactHost: 	at com.facebook.react.runtime.BridgelessReactContext.emitDeviceEvent(BridgelessReactContext.kt:134)
05-11 13:22:35.032 15628 15935 E unknown:ReactHost: 	at com.facebook.react.modules.network.ResponseUtil.onRequestSuccess(ResponseUtil.kt:108)
05-11 13:22:35.032 15628 15935 E unknown:ReactHost: 	at com.facebook.react.modules.network.NetworkingModule$sendRequestInternal$2.onResponse(NetworkingModule.kt:552)
05-11 13:22:35.032 15628 15935 E unknown:ReactHost: 	at okhttp3.internal.connection.RealCall$AsyncCall.run(RealCall.kt:519)
05-11 13:22:35.032 15628 15935 E unknown:ReactHost: 	at java.util.concurrent.ThreadPoolExecutor.runWorker(ThreadPoolExecutor.java:1154)
05-11 13:22:35.032 15628 15935 E unknown:ReactHost: 	at java.util.concurrent.ThreadPoolExecutor$Worker.run(ThreadPoolExecutor.java:652)
05-11 13:22:35.032 15628 15935 E unknown:ReactHost: 	at java.lang.Thread.run(Thread.java:1564)
05-11 13:22:35.033 15628 15894 W unknown:BridgelessReact: ReactHost{0}.raiseSoftException(callWithExistingReactInstance(callFunctionOnModule("RCTDeviceEventEmitter", "emit"))): Execute: reactInstance is null. Dropping work.
05-11 13:22:35.033 15628 15894 E unknown:ReactHost: Unhandled SoftException
05-11 13:22:35.033 15628 15894 E unknown:ReactHost: com.facebook.react.bridge.ReactNoCrashSoftException: raiseSoftException(callWithExistingReactInstance(callFunctionOnModule("RCTDeviceEventEmitter", "emit"))): Execute: reactInstance is null. Dropping work.
05-11 13:22:35.033 15628 15894 E unknown:ReactHost: 	at com.facebook.react.runtime.ReactHostImpl.raiseSoftException(ReactHostImpl.kt:787)
05-11 13:22:35.033 15628 15894 E unknown:ReactHost: 	at com.facebook.react.runtime.ReactHostImpl.raiseSoftException$default(ReactHostImpl.kt:779)
05-11 13:22:35.033 15628 15894 E unknown:ReactHost: 	at com.facebook.react.runtime.ReactHostImpl.callWithExistingReactInstance$lambda$28(ReactHostImpl.kt:802)
05-11 13:22:35.033 15628 15894 E unknown:ReactHost: 	at com.facebook.react.runtime.ReactHostImpl.$r8$lambda$6NreFt2BcPly8g6qrNV9Z1C-YmU(Unknown Source:0)
05-11 13:22:35.033 15628 15894 E unknown:ReactHost: 	at com.facebook.react.runtime.ReactHostImpl$$ExternalSyntheticLambda31.then(D8$$SyntheticClass:0)
05-11 13:22:35.033 15628 15894 E unknown:ReactHost: 	at com.facebook.react.runtime.internal.bolts.Task$Companion.completeImmediately$lambda$3(Task.kt:356)
05-11 13:22:35.033 15628 15894 E unknown:ReactHost: 	at com.facebook.react.runtime.internal.bolts.Task$Companion.$r8$lambda$b7MTC0ufkn_2TjF4BGcNqGR9qK0(Unknown Source:0)
05-11 13:22:35.033 15628 15894 E unknown:ReactHost: 	at com.facebook.react.runtime.internal.bolts.Task$Companion$$ExternalSyntheticLambda3.run(D8$$SyntheticClass:0)
05-11 13:22:35.033 15628 15894 E unknown:ReactHost: 	at com.facebook.react.runtime.internal.bolts.Executors$ImmediateExecutor.execute(Executors.kt:41)
05-11 13:22:35.033 15628 15894 E unknown:ReactHost: 	at com.facebook.react.runtime.internal.bolts.Task$Companion.completeImmediately(Task.kt:354)
05-11 13:22:35.033 15628 15894 E unknown:ReactHost: 	at com.facebook.react.runtime.internal.bolts.Task$Companion.access$completeImmediately(Task.kt:250)
05-11 13:22:35.033 15628 15894 E unknown:ReactHost: 	at com.facebook.react.runtime.internal.bolts.Task.continueWith(Task.kt:132)
05-11 13:22:35.033 15628 15894 E unknown:ReactHost: 	at com.facebook.react.runtime.internal.bolts.Task.continueWith$default(Task.kt:117)
05-11 13:22:35.033 15628 15894 E unknown:ReactHost: 	at com.facebook.react.runtime.internal.bolts.Task.onSuccess$lambda$12(Task.kt:174)
05-11 13:22:35.033 15628 15894 E unknown:ReactHost: 	at com.facebook.react.runtime.internal.bolts.Task.$r8$lambda$l0wwo5AvbHxlwfI1R7CH_codxoo(Unknown Source:0)
05-11 13:22:35.033 15628 15894 E unknown:ReactHost: 	at com.facebook.react.runtime.internal.bolts.Task$$ExternalSyntheticLambda2.then(D8$$SyntheticClass:0)
05-11 13:22:35.033 15628 15894 E unknown:ReactHost: 	at com.facebook.react.runtime.internal.bolts.Task$Companion.completeAfterTask$lambda$5(Task.kt:390)
05-11 13:22:35.033 15628 15894 E unknown:ReactHost: 	at com.facebook.react.runtime.internal.bolts.Task$Companion.$r8$lambda$IPpysnehFwANEiW061YzapkMdoE(Unknown Source:0)
05-11 13:22:35.033 15628 15894 E unknown:ReactHost: 	at com.facebook.react.runtime.internal.bolts.Task$Companion$$ExternalSyntheticLambda4.run(D8$$SyntheticClass:0)
05-11 13:22:35.033 15628 15894 E unknown:ReactHost: 	at com.facebook.react.runtime.internal.bolts.Executors$ImmediateExecutor.execute(Executors.kt:41)
05-11 13:22:35.033 15628 15894 E unknown:ReactHost: 	at com.facebook.react.runtime.internal.bolts.Task$Companion.completeAfterTask(Task.kt:388)
05-11 13:22:35.033 15628 15894 E unknown:ReactHost: 	at com.facebook.react.runtime.internal.bolts.Task$Companion.access$completeAfterTask(Task.kt:250)
05-11 13:22:35.033 15628 15894 E unknown:ReactHost: 	at com.facebook.react.runtime.internal.bolts.Task.continueWithTask(Task.kt:156)
05-11 13:22:35.033 15628 15894 E unknown:ReactHost: 	at com.facebook.react.runtime.internal.bolts.Task.onSuccess(Task.kt:169)
05-11 13:22:35.033 15628 15894 E unknown:ReactHost: 	at com.facebook.react.runtime.ReactHostImpl.callWithExistingReactInstance(ReactHostImpl.kt:798)
05-11 13:22:35.033 15628 15894 E unknown:ReactHost: 	at com.facebook.react.runtime.ReactHostImpl.callWithExistingReactInstance$default(ReactHostImpl.kt:791)
05-11 13:22:35.033 15628 15894 E unknown:ReactHost: 	at com.facebook.react.runtime.ReactHostImpl.callFunctionOnModule$ReactAndroid_debug(ReactHostImpl.kt:687)
05-11 13:22:35.033 15628 15894 E unknown:ReactHost: 	at com.facebook.react.runtime.BridgelessReactContext.emitDeviceEvent(BridgelessReactContext.kt:134)
05-11 13:22:35.033 15628 15894 E unknown:ReactHost: 	at com.facebook.react.modules.network.ResponseUtil.onResponseReceived(ResponseUtil.kt:124)
05-11 13:22:35.033 15628 15894 E unknown:ReactHost: 	at com.facebook.react.modules.network.NetworkingModule$sendRequestInternal$2.onResponse(NetworkingModule.kt:496)
05-11 13:22:35.033 15628 15894 E unknown:ReactHost: 	at okhttp3.internal.connection.RealCall$AsyncCall.run(RealCall.kt:519)
05-11 13:22:35.033 15628 15894 E unknown:ReactHost: 	at java.util.concurrent.ThreadPoolExecutor.runWorker(ThreadPoolExecutor.java:1154)
05-11 13:22:35.033 15628 15894 E unknown:ReactHost: 	at java.util.concurrent.ThreadPoolExecutor$Worker.run(ThreadPoolExecutor.java:652)
05-11 13:22:35.033 15628 15894 E unknown:ReactHost: 	at java.lang.Thread.run(Thread.java:1564)
05-11 13:22:35.033 15628 15894 W unknown:BridgelessReact: ReactHost{0}.raiseSoftException(callWithExistingReactInstance(callFunctionOnModule("RCTDeviceEventEmitter", "emit"))): Execute: reactInstance is null. Dropping work.
05-11 13:22:35.033 15628 15894 E unknown:ReactHost: Unhandled SoftException
05-11 13:22:35.033 15628 15894 E unknown:ReactHost: com.facebook.react.bridge.ReactNoCrashSoftException: raiseSoftException(callWithExistingReactInstance(callFunctionOnModule("RCTDeviceEventEmitter", "emit"))): Execute: reactInstance is null. Dropping work.
05-11 13:22:35.033 15628 15894 E unknown:ReactHost: 	at com.facebook.react.runtime.ReactHostImpl.raiseSoftException(ReactHostImpl.kt:787)
05-11 13:22:35.033 15628 15894 E unknown:ReactHost: 	at com.facebook.react.runtime.ReactHostImpl.raiseSoftException$default(ReactHostImpl.kt:779)
05-11 13:22:35.033 15628 15894 E unknown:ReactHost: 	at com.facebook.react.runtime.ReactHostImpl.callWithExistingReactInstance$lambda$28(ReactHostImpl.kt:802)
05-11 13:22:35.033 15628 15894 E unknown:ReactHost: 	at com.facebook.react.runtime.ReactHostImpl.$r8$lambda$6NreFt2BcPly8g6qrNV9Z1C-YmU(Unknown Source:0)
05-11 13:22:35.033 15628 15894 E unknown:ReactHost: 	at com.facebook.react.runtime.ReactHostImpl$$ExternalSyntheticLambda31.then(D8$$SyntheticClass:0)
05-11 13:22:35.033 15628 15894 E unknown:ReactHost: 	at com.facebook.react.runtime.internal.bolts.Task$Companion.completeImmediately$lambda$3(Task.kt:356)
05-11 13:22:35.033 15628 15894 E unknown:ReactHost: 	at com.facebook.react.runtime.internal.bolts.Task$Companion.$r8$lambda$b7MTC0ufkn_2TjF4BGcNqGR9qK0(Unknown Source:0)
05-11 13:22:35.033 15628 15894 E unknown:ReactHost: 	at com.facebook.react.runtime.internal.bolts.Task$Companion$$ExternalSyntheticLambda3.run(D8$$SyntheticClass:0)
05-11 13:22:35.033 15628 15894 E unknown:ReactHost: 	at com.facebook.react.runtime.internal.bolts.Executors$ImmediateExecutor.execute(Executors.kt:41)
05-11 13:22:35.033 15628 15894 E unknown:ReactHost: 	at com.facebook.react.runtime.internal.bolts.Task$Companion.completeImmediately(Task.kt:354)
05-11 13:22:35.033 15628 15894 E unknown:ReactHost: 	at com.facebook.react.runtime.internal.bolts.Task$Companion.access$completeImmediately(Task.kt:250)
05-11 13:22:35.033 15628 15894 E unknown:ReactHost: 	at com.facebook.react.runtime.internal.bolts.Task.continueWith(Task.kt:132)
05-11 13:22:35.033 15628 15894 E unknown:ReactHost: 	at com.facebook.react.runtime.internal.bolts.Task.continueWith$default(Task.kt:117)
05-11 13:22:35.033 15628 15894 E unknown:ReactHost: 	at com.facebook.react.runtime.internal.bolts.Task.onSuccess$lambda$12(Task.kt:174)
05-11 13:22:35.033 15628 15894 E unknown:ReactHost: 	at com.facebook.react.runtime.internal.bolts.Task.$r8$lambda$l0wwo5AvbHxlwfI1R7CH_codxoo(Unknown Source:0)
05-11 13:22:35.033 15628 15894 E unknown:ReactHost: 	at com.facebook.react.runtime.internal.bolts.Task$$ExternalSyntheticLambda2.then(D8$$SyntheticClass:0)
05-11 13:22:35.033 15628 15894 E unknown:ReactHost: 	at com.facebook.react.runtime.internal.bolts.Task$Companion.completeAfterTask$lambda$5(Task.kt:390)
05-11 13:22:35.033 15628 15894 E unknown:ReactHost: 	at com.facebook.react.runtime.internal.bolts.Task$Companion.$r8$lambda$IPpysnehFwANEiW061YzapkMdoE(Unknown Source:0)
05-11 13:22:35.033 15628 15894 E unknown:ReactHost: 	at com.facebook.react.runtime.internal.bolts.Task$Companion$$ExternalSyntheticLambda4.run(D8$$SyntheticClass:0)
05-11 13:22:35.033 15628 15894 E unknown:ReactHost: 	at com.facebook.react.runtime.internal.bolts.Executors$ImmediateExecutor.execute(Executors.kt:41)
05-11 13:22:35.033 15628 15894 E unknown:ReactHost: 	at com.facebook.react.runtime.internal.bolts.Task$Companion.completeAfterTask(Task.kt:388)
05-11 13:22:35.033 15628 15894 E unknown:ReactHost: 	at com.facebook.react.runtime.internal.bolts.Task$Companion.access$completeAfterTask(Task.kt:250)
05-11 13:22:35.033 15628 15894 E unknown:ReactHost: 	at com.facebook.react.runtime.internal.bolts.Task.continueWithTask(Task.kt:156)
05-11 13:22:35.033 15628 15894 E unknown:ReactHost: 	at com.facebook.react.runtime.internal.bolts.Task.onSuccess(Task.kt:169)
05-11 13:22:35.033 15628 15894 E unknown:ReactHost: 	at com.facebook.react.runtime.ReactHostImpl.callWithExistingReactInstance(ReactHostImpl.kt:798)
05-11 13:22:35.033 15628 15894 E unknown:ReactHost: 	at com.facebook.react.runtime.ReactHostImpl.callWithExistingReactInstance$default(ReactHostImpl.kt:791)
05-11 13:22:35.033 15628 15894 E unknown:ReactHost: 	at com.facebook.react.runtime.ReactHostImpl.callFunctionOnModule$ReactAndroid_debug(ReactHostImpl.kt:687)
05-11 13:22:35.033 15628 15894 E unknown:ReactHost: 	at com.facebook.react.runtime.BridgelessReactContext.emitDeviceEvent(BridgelessReactContext.kt:134)
05-11 13:22:35.033 15628 15894 E unknown:ReactHost: 	at com.facebook.react.modules.network.ResponseUtil.onIncrementalDataReceived(ResponseUtil.kt:42)
05-11 13:22:35.033 15628 15894 E unknown:ReactHost: 	at com.facebook.react.modules.network.NetworkingModule.readWithProgress(NetworkingModule.kt:636)
05-11 13:22:35.033 15628 15894 E unknown:ReactHost: 	at com.facebook.react.modules.network.NetworkingModule.access$readWithProgress(NetworkingModule.kt:48)
05-11 13:22:35.033 15628 15894 E unknown:ReactHost: 	at com.facebook.react.modules.network.NetworkingModule$sendRequestInternal$2.onResponse(NetworkingModule.kt:551)
05-11 13:22:35.033 15628 15894 E unknown:ReactHost: 	at okhttp3.internal.connection.RealCall$AsyncCall.run(RealCall.kt:519)
05-11 13:22:35.033 15628 15894 E unknown:ReactHost: 	at java.util.concurrent.ThreadPoolExecutor.runWorker(ThreadPoolExecutor.java:1154)
05-11 13:22:35.033 15628 15894 E unknown:ReactHost: 	at java.util.concurrent.ThreadPoolExecutor$Worker.run(ThreadPoolExecutor.java:652)
05-11 13:22:35.033 15628 15894 E unknown:ReactHost: 	at java.lang.Thread.run(Thread.java:1564)
05-11 13:22:35.033 15628 15894 W unknown:BridgelessReact: ReactHost{0}.raiseSoftException(callWithExistingReactInstance(callFunctionOnModule("RCTDeviceEventEmitter", "emit"))): Execute: reactInstance is null. Dropping work.
05-11 13:22:35.034 15628 15894 E unknown:ReactHost: Unhandled SoftException
05-11 13:22:35.034 15628 15894 E unknown:ReactHost: com.facebook.react.bridge.ReactNoCrashSoftException: raiseSoftException(callWithExistingReactInstance(callFunctionOnModule("RCTDeviceEventEmitter", "emit"))): Execute: reactInstance is null. Dropping work.
05-11 13:22:35.034 15628 15894 E unknown:ReactHost: 	at com.facebook.react.runtime.ReactHostImpl.raiseSoftException(ReactHostImpl.kt:787)
05-11 13:22:35.034 15628 15894 E unknown:ReactHost: 	at com.facebook.react.runtime.ReactHostImpl.raiseSoftException$default(ReactHostImpl.kt:779)
05-11 13:22:35.034 15628 15894 E unknown:ReactHost: 	at com.facebook.react.runtime.ReactHostImpl.callWithExistingReactInstance$lambda$28(ReactHostImpl.kt:802)
05-11 13:22:35.034 15628 15894 E unknown:ReactHost: 	at com.facebook.react.runtime.ReactHostImpl.$r8$lambda$6NreFt2BcPly8g6qrNV9Z1C-YmU(Unknown Source:0)
05-11 13:22:35.034 15628 15894 E unknown:ReactHost: 	at com.facebook.react.runtime.ReactHostImpl$$ExternalSyntheticLambda31.then(D8$$SyntheticClass:0)
05-11 13:22:35.034 15628 15894 E unknown:ReactHost: 	at com.facebook.react.runtime.internal.bolts.Task$Companion.completeImmediately$lambda$3(Task.kt:356)
05-11 13:22:35.034 15628 15894 E unknown:ReactHost: 	at com.facebook.react.runtime.internal.bolts.Task$Companion.$r8$lambda$b7MTC0ufkn_2TjF4BGcNqGR9qK0(Unknown Source:0)
05-11 13:22:35.034 15628 15894 E unknown:ReactHost: 	at com.facebook.react.runtime.internal.bolts.Task$Companion$$ExternalSyntheticLambda3.run(D8$$SyntheticClass:0)
05-11 13:22:35.034 15628 15894 E unknown:ReactHost: 	at com.facebook.react.runtime.internal.bolts.Executors$ImmediateExecutor.execute(Executors.kt:41)
05-11 13:22:35.034 15628 15894 E unknown:ReactHost: 	at com.facebook.react.runtime.internal.bolts.Task$Companion.completeImmediately(Task.kt:354)
05-11 13:22:35.034 15628 15894 E unknown:ReactHost: 	at com.facebook.react.runtime.internal.bolts.Task$Companion.access$completeImmediately(Task.kt:250)
05-11 13:22:35.034 15628 15894 E unknown:ReactHost: 	at com.facebook.react.runtime.internal.bolts.Task.continueWith(Task.kt:132)
05-11 13:22:35.034 15628 15894 E unknown:ReactHost: 	at com.facebook.react.runtime.internal.bolts.Task.continueWith$default(Task.kt:117)
05-11 13:22:35.034 15628 15894 E unknown:ReactHost: 	at com.facebook.react.runtime.internal.bolts.Task.onSuccess$lambda$12(Task.kt:174)
05-11 13:22:35.034 15628 15894 E unknown:ReactHost: 	at com.facebook.react.runtime.internal.bolts.Task.$r8$lambda$l0wwo5AvbHxlwfI1R7CH_codxoo(Unknown Source:0)
05-11 13:22:35.034 15628 15894 E unknown:ReactHost: 	at com.facebook.react.runtime.internal.bolts.Task$$ExternalSyntheticLambda2.then(D8$$SyntheticClass:0)
05-11 13:22:35.034 15628 15894 E unknown:ReactHost: 	at com.facebook.react.runtime.internal.bolts.Task$Companion.completeAfterTask$lambda$5(Task.kt:390)
05-11 13:22:35.034 15628 15894 E unknown:ReactHost: 	at com.facebook.react.runtime.internal.bolts.Task$Companion.$r8$lambda$IPpysnehFwANEiW061YzapkMdoE(Unknown Source:0)
05-11 13:22:35.034 15628 15894 E unknown:ReactHost: 	at com.facebook.react.runtime.internal.bolts.Task$Companion$$ExternalSyntheticLambda4.run(D8$$SyntheticClass:0)
05-11 13:22:35.034 15628 15894 E unknown:ReactHost: 	at com.facebook.react.runtime.internal.bolts.Executors$ImmediateExecutor.execute(Executors.kt:41)
05-11 13:22:35.034 15628 15894 E unknown:ReactHost: 	at com.facebook.react.runtime.internal.bolts.Task$Companion.completeAfterTask(Task.kt:388)
05-11 13:22:35.034 15628 15894 E unknown:ReactHost: 	at com.facebook.react.runtime.internal.bolts.Task$Companion.access$completeAfterTask(Task.kt:250)
05-11 13:22:35.034 15628 15894 E unknown:ReactHost: 	at com.facebook.react.runtime.internal.bolts.Task.continueWithTask(Task.kt:156)
05-11 13:22:35.034 15628 15894 E unknown:ReactHost: 	at com.facebook.react.runtime.internal.bolts.Task.onSuccess(Task.kt:169)
05-11 13:22:35.034 15628 15894 E unknown:ReactHost: 	at com.facebook.react.runtime.ReactHostImpl.callWithExistingReactInstance(ReactHostImpl.kt:798)
05-11 13:22:35.034 15628 15894 E unknown:ReactHost: 	at com.facebook.react.runtime.ReactHostImpl.callWithExistingReactInstance$default(ReactHostImpl.kt:791)
05-11 13:22:35.034 15628 15894 E unknown:ReactHost: 	at com.facebook.react.runtime.ReactHostImpl.callFunctionOnModule$ReactAndroid_debug(ReactHostImpl.kt:687)
05-11 13:22:35.034 15628 15894 E unknown:ReactHost: 	at com.facebook.react.runtime.BridgelessReactContext.emitDeviceEvent(BridgelessReactContext.kt:134)
05-11 13:22:35.034 15628 15894 E unknown:ReactHost: 	at com.facebook.react.modules.network.ResponseUtil.onRequestSuccess(ResponseUtil.kt:108)
05-11 13:22:35.034 15628 15894 E unknown:ReactHost: 	at com.facebook.react.modules.network.NetworkingModule$sendRequestInternal$2.onResponse(NetworkingModule.kt:552)
05-11 13:22:35.034 15628 15894 E unknown:ReactHost: 	at okhttp3.internal.connection.RealCall$AsyncCall.run(RealCall.kt:519)
05-11 13:22:35.034 15628 15894 E unknown:ReactHost: 	at java.util.concurrent.ThreadPoolExecutor.runWorker(ThreadPoolExecutor.java:1154)
05-11 13:22:35.034 15628 15894 E unknown:ReactHost: 	at java.util.concurrent.ThreadPoolExecutor$Worker.run(ThreadPoolExecutor.java:652)
05-11 13:22:35.034 15628 15894 E unknown:ReactHost: 	at java.lang.Thread.run(Thread.java:1564)
05-11 13:22:35.034 15628 15974 W unknown:BridgelessReact: ReactHost{0}.raiseSoftException(callWithExistingReactInstance(callFunctionOnModule("RCTDeviceEventEmitter", "emit"))): Execute: reactInstance is null. Dropping work.
05-11 13:22:35.034 15628 15974 E unknown:ReactHost: Unhandled SoftException
05-11 13:22:35.034 15628 15974 E unknown:ReactHost: com.facebook.react.bridge.ReactNoCrashSoftException: raiseSoftException(callWithExistingReactInstance(callFunctionOnModule("RCTDeviceEventEmitter", "emit"))): Execute: reactInstance is null. Dropping work.
05-11 13:22:35.034 15628 15974 E unknown:ReactHost: 	at com.facebook.react.runtime.ReactHostImpl.raiseSoftException(ReactHostImpl.kt:787)
05-11 13:22:35.034 15628 15974 E unknown:ReactHost: 	at com.facebook.react.runtime.ReactHostImpl.raiseSoftException$default(ReactHostImpl.kt:779)
05-11 13:22:35.034 15628 15974 E unknown:ReactHost: 	at com.facebook.react.runtime.ReactHostImpl.callWithExistingReactInstance$lambda$28(ReactHostImpl.kt:802)
05-11 13:22:35.034 15628 15974 E unknown:ReactHost: 	at com.facebook.react.runtime.ReactHostImpl.$r8$lambda$6NreFt2BcPly8g6qrNV9Z1C-YmU(Unknown Source:0)
05-11 13:22:35.034 15628 15974 E unknown:ReactHost: 	at com.facebook.react.runtime.ReactHostImpl$$ExternalSyntheticLambda31.then(D8$$SyntheticClass:0)
05-11 13:22:35.034 15628 15974 E unknown:ReactHost: 	at com.facebook.react.runtime.internal.bolts.Task$Companion.completeImmediately$lambda$3(Task.kt:356)
05-11 13:22:35.034 15628 15974 E unknown:ReactHost: 	at com.facebook.react.runtime.internal.bolts.Task$Companion.$r8$lambda$b7MTC0ufkn_2TjF4BGcNqGR9qK0(Unknown Source:0)
05-11 13:22:35.034 15628 15974 E unknown:ReactHost: 	at com.facebook.react.runtime.internal.bolts.Task$Companion$$ExternalSyntheticLambda3.run(D8$$SyntheticClass:0)
05-11 13:22:35.034 15628 15974 E unknown:ReactHost: 	at com.facebook.react.runtime.internal.bolts.Executors$ImmediateExecutor.execute(Executors.kt:41)
05-11 13:22:35.034 15628 15974 E unknown:ReactHost: 	at com.facebook.react.runtime.internal.bolts.Task$Companion.completeImmediately(Task.kt:354)
05-11 13:22:35.034 15628 15974 E unknown:ReactHost: 	at com.facebook.react.runtime.internal.bolts.Task$Companion.access$completeImmediately(Task.kt:250)
05-11 13:22:35.034 15628 15974 E unknown:ReactHost: 	at com.facebook.react.runtime.internal.bolts.Task.continueWith(Task.kt:132)
05-11 13:22:35.034 15628 15974 E unknown:ReactHost: 	at com.facebook.react.runtime.internal.bolts.Task.continueWith$default(Task.kt:117)
05-11 13:22:35.034 15628 15974 E unknown:ReactHost: 	at com.facebook.react.runtime.internal.bolts.Task.onSuccess$lambda$12(Task.kt:174)
05-11 13:22:35.034 15628 15974 E unknown:ReactHost: 	at com.facebook.react.runtime.internal.bolts.Task.$r8$lambda$l0wwo5AvbHxlwfI1R7CH_codxoo(Unknown Source:0)
05-11 13:22:35.034 15628 15974 E unknown:ReactHost: 	at com.facebook.react.runtime.internal.bolts.Task$$ExternalSyntheticLambda2.then(D8$$SyntheticClass:0)
05-11 13:22:35.034 15628 15974 E unknown:ReactHost: 	at com.facebook.react.runtime.internal.bolts.Task$Companion.completeAfterTask$lambda$5(Task.kt:390)
05-11 13:22:35.034 15628 15974 E unknown:ReactHost: 	at com.facebook.react.runtime.internal.bolts.Task$Companion.$r8$lambda$IPpysnehFwANEiW061YzapkMdoE(Unknown Source:0)
05-11 13:22:35.034 15628 15974 E unknown:ReactHost: 	at com.facebook.react.runtime.internal.bolts.Task$Companion$$ExternalSyntheticLambda4.run(D8$$SyntheticClass:0)
05-11 13:22:35.034 15628 15974 E unknown:ReactHost: 	at com.facebook.react.runtime.internal.bolts.Executors$ImmediateExecutor.execute(Executors.kt:41)
05-11 13:22:35.034 15628 15974 E unknown:ReactHost: 	at com.facebook.react.runtime.internal.bolts.Task$Companion.completeAfterTask(Task.kt:388)
05-11 13:22:35.034 15628 15974 E unknown:ReactHost: 	at com.facebook.react.runtime.internal.bolts.Task$Companion.access$completeAfterTask(Task.kt:250)
05-11 13:22:35.034 15628 15974 E unknown:ReactHost: 	at com.facebook.react.runtime.internal.bolts.Task.continueWithTask(Task.kt:156)
05-11 13:22:35.034 15628 15974 E unknown:ReactHost: 	at com.facebook.react.runtime.internal.bolts.Task.onSuccess(Task.kt:169)
05-11 13:22:35.034 15628 15974 E unknown:ReactHost: 	at com.facebook.react.runtime.ReactHostImpl.callWithExistingReactInstance(ReactHostImpl.kt:798)
05-11 13:22:35.034 15628 15974 E unknown:ReactHost: 	at com.facebook.react.runtime.ReactHostImpl.callWithExistingReactInstance$default(ReactHostImpl.kt:791)
05-11 13:22:35.034 15628 15974 E unknown:ReactHost: 	at com.facebook.react.runtime.ReactHostImpl.callFunctionOnModule$ReactAndroid_debug(ReactHostImpl.kt:687)
05-11 13:22:35.034 15628 15974 E unknown:ReactHost: 	at com.facebook.react.runtime.BridgelessReactContext.emitDeviceEvent(BridgelessReactContext.kt:134)
05-11 13:22:35.034 15628 15974 E unknown:ReactHost: 	at com.facebook.react.modules.network.ResponseUtil.onResponseReceived(ResponseUtil.kt:124)
05-11 13:22:35.034 15628 15974 E unknown:ReactHost: 	at com.facebook.react.modules.network.NetworkingModule$sendRequestInternal$2.onResponse(NetworkingModule.kt:496)
05-11 13:22:35.034 15628 15974 E unknown:ReactHost: 	at okhttp3.internal.connection.RealCall$AsyncCall.run(RealCall.kt:519)
05-11 13:22:35.034 15628 15974 E unknown:ReactHost: 	at java.util.concurrent.ThreadPoolExecutor.runWorker(ThreadPoolExecutor.java:1154)
05-11 13:22:35.034 15628 15974 E unknown:ReactHost: 	at java.util.concurrent.ThreadPoolExecutor$Worker.run(ThreadPoolExecutor.java:652)
05-11 13:22:35.034 15628 15974 E unknown:ReactHost: 	at java.lang.Thread.run(Thread.java:1564)
05-11 13:22:35.035 15628 15974 W unknown:BridgelessReact: ReactHost{0}.raiseSoftException(callWithExistingReactInstance(callFunctionOnModule("RCTDeviceEventEmitter", "emit"))): Execute: reactInstance is null. Dropping work.
05-11 13:22:35.035 15628 15927 W unknown:BridgelessReact: ReactHost{0}.raiseSoftException(callWithExistingReactInstance(callFunctionOnModule("RCTDeviceEventEmitter", "emit"))): Execute: reactInstance is null. Dropping work.
05-11 13:22:35.035 15628 15628 W unknown:BridgelessReact: ReactHost{0}.getOrCreateDestroyTask(): Destroying MemoryPressureRouter
05-11 13:22:35.035 15628 15628 W unknown:BridgelessReact: ReactHost{0}.getOrCreateDestroyTask(): Resetting ReactContext ref
05-11 13:22:35.035 15628 15628 W unknown:BridgelessReact: ReactHost{0}.getOrCreateDestroyTask(): Destroying ReactContext
05-11 13:22:35.035 15628 15927 E unknown:ReactHost: Unhandled SoftException
05-11 13:22:35.035 15628 15927 E unknown:ReactHost: com.facebook.react.bridge.ReactNoCrashSoftException: raiseSoftException(callWithExistingReactInstance(callFunctionOnModule("RCTDeviceEventEmitter", "emit"))): Execute: reactInstance is null. Dropping work.
05-11 13:22:35.035 15628 15927 E unknown:ReactHost: 	at com.facebook.react.runtime.ReactHostImpl.raiseSoftException(ReactHostImpl.kt:787)
05-11 13:22:35.035 15628 15927 E unknown:ReactHost: 	at com.facebook.react.runtime.ReactHostImpl.raiseSoftException$default(ReactHostImpl.kt:779)
05-11 13:22:35.035 15628 15927 E unknown:ReactHost: 	at com.facebook.react.runtime.ReactHostImpl.callWithExistingReactInstance$lambda$28(ReactHostImpl.kt:802)
05-11 13:22:35.035 15628 15927 E unknown:ReactHost: 	at com.facebook.react.runtime.ReactHostImpl.$r8$lambda$6NreFt2BcPly8g6qrNV9Z1C-YmU(Unknown Source:0)
05-11 13:22:35.035 15628 15927 E unknown:ReactHost: 	at com.facebook.react.runtime.ReactHostImpl$$ExternalSyntheticLambda31.then(D8$$SyntheticClass:0)
05-11 13:22:35.035 15628 15927 E unknown:ReactHost: 	at com.facebook.react.runtime.internal.bolts.Task$Companion.completeImmediately$lambda$3(Task.kt:356)
05-11 13:22:35.035 15628 15927 E unknown:ReactHost: 	at com.facebook.react.runtime.internal.bolts.Task$Companion.$r8$lambda$b7MTC0ufkn_2TjF4BGcNqGR9qK0(Unknown Source:0)
05-11 13:22:35.035 15628 15927 E unknown:ReactHost: 	at com.facebook.react.runtime.internal.bolts.Task$Companion$$ExternalSyntheticLambda3.run(D8$$SyntheticClass:0)
05-11 13:22:35.035 15628 15927 E unknown:ReactHost: 	at com.facebook.react.runtime.internal.bolts.Executors$ImmediateExecutor.execute(Executors.kt:41)
05-11 13:22:35.035 15628 15927 E unknown:ReactHost: 	at com.facebook.react.runtime.internal.bolts.Task$Companion.completeImmediately(Task.kt:354)
05-11 13:22:35.035 15628 15927 E unknown:ReactHost: 	at com.facebook.react.runtime.internal.bolts.Task$Companion.access$completeImmediately(Task.kt:250)
05-11 13:22:35.035 15628 15927 E unknown:ReactHost: 	at com.facebook.react.runtime.internal.bolts.Task.continueWith(Task.kt:132)
05-11 13:22:35.035 15628 15927 E unknown:ReactHost: 	at com.facebook.react.runtime.internal.bolts.Task.continueWith$default(Task.kt:117)
05-11 13:22:35.035 15628 15927 E unknown:ReactHost: 	at com.facebook.react.runtime.internal.bolts.Task.onSuccess$lambda$12(Task.kt:174)
05-11 13:22:35.035 15628 15927 E unknown:ReactHost: 	at com.facebook.react.runtime.internal.bolts.Task.$r8$lambda$l0wwo5AvbHxlwfI1R7CH_codxoo(Unknown Source:0)
05-11 13:22:35.035 15628 15927 E unknown:ReactHost: 	at com.facebook.react.runtime.internal.bolts.Task$$ExternalSyntheticLambda2.then(D8$$SyntheticClass:0)
05-11 13:22:35.035 15628 15927 E unknown:ReactHost: 	at com.facebook.react.runtime.internal.bolts.Task$Companion.completeAfterTask$lambda$5(Task.kt:390)
05-11 13:22:35.035 15628 15927 E unknown:ReactHost: 	at com.facebook.react.runtime.internal.bolts.Task$Companion.$r8$lambda$IPpysnehFwANEiW061YzapkMdoE(Unknown Source:0)
05-11 13:22:35.035 15628 15927 E unknown:ReactHost: 	at com.facebook.react.runtime.internal.bolts.Task$Companion$$ExternalSyntheticLambda4.run(D8$$SyntheticClass:0)
05-11 13:22:35.035 15628 15927 E unknown:ReactHost: 	at com.facebook.react.runtime.internal.bolts.Executors$ImmediateExecutor.execute(Executors.kt:41)
05-11 13:22:35.035 15628 15927 E unknown:ReactHost: 	at com.facebook.react.runtime.internal.bolts.Task$Companion.completeAfterTask(Task.kt:388)
05-11 13:22:35.035 15628 15927 E unknown:ReactHost: 	at com.facebook.react.runtime.internal.bolts.Task$Companion.access$completeAfterTask(Task.kt:250)
05-11 13:22:35.035 15628 15927 E unknown:ReactHost: 	at com.facebook.react.runtime.internal.bolts.Task.continueWithTask(Task.kt:156)
05-11 13:22:35.035 15628 15927 E unknown:ReactHost: 	at com.facebook.react.runtime.internal.bolts.Task.onSuccess(Task.kt:169)
05-11 13:22:35.035 15628 15927 E unknown:ReactHost: 	at com.facebook.react.runtime.ReactHostImpl.callWithExistingReactInstance(ReactHostImpl.kt:798)
05-11 13:22:35.035 15628 15927 E unknown:ReactHost: 	at com.facebook.react.runtime.ReactHostImpl.callWithExistingReactInstance$default(ReactHostImpl.kt:791)
05-11 13:22:35.035 15628 15927 E unknown:ReactHost: 	at com.facebook.react.runtime.ReactHostImpl.callFunctionOnModule$ReactAndroid_debug(ReactHostImpl.kt:687)
05-11 13:22:35.035 15628 15927 E unknown:ReactHost: 	at com.facebook.react.runtime.BridgelessReactContext.emitDeviceEvent(BridgelessReactContext.kt:134)
05-11 13:22:35.035 15628 15927 E unknown:ReactHost: 	at com.facebook.react.modules.network.ResponseUtil.onResponseReceived(ResponseUtil.kt:124)
05-11 13:22:35.035 15628 15927 E unknown:ReactHost: 	at com.facebook.react.modules.network.NetworkingModule$sendRequestInternal$2.onResponse(NetworkingModule.kt:496)
05-11 13:22:35.035 15628 15927 E unknown:ReactHost: 	at okhttp3.internal.connection.RealCall$AsyncCall.run(RealCall.kt:519)
05-11 13:22:35.035 15628 15927 E unknown:ReactHost: 	at java.util.concurrent.ThreadPoolExecutor.runWorker(ThreadPoolExecutor.java:1154)
05-11 13:22:35.035 15628 15927 E unknown:ReactHost: 	at java.util.concurrent.ThreadPoolExecutor$Worker.run(ThreadPoolExecutor.java:652)
05-11 13:22:35.035 15628 15927 E unknown:ReactHost: 	at java.lang.Thread.run(Thread.java:1564)
05-11 13:22:35.035 15628 15974 E unknown:ReactHost: Unhandled SoftException
05-11 13:22:35.035 15628 15974 E unknown:ReactHost: com.facebook.react.bridge.ReactNoCrashSoftException: raiseSoftException(callWithExistingReactInstance(callFunctionOnModule("RCTDeviceEventEmitter", "emit"))): Execute: reactInstance is null. Dropping work.
05-11 13:22:35.035 15628 15974 E unknown:ReactHost: 	at com.facebook.react.runtime.ReactHostImpl.raiseSoftException(ReactHostImpl.kt:787)
05-11 13:22:35.035 15628 15974 E unknown:ReactHost: 	at com.facebook.react.runtime.ReactHostImpl.raiseSoftException$default(ReactHostImpl.kt:779)
05-11 13:22:35.035 15628 15974 E unknown:ReactHost: 	at com.facebook.react.runtime.ReactHostImpl.callWithExistingReactInstance$lambda$28(ReactHostImpl.kt:802)
05-11 13:22:35.035 15628 15974 E unknown:ReactHost: 	at com.facebook.react.runtime.ReactHostImpl.$r8$lambda$6NreFt2BcPly8g6qrNV9Z1C-YmU(Unknown Source:0)
05-11 13:22:35.035 15628 15974 E unknown:ReactHost: 	at com.facebook.react.runtime.ReactHostImpl$$ExternalSyntheticLambda31.then(D8$$SyntheticClass:0)
05-11 13:22:35.035 15628 15974 E unknown:ReactHost: 	at com.facebook.react.runtime.internal.bolts.Task$Companion.completeImmediately$lambda$3(Task.kt:356)
05-11 13:22:35.035 15628 15974 E unknown:ReactHost: 	at com.facebook.react.runtime.internal.bolts.Task$Companion.$r8$lambda$b7MTC0ufkn_2TjF4BGcNqGR9qK0(Unknown Source:0)
05-11 13:22:35.035 15628 15974 E unknown:ReactHost: 	at com.facebook.react.runtime.internal.bolts.Task$Companion$$ExternalSyntheticLambda3.run(D8$$SyntheticClass:0)
05-11 13:22:35.035 15628 15974 E unknown:ReactHost: 	at com.facebook.react.runtime.internal.bolts.Executors$ImmediateExecutor.execute(Executors.kt:41)
05-11 13:22:35.035 15628 15974 E unknown:ReactHost: 	at com.facebook.react.runtime.internal.bolts.Task$Companion.completeImmediately(Task.kt:354)
05-11 13:22:35.035 15628 15974 E unknown:ReactHost: 	at com.facebook.react.runtime.internal.bolts.Task$Companion.access$completeImmediately(Task.kt:250)
05-11 13:22:35.035 15628 15974 E unknown:ReactHost: 	at com.facebook.react.runtime.internal.bolts.Task.continueWith(Task.kt:132)
05-11 13:22:35.035 15628 15974 E unknown:ReactHost: 	at com.facebook.react.runtime.internal.bolts.Task.continueWith$default(Task.kt:117)
05-11 13:22:35.035 15628 15974 E unknown:ReactHost: 	at com.facebook.react.runtime.internal.bolts.Task.onSuccess$lambda$12(Task.kt:174)
05-11 13:22:35.035 15628 15974 E unknown:ReactHost: 	at com.facebook.react.runtime.internal.bolts.Task.$r8$lambda$l0wwo5AvbHxlwfI1R7CH_codxoo(Unknown Source:0)
05-11 13:22:35.035 15628 15974 E unknown:ReactHost: 	at com.facebook.react.runtime.internal.bolts.Task$$ExternalSyntheticLambda2.then(D8$$SyntheticClass:0)
05-11 13:22:35.035 15628 15974 E unknown:ReactHost: 	at com.facebook.react.runtime.internal.bolts.Task$Companion.completeAfterTask$lambda$5(Task.kt:390)
05-11 13:22:35.035 15628 15974 E unknown:ReactHost: 	at com.facebook.react.runtime.internal.bolts.Task$Companion.$r8$lambda$IPpysnehFwANEiW061YzapkMdoE(Unknown Source:0)
05-11 13:22:35.035 15628 15974 E unknown:ReactHost: 	at com.facebook.react.runtime.internal.bolts.Task$Companion$$ExternalSyntheticLambda4.run(D8$$SyntheticClass:0)
05-11 13:22:35.035 15628 15974 E unknown:ReactHost: 	at com.facebook.react.runtime.internal.bolts.Executors$ImmediateExecutor.execute(Executors.kt:41)
05-11 13:22:35.035 15628 15974 E unknown:ReactHost: 	at com.facebook.react.runtime.internal.bolts.Task$Companion.completeAfterTask(Task.kt:388)
05-11 13:22:35.035 15628 15974 E unknown:ReactHost: 	at com.facebook.react.runtime.internal.bolts.Task$Companion.access$completeAfterTask(Task.kt:250)
05-11 13:22:35.035 15628 15974 E unknown:ReactHost: 	at com.facebook.react.runtime.internal.bolts.Task.continueWithTask(Task.kt:156)
05-11 13:22:35.035 15628 15974 E unknown:ReactHost: 	at com.facebook.react.runtime.internal.bolts.Task.onSuccess(Task.kt:169)
05-11 13:22:35.035 15628 15974 E unknown:ReactHost: 	at com.facebook.react.runtime.ReactHostImpl.callWithExistingReactInstance(ReactHostImpl.kt:798)
05-11 13:22:35.035 15628 15974 E unknown:ReactHost: 	at com.facebook.react.runtime.ReactHostImpl.callWithExistingReactInstance$default(ReactHostImpl.kt:791)
05-11 13:22:35.035 15628 15974 E unknown:ReactHost: 	at com.facebook.react.runtime.ReactHostImpl.callFunctionOnModule$ReactAndroid_debug(ReactHostImpl.kt:687)
05-11 13:22:35.035 15628 15974 E unknown:ReactHost: 	at com.facebook.react.runtime.BridgelessReactContext.emitDeviceEvent(BridgelessReactContext.kt:134)
05-11 13:22:35.035 15628 15974 E unknown:ReactHost: 	at com.facebook.react.modules.network.ResponseUtil.onIncrementalDataReceived(ResponseUtil.kt:42)
05-11 13:22:35.035 15628 15974 E unknown:ReactHost: 	at com.facebook.react.modules.network.NetworkingModule.readWithProgress(NetworkingModule.kt:636)
05-11 13:22:35.035 15628 15974 E unknown:ReactHost: 	at com.facebook.react.modules.network.NetworkingModule.access$readWithProgress(NetworkingModule.kt:48)
05-11 13:22:35.035 15628 15974 E unknown:ReactHost: 	at com.facebook.react.modules.network.NetworkingModule$sendRequestInternal$2.onResponse(NetworkingModule.kt:551)
05-11 13:22:35.035 15628 15974 E unknown:ReactHost: 	at okhttp3.internal.connection.RealCall$AsyncCall.run(RealCall.kt:519)
05-11 13:22:35.035 15628 15974 E unknown:ReactHost: 	at java.util.concurrent.ThreadPoolExecutor.runWorker(ThreadPoolExecutor.java:1154)
05-11 13:22:35.035 15628 15974 E unknown:ReactHost: 	at java.util.concurrent.ThreadPoolExecutor$Worker.run(ThreadPoolExecutor.java:652)
05-11 13:22:35.035 15628 15974 E unknown:ReactHost: 	at java.lang.Thread.run(Thread.java:1564)
05-11 13:22:35.035 15628 15722 W unknown:BridgelessReact: ReactHost{0}.getOrCreateDestroyTask(): Resetting ReactInstance ptr
05-11 13:22:35.035 15628 15628 W unknown:BridgelessReact: ReactHost{0}.raiseSoftException(onWindowFocusChange(hasFocus = "false")): Tried to access onWindowFocusChange while context is not ready
05-11 13:22:35.035 15628 15927 W unknown:BridgelessReact: ReactHost{0}.raiseSoftException(callWithExistingReactInstance(callFunctionOnModule("RCTDeviceEventEmitter", "emit"))): Execute: reactInstance is null. Dropping work.
05-11 13:22:35.035 15628 15628 E unknown:ReactHost: Unhandled SoftException
05-11 13:22:35.035 15628 15628 E unknown:ReactHost: com.facebook.react.bridge.ReactNoCrashSoftException: raiseSoftException(onWindowFocusChange(hasFocus = "false")): Tried to access onWindowFocusChange while context is not ready
05-11 13:22:35.035 15628 15628 E unknown:ReactHost: 	at com.facebook.react.runtime.ReactHostImpl.raiseSoftException(ReactHostImpl.kt:787)
05-11 13:22:35.035 15628 15628 E unknown:ReactHost: 	at com.facebook.react.runtime.ReactHostImpl.raiseSoftException$default(ReactHostImpl.kt:779)
05-11 13:22:35.035 15628 15628 E unknown:ReactHost: 	at com.facebook.react.runtime.ReactHostImpl.onWindowFocusChange(ReactHostImpl.kt:589)
05-11 13:22:35.035 15628 15628 E unknown:ReactHost: 	at com.facebook.react.ReactDelegate.onWindowFocusChanged(ReactDelegate.kt:217)
05-11 13:22:35.035 15628 15628 E unknown:ReactHost: 	at com.facebook.react.ReactActivityDelegate.onWindowFocusChanged(ReactActivityDelegate.java:236)
05-11 13:22:35.035 15628 15628 E unknown:ReactHost: 	at expo.modules.ReactActivityDelegateWrapper$onWindowFocusChanged$1.invokeSuspend(ReactActivityDelegateWrapper.kt:353)
05-11 13:22:35.035 15628 15628 E unknown:ReactHost: 	at expo.modules.ReactActivityDelegateWrapper$onWindowFocusChanged$1.invoke(Unknown Source:8)
05-11 13:22:35.035 15628 15628 E unknown:ReactHost: 	at expo.modules.ReactActivityDelegateWrapper$onWindowFocusChanged$1.invoke(Unknown Source:4)
05-11 13:22:35.035 15628 15628 E unknown:ReactHost: 	at expo.modules.ReactActivityDelegateWrapper$launchLifecycleScopeWithLock$1.invokeSuspend(ReactActivityDelegateWrapper.kt:485)
05-11 13:22:35.035 15628 15628 E unknown:ReactHost: 	at kotlin.coroutines.jvm.internal.BaseContinuationImpl.resumeWith(ContinuationImpl.kt:33)
05-11 13:22:35.035 15628 15628 E unknown:ReactHost: 	at kotlinx.coroutines.internal.DispatchedContinuationKt.resumeCancellableWith(DispatchedContinuation.kt:359)
05-11 13:22:35.035 15628 15628 E unknown:ReactHost: 	at kotlinx.coroutines.intrinsics.CancellableKt.startCoroutineCancellable(Cancellable.kt:26)
05-11 13:22:35.035 15628 15628 E unknown:ReactHost: 	at kotlinx.coroutines.CoroutineStart.invoke(CoroutineStart.kt:358)
05-11 13:22:35.035 15628 15628 E unknown:ReactHost: 	at kotlinx.coroutines.AbstractCoroutine.start(AbstractCoroutine.kt:124)
05-11 13:22:35.035 15628 15628 E unknown:ReactHost: 	at kotlinx.coroutines.BuildersKt__Builders_commonKt.launch(Builders.common.kt:52)
05-11 13:22:35.035 15628 15628 E unknown:ReactHost: 	at kotlinx.coroutines.BuildersKt.launch(Unknown Source:1)
05-11 13:22:35.035 15628 15628 E unknown:ReactHost: 	at kotlinx.coroutines.BuildersKt__Builders_commonKt.launch$default(Builders.common.kt:43)
05-11 13:22:35.035 15628 15628 E unknown:ReactHost: 	at kotlinx.coroutines.BuildersKt.launch$default(Unknown Source:1)
05-11 13:22:35.035 15628 15628 E unknown:ReactHost: 	at expo.modules.ReactActivityDelegateWrapper.launchLifecycleScopeWithLock(ReactActivityDelegateWrapper.kt:483)
05-11 13:22:35.035 15628 15628 E unknown:ReactHost: 	at expo.modules.ReactActivityDelegateWrapper.launchLifecycleScopeWithLock$default(ReactActivityDelegateWrapper.kt:479)
05-11 13:22:35.035 15628 15628 E unknown:ReactHost: 	at expo.modules.ReactActivityDelegateWrapper.onWindowFocusChanged(ReactActivityDelegateWrapper.kt:351)
05-11 13:22:35.035 15628 15628 E unknown:ReactHost: 	at com.facebook.react.ReactActivity.onWindowFocusChanged(ReactActivity.java:158)
05-11 13:22:35.035 15628 15628 E unknown:ReactHost: 	at androidx.appcompat.view.WindowCallbackWrapper.onWindowFocusChanged(WindowCallbackWrapper.java:124)
05-11 13:22:35.035 15628 15628 E unknown:ReactHost: 	at com.android.internal.policy.DecorView.onWindowFocusChanged(DecorView.java:2821)
05-11 13:22:35.035 15628 15628 E unknown:ReactHost: 	at android.view.View.dispatchWindowFocusChanged(View.java:17901)
05-11 13:22:35.035 15628 15628 E unknown:ReactHost: 	at android.view.ViewGroup.dispatchWindowFocusChanged(ViewGroup.java:1631)
05-11 13:22:35.035 15628 15628 E unknown:ReactHost: 	at android.view.ViewRootImpl.dispatchFocusEvent(ViewRootImpl.java:6058)
05-11 13:22:35.035 15628 15628 E unknown:ReactHost: 	at android.view.ViewRootImpl.handleWindowFocusChanged(ViewRootImpl.java:5941)
05-11 13:22:35.035 15628 15628 E unknown:ReactHost: 	at android.view.ViewRootImpl.-$$Nest$mhandleWindowFocusChanged(Unknown Source:0)
05-11 13:22:35.035 15628 15628 E unknown:ReactHost: 	at android.view.ViewRootImpl$ViewRootHandler.handleMessageImpl(ViewRootImpl.java:8496)
05-11 13:22:35.035 15628 15628 E unknown:ReactHost: 	at android.view.ViewRootImpl$ViewRootHandler.handleMessage(ViewRootImpl.java:8404)
05-11 13:22:35.035 15628 15628 E unknown:ReactHost: 	at android.os.Handler.dispatchMessage(Handler.java:132)
05-11 13:22:35.035 15628 15628 E unknown:ReactHost: 	at android.os.Looper.dispatchMessage(Looper.java:358)
05-11 13:22:35.035 15628 15628 E unknown:ReactHost: 	at android.os.Looper.loopOnce(Looper.java:288)
05-11 13:22:35.035 15628 15628 E unknown:ReactHost: 	at android.os.Looper.loop(Looper.java:392)
05-11 13:22:35.035 15628 15628 E unknown:ReactHost: 	at android.app.ActivityThread.main(ActivityThread.java:10343)
05-11 13:22:35.035 15628 15628 E unknown:ReactHost: 	at java.lang.reflect.Method.invoke(Native Method)
05-11 13:22:35.035 15628 15628 E unknown:ReactHost: 	at com.android.internal.os.RuntimeInit$MethodAndArgsCaller.run(RuntimeInit.java:605)
05-11 13:22:35.035 15628 15628 E unknown:ReactHost: 	at com.android.internal.os.ZygoteInit.main(ZygoteInit.java:972)
05-11 13:22:35.035 15628 15927 E unknown:ReactHost: Unhandled SoftException
05-11 13:22:35.035 15628 15927 E unknown:ReactHost: com.facebook.react.bridge.ReactNoCrashSoftException: raiseSoftException(callWithExistingReactInstance(callFunctionOnModule("RCTDeviceEventEmitter", "emit"))): Execute: reactInstance is null. Dropping work.
05-11 13:22:35.035 15628 15927 E unknown:ReactHost: 	at com.facebook.react.runtime.ReactHostImpl.raiseSoftException(ReactHostImpl.kt:787)
05-11 13:22:35.035 15628 15927 E unknown:ReactHost: 	at com.facebook.react.runtime.ReactHostImpl.raiseSoftException$default(ReactHostImpl.kt:779)
05-11 13:22:35.035 15628 15927 E unknown:ReactHost: 	at com.facebook.react.runtime.ReactHostImpl.callWithExistingReactInstance$lambda$28(ReactHostImpl.kt:802)
05-11 13:22:35.035 15628 15927 E unknown:ReactHost: 	at com.facebook.react.runtime.ReactHostImpl.$r8$lambda$6NreFt2BcPly8g6qrNV9Z1C-YmU(Unknown Source:0)
05-11 13:22:35.035 15628 15927 E unknown:ReactHost: 	at com.facebook.react.runtime.ReactHostImpl$$ExternalSyntheticLambda31.then(D8$$SyntheticClass:0)
05-11 13:22:35.035 15628 15927 E unknown:ReactHost: 	at com.facebook.react.runtime.internal.bolts.Task$Companion.completeImmediately$lambda$3(Task.kt:356)
05-11 13:22:35.035 15628 15927 E unknown:ReactHost: 	at com.facebook.react.runtime.internal.bolts.Task$Companion.$r8$lambda$b7MTC0ufkn_2TjF4BGcNqGR9qK0(Unknown Source:0)
05-11 13:22:35.035 15628 15927 E unknown:ReactHost: 	at com.facebook.react.runtime.internal.bolts.Task$Companion$$ExternalSyntheticLambda3.run(D8$$SyntheticClass:0)
05-11 13:22:35.035 15628 15927 E unknown:ReactHost: 	at com.facebook.react.runtime.internal.bolts.Executors$ImmediateExecutor.execute(Executors.kt:41)
05-11 13:22:35.035 15628 15927 E unknown:ReactHost: 	at com.facebook.react.runtime.internal.bolts.Task$Companion.completeImmediately(Task.kt:354)
05-11 13:22:35.035 15628 15927 E unknown:ReactHost: 	at com.facebook.react.runtime.internal.bolts.Task$Companion.access$completeImmediately(Task.kt:250)
05-11 13:22:35.035 15628 15927 E unknown:ReactHost: 	at com.facebook.react.runtime.internal.bolts.Task.continueWith(Task.kt:132)
05-11 13:22:35.035 15628 15927 E unknown:ReactHost: 	at com.facebook.react.runtime.internal.bolts.Task.continueWith$default(Task.kt:117)
05-11 13:22:35.035 15628 15927 E unknown:ReactHost: 	at com.facebook.react.runtime.internal.bolts.Task.onSuccess$lambda$12(Task.kt:174)
05-11 13:22:35.035 15628 15927 E unknown:ReactHost: 	at com.facebook.react.runtime.internal.bolts.Task.$r8$lambda$l0wwo5AvbHxlwfI1R7CH_codxoo(Unknown Source:0)
05-11 13:22:35.035 15628 15927 E unknown:ReactHost: 	at com.facebook.react.runtime.internal.bolts.Task$$ExternalSyntheticLambda2.then(D8$$SyntheticClass:0)
05-11 13:22:35.035 15628 15927 E unknown:ReactHost: 	at com.facebook.react.runtime.internal.bolts.Task$Companion.completeAfterTask$lambda$5(Task.kt:390)
05-11 13:22:35.035 15628 15927 E unknown:ReactHost: 	at com.facebook.react.runtime.internal.bolts.Task$Companion.$r8$lambda$IPpysnehFwANEiW061YzapkMdoE(Unknown Source:0)
05-11 13:22:35.035 15628 15927 E unknown:ReactHost: 	at com.facebook.react.runtime.internal.bolts.Task$Companion$$ExternalSyntheticLambda4.run(D8$$SyntheticClass:0)
05-11 13:22:35.035 15628 15927 E unknown:ReactHost: 	at com.facebook.react.runtime.internal.bolts.Executors$ImmediateExecutor.execute(Executors.kt:41)
05-11 13:22:35.035 15628 15927 E unknown:ReactHost: 	at com.facebook.react.runtime.internal.bolts.Task$Companion.completeAfterTask(Task.kt:388)
05-11 13:22:35.035 15628 15927 E unknown:ReactHost: 	at com.facebook.react.runtime.internal.bolts.Task$Companion.access$completeAfterTask(Task.kt:250)
05-11 13:22:35.035 15628 15927 E unknown:ReactHost: 	at com.facebook.react.runtime.internal.bolts.Task.continueWithTask(Task.kt:156)
05-11 13:22:35.035 15628 15927 E unknown:ReactHost: 	at com.facebook.react.runtime.internal.bolts.Task.onSuccess(Task.kt:169)
05-11 13:22:35.035 15628 15927 E unknown:ReactHost: 	at com.facebook.react.runtime.ReactHostImpl.callWithExistingReactInstance(ReactHostImpl.kt:798)
05-11 13:22:35.035 15628 15927 E unknown:ReactHost: 	at com.facebook.react.runtime.ReactHostImpl.callWithExistingReactInstance$default(ReactHostImpl.kt:791)
05-11 13:22:35.035 15628 15927 E unknown:ReactHost: 	at com.facebook.react.runtime.ReactHostImpl.callFunctionOnModule$ReactAndroid_debug(ReactHostImpl.kt:687)
05-11 13:22:35.035 15628 15927 E unknown:ReactHost: 	at com.facebook.react.runtime.BridgelessReactContext.emitDeviceEvent(BridgelessReactContext.kt:134)
05-11 13:22:35.035 15628 15927 E unknown:ReactHost: 	at com.facebook.react.modules.network.ResponseUtil.onIncrementalDataReceived(ResponseUtil.kt:42)
05-11 13:22:35.035 15628 15927 E unknown:ReactHost: 	at com.facebook.react.modules.network.NetworkingModule.readWithProgress(NetworkingModule.kt:636)
05-11 13:22:35.035 15628 15927 E unknown:ReactHost: 	at com.facebook.react.modules.network.NetworkingModule.access$readWithProgress(NetworkingModule.kt:48)
05-11 13:22:35.035 15628 15927 E unknown:ReactHost: 	at com.facebook.react.modules.network.NetworkingModule$sendRequestInternal$2.onResponse(NetworkingModule.kt:551)
05-11 13:22:35.035 15628 15927 E unknown:ReactHost: 	at okhttp3.internal.connection.RealCall$AsyncCall.run(RealCall.kt:519)
05-11 13:22:35.035 15628 15927 E unknown:ReactHost: 	at java.util.concurrent.ThreadPoolExecutor.runWorker(ThreadPoolExecutor.java:1154)
05-11 13:22:35.035 15628 15927 E unknown:ReactHost: 	at java.util.concurrent.ThreadPoolExecutor$Worker.run(ThreadPoolExecutor.java:652)
05-11 13:22:35.035 15628 15927 E unknown:ReactHost: 	at java.lang.Thread.run(Thread.java:1564)
05-11 13:22:35.035 15628 15974 W unknown:BridgelessReact: ReactHost{0}.raiseSoftException(callWithExistingReactInstance(callFunctionOnModule("RCTDeviceEventEmitter", "emit"))): Execute: reactInstance is null. Dropping work.
05-11 13:22:35.035 15628 15722 W unknown:BridgelessReact: ReactHost{0}.getOrCreateDestroyTask(): Destroying ReactInstance
05-11 13:22:35.035 15628 15898 W unknown:BridgelessReact: ReactHost{0}.raiseSoftException(callWithExistingReactInstance(callFunctionOnModule("RCTDeviceEventEmitter", "emit"))): Execute: reactInstance is null. Dropping work.
05-11 13:22:35.035 15628 15927 W unknown:BridgelessReact: ReactHost{0}.raiseSoftException(callWithExistingReactInstance(callFunctionOnModule("RCTDeviceEventEmitter", "emit"))): Execute: reactInstance is null. Dropping work.
05-11 13:22:35.035 15628 15974 E unknown:ReactHost: Unhandled SoftException
05-11 13:22:35.035 15628 15974 E unknown:ReactHost: com.facebook.react.bridge.ReactNoCrashSoftException: raiseSoftException(callWithExistingReactInstance(callFunctionOnModule("RCTDeviceEventEmitter", "emit"))): Execute: reactInstance is null. Dropping work.
05-11 13:22:35.035 15628 15974 E unknown:ReactHost: 	at com.facebook.react.runtime.ReactHostImpl.raiseSoftException(ReactHostImpl.kt:787)
05-11 13:22:35.035 15628 15974 E unknown:ReactHost: 	at com.facebook.react.runtime.ReactHostImpl.raiseSoftException$default(ReactHostImpl.kt:779)
05-11 13:22:35.035 15628 15974 E unknown:ReactHost: 	at com.facebook.react.runtime.ReactHostImpl.callWithExistingReactInstance$lambda$28(ReactHostImpl.kt:802)
05-11 13:22:35.035 15628 15974 E unknown:ReactHost: 	at com.facebook.react.runtime.ReactHostImpl.$r8$lambda$6NreFt2BcPly8g6qrNV9Z1C-YmU(Unknown Source:0)
05-11 13:22:35.035 15628 15974 E unknown:ReactHost: 	at com.facebook.react.runtime.ReactHostImpl$$ExternalSyntheticLambda31.then(D8$$SyntheticClass:0)
05-11 13:22:35.035 15628 15974 E unknown:ReactHost: 	at com.facebook.react.runtime.internal.bolts.Task$Companion.completeImmediately$lambda$3(Task.kt:356)
05-11 13:22:35.035 15628 15974 E unknown:ReactHost: 	at com.facebook.react.runtime.internal.bolts.Task$Companion.$r8$lambda$b7MTC0ufkn_2TjF4BGcNqGR9qK0(Unknown Source:0)
05-11 13:22:35.035 15628 15974 E unknown:ReactHost: 	at com.facebook.react.runtime.internal.bolts.Task$Companion$$ExternalSyntheticLambda3.run(D8$$SyntheticClass:0)
05-11 13:22:35.035 15628 15974 E unknown:ReactHost: 	at com.facebook.react.runtime.internal.bolts.Executors$ImmediateExecutor.execute(Executors.kt:41)
05-11 13:22:35.035 15628 15974 E unknown:ReactHost: 	at com.facebook.react.runtime.internal.bolts.Task$Companion.completeImmediately(Task.kt:354)
05-11 13:22:35.035 15628 15974 E unknown:ReactHost: 	at com.facebook.react.runtime.internal.bolts.Task$Companion.access$completeImmediately(Task.kt:250)
05-11 13:22:35.035 15628 15974 E unknown:ReactHost: 	at com.facebook.react.runtime.internal.bolts.Task.continueWith(Task.kt:132)
05-11 13:22:35.035 15628 15974 E unknown:ReactHost: 	at com.facebook.react.runtime.internal.bolts.Task.continueWith$default(Task.kt:117)
05-11 13:22:35.035 15628 15974 E unknown:ReactHost: 	at com.facebook.react.runtime.internal.bolts.Task.onSuccess$lambda$12(Task.kt:174)
05-11 13:22:35.035 15628 15974 E unknown:ReactHost: 	at com.facebook.react.runtime.internal.bolts.Task.$r8$lambda$l0wwo5AvbHxlwfI1R7CH_codxoo(Unknown Source:0)
05-11 13:22:35.035 15628 15974 E unknown:ReactHost: 	at com.facebook.react.runtime.internal.bolts.Task$$ExternalSyntheticLambda2.then(D8$$SyntheticClass:0)
05-11 13:22:35.035 15628 15974 E unknown:ReactHost: 	at com.facebook.react.runtime.internal.bolts.Task$Companion.completeAfterTask$lambda$5(Task.kt:390)
05-11 13:22:35.035 15628 15974 E unknown:ReactHost: 	at com.facebook.react.runtime.internal.bolts.Task$Companion.$r8$lambda$IPpysnehFwANEiW061YzapkMdoE(Unknown Source:0)
05-11 13:22:35.035 15628 15974 E unknown:ReactHost: 	at com.facebook.react.runtime.internal.bolts.Task$Companion$$ExternalSyntheticLambda4.run(D8$$SyntheticClass:0)
05-11 13:22:35.035 15628 15974 E unknown:ReactHost: 	at com.facebook.react.runtime.internal.bolts.Executors$ImmediateExecutor.execute(Executors.kt:41)
05-11 13:22:35.035 15628 15974 E unknown:ReactHost: 	at com.facebook.react.runtime.internal.bolts.Task$Companion.completeAfterTask(Task.kt:388)
05-11 13:22:35.035 15628 15974 E unknown:ReactHost: 	at com.facebook.react.runtime.internal.bolts.Task$Companion.access$completeAfterTask(Task.kt:250)
05-11 13:22:35.035 15628 15974 E unknown:ReactHost: 	at com.facebook.react.runtime.internal.bolts.Task.continueWithTask(Task.kt:156)
05-11 13:22:35.035 15628 15974 E unknown:ReactHost: 	at com.facebook.react.runtime.internal.bolts.Task.onSuccess(Task.kt:169)
05-11 13:22:35.035 15628 15974 E unknown:ReactHost: 	at com.facebook.react.runtime.ReactHostImpl.callWithExistingReactInstance(ReactHostImpl.kt:798)
05-11 13:22:35.035 15628 15974 E unknown:ReactHost: 	at com.facebook.react.runtime.ReactHostImpl.callWithExistingReactInstance$default(ReactHostImpl.kt:791)
05-11 13:22:35.035 15628 15974 E unknown:ReactHost: 	at com.facebook.react.runtime.ReactHostImpl.callFunctionOnModule$ReactAndroid_debug(ReactHostImpl.kt:687)
05-11 13:22:35.035 15628 15974 E unknown:ReactHost: 	at com.facebook.react.runtime.BridgelessReactContext.emitDeviceEvent(BridgelessReactContext.kt:134)
05-11 13:22:35.035 15628 15974 E unknown:ReactHost: 	at com.facebook.react.modules.network.ResponseUtil.onRequestSuccess(ResponseUtil.kt:108)
05-11 13:22:35.035 15628 15974 E unknown:ReactHost: 	at com.facebook.react.modules.network.NetworkingModule$sendRequestInternal$2.onResponse(NetworkingModule.kt:552)
05-11 13:22:35.035 15628 15974 E unknown:ReactHost: 	at okhttp3.internal.connection.RealCall$AsyncCall.run(RealCall.kt:519)
05-11 13:22:35.035 15628 15974 E unknown:ReactHost: 	at java.util.concurrent.ThreadPoolExecutor.runWorker(ThreadPoolExecutor.java:1154)
05-11 13:22:35.035 15628 15974 E unknown:ReactHost: 	at java.util.concurrent.ThreadPoolExecutor$Worker.run(ThreadPoolExecutor.java:652)
05-11 13:22:35.035 15628 15974 E unknown:ReactHost: 	at java.lang.Thread.run(Thread.java:1564)
05-11 13:22:35.035  2433  2433 E SurfaceFlinger: alpha changed 0.000 -> 0.004 - Surface(name=4ebe3f com.ginit.app/com.ginit.app.MainActivity#37090)/@0x7b5e0c2 - animation-leash of window_animation#37094
05-11 13:22:35.036 15628 15898 E unknown:ReactHost: Unhandled SoftException
05-11 13:22:35.036 15628 15898 E unknown:ReactHost: com.facebook.react.bridge.ReactNoCrashSoftException: raiseSoftException(callWithExistingReactInstance(callFunctionOnModule("RCTDeviceEventEmitter", "emit"))): Execute: reactInstance is null. Dropping work.
05-11 13:22:35.036 15628 15898 E unknown:ReactHost: 	at com.facebook.react.runtime.ReactHostImpl.raiseSoftException(ReactHostImpl.kt:787)
05-11 13:22:35.036 15628 15898 E unknown:ReactHost: 	at com.facebook.react.runtime.ReactHostImpl.raiseSoftException$default(ReactHostImpl.kt:779)
05-11 13:22:35.036 15628 15898 E unknown:ReactHost: 	at com.facebook.react.runtime.ReactHostImpl.callWithExistingReactInstance$lambda$28(ReactHostImpl.kt:802)
05-11 13:22:35.036 15628 15898 E unknown:ReactHost: 	at com.facebook.react.runtime.ReactHostImpl.$r8$lambda$6NreFt2BcPly8g6qrNV9Z1C-YmU(Unknown Source:0)
05-11 13:22:35.036 15628 15898 E unknown:ReactHost: 	at com.facebook.react.runtime.ReactHostImpl$$ExternalSyntheticLambda31.then(D8$$SyntheticClass:0)
05-11 13:22:35.036 15628 15898 E unknown:ReactHost: 	at com.facebook.react.runtime.internal.bolts.Task$Companion.completeImmediately$lambda$3(Task.kt:356)
05-11 13:22:35.036 15628 15898 E unknown:ReactHost: 	at com.facebook.react.runtime.internal.bolts.Task$Companion.$r8$lambda$b7MTC0ufkn_2TjF4BGcNqGR9qK0(Unknown Source:0)
05-11 13:22:35.036 15628 15898 E unknown:ReactHost: 	at com.facebook.react.runtime.internal.bolts.Task$Companion$$ExternalSyntheticLambda3.run(D8$$SyntheticClass:0)
05-11 13:22:35.036 15628 15898 E unknown:ReactHost: 	at com.facebook.react.runtime.internal.bolts.Executors$ImmediateExecutor.execute(Executors.kt:41)
05-11 13:22:35.036 15628 15898 E unknown:ReactHost: 	at com.facebook.react.runtime.internal.bolts.Task$Companion.completeImmediately(Task.kt:354)
05-11 13:22:35.036 15628 15898 E unknown:ReactHost: 	at com.facebook.react.runtime.internal.bolts.Task$Companion.access$completeImmediately(Task.kt:250)
05-11 13:22:35.036 15628 15898 E unknown:ReactHost: 	at com.facebook.react.runtime.internal.bolts.Task.continueWith(Task.kt:132)
05-11 13:22:35.036 15628 15898 E unknown:ReactHost: 	at com.facebook.react.runtime.internal.bolts.Task.continueWith$default(Task.kt:117)
05-11 13:22:35.036 15628 15898 E unknown:ReactHost: 	at com.facebook.react.runtime.internal.bolts.Task.onSuccess$lambda$12(Task.kt:174)
05-11 13:22:35.036 15628 15898 E unknown:ReactHost: 	at com.facebook.react.runtime.internal.bolts.Task.$r8$lambda$l0wwo5AvbHxlwfI1R7CH_codxoo(Unknown Source:0)
05-11 13:22:35.036 15628 15898 E unknown:ReactHost: 	at com.facebook.react.runtime.internal.bolts.Task$$ExternalSyntheticLambda2.then(D8$$SyntheticClass:0)
05-11 13:22:35.036 15628 15898 E unknown:ReactHost: 	at com.facebook.react.runtime.internal.bolts.Task$Companion.completeAfterTask$lambda$5(Task.kt:390)
05-11 13:22:35.036 15628 15898 E unknown:ReactHost: 	at com.facebook.react.runtime.internal.bolts.Task$Companion.$r8$lambda$IPpysnehFwANEiW061YzapkMdoE(Unknown Source:0)
05-11 13:22:35.036 15628 15898 E unknown:ReactHost: 	at com.facebook.react.runtime.internal.bolts.Task$Companion$$ExternalSyntheticLambda4.run(D8$$SyntheticClass:0)
05-11 13:22:35.036 15628 15898 E unknown:ReactHost: 	at com.facebook.react.runtime.internal.bolts.Executors$ImmediateExecutor.execute(Executors.kt:41)
05-11 13:22:35.036 15628 15898 E unknown:ReactHost: 	at com.facebook.react.runtime.internal.bolts.Task$Companion.completeAfterTask(Task.kt:388)
05-11 13:22:35.036 15628 15898 E unknown:ReactHost: 	at com.facebook.react.runtime.internal.bolts.Task$Companion.access$completeAfterTask(Task.kt:250)
05-11 13:22:35.036 15628 15898 E unknown:ReactHost: 	at com.facebook.react.runtime.internal.bolts.Task.continueWithTask(Task.kt:156)
05-11 13:22:35.036 15628 15898 E unknown:ReactHost: 	at com.facebook.react.runtime.internal.bolts.Task.onSuccess(Task.kt:169)
05-11 13:22:35.036 15628 15898 E unknown:ReactHost: 	at com.facebook.react.runtime.ReactHostImpl.callWithExistingReactInstance(ReactHostImpl.kt:798)
05-11 13:22:35.036 15628 15898 E unknown:ReactHost: 	at com.facebook.react.runtime.ReactHostImpl.callWithExistingReactInstance$default(ReactHostImpl.kt:791)
05-11 13:22:35.036 15628 15898 E unknown:ReactHost: 	at com.facebook.react.runtime.ReactHostImpl.callFunctionOnModule$ReactAndroid_debug(ReactHostImpl.kt:687)
05-11 13:22:35.036 15628 15898 E unknown:ReactHost: 	at com.facebook.react.runtime.BridgelessReactContext.emitDeviceEvent(BridgelessReactContext.kt:134)
05-11 13:22:35.036 15628 15898 E unknown:ReactHost: 	at com.facebook.react.modules.network.ResponseUtil.onDataSend(ResponseUtil.kt:25)
05-11 13:22:35.036 15628 15898 E unknown:ReactHost: 	at com.facebook.react.modules.network.NetworkingModule$wrapRequestBodyWithProgressEmitter$1.onProgress(NetworkingModule.kt:601)
05-11 13:22:35.036 15628 15898 E unknown:ReactHost: 	at com.facebook.react.modules.network.ProgressRequestBody$outputStreamSink$1.sendProgressUpdate(ProgressRequestBody.kt:76)
05-11 13:22:35.036 15628 15898 E unknown:ReactHost: 	at com.facebook.react.modules.network.ProgressRequestBody$outputStreamSink$1.write(ProgressRequestBody.kt:69)
05-11 13:22:35.036 15628 15898 E unknown:ReactHost: 	at java.io.FilterOutputStream.write(FilterOutputStream.java:137)
05-11 13:22:35.036 15628 15898 E unknown:ReactHost: 	at com.facebook.react.modules.network.ProgressRequestBody$outputStreamSink$1.write(ProgressRequestBody.kt:60)
05-11 13:22:35.036 15628 15898 E unknown:ReactHost: 	at okio.OutputStreamSink.write(JvmOkio.kt:56)
05-11 13:22:35.036 15628 15898 E unknown:ReactHost: 	at okio.RealBufferedSink.flush(RealBufferedSink.kt:268)
05-11 13:22:35.036 15628 15898 E unknown:ReactHost: 	at com.facebook.react.modules.network.ProgressRequestBody.writeTo(ProgressRequestBody.kt:50)
05-11 13:22:35.036 15628 15898 E unknown:ReactHost: 	at okhttp3.internal.http.CallServerInterceptor.intercept(CallServerInterceptor.kt:62)
05-11 13:22:35.036 15628 15898 E unknown:ReactHost: 	at okhttp3.internal.http.RealInterceptorChain.proceed(RealInterceptorChain.kt:109)
05-11 13:22:35.036 15628 15898 E unknown:ReactHost: 	at com.facebook.react.modules.network.NetworkingModule$sendRequestInternal$$inlined$-addNetworkInterceptor$1.intercept(OkHttpClient.kt:1080)
05-11 13:22:35.036 15628 15898 E unknown:ReactHost: 	at okhttp3.internal.http.RealInterceptorChain.proceed(RealInterceptorChain.kt:109)
05-11 13:22:35.036 15628 15898 E unknown:ReactHost: 	at okhttp3.internal.connection.ConnectInterceptor.intercept(ConnectInterceptor.kt:34)
05-11 13:22:35.036 15628 15898 E unknown:ReactHost: 	at okhttp3.internal.http.RealInterceptorChain.proceed(RealInterceptorChain.kt:109)
05-11 13:22:35.036 15628 15898 E unknown:ReactHost: 	at okhttp3.internal.cache.CacheInterceptor.intercept(CacheInterceptor.kt:95)
05-11 13:22:35.036 15628 15898 E unknown:ReactHost: 	at okhttp3.internal.http.RealInterceptorChain.proceed(RealInterceptorChain.kt:109)
05-11 13:22:35.036 15628 15898 E unknown:ReactHost: 	at okhttp3.internal.http.BridgeInterceptor.intercept(BridgeInterceptor.kt:83)
05-11 13:22:35.036 15628 15898 E unknown:ReactHost: 	at okhttp3.internal.http.RealInterceptorChain.proceed(RealInterceptorChain.kt:109)
05-11 13:22:35.036 15628 15898 E unknown:ReactHost: 	at okhttp3.internal.http.RetryAndFollowUpInterceptor.intercept(RetryAndFollowUpInterceptor.kt:76)
05-11 13:22:35.036 15628 15898 E unknown:ReactHost: 	at okhttp3.internal.http.RealInterceptorChain.proceed(RealInterceptorChain.kt:109)
05-11 13:22:35.036 15628 15898 E unknown:ReactHost: 	at okhttp3.internal.connection.RealCall.getResponseWithInterceptorChain$okhttp(RealCall.kt:201)
05-11 13:22:35.036 15628 15898 E unknown:ReactHost: 	at okhttp3.internal.connection.RealCall$AsyncCall.run(RealCall.kt:517)
05-11 13:22:35.036 15628 15898 E unknown:ReactHost: 	at java.util.concurrent.ThreadPoolExecutor.runWorker(ThreadPoolExecutor.java:1154)
05-11 13:22:35.036 15628 15898 E unknown:ReactHost: 	at java.util.concurrent.ThreadPoolExecutor$Worker.run(ThreadPoolExecutor.java:652)
05-11 13:22:35.036 15628 15898 E unknown:ReactHost: 	at java.lang.Thread.run(Thread.java:1564)
05-11 13:22:35.036 15628 15927 E unknown:ReactHost: Unhandled SoftException
05-11 13:22:35.036 15628 15927 E unknown:ReactHost: com.facebook.react.bridge.ReactNoCrashSoftException: raiseSoftException(callWithExistingReactInstance(callFunctionOnModule("RCTDeviceEventEmitter", "emit"))): Execute: reactInstance is null. Dropping work.
05-11 13:22:35.036 15628 15927 E unknown:ReactHost: 	at com.facebook.react.runtime.ReactHostImpl.raiseSoftException(ReactHostImpl.kt:787)
05-11 13:22:35.036 15628 15927 E unknown:ReactHost: 	at com.facebook.react.runtime.ReactHostImpl.raiseSoftException$default(ReactHostImpl.kt:779)
05-11 13:22:35.036 15628 15927 E unknown:ReactHost: 	at com.facebook.react.runtime.ReactHostImpl.callWithExistingReactInstance$lambda$28(ReactHostImpl.kt:802)
05-11 13:22:35.036 15628 15927 E unknown:ReactHost: 	at com.facebook.react.runtime.ReactHostImpl.$r8$lambda$6NreFt2BcPly8g6qrNV9Z1C-YmU(Unknown Source:0)
05-11 13:22:35.036 15628 15927 E unknown:ReactHost: 	at com.facebook.react.runtime.ReactHostImpl$$ExternalSyntheticLambda31.then(D8$$SyntheticClass:0)
05-11 13:22:35.036 15628 15927 E unknown:ReactHost: 	at com.facebook.react.runtime.internal.bolts.Task$Companion.completeImmediately$lambda$3(Task.kt:356)
05-11 13:22:35.036 15628 15927 E unknown:ReactHost: 	at com.facebook.react.runtime.internal.bolts.Task$Companion.$r8$lambda$b7MTC0ufkn_2TjF4BGcNqGR9qK0(Unknown Source:0)
05-11 13:22:35.036 15628 15927 E unknown:ReactHost: 	at com.facebook.react.runtime.internal.bolts.Task$Companion$$ExternalSyntheticLambda3.run(D8$$SyntheticClass:0)
05-11 13:22:35.036 15628 15927 E unknown:ReactHost: 	at com.facebook.react.runtime.internal.bolts.Executors$ImmediateExecutor.execute(Executors.kt:41)
05-11 13:22:35.036 15628 15927 E unknown:ReactHost: 	at com.facebook.react.runtime.internal.bolts.Task$Companion.completeImmediately(Task.kt:354)
05-11 13:22:35.036 15628 15927 E unknown:ReactHost: 	at com.facebook.react.runtime.internal.bolts.Task$Companion.access$completeImmediately(Task.kt:250)
05-11 13:22:35.036 15628 15927 E unknown:ReactHost: 	at com.facebook.react.runtime.internal.bolts.Task.continueWith(Task.kt:132)
05-11 13:22:35.036 15628 15927 E unknown:ReactHost: 	at com.facebook.react.runtime.internal.bolts.Task.continueWith$default(Task.kt:117)
05-11 13:22:35.036 15628 15927 E unknown:ReactHost: 	at com.facebook.react.runtime.internal.bolts.Task.onSuccess$lambda$12(Task.kt:174)
05-11 13:22:35.036 15628 15927 E unknown:ReactHost: 	at com.facebook.react.runtime.internal.bolts.Task.$r8$lambda$l0wwo5AvbHxlwfI1R7CH_codxoo(Unknown Source:0)
05-11 13:22:35.036 15628 15927 E unknown:ReactHost: 	at com.facebook.react.runtime.internal.bolts.Task$$ExternalSyntheticLambda2.then(D8$$SyntheticClass:0)
05-11 13:22:35.036 15628 15927 E unknown:ReactHost: 	at com.facebook.react.runtime.internal.bolts.Task$Companion.completeAfterTask$lambda$5(Task.kt:390)
05-11 13:22:35.036 15628 15927 E unknown:ReactHost: 	at com.facebook.react.runtime.internal.bolts.Task$Companion.$r8$lambda$IPpysnehFwANEiW061YzapkMdoE(Unknown Source:0)
05-11 13:22:35.036 15628 15927 E unknown:ReactHost: 	at com.facebook.react.runtime.internal.bolts.Task$Companion$$ExternalSyntheticLambda4.run(D8$$SyntheticClass:0)
05-11 13:22:35.036 15628 15927 E unknown:ReactHost: 	at com.facebook.react.runtime.internal.bolts.Executors$ImmediateExecutor.execute(Executors.kt:41)
05-11 13:22:35.036 15628 15927 E unknown:ReactHost: 	at com.facebook.react.runtime.internal.bolts.Task$Companion.completeAfterTask(Task.kt:388)
05-11 13:22:35.036 15628 15927 E unknown:ReactHost: 	at com.facebook.react.runtime.internal.bolts.Task$Companion.access$completeAfterTask(Task.kt:250)
05-11 13:22:35.036 15628 15927 E unknown:ReactHost: 	at com.facebook.react.runtime.internal.bolts.Task.continueWithTask(Task.kt:156)
05-11 13:22:35.036 15628 15927 E unknown:ReactHost: 	at com.facebook.react.runtime.internal.bolts.Task.onSuccess(Task.kt:169)
05-11 13:22:35.036 15628 15927 E unknown:ReactHost: 	at com.facebook.react.runtime.ReactHostImpl.callWithExistingReactInstance(ReactHostImpl.kt:798)
05-11 13:22:35.036 15628 15927 E unknown:ReactHost: 	at com.facebook.react.runtime.ReactHostImpl.callWithExistingReactInstance$default(ReactHostImpl.kt:791)
05-11 13:22:35.036 15628 15927 E unknown:ReactHost: 	at com.facebook.react.runtime.ReactHostImpl.callFunctionOnModule$ReactAndroid_debug(ReactHostImpl.kt:687)
05-11 13:22:35.036 15628 15927 E unknown:ReactHost: 	at com.facebook.react.runtime.BridgelessReactContext.emitDeviceEvent(BridgelessReactContext.kt:134)
05-11 13:22:35.036 15628 15927 E unknown:ReactHost: 	at com.facebook.react.modules.network.ResponseUtil.onRequestSuccess(ResponseUtil.kt:108)
05-11 13:22:35.036 15628 15927 E unknown:ReactHost: 	at com.facebook.react.modules.network.NetworkingModule$sendRequestInternal$2.onResponse(NetworkingModule.kt:552)
05-11 13:22:35.036 15628 15927 E unknown:ReactHost: 	at okhttp3.internal.connection.RealCall$AsyncCall.run(RealCall.kt:519)
05-11 13:22:35.036 15628 15927 E unknown:ReactHost: 	at java.util.concurrent.ThreadPoolExecutor.runWorker(ThreadPoolExecutor.java:1154)
05-11 13:22:35.036 15628 15927 E unknown:ReactHost: 	at java.util.concurrent.ThreadPoolExecutor$Worker.run(ThreadPoolExecutor.java:652)
05-11 13:22:35.036 15628 15927 E unknown:ReactHost: 	at java.lang.Thread.run(Thread.java:1564)
05-11 13:22:35.036 15628 15923 W unknown:BridgelessReact: ReactHost{0}.raiseSoftException(callWithExistingReactInstance(callFunctionOnModule("RCTDeviceEventEmitter", "emit"))): Execute: reactInstance is null. Dropping work.
05-11 13:22:35.036  3249  8386 W PackageConfigPersister: App-specific configuration not found for packageName: com.ginit.app and userId: 0
05-11 13:22:35.036  3249  8386 I WindowManager: Relayout Window{c0961fd u0 com.ginit.app/com.ginit.app.MainActivity}: viewVisibility=0 req=1440x3120 ty=1 d0
05-11 13:22:35.036 15628 15923 E unknown:ReactHost: Unhandled SoftException
05-11 13:22:35.036 15628 15923 E unknown:ReactHost: com.facebook.react.bridge.ReactNoCrashSoftException: raiseSoftException(callWithExistingReactInstance(callFunctionOnModule("RCTDeviceEventEmitter", "emit"))): Execute: reactInstance is null. Dropping work.
05-11 13:22:35.036 15628 15923 E unknown:ReactHost: 	at com.facebook.react.runtime.ReactHostImpl.raiseSoftException(ReactHostImpl.kt:787)
05-11 13:22:35.036 15628 15923 E unknown:ReactHost: 	at com.facebook.react.runtime.ReactHostImpl.raiseSoftException$default(ReactHostImpl.kt:779)
05-11 13:22:35.036 15628 15923 E unknown:ReactHost: 	at com.facebook.react.runtime.ReactHostImpl.callWithExistingReactInstance$lambda$28(ReactHostImpl.kt:802)
05-11 13:22:35.036 15628 15923 E unknown:ReactHost: 	at com.facebook.react.runtime.ReactHostImpl.$r8$lambda$6NreFt2BcPly8g6qrNV9Z1C-YmU(Unknown Source:0)
05-11 13:22:35.036 15628 15923 E unknown:ReactHost: 	at com.facebook.react.runtime.ReactHostImpl$$ExternalSyntheticLambda31.then(D8$$SyntheticClass:0)
05-11 13:22:35.036 15628 15923 E unknown:ReactHost: 	at com.facebook.react.runtime.internal.bolts.Task$Companion.completeImmediately$lambda$3(Task.kt:356)
05-11 13:22:35.036 15628 15923 E unknown:ReactHost: 	at com.facebook.react.runtime.internal.bolts.Task$Companion.$r8$lambda$b7MTC0ufkn_2TjF4BGcNqGR9qK0(Unknown Source:0)
05-11 13:22:35.036 15628 15923 E unknown:ReactHost: 	at com.facebook.react.runtime.internal.bolts.Task$Companion$$ExternalSyntheticLambda3.run(D8$$SyntheticClass:0)
05-11 13:22:35.036 15628 15923 E unknown:ReactHost: 	at com.facebook.react.runtime.internal.bolts.Executors$ImmediateExecutor.execute(Executors.kt:41)
05-11 13:22:35.036 15628 15923 E unknown:ReactHost: 	at com.facebook.react.runtime.internal.bolts.Task$Companion.completeImmediately(Task.kt:354)
05-11 13:22:35.036 15628 15923 E unknown:ReactHost: 	at com.facebook.react.runtime.internal.bolts.Task$Companion.access$completeImmediately(Task.kt:250)
05-11 13:22:35.036 15628 15923 E unknown:ReactHost: 	at com.facebook.react.runtime.internal.bolts.Task.continueWith(Task.kt:132)
05-11 13:22:35.036 15628 15923 E unknown:ReactHost: 	at com.facebook.react.runtime.internal.bolts.Task.continueWith$default(Task.kt:117)
05-11 13:22:35.036 15628 15923 E unknown:ReactHost: 	at com.facebook.react.runtime.internal.bolts.Task.onSuccess$lambda$12(Task.kt:174)
05-11 13:22:35.036 15628 15923 E unknown:ReactHost: 	at com.facebook.react.runtime.internal.bolts.Task.$r8$lambda$l0wwo5AvbHxlwfI1R7CH_codxoo(Unknown Source:0)
05-11 13:22:35.036 15628 15923 E unknown:ReactHost: 	at com.facebook.react.runtime.internal.bolts.Task$$ExternalSyntheticLambda2.then(D8$$SyntheticClass:0)
05-11 13:22:35.036 15628 15923 E unknown:ReactHost: 	at com.facebook.react.runtime.internal.bolts.Task$Companion.completeAfterTask$lambda$5(Task.kt:390)
05-11 13:22:35.036 15628 15923 E unknown:ReactHost: 	at com.facebook.react.runtime.internal.bolts.Task$Companion.$r8$lambda$IPpysnehFwANEiW061YzapkMdoE(Unknown Source:0)
05-11 13:22:35.036 15628 15923 E unknown:ReactHost: 	at com.facebook.react.runtime.internal.bolts.Task$Companion$$ExternalSyntheticLambda4.run(D8$$SyntheticClass:0)
05-11 13:22:35.036 15628 15923 E unknown:ReactHost: 	at com.facebook.react.runtime.internal.bolts.Executors$ImmediateExecutor.execute(Executors.kt:41)
05-11 13:22:35.036 15628 15923 E unknown:ReactHost: 	at com.facebook.react.runtime.internal.bolts.Task$Companion.completeAfterTask(Task.kt:388)
05-11 13:22:35.036 15628 15923 E unknown:ReactHost: 	at com.facebook.react.runtime.internal.bolts.Task$Companion.access$completeAfterTask(Task.kt:250)
05-11 13:22:35.036 15628 15923 E unknown:ReactHost: 	at com.facebook.react.runtime.internal.bolts.Task.continueWithTask(Task.kt:156)
05-11 13:22:35.036 15628 15923 E unknown:ReactHost: 	at com.facebook.react.runtime.internal.bolts.Task.onSuccess(Task.kt:169)
05-11 13:22:35.036 15628 15923 E unknown:ReactHost: 	at com.facebook.react.runtime.ReactHostImpl.callWithExistingReactInstance(ReactHostImpl.kt:798)
05-11 13:22:35.036 15628 15923 E unknown:ReactHost: 	at com.facebook.react.runtime.ReactHostImpl.callWithExistingReactInstance$default(ReactHostImpl.kt:791)
05-11 13:22:35.036 15628 15923 E unknown:ReactHost: 	at com.facebook.react.runtime.ReactHostImpl.callFunctionOnModule$ReactAndroid_debug(ReactHostImpl.kt:687)
05-11 13:22:35.036 15628 15923 E unknown:ReactHost: 	at com.facebook.react.runtime.BridgelessReactContext.emitDeviceEvent(BridgelessReactContext.kt:134)
05-11 13:22:35.036 15628 15923 E unknown:ReactHost: 	at com.facebook.react.modules.network.ResponseUtil.onResponseReceived(ResponseUtil.kt:124)
05-11 13:22:35.036 15628 15923 E unknown:ReactHost: 	at com.facebook.react.modules.network.NetworkingModule$sendRequestInternal$2.onResponse(NetworkingModule.kt:496)
05-11 13:22:35.036 15628 15923 E unknown:ReactHost: 	at okhttp3.internal.connection.RealCall$AsyncCall.run(RealCall.kt:519)
05-11 13:22:35.036 15628 15923 E unknown:ReactHost: 	at java.util.concurrent.ThreadPoolExecutor.runWorker(ThreadPoolExecutor.java:1154)
05-11 13:22:35.036 15628 15923 E unknown:ReactHost: 	at java.util.concurrent.ThreadPoolExecutor$Worker.run(ThreadPoolExecutor.java:652)
05-11 13:22:35.036 15628 15923 E unknown:ReactHost: 	at java.lang.Thread.run(Thread.java:1564)
05-11 13:22:35.036 15628 15923 W unknown:ReactNative: React Native Instance has already disappeared: requested by Networking
05-11 13:22:35.036  3249  8386 W PackageConfigPersister: App-specific configuration not found for packageName: com.ginit.app and userId: 0
05-11 13:22:35.037  2433  2433 D SurfaceFlinger:        DEVICE |           67121748901890 | 00002102 | RGBA_8888    |    0.0    0.0 1440.0 3120.0 |    0    0 1440 3120 | com.ginit.app/com.ginit.app.MainActivity$_15628#37083 (1130)
05-11 13:22:35.037  2433  2433 D SurfaceFlinger:        DEVICE |           67121748901899 | 00002102 | RGBA_8888    |    0.0    0.0 1440.0   12.0 |    0 3108 1440 3120 | com.ginit.app/com.ginit.app.MainActivity$_15628#37093 (1)
05-11 13:22:35.037 15628 15923 W unknown:BridgelessReact: ReactHost{0}.raiseSoftException(callWithExistingReactInstance(callFunctionOnModule("RCTDeviceEventEmitter", "emit"))): Execute: reactInstance is null. Dropping work.
05-11 13:22:35.037 15628 15923 E unknown:ReactHost: Unhandled SoftException
05-11 13:22:35.037 15628 15923 E unknown:ReactHost: com.facebook.react.bridge.ReactNoCrashSoftException: raiseSoftException(callWithExistingReactInstance(callFunctionOnModule("RCTDeviceEventEmitter", "emit"))): Execute: reactInstance is null. Dropping work.
05-11 13:22:35.037 15628 15923 E unknown:ReactHost: 	at com.facebook.react.runtime.ReactHostImpl.raiseSoftException(ReactHostImpl.kt:787)
05-11 13:22:35.037 15628 15923 E unknown:ReactHost: 	at com.facebook.react.runtime.ReactHostImpl.raiseSoftException$default(ReactHostImpl.kt:779)
05-11 13:22:35.037 15628 15923 E unknown:ReactHost: 	at com.facebook.react.runtime.ReactHostImpl.callWithExistingReactInstance$lambda$28(ReactHostImpl.kt:802)
05-11 13:22:35.037 15628 15923 E unknown:ReactHost: 	at com.facebook.react.runtime.ReactHostImpl.$r8$lambda$6NreFt2BcPly8g6qrNV9Z1C-YmU(Unknown Source:0)
05-11 13:22:35.037 15628 15923 E unknown:ReactHost: 	at com.facebook.react.runtime.ReactHostImpl$$ExternalSyntheticLambda31.then(D8$$SyntheticClass:0)
05-11 13:22:35.037 15628 15923 E unknown:ReactHost: 	at com.facebook.react.runtime.internal.bolts.Task$Companion.completeImmediately$lambda$3(Task.kt:356)
05-11 13:22:35.037 15628 15923 E unknown:ReactHost: 	at com.facebook.react.runtime.internal.bolts.Task$Companion.$r8$lambda$b7MTC0ufkn_2TjF4BGcNqGR9qK0(Unknown Source:0)
05-11 13:22:35.037 15628 15923 E unknown:ReactHost: 	at com.facebook.react.runtime.internal.bolts.Task$Companion$$ExternalSyntheticLambda3.run(D8$$SyntheticClass:0)
05-11 13:22:35.037 15628 15923 E unknown:ReactHost: 	at com.facebook.react.runtime.internal.bolts.Executors$ImmediateExecutor.execute(Executors.kt:41)
05-11 13:22:35.037 15628 15923 E unknown:ReactHost: 	at com.facebook.react.runtime.internal.bolts.Task$Companion.completeImmediately(Task.kt:354)
05-11 13:22:35.037 15628 15923 E unknown:ReactHost: 	at com.facebook.react.runtime.internal.bolts.Task$Companion.access$completeImmediately(Task.kt:250)
05-11 13:22:35.037 15628 15923 E unknown:ReactHost: 	at com.facebook.react.runtime.internal.bolts.Task.continueWith(Task.kt:132)
05-11 13:22:35.037 15628 15923 E unknown:ReactHost: 	at com.facebook.react.runtime.internal.bolts.Task.continueWith$default(Task.kt:117)
05-11 13:22:35.037 15628 15923 E unknown:ReactHost: 	at com.facebook.react.runtime.internal.bolts.Task.onSuccess$lambda$12(Task.kt:174)
05-11 13:22:35.037 15628 15923 E unknown:ReactHost: 	at com.facebook.react.runtime.internal.bolts.Task.$r8$lambda$l0wwo5AvbHxlwfI1R7CH_codxoo(Unknown Source:0)
05-11 13:22:35.037 15628 15923 E unknown:ReactHost: 	at com.facebook.react.runtime.internal.bolts.Task$$ExternalSyntheticLambda2.then(D8$$SyntheticClass:0)
05-11 13:22:35.037 15628 15923 E unknown:ReactHost: 	at com.facebook.react.runtime.internal.bolts.Task$Companion.completeAfterTask$lambda$5(Task.kt:390)
05-11 13:22:35.037 15628 15923 E unknown:ReactHost: 	at com.facebook.react.runtime.internal.bolts.Task$Companion.$r8$lambda$IPpysnehFwANEiW061YzapkMdoE(Unknown Source:0)
05-11 13:22:35.037 15628 15923 E unknown:ReactHost: 	at com.facebook.react.runtime.internal.bolts.Task$Companion$$ExternalSyntheticLambda4.run(D8$$SyntheticClass:0)
05-11 13:22:35.037 15628 15923 E unknown:ReactHost: 	at com.facebook.react.runtime.internal.bolts.Executors$ImmediateExecutor.execute(Executors.kt:41)
05-11 13:22:35.037 15628 15923 E unknown:ReactHost: 	at com.facebook.react.runtime.internal.bolts.Task$Companion.completeAfterTask(Task.kt:388)
05-11 13:22:35.037 15628 15923 E unknown:ReactHost: 	at com.facebook.react.runtime.internal.bolts.Task$Companion.access$completeAfterTask(Task.kt:250)
05-11 13:22:35.037 15628 15923 E unknown:ReactHost: 	at com.facebook.react.runtime.internal.bolts.Task.continueWithTask(Task.kt:156)
05-11 13:22:35.037 15628 15923 E unknown:ReactHost: 	at com.facebook.react.runtime.internal.bolts.Task.onSuccess(Task.kt:169)
05-11 13:22:35.037 15628 15923 E unknown:ReactHost: 	at com.facebook.react.runtime.ReactHostImpl.callWithExistingReactInstance(ReactHostImpl.kt:798)
05-11 13:22:35.037 15628 15923 E unknown:ReactHost: 	at com.facebook.react.runtime.ReactHostImpl.callWithExistingReactInstance$default(ReactHostImpl.kt:791)
05-11 13:22:35.037 15628 15923 E unknown:ReactHost: 	at com.facebook.react.runtime.ReactHostImpl.callFunctionOnModule$ReactAndroid_debug(ReactHostImpl.kt:687)
05-11 13:22:35.037 15628 15923 E unknown:ReactHost: 	at com.facebook.react.runtime.BridgelessReactContext.emitDeviceEvent(BridgelessReactContext.kt:134)
05-11 13:22:35.037 15628 15923 E unknown:ReactHost: 	at com.facebook.react.modules.network.ResponseUtil.onRequestSuccess(ResponseUtil.kt:108)
05-11 13:22:35.037 15628 15923 E unknown:ReactHost: 	at com.facebook.react.modules.network.NetworkingModule$sendRequestInternal$2.onResponse(NetworkingModule.kt:552)
05-11 13:22:35.037 15628 15923 E unknown:ReactHost: 	at okhttp3.internal.connection.RealCall$AsyncCall.run(RealCall.kt:519)
05-11 13:22:35.037 15628 15923 E unknown:ReactHost: 	at java.util.concurrent.ThreadPoolExecutor.runWorker(ThreadPoolExecutor.java:1154)
05-11 13:22:35.037 15628 15923 E unknown:ReactHost: 	at java.util.concurrent.ThreadPoolExecutor$Worker.run(ThreadPoolExecutor.java:652)
05-11 13:22:35.037 15628 15923 E unknown:ReactHost: 	at java.lang.Thread.run(Thread.java:1564)
05-11 13:22:35.037  3249  4701 D InputDispatcher: Focus entered window (0): 4ebe3f com.ginit.app/com.ginit.app.MainActivity
05-11 13:22:35.038  3249  4300 I ImeTracker: com.ginit.app:7474f559: onRequestHide at ORIGIN_SERVER reason HIDE_UNSPECIFIED_WINDOW fromUser false
05-11 13:22:35.039 15628 15628 I ImeTracker: com.ginit.app:7474f559: onCancelled at PHASE_CLIENT_ALREADY_HIDDEN
05-11 13:22:35.039  3249  8386 D InsetsSourceProvider: updateControlForTarget: control=InsetsSourceControl: {3 mType=ime mSurfacePosition=Point(0, 140) mInsetsHint=Insets{left=0, top=0, right=0, bottom=1251}}, target=Window{4ebe3f u0 com.ginit.app/com.ginit.app.MainActivity}, from=com.android.server.wm.ImeInsetsSourceProvider.updateControlForTarget:23 com.android.server.wm.InsetsStateController.onControlTargetChanged:82 com.android.server.wm.DisplayContent.updateImeControlTarget:48 com.android.server.wm.DisplayContent.updateImeInputAndControlTarget:273 com.android.server.wm.WindowManagerService$LocalService.updateImeTargetWindow:82 
05-11 13:22:35.041 15628 15722 W unknown:ReactNative: Tried to enqueue runnable on already finished thread: 'v_js... dropping Runnable.
05-11 13:22:35.041 15628 15722 W unknown:ReactNative: Tried to enqueue runnable on already finished thread: 'v_native... dropping Runnable.
05-11 13:22:35.041 15628 15722 W unknown:ReactNative: Tried to enqueue runnable on already finished thread: 'v_native... dropping Runnable.
05-11 13:22:35.041 15628 15722 E unknown:ReactNative: Tried to remove non-existent frame callback
05-11 13:22:35.042 15628 15722 W unknown:ReactNative: Tried to enqueue runnable on already finished thread: 'v_native... dropping Runnable.
05-11 13:22:35.042 15628 15722 W unknown:ReactNative: Tried to enqueue runnable on already finished thread: 'v_native... dropping Runnable.
05-11 13:22:35.042 15628 15722 W unknown:ReactNative: Tried to enqueue runnable on already finished thread: 'v_native... dropping Runnable.
05-11 13:22:35.042 15628 15722 W unknown:ReactNative: Tried to enqueue runnable on already finished thread: 'v_native... dropping Runnable.
05-11 13:22:35.042 15628 15722 W unknown:ReactNative: Tried to enqueue runnable on already finished thread: 'v_native... dropping Runnable.
05-11 13:22:35.043 15628 15722 W unknown:ReactNative: Tried to enqueue runnable on already finished thread: 'v_native... dropping Runnable.
05-11 13:22:35.043 15628 15722 W unknown:ReactNative: Tried to enqueue runnable on already finished thread: 'v_native... dropping Runnable.
05-11 13:22:35.043 15628 15722 W unknown:ReactNative: Tried to enqueue runnable on already finished thread: 'v_native... dropping Runnable.
05-11 13:22:35.043 15628 15722 W unknown:ReactNative: Tried to enqueue runnable on already finished thread: 'v_native... dropping Runnable.
05-11 13:22:35.043 15628 15722 W unknown:ReactNative: Tried to enqueue runnable on already finished thread: 'v_native... dropping Runnable.
05-11 13:22:35.043 15628 15722 W unknown:ReactNative: Tried to enqueue runnable on already finished thread: 'v_native... dropping Runnable.
05-11 13:22:35.043 15628 15722 W unknown:ReactNative: Tried to enqueue runnable on already finished thread: 'v_native... dropping Runnable.
05-11 13:22:35.043 15628 15722 W unknown:ReactNative: Tried to enqueue runnable on already finished thread: 'v_native... dropping Runnable.
05-11 13:22:35.043 15628 15722 W unknown:ReactNative: Tried to enqueue runnable on already finished thread: 'v_native... dropping Runnable.
05-11 13:22:35.043 15628 15722 W unknown:ReactNative: Tried to enqueue runnable on already finished thread: 'v_native... dropping Runnable.
05-11 13:22:35.043 15628 15722 W unknown:ReactNative: Tried to enqueue runnable on already finished thread: 'v_native... dropping Runnable.
05-11 13:22:35.043 15628 15722 W unknown:ReactNative: Tried to enqueue runnable on already finished thread: 'v_native... dropping Runnable.
05-11 13:22:35.045 15628 15722 W System.err: java.lang.NoSuchFieldException: No field mIsFinished in class Lcom/facebook/react/bridge/queue/MessageQueueThreadImpl; (declaration of 'com.facebook.react.bridge.queue.MessageQueueThreadImpl' appears in /data/app/~~s3aXhO3p99qWpDs5JR_NIA==/com.ginit.app-onGdGWhX-RCGK0AdV6ELRg==/base.apk!classes21.dex)
05-11 13:22:35.045 15628 15722 W System.err: 	at com.facebook.react.runtime.ReactHostImpl.getOrCreateDestroyTask$lambda$61(ReactHostImpl.kt:1411)
05-11 13:22:35.045 15628 15722 W System.err: 	at com.facebook.react.runtime.ReactHostImpl.$r8$lambda$wzh7MW4XWN8Ykyi90O6Gbvy7utw(Unknown Source:0)
05-11 13:22:35.045 15628 15722 W System.err: 	at com.facebook.react.runtime.ReactHostImpl$$ExternalSyntheticLambda28.then(D8$$SyntheticClass:0)
05-11 13:22:35.045 15628 15722 W System.err: java.lang.NoSuchFieldException: No field mIsFinished in class Lcom/facebook/react/bridge/queue/MessageQueueThreadImpl; (declaration of 'com.facebook.react.bridge.queue.MessageQueueThreadImpl' appears in /data/app/~~s3aXhO3p99qWpDs5JR_NIA==/com.ginit.app-onGdGWhX-RCGK0AdV6ELRg==/base.apk!classes21.dex)
05-11 13:22:35.045 15628 15722 W System.err: 	at com.facebook.react.runtime.ReactHostImpl.getOrCreateDestroyTask$lambda$61(ReactHostImpl.kt:1411)
05-11 13:22:35.045 15628 15722 W System.err: 	at com.facebook.react.runtime.ReactHostImpl.$r8$lambda$wzh7MW4XWN8Ykyi90O6Gbvy7utw(Unknown Source:0)
05-11 13:22:35.045 15628 15722 W System.err: 	at com.facebook.react.runtime.ReactHostImpl$$ExternalSyntheticLambda28.then(D8$$SyntheticClass:0)
05-11 13:22:35.046  8852  8852 I HBD     : b [AiWriter] setContact : com.ginit.app
05-11 13:22:35.047 15628 15722 W unknown:ReactNative: Tried to enqueue runnable on already finished thread: 'v_native... dropping Runnable.
05-11 13:22:35.047 15628 15722 W unknown:ReactNative: Tried to enqueue runnable on already finished thread: 'v_native... dropping Runnable.
05-11 13:22:35.047 15628 15722 W unknown:ReactNative: Tried to enqueue runnable on already finished thread: 'v_native... dropping Runnable.
05-11 13:22:35.047 15628 15722 W unknown:ReactNative: Tried to enqueue runnable on already finished thread: 'v_native... dropping Runnable.
05-11 13:22:35.048 15628 15722 W unknown:ReactNative: Tried to enqueue runnable on already finished thread: 'v_native... dropping Runnable.
05-11 13:22:35.049 15628 15722 W unknown:ReactNative: Tried to enqueue runnable on already finished thread: 'v_native... dropping Runnable.
05-11 13:22:35.049 15628 15722 W unknown:ReactNative: Tried to enqueue runnable on already finished thread: 'v_native... dropping Runnable.
05-11 13:22:35.049 15628 15722 W unknown:ReactNative: Tried to enqueue runnable on already finished thread: 'v_native... dropping Runnable.
05-11 13:22:35.049 15628 15722 W unknown:ReactNative: Tried to enqueue runnable on already finished thread: 'v_native... dropping Runnable.
05-11 13:22:35.049 15628 15722 W unknown:ReactNative: Tried to enqueue runnable on already finished thread: 'v_native... dropping Runnable.
05-11 13:22:35.049 15628 15722 W unknown:ReactNative: Tried to enqueue runnable on already finished thread: 'v_native... dropping Runnable.
05-11 13:22:35.049 15628 15722 W unknown:ReactNative: Tried to enqueue runnable on already finished thread: 'v_native... dropping Runnable.
05-11 13:22:35.049 15628 15722 W unknown:ReactNative: Tried to enqueue runnable on already finished thread: 'v_native... dropping Runnable.
05-11 13:22:35.049 15628 15722 W unknown:ReactNative: Tried to enqueue runnable on already finished thread: 'v_native... dropping Runnable.
05-11 13:22:35.050 15628 15722 W unknown:ReactNative: Tried to enqueue runnable on already finished thread: 'v_native... dropping Runnable.
05-11 13:22:35.050 15628 15722 W unknown:ReactNative: Tried to enqueue runnable on already finished thread: 'v_native... dropping Runnable.
05-11 13:22:35.050 15628 15722 W unknown:ReactNative: Tried to enqueue runnable on already finished thread: 'v_native... dropping Runnable.
05-11 13:22:35.050 15628 15722 W unknown:ReactNative: Tried to enqueue runnable on already finished thread: 'v_native... dropping Runnable.
05-11 13:22:35.050 15628 15722 W unknown:ReactNative: Tried to enqueue runnable on already finished thread: 'v_native... dropping Runnable.
05-11 13:22:35.050 15628 15722 W unknown:ReactNative: Tried to enqueue runnable on already finished thread: 'v_native... dropping Runnable.
05-11 13:22:35.050 15628 15722 W unknown:ReactNative: Tried to enqueue runnable on already finished thread: 'v_native... dropping Runnable.
05-11 13:22:35.050 15628 15722 W unknown:ReactNative: Tried to enqueue runnable on already finished thread: 'v_native... dropping Runnable.
05-11 13:22:35.050 15628 15722 W unknown:ReactNative: Tried to enqueue runnable on already finished thread: 'v_native... dropping Runnable.
05-11 13:22:35.050 15628 15722 W unknown:ReactNative: Tried to enqueue runnable on already finished thread: 'v_native... dropping Runnable.
05-11 13:22:35.051 15628 15722 W unknown:ReactNative: Tried to enqueue runnable on already finished thread: 'v_native... dropping Runnable.
05-11 13:22:35.052  2433  2433 I SurfaceFlinger: [LayerHierarchy{RequestedLayerState{ImeContainer#15 parentId=37074 relativeParentId=37090 z=1} 1 children}] RelativeParent to LayerHierarchy{RequestedLayerState{4ebe3f com.ginit.app/com.ginit.app.MainActivity#37090 parentId=37094 z=1} 2 children}
05-11 13:22:35.056 15628 15722 W unknown:ReactNative: Tried to enqueue runnable on already finished thread: 'v_native... dropping Runnable.
05-11 13:22:35.081  3249  4863 W PackageConfigPersister: App-specific configuration not found for packageName: com.ginit.app and userId: 0
05-11 13:22:35.082 15628 15722 W unknown:BridgelessReact: ReactHost{0}.getOrCreateDestroyTask(): Resetting start task ref
05-11 13:22:35.082 15628 15722 W unknown:BridgelessReact: ReactHost{0}.getOrCreateDestroyTask(): Resetting destroy task ref
05-11 13:22:35.130  3249  4854 I SemExecuteManagerService: onShortcutChanged: com.ginit.app0
05-11 13:22:35.138  5946  5946 I HoneySpace.PackageOperationTracker: onShortcutsChanged com.ginit.app - 0 UserHandle{0}
05-11 13:22:35.219  3249  3355 I WindowManager: Reparenting to original parent: Surface(name=ActivityRecord{51905628 u0 com.ginit.app/.MainActivity t10786}#37074)/@0x9fc6504, destroy=true, surface=Surface(name=4ebe3f com.ginit.app/com.ginit.app.MainActivity#37090)/@0x7b5e0c2
05-11 13:22:35.220  3249  3355 D PowerManagerService: [api] release WakeLock SCREEN_BRIGHT_WAKE_LOCK           'WindowManager/displayId:0' ON_AFTER_RELEASE ACQ=-10s399ms (uid=1000 isFrozen=false pid=3249 ws=WorkSource{10757 com.ginit.app} displayId=0 lock=28206de)
05-11 13:22:35.220  3249  3355 D PowerManagerService: [api] applyWakeLockFlagsOnReleaseLocked : userActivityNoUpdateLocked is called : SCREEN_BRIGHT_WAKE_LOCK           'WindowManager/displayId:0' ON_AFTER_RELEASE DISABLED (uid=1000 isFrozen=false pid=3249 ws=WorkSource{10757 com.ginit.app} displayId=0 lock=28206de)
05-11 13:22:35.229  2433  2433 D SurfaceFlinger:        DEVICE |           67121748901899 | 00002102 | RGBA_8888    |    0.0    0.0 1440.0 3120.0 |    0    0 1440 3120 | com.ginit.app/com.ginit.app.MainActivity$_15628#37093 (1)
05-11 13:22:35.236  2433  2433 I SurfaceFlinger: [LayerHierarchy{RequestedLayerState{Surface(name=4ebe3f com.ginit.app/com.ginit.app.MainActivity#37090)/@0x7b5e0c2 - animation-leash of window_animation#37094 z=1} 1 children}] reparent to OffscreenRoot
05-11 13:22:35.236  2433  2433 I SurfaceFlinger: [LayerHierarchy{RequestedLayerState{Surface(name=4ebe3f com.ginit.app/com.ginit.app.MainActivity#37090)/@0x7b5e0c2 - animation-leash of window_animation#37094 z=1} 1 children}] RelativeParent to null
05-11 13:22:35.236  2433  2433 I SurfaceFlinger: [LayerHierarchy{RequestedLayerState{4ebe3f com.ginit.app/com.ginit.app.MainActivity#37090 parentId=37074 z=1} 2 children}] reparent to LayerHierarchy{RequestedLayerState{ActivityRecord{51905628 u0 com.ginit.app/.MainActivity t10786}#37074 parentId=37073} 4 children}
05-11 13:22:35.236  2433  2433 I SurfaceFlinger: id=37094 Removed Surface(name=4ebe3f com.ginit.app/com.ginit.app.MainActivity#37090)/@0x7b5e0c2 - animation-leash of window_animation#37094 (164)
05-11 13:22:35.244  2433  2433 I SurfaceFlinger: destroyed Surface(name=4ebe3f com.ginit.app/com.ginit.app.MainActivity#37090)/@0x7b5e0c2 - animation-leash of window_animation#37094 form LifecycleManager
05-11 13:22:35.244  2433  2433 I SurfaceFlinger: id=37094 onLayerDestroyed from LayerHierarchyBuilder(RequestedLayerState{Surface(name=4ebe3f com.ginit.app/com.ginit.app.MainActivity#37090)/@0x7b5e0c2 - animation-leash of window_animation#37094 !handle z=1})
05-11 13:22:35.244  2433  2433 I SurfaceFlinger: id=37094 Destroyed Surface(name=4ebe3f com.ginit.app/com.ginit.app.MainActivity#37090)/@0x7b5e0c2 - animation-leash of window_animation#37094
05-11 13:22:35.309  3249  8386 W PackageConfigPersister: App-specific configuration not found for packageName: com.ginit.app and userId: 0
05-11 13:22:35.402  3249  4912 W PackageConfigPersister: App-specific configuration not found for packageName: com.ginit.app and userId: 0
05-11 13:22:35.540  3249  3354 D SGM:GameManager: identifyForegroundApp. com.ginit.app, mCurrentUserId: 0, callerUserId: 0
05-11 13:22:35.583  3249  4863 W PackageConfigPersister: App-specific configuration not found for packageName: com.ginit.app and userId: 0
05-11 13:22:35.810  3249  8395 W PackageConfigPersister: App-specific configuration not found for packageName: com.ginit.app and userId: 0
05-11 13:22:36.048  1182  1182 D io_stats: !@ Write_top(KB): system_server:normal(3249) 508 kworker/u33:0:/(17503) 500 com.ginit.app:top(15628) 160
05-11 13:22:36.083  3249  4863 W PackageConfigPersister: App-specific configuration not found for packageName: com.ginit.app and userId: 0
05-11 13:22:36.312  3249  8395 W PackageConfigPersister: App-specific configuration not found for packageName: com.ginit.app and userId: 0
05-11 13:22:36.409  3249  4912 W PackageConfigPersister: App-specific configuration not found for packageName: com.ginit.app and userId: 0
05-11 13:22:36.584  3249  4863 W PackageConfigPersister: App-specific configuration not found for packageName: com.ginit.app and userId: 0
